Component: ARM Compiler 5.06 update 6 (build 750) Tool: armlink [4d35ed]

==============================================================================

Section Cross References

    main.o(.text) refers to _printf_percent.o(.ARM.Collect$$_printf_percent$$00000000) for _printf_percent
    main.o(.text) refers to _printf_d.o(.ARM.Collect$$_printf_percent$$00000009) for _printf_d
    main.o(.text) refers to _printf_dec.o(.text) for _printf_int_dec
    main.o(.text) refers to io.o(.text) for IReadAllFilter
    main.o(.text) refers to memmng.o(.text) for memmng_test
    main.o(.text) refers to cdv_array.o(.text) for LIST_Test
    main.o(.text) refers to cascade.o(.text) for CoilToCoil
    main.o(.text) refers to delay.o(.text) for TaskSched
    main.o(.text) refers to led.o(.text) for OUT_DisPlay
    main.o(.text) refers to worker.o(.text) for ManagerControl
    main.o(.text) refers to cdv_define.o(.text) for CmdArgInit
    main.o(.text) refers to cmdparse.o(.text) for CmdParse
    main.o(.text) refers to mainuart.o(.text) for ClearOnlineCmdCache
    main.o(.text) refers to basic_resource.o(.text) for DoResRequest
    main.o(.text) refers to rt_memclr_w.o(.text) for __aeabi_memclr4
    main.o(.text) refers to os_task.o(.text) for OS_TaskSuspend
    main.o(.text) refers to uartx.o(.text) for USARTSend
    main.o(.text) refers to uart3.o(.text) for GetUsartRxLen
    main.o(.text) refers to time.o(.text) for ReadClock1ms
    main.o(.text) refers to main.o(.data) for debug
    main.o(.text) refers to modbus.o(.bss) for g_modbusCoil
    main.o(.text) refers to mainuart.o(.bss) for g_olCache
    main.o(.text) refers to cascade.o(.bss) for g_portCmdCache
    main.o(.text) refers to cdv_define.o(.bss) for TaskParseTCB
    main.o(.text) refers to cdv_define.o(.data) for tm1Re
    main.o(.text) refers to uart3.o(.data) for g_Usart3RxLen
    main.o(.text) refers to adc.o(.text) for Adc_Voltge
    main.o(.text) refers to dac.o(.text) for UpdateDacVal
    main.o(.text) refers to stm32f4xx_gpio.o(.text) for GPIO_ReadInputDataBit
    main.o(.text) refers to workerdebug.o(.text) for AllDebugStateSet
    main.o(.text) refers to lan8720.o(.text) for Eth_Link_query
    main.o(.text) refers to cdv_config.o(.text) for com_print
    main.o(.text) refers to cpu_core.o(.text) for CPU_Init
    main.o(.text) refers to os_core.o(.text) for OSSchedRoundRobinCfg
    main.o(.text) refers to os_sem.o(.text) for OSSemCreate
    main.o(.text) refers to noretval__2sprintf.o(.text) for __2sprintf
    main.o(.text) refers to flashbak.o(.text) for FlashBak_Restore
    main.o(.text) refers to extipoweroff.o(.text) for EXTIPowerOff_Configuration
    main.o(.text) refers to os_tmr.o(.text) for OSTmrCreate
    main.o(.text) refers to misc.o(.text) for NVIC_PriorityGroupConfig
    main.o(.text) refers to sysdef.o(.emb_text) for INTX_DISABLE
    main.o(.text) refers to lwip_comm.o(.text) for LwIP_Init
    main.o(.text) refers to tcp_server.o(.text) for tcp_server_init
    main.o(.text) refers to httpd.o(.text) for httpd_init
    main.o(.text) refers to udpmain.o(.text) for udpecho_init
    main.o(.text) refers to cpu_a.o(.text) for CPU_SR_Save
    main.o(.text) refers to io.o(.bss) for g_dipSW
    main.o(.text) refers to cdv_config.o(.data) for g_dipCtrlWorker
    main.o(.text) refers to workerdebug.o(.bss) for DEBUG_SEM
    main.o(.text) refers to main.o(.bss) for USART_TASK_STK
    cdv_config.o(.text) refers to _printf_percent.o(.ARM.Collect$$_printf_percent$$00000000) for _printf_percent
    cdv_config.o(.text) refers to _printf_d.o(.ARM.Collect$$_printf_percent$$00000009) for _printf_d
    cdv_config.o(.text) refers to _printf_s.o(.ARM.Collect$$_printf_percent$$00000014) for _printf_s
    cdv_config.o(.text) refers to _printf_dec.o(.text) for _printf_int_dec
    cdv_config.o(.text) refers to _printf_str.o(.text) for _printf_str
    cdv_config.o(.text) refers to io.o(.text) for GPIO_Configuration
    cdv_config.o(.text) refers to basic_resource.o(.text) for CdvInit
    cdv_config.o(.text) refers to spix.o(.text) for SPI_Configuration
    cdv_config.o(.text) refers to time.o(.text) for TIM3_Init
    cdv_config.o(.text) refers to led.o(.text) for LED_Init
    cdv_config.o(.text) refers to adc.o(.text) for Adc2_Dma_Init4
    cdv_config.o(.text) refers to dac.o(.text) for Dac1_Init
    cdv_config.o(.text) refers to dac7512.o(.text) for DAC7512_Pin_Config
    cdv_config.o(.text) refers to malloc.o(.text) for mymem_init
    cdv_config.o(.text) refers to uartx.o(.text) for USART_Configuration
    cdv_config.o(.text) refers to memmng.o(.text) for memmng_init
    cdv_config.o(.text) refers to stm32f4xx_rcc.o(.text) for RCC_AHB1PeriphResetCmd
    cdv_config.o(.text) refers to sysmng.o(.text) for ResetCdv
    cdv_config.o(.text) refers to os_sem.o(.text) for OSSemPend
    cdv_config.o(.text) refers to rt_memclr.o(.text) for __aeabi_memclr
    cdv_config.o(.text) refers to rt_memclr_w.o(.text) for __aeabi_memclr4
[...]
    tcp_server_recvbuf                       0x200002c4   Data           4  tcp_server.o(.data)
    tcp_server_flag                          0x200002c8   Data           1  tcp_server.o(.data)
    gConn                                    0x200002cc   Data           4  tcp_server.o(.data)
    g_connected                              0x200002d0   Data           4  tcp_server.o(.data)
    lenlenlen                                0x200002d4   Data           4  tcp_server.o(.data)
    closeTcp                                 0x200002e0   Data           1  udpmain.o(.data)
    g_dip                                    0x200002e4   Data           1  io.o(.data)
    g_i                                      0x200002e8   Data           4  io.o(.data)
    g_o                                      0x200002ec   Data           4  io.o(.data)
    g_var                                    0x200002f0   Data           4  var.o(.data)
    g_msg                                    0x200002f4   Data           4  msg.o(.data)
    Time_1ms                                 0x200002f8   Data           4  time.o(.data)
    Time_10ms                                0x200002fc   Data           4  time.o(.data)
    Time_100ms                               0x20000300   Data           4  time.o(.data)
    Time_1s                                  0x20000304   Data           4  time.o(.data)
    p_ReadClock                              0x20000308   Data          16  time.o(.data)
    g_adcval                                 0x20000318   Data           4  adc.o(.data)
    adc3_value2                              0x2000031c   Data           4  adc.o(.data)
    g_dacval                                 0x20000320   Data           4  dac.o(.data)
    transducer_speed                         0x20000324   Data           4  dac.o(.data)
    transducer_time                          0x20000328   Data           4  dac.o(.data)
    transducer_vol                           0x2000032c   Data           4  dac.o(.data)
    transducer1_speed                        0x20000330   Data           4  dac.o(.data)
    transducer1_time                         0x20000334   Data           4  dac.o(.data)
    transducer1_vol                          0x20000338   Data           4  dac.o(.data)
    transducer2_speed                        0x2000033c   Data           2  dac.o(.data)
    transducer2_time                         0x2000033e   Data           1  dac.o(.data)
    transducer2_vol                          0x20000340   Data           4  dac.o(.data)
    nAlarmCount                              0x20000344   Data           4  alarm.o(.data)
    Alarmflag                                0x20000348   Data           1  alarm.o(.data)
    map_start_cache                          0x2000034c   Data           4  memmng.o(.data)
    the_newest_bak                           0x2000035a   Data           1  flashbak.o(.data)
    g_pUsart1RxBuf                           0x2000035c   Data           4  uart1.o(.data)
    g_Usart1BufLen                           0x20000360   Data           1  uart1.o(.data)
    g_Usart1RxLen                            0x20000361   Data           1  uart1.o(.data)
    g_pUart2RxBuf                            0x20000364   Data           4  uart2.o(.data)
    g_Uart2BufLen                            0x20000368   Data           1  uart2.o(.data)
    g_Uart2RxLen                             0x20000369   Data           1  uart2.o(.data)
    USART3_RX_CNT                            0x2000036c   Data           1  uart3.o(.data)
    USART3_REC_OVER                          0x2000036d   Data           1  uart3.o(.data)
    g_pUsart3RxBuf                           0x20000370   Data           4  uart3.o(.data)
    g_Usart3BufLen                           0x20000374   Data           1  uart3.o(.data)
    g_Usart3RxLen                            0x20000375   Data           1  uart3.o(.data)
    UART4_RX_CNT                             0x20000378   Data           1  uart4.o(.data)
    UART4_REC_OVER                           0x20000379   Data           1  uart4.o(.data)
    g_pUart4RxBuf                            0x2000037c   Data           4  uart4.o(.data)
    g_Uart4BufLen                            0x20000380   Data           1  uart4.o(.data)
    g_Uart4RxLen                             0x20000381   Data           1  uart4.o(.data)
    RS485_RX_CNT                             0x20000384   Data           4  uart4.o(.data)
    UART5_RX_CNT                             0x20000388   Data           1  uart5.o(.data)
    UART5_REC_OVER                           0x20000389   Data           1  uart5.o(.data)
    g_pUart5RxBuf                            0x2000038c   Data           4  uart5.o(.data)
    g_Uart5BufLen                            0x20000390   Data           1  uart5.o(.data)
    g_Uart5RxLen                             0x20000391   Data           1  uart5.o(.data)
    USART6_RX_CNT                            0x20000394   Data           1  uart6.o(.data)
    USART6_REC_OVER                          0x20000395   Data           1  uart6.o(.data)
    g_pUart6RxBuf                            0x20000398   Data           4  uart6.o(.data)
    g_Uart6BufLen                            0x2000039c   Data           1  uart6.o(.data)
    g_Uart6RxLen                             0x2000039d   Data           1  uart6.o(.data)
    gstartTime                               0x200003a0   Data           4  uart6.o(.data)
    gendTime                                 0x200003a4   Data           4  uart6.o(.data)
    gtime                                    0x200003a8   Data           4  uart6.o(.data)
    TxBuffer                                 0x200003ac   Data           4  spi3.o(.data)
    Tx_Idx                                   0x200003b0   Data           1  spi3.o(.data)
    Tx_len                                   0x200003b1   Data           1  spi3.o(.data)
    Rx_Idx                                   0x200003b2   Data           1  spi3.o(.data)
    p_UartSet                                0x200003b4   Data          24  uartx.o(.data)
    p_UartSend                               0x200003cc   Data          24  uartx.o(.data)
    p_UartTR                                 0x200003e4   Data          24  uartx.o(.data)
    EthStatus                                0x200003fc   Data           4  lan8720.o(.data)
    DMARxDscrTab                             0x20000400   Data           4  lan8720.o(.data)
    DMATxDscrTab                             0x20000404   Data           4  lan8720.o(.data)
    Rx_Buff                                  0x20000408   Data           4  lan8720.o(.data)
    Tx_Buff                                  0x2000040c   Data           4  lan8720.o(.data)
    isLinkUp                                 0x20000410   Data           1  lan8720.o(.data)
    g_exti_power_off_flag                    0x20000418   Data           4  extipoweroff.o(.data)
    SystemCoreClock                          0x20000420   Data           4  system_stm32f4xx.o(.data)
    AHBPrescTable                            0x20000424   Data          16  system_stm32f4xx.o(.data)
    DMATxDescToSet                           0x20000444   Data           4  stm32f4x7_eth.o(.data)
    DMARxDescToGet                           0x20000448   Data           4  stm32f4x7_eth.o(.data)
    DMA_RX_FRAME_infos                       0x2000044c   Data           4  stm32f4x7_eth.o(.data)
    Frame_Rx_index                           0x20000450   Data           4  stm32f4x7_eth.o(.data)
    CPU_TS_TmrFreq_Hz                        0x20000454   Data           4  cpu_core.o(.data)
    Mem_PoolTbl                              0x20000458   Data           4  lib_mem.o(.data)
    OSPrioTbl                                0x2000045c   Data           8  os_prio.o(.data)
    OSIdleTaskCtr                            0x20000464   Data           4  os_var.o(.data)
    OSIntNestingCtr                          0x20000468   Data           1  os_var.o(.data)
    OSRunning                                0x20000469   Data           1  os_var.o(.data)
    OSMemQty                                 0x2000046a   Data           2  os_var.o(.data)
    OSMutexQty                               0x2000046c   Data           2  os_var.o(.data)
    OSPrioCur                                0x2000046e   Data           1  os_var.o(.data)
    OSPrioHighRdy                            0x2000046f   Data           1  os_var.o(.data)
    OSPrioSaved                              0x20000470   Data           1  os_var.o(.data)
    OSQQty                                   0x20000472   Data           2  os_var.o(.data)
    OSSchedLockNestingCtr                    0x20000474   Data           1  os_var.o(.data)
    OSSchedRoundRobinDfltTimeQuanta          0x20000478   Data           4  os_var.o(.data)
    OSSchedRoundRobinEn                      0x2000047c   Data           1  os_var.o(.data)
    OSSemQty                                 0x2000047e   Data           2  os_var.o(.data)
    OSTaskCtxSwCtr                           0x20000480   Data           4  os_var.o(.data)
    OSTaskQty                                0x20000484   Data           2  os_var.o(.data)
    OSTaskRegNextAvailID                     0x20000486   Data           1  os_var.o(.data)
    OSTickCtr                                0x20000488   Data           4  os_var.o(.data)
    OSTickTaskTimeMax                        0x2000048c   Data           4  os_var.o(.data)
    OSTmrQty                                 0x20000490   Data           2  os_var.o(.data)
    OSTmrTaskTimeMax                         0x20000494   Data           4  os_var.o(.data)
    OSTmrTickCtr                             0x20000498   Data           4  os_var.o(.data)
    OSTmrUpdateCnt                           0x2000049c   Data           4  os_var.o(.data)
    OSTmrUpdateCtr                           0x200004a0   Data           4  os_var.o(.data)
    OSTCBCurPtr                              0x200004a4   Data           4  os_var.o(.data)
    OSTCBHighRdyPtr                          0x200004a8   Data           4  os_var.o(.data)
    OS_CPU_ExceptStkBase                     0x200004ac   Data           4  os_cpu_c.o(.data)
    global_start                             0x200004b0   Data           4  delay.o(.data)
    global_clk                               0x200004b4   Data           4  delay.o(.data)
    global_cnt1                              0x200004b8   Data           4  delay.o(.data)
    global_cnt2                              0x200004bc   Data           4  delay.o(.data)
    cdvTimeTick                              0x200004c4   Data           4  delay.o(.data)
    CHECK_FLASH                              0x200004c8   Data           5  flash.o(.data)
    user_mem_ptr_base                        0x200004d0   Data           4  malloc.o(.data)
    mallco_dev                               0x200004d4   Data          36  malloc.o(.data)
    netif_list                               0x20000510   Data           4  netif.o(.data)
    netif_default                            0x20000514   Data           4  netif.o(.data)
    tcp_ticks                                0x20000524   Data           4  tcp.o(.data)
    tcp_bound_pcbs                           0x20000528   Data           4  tcp.o(.data)
    tcp_listen_pcbs                          0x2000052c   Data           4  tcp.o(.data)
    tcp_active_pcbs                          0x20000530   Data           4  tcp.o(.data)
    tcp_tw_pcbs                              0x20000534   Data           4  tcp.o(.data)
    tcp_tmp_pcb                              0x20000538   Data           4  tcp.o(.data)
    tcp_active_pcbs_changed                  0x2000053c   Data           1  tcp.o(.data)
    tcp_input_pcb                            0x20000560   Data           4  tcp_in.o(.data)
    udp_pcbs                                 0x20000570   Data           4  udp.o(.data)
    current_netif                            0x20000574   Data           4  ip.o(.data)
    current_header                           0x20000578   Data           4  ip.o(.data)
    current_iphdr_src                        0x2000057c   Data           4  ip.o(.data)
    current_iphdr_dest                       0x20000580   Data           4  ip.o(.data)
    TCPIP_THREAD_TASK_STK                    0x20000590   Data           4  lwip_comm.o(.data)
    LWIP_DHCP_TASK_STK                       0x20000594   Data           4  lwip_comm.o(.data)
    g_pcSSIExtensions                        0x2000059c   Data          16  httpd.o(.data)
    g_pfnSSIHandler                          0x200005ac   Data           4  httpd.o(.data)
    g_iNumTags                               0x200005b0   Data           4  httpd.o(.data)
    g_ppcTags                                0x200005b4   Data           4  httpd.o(.data)
    g_pCGIs                                  0x200005b8   Data           4  httpd.o(.data)
    g_iNumCGIs                               0x200005bc   Data           4  httpd.o(.data)
    ADC_Page_SSI_Handler                     0x200005c0   Data           4  httpd_cgi_ssi.o(.data)
    ADC_not_configured                       0x200005c4   Data           4  httpd_cgi_ssi.o(.data)
    TAGCHAR                                  0x200005c8   Data           4  httpd_cgi_ssi.o(.data)
    TAGS                                     0x200005cc   Data           4  httpd_cgi_ssi.o(.data)
    CGI_TAB                                  0x200005d0   Data           8  httpd_cgi_ssi.o(.data)
    START_TASK_STK                           0x200005d8   Data         512  main.o(.bss)
    USART_TASK_STK                           0x200007d8   Data         512  main.o(.bss)
    LED1_TASK_STK                            0x200009d8   Data         512  main.o(.bss)
    FLOAT_TASK_STK                           0x20000bd8   Data         512  main.o(.bss)
    WORKER_MANAGE_TASK_STK                   0x20000dd8   Data         512  main.o(.bss)
    PARSE_TASK_STK                           0x20000fd8   Data        1024  main.o(.bss)
    VALVE_TASK_STK                           0x200013d8   Data         512  main.o(.bss)
    MOTO_TASK_STK                            0x200015d8   Data         512  main.o(.bss)
    g_scriptInfo                             0x200017d8   Data          20  cdv_define.o(.bss)
    tmr1                                     0x200017ec   Data          44  cdv_define.o(.bss)
    tmr2                                     0x20001818   Data          44  cdv_define.o(.bss)
    tmr3                                     0x20001844   Data          44  cdv_define.o(.bss)
    StartTaskTCB                             0x20001870   Data         172  cdv_define.o(.bss)
    UsartRecvTaskTCB                         0x2000191c   Data         172  cdv_define.o(.bss)
    UsartSendTaskTCB                         0x200019c8   Data         172  cdv_define.o(.bss)
    CdvRefreshTaskTCB                        0x20001a74   Data         172  cdv_define.o(.bss)
    CdvValveTaskTCB                          0x20001b20   Data         172  cdv_define.o(.bss)
    CdvMotoTaskTCB                           0x20001bcc   Data         172  cdv_define.o(.bss)
    WorkerManageTaskTCB                      0x20001c78   Data         172  cdv_define.o(.bss)
    WorkerTaskTCB                            0x20001d24   Data        2752  cdv_define.o(.bss)
    TaskParseTCB                             0x200027e4   Data         172  cdv_define.o(.bss)
    WORKER_TASK_STK                          0x20002890   Data       25600  cdv_define.o(.bss)
    TX_SEM                                   0x20008c90   Data          28  cdv_define.o(.bss)
    WORKER_SEM                               0x20008cac   Data          28  cdv_define.o(.bss)
    MOTO_SEM                                 0x20008cc8   Data          28  cdv_define.o(.bss)
    MEM_SEM                                  0x20008ce4   Data          28  cdv_define.o(.bss)
    MSG_SEM                                  0x20008d00   Data          28  cdv_define.o(.bss)
    LIST_SEM                                 0x20008d1c   Data          28  cdv_define.o(.bss)
    COIL_SEM                                 0x20008d38   Data          28  cdv_define.o(.bss)
    COM_SEM                                  0x20008d54   Data         168  cdv_define.o(.bss)
    TCP_TX_SEM                               0x20008dfc   Data          28  cdv_define.o(.bss)
    RPressureData                            0x20008e18   Data         800  cdv_define.o(.bss)
    Para_Buf                                 0x20009138   Data          48  mainuart.o(.bss)
    g_olCache                                0x20009168   Data          12  mainuart.o(.bss)
    g_scriptRecv                             0x20009174   Data          28  mainuart.o(.bss)
    g_uartRx                                 0x20009190   Data        1508  mainuart.o(.bss)
    g_uartTx                                 0x20009774   Data          24  mainuart.o(.bss)
    logInf                                   0x2000978c   Data         104  log.o(.bss)
    g_line                                   0x200097f4   Data          44  newscript.o(.bss)
    g_modbusCoil                             0x20009820   Data          32  modbus.o(.bss)
    g_modbusInCoil                           0x20009840   Data          32  modbus.o(.bss)
    g_modbusReg                              0x20009860   Data        2000  modbus.o(.bss)
    g_modbusInReg                            0x2000a030   Data          64  modbus.o(.bss)
    g_threadInfo                             0x2000a070   Data         384  worker.o(.bss)
    time                                     0x2000a1f0   Data         400  worker.o(.bss)
    g_portCmdCache                           0x2000a380   Data          12  cascade.o(.bss)
    REG_MAP                                  0x2000a38c   Data        7000  cascade.o(.bss)
    COIL_MAP                                 0x2000bee4   Data         160  cascade.o(.bss)
    TcpConnectTaskTCB                        0x2000bf84   Data         172  tcp_server.o(.bss)
    TCPCONNECT_TASK_STK                      0x2000c030   Data        1200  tcp_server.o(.bss)
    TcpServerTaskTCB                         0x2000c4e0   Data         172  tcp_server.o(.bss)
    TCPSERVER_TASK_STK                       0x2000c58c   Data        1024  tcp_server.o(.bss)
    UdpServerTaskTCB                         0x2000c98c   Data         172  udpmain.o(.bss)
    UDPSERVER_TASK_STK                       0x2000ca38   Data         512  udpmain.o(.bss)
    DEBUG_SEM                                0x2000cc38   Data          28  workerdebug.o(.bss)
    g_cdvI                                   0x2000cc54   Data         160  io.o(.bss)
    g_cdvO                                   0x2000ccf4   Data         168  io.o(.bss)
    g_dipSW                                  0x2000cd9c   Data          24  io.o(.bss)
    PLUSE_SEM                                0x2000cdb4   Data          28  io.o(.bss)
    g_pluse                                  0x2000cdd0   Data          32  io.o(.bss)
    adc_par                                  0x2000cdf0   Data         160  adc.o(.bss)
    buff_x                                   0x2000ce90   Data         400  adc.o(.bss)
    buff_v                                   0x2000d020   Data         800  adc.o(.bss)
    AD_Value                                 0x2000d340   Data         800  adc.o(.bss)
    sumAdc                                   0x2000d660   Data         800  adc.o(.bss)
    dac_val_tmp                              0x2000d980   Data          16  dac.o(.bss)
    dac_par                                  0x2000d990   Data         160  dac.o(.bss)
    strAlarmInfo                             0x2000da30   Data         400  alarm.o(.bss)
    counter                                  0x2000dbc0   Data          80  counter.o(.bss)
    USART3_RX_BUF                            0x2000dc10   Data          16  uart3.o(.bss)
    UART4_RX_BUF                             0x2000dc20   Data          16  uart4.o(.bss)
    RS485_RX_BUF                             0x2000dc30   Data          16  uart4.o(.bss)
    UART5_RX_BUF                             0x2000dc40   Data          16  uart5.o(.bss)
    Recv_Msg                                 0x2000dc50   Data          36  uart6.o(.bss)
    USART6_RX_BUF                            0x2000dc74   Data          16  uart6.o(.bss)
    RxBuffer                                 0x2000dc84   Data         256  spi3.o(.bss)
    ETH_InitStructure                        0x2000dd84   Data         188  lan8720.o(.bss)
    RX_Frame_Descriptor                      0x2000de40   Data          12  stm32f4x7_eth.o(.bss)
    CPU_Name                                 0x2000de4c   Data          16  cpu_core.o(.bss)
    Mem_PoolHeap                             0x2000de5c   Data          72  lib_mem.o(.bss)
    Mem_Heap                                 0x2000dea4   Data        1024  lib_mem.o(.bss)
    OSCfg_IdleTaskStk                        0x2000e2a4   Data         512  os_cfg_app.o(.bss)
    OSCfg_ISRStk                             0x2000e4a4   Data         512  os_cfg_app.o(.bss)
    OSCfg_MsgPool                            0x2000e6a4   Data        1600  os_cfg_app.o(.bss)
    OSCfg_TickTaskStk                        0x2000ece4   Data         512  os_cfg_app.o(.bss)
    OSCfg_TickWheel                          0x2000eee4   Data         136  os_cfg_app.o(.bss)
    OSCfg_TmrTaskStk                         0x2000ef6c   Data         512  os_cfg_app.o(.bss)
    OSCfg_TmrWheel                           0x2000f16c   Data         136  os_cfg_app.o(.bss)
    OSIdleTaskTCB                            0x2000f1f4   Data         172  os_var.o(.bss)
    OSMsgPool                                0x2000f2a0   Data          12  os_var.o(.bss)
    OSRdyList                                0x2000f2ac   Data         768  os_var.o(.bss)
    OSTickTaskTCB                            0x2000f5ac   Data         172  os_var.o(.bss)
    OSTmrTaskTCB                             0x2000f658   Data         172  os_var.o(.bss)
    cdvStartTime                             0x2000f704   Data          80  delay.o(.bss)
    cdvEndTime                               0x2000f754   Data          80  delay.o(.bss)
    TcpipthreadTaskTCB                       0x2000f7a4   Data         172  sys_arch.o(.bss)
    ram_heap                                 0x2000f93c   Data        4820  mem.o(.bss)
    lwipdev                                  0x20013380   Data          23  lwip_comm.o(.bss)
    lwip_netif                               0x20013398   Data          52  lwip_comm.o(.bss)
    LwipdhcpTaskTCB                          0x200133cc   Data         172  lwip_comm.o(.bss)
    fs_memory                                0x20013478   Data         240  fs.o(.bss)
    __libspace_start                         0x20013968   Data          96  libspace.o(.bss)
    __temporary_stack_top$libspace           0x200139c8   Data           0  libspace.o(.bss)
    mem_base                                 0x68000000   Data       786432  memmng.o(.ARM.__AT_0x68000000)
    mem_mapbase                              0x680c0000   Data       196608  memmng.o(.ARM.__AT_0x680C0000)



==============================================================================

Memory Map of the image

  Image Entry point : 0x08020189

  Load Region LR_IROM1 (Base: 0x08020000, Size: 0x0003a42c, Max: 0x000e0000, ABSOLUTE, COMPRESSED[0x0003a04c])

    Execution Region ER_IROM1 (Exec base: 0x08020000, Load base: 0x08020000, Size: 0x00039e54, Max: 0x000e0000, ABSOLUTE)

    Exec Addr    Load Addr    Size         Type   Attr      Idx    E Section Name        Object

    0x08020000   0x08020000   0x00000188   Data   RO         2041    RESET               startup_stm32f40_41xxx.o
    0x08020188   0x08020188   0x00000008   Code   RO         4119  * !!!main             c_w.l(__main.o)
    0x08020190   0x08020190   0x00000034   Code   RO         4550    !!!scatter          c_w.l(__scatter.o)
    0x080201c4   0x080201c4   0x0000005a   Code   RO         4548    !!dczerorl2         c_w.l(__dczerorl2.o)
    0x0802021e   0x0802021e   0x00000002   PAD
    0x08020220   0x08020220   0x0000001c   Code   RO         4552    !!handler_zi        c_w.l(__scatter_zi.o)
    0x0802023c   0x0802023c   0x00000000   Code   RO         4092    .ARM.Collect$$_printf_percent$$00000000  c_w.l(_printf_percent.o)
    0x0802023c   0x0802023c   0x00000006   Code   RO         4091    .ARM.Collect$$_printf_percent$$00000003  c_w.l(_printf_f.o)
    0x08020242   0x08020242   0x00000006   Code   RO         4090    .ARM.Collect$$_printf_percent$$00000009  c_w.l(_printf_d.o)
    0x08020248   0x08020248   0x00000006   Code   RO         4089    .ARM.Collect$$_printf_percent$$0000000C  c_w.l(_printf_x.o)
    0x0802024e   0x0802024e   0x00000006   Code   RO         4088    .ARM.Collect$$_printf_percent$$00000014  c_w.l(_printf_s.o)
    0x08020254   0x08020254   0x00000004   Code   RO         4238    .ARM.Collect$$_printf_percent$$00000017  c_w.l(_printf_percent_end.o)
    0x08020258   0x08020258   0x00000002   Code   RO         4423    .ARM.Collect$$libinit$$00000000  c_w.l(libinit.o)
    0x0802025a   0x0802025a   0x00000000   Code   RO         4350    .ARM.Collect$$libinit$$00000002  c_w.l(libinit2.o)
    0x0802025a   0x0802025a   0x00000000   Code   RO         4352    .ARM.Collect$$libinit$$00000004  c_w.l(libinit2.o)
    0x0802025a   0x0802025a   0x00000000   Code   RO         4355    .ARM.Collect$$libinit$$0000000A  c_w.l(libinit2.o)
    0x0802025a   0x0802025a   0x00000000   Code   RO         4357    .ARM.Collect$$libinit$$0000000C  c_w.l(libinit2.o)
    0x0802025a   0x0802025a   0x00000000   Code   RO         4359    .ARM.Collect$$libinit$$0000000E  c_w.l(libinit2.o)
    0x0802025a   0x0802025a   0x00000006   Code   RO         4360    .ARM.Collect$$libinit$$0000000F  c_w.l(libinit2.o)
    0x08020260   0x08020260   0x00000000   Code   RO         4362    .ARM.Collect$$libinit$$00000011  c_w.l(libinit2.o)
    0x08020260   0x08020260   0x0000000c   Code   RO         4363    .ARM.Collect$$libinit$$00000012  c_w.l(libinit2.o)
    0x0802026c   0x0802026c   0x00000000   Code   RO         4364    .ARM.Collect$$libinit$$00000013  c_w.l(libinit2.o)
    0x0802026c   0x0802026c   0x00000000   Code   RO         4366    .ARM.Collect$$libinit$$00000015  c_w.l(libinit2.o)
    0x0802026c   0x0802026c   0x0000000a   Code   RO         4367    .ARM.Collect$$libinit$$00000016  c_w.l(libinit2.o)
    0x08020276   0x08020276   0x00000000   Code   RO         4368    .ARM.Collect$$libinit$$00000017  c_w.l(libinit2.o)
    0x08020276   0x08020276   0x00000000   Code   RO         4370    .ARM.Collect$$libinit$$00000019  c_w.l(libinit2.o)
    0x08020276   0x08020276   0x00000000   Code   RO         4372    .ARM.Collect$$libinit$$0000001B  c_w.l(libinit2.o)
    0x08020276   0x08020276   0x00000000   Code   RO         4374    .ARM.Collect$$libinit$$0000001D  c_w.l(libinit2.o)
    0x08020276   0x08020276   0x00000000   Code   RO         4376    .ARM.Collect$$libinit$$0000001F  c_w.l(libinit2.o)
    0x08020276   0x08020276   0x00000000   Code   RO         4378    .ARM.Collect$$libinit$$00000021  c_w.l(libinit2.o)
    0x08020276   0x08020276   0x00000000   Code   RO         4380    .ARM.Collect$$libinit$$00000023  c_w.l(libinit2.o)
    0x08020276   0x08020276   0x00000000   Code   RO         4382    .ARM.Collect$$libinit$$00000025  c_w.l(libinit2.o)
    0x08020276   0x08020276   0x00000000   Code   RO         4386    .ARM.Collect$$libinit$$0000002C  c_w.l(libinit2.o)
    0x08020276   0x08020276   0x00000000   Code   RO         4388    .ARM.Collect$$libinit$$0000002E  c_w.l(libinit2.o)
    0x08020276   0x08020276   0x00000000   Code   RO         4390    .ARM.Collect$$libinit$$00000030  c_w.l(libinit2.o)
    0x08020276   0x08020276   0x00000000   Code   RO         4392    .ARM.Collect$$libinit$$00000032  c_w.l(libinit2.o)
    0x08020276   0x08020276   0x00000002   Code   RO         4393    .ARM.Collect$$libinit$$00000033  c_w.l(libinit2.o)
    0x08020278   0x08020278   0x00000002   Code   RO         4502    .ARM.Collect$$libshutdown$$00000000  c_w.l(libshutdown.o)
    0x0802027a   0x0802027a   0x00000000   Code   RO         4530    .ARM.Collect$$libshutdown$$00000002  c_w.l(libshutdown2.o)
    0x0802027a   0x0802027a   0x00000000   Code   RO         4532    .ARM.Collect$$libshutdown$$00000004  c_w.l(libshutdown2.o)
    0x0802027a   0x0802027a   0x00000000   Code   RO         4535    .ARM.Collect$$libshutdown$$00000007  c_w.l(libshutdown2.o)
    0x0802027a   0x0802027a   0x00000000   Code   RO         4538    .ARM.Collect$$libshutdown$$0000000A  c_w.l(libshutdown2.o)
    0x0802027a   0x0802027a   0x00000000   Code   RO         4540    .ARM.Collect$$libshutdown$$0000000C  c_w.l(libshutdown2.o)
    0x0802027a   0x0802027a   0x00000000   Code   RO         4543    .ARM.Collect$$libshutdown$$0000000F  c_w.l(libshutdown2.o)
    0x0802027a   0x0802027a   0x00000002   Code   RO         4544    .ARM.Collect$$libshutdown$$00000010  c_w.l(libshutdown2.o)
    0x0802027c   0x0802027c   0x00000000   Code   RO         4211    .ARM.Collect$$rtentry$$00000000  c_w.l(__rtentry.o)
    0x0802027c   0x0802027c   0x00000000   Code   RO         4293    .ARM.Collect$$rtentry$$00000002  c_w.l(__rtentry2.o)
    0x0802027c   0x0802027c   0x00000006   Code   RO         4305    .ARM.Collect$$rtentry$$00000004  c_w.l(__rtentry4.o)
    0x08020282   0x08020282   0x00000000   Code   RO         4295    .ARM.Collect$$rtentry$$00000009  c_w.l(__rtentry2.o)
    0x08020282   0x08020282   0x00000004   Code   RO         4296    .ARM.Collect$$rtentry$$0000000A  c_w.l(__rtentry2.o)
    0x08020286   0x08020286   0x00000000   Code   RO         4298    .ARM.Collect$$rtentry$$0000000C  c_w.l(__rtentry2.o)
    0x08020286   0x08020286   0x00000008   Code   RO         4299    .ARM.Collect$$rtentry$$0000000D  c_w.l(__rtentry2.o)
    0x0802028e   0x0802028e   0x00000002   Code   RO         4428    .ARM.Collect$$rtexit$$00000000  c_w.l(rtexit.o)
    0x08020290   0x08020290   0x00000000   Code   RO         4463    .ARM.Collect$$rtexit$$00000002  c_w.l(rtexit2.o)
    0x08020290   0x08020290   0x00000004   Code   RO         4464    .ARM.Collect$$rtexit$$00000003  c_w.l(rtexit2.o)
    0x08020294   0x08020294   0x00000006   Code   RO         4465    .ARM.Collect$$rtexit$$00000004  c_w.l(rtexit2.o)
    0x0802029a   0x0802029a   0x00000002   PAD
    0x0802029c   0x0802029c   0x00000010   Code   RO         2942    .emb_text           sysdef.o
    0x080202ac   0x080202ac   0x00000a6c   Code   RO            3    .text               main.o
    0x08020d18   0x08020d18   0x00000454   Code   RO          467    .text               cdv_config.o
    0x0802116c   0x0802116c   0x00000066   Code   RO          494    .text               cdv_define.o
    0x080211d2   0x080211d2   0x00000002   PAD
    0x080211d4   0x080211d4   0x0000019c   Code   RO          526    .text               offline.o
    0x08021370   0x08021370   0x00000398   Code   RO          553    .text               basic_resource.o
    0x08021708   0x08021708   0x000005b0   Code   RO          573    .text               fpga_spi.o
    0x08021cb8   0x08021cb8   0x0000162c   Code   RO          614    .text               mainuart.o
    0x080232e4   0x080232e4   0x00000740   Code   RO          651    .text               log.o
    0x08023a24   0x08023a24   0x000008d8   Code   RO          675    .text               cdv_array.o
    0x080242fc   0x080242fc   0x000006ac   Code   RO          697    .text               newscript.o
    0x080249a8   0x080249a8   0x00001884   Code   RO          724    .text               modbus.o
    0x0802622c   0x0802622c   0x00000aa4   Code   RO          774    .text               worker.o
    0x08026cd0   0x08026cd0   0x000004a2   Code   RO          803    .text               cmdparse.o
    0x08027172   0x08027172   0x00000002   PAD
    0x08027174   0x08027174   0x00002690   Code   RO          824    .text               cascade.o
    0x08029804   0x08029804   0x000007b4   Code   RO          856    .text               tcp_server.o
    0x08029fb8   0x08029fb8   0x000002e4   Code   RO          905    .text               udpmain.o
    0x0802a29c   0x0802a29c   0x00000478   Code   RO          935    .text               centralizedcontrol.o
    0x0802a714   0x0802a714   0x00000648   Code   RO          955    .text               workerdebug.o
    0x0802ad5c   0x0802ad5c   0x00000120   Code   RO          986    .text               sysmng.o
    0x0802ae7c   0x0802ae7c   0x000004e8   Code   RO         1006    .text               logic.o
    0x0802b364   0x0802b364   0x00001516   Code   RO         1061    .text               io.o
    0x0802c87a   0x0802c87a   0x00000002   PAD
    0x0802c87c   0x0802c87c   0x000006e4   Code   RO         1088    .text               var.o
    0x0802cf60   0x0802cf60   0x00000128   Code   RO         1112    .text               msg.o
    0x0802d088   0x0802d088   0x000002f8   Code   RO         1135    .text               time.o
    0x0802d380   0x0802d380   0x00000d68   Code   RO         1179    .text               adc.o
    0x0802e0e8   0x0802e0e8   0x00000680   Code   RO         1206    .text               dac.o
    0x0802e768   0x0802e768   0x00000174   Code   RO         1251    .text               dac7512.o
    0x0802e8dc   0x0802e8dc   0x0000055a   Code   RO         1312    .text               universalscom.o
    0x0802ee36   0x0802ee36   0x00000002   PAD
    0x0802ee38   0x0802ee38   0x00000384   Code   RO         1333    .text               alarm.o
    0x0802f1bc   0x0802f1bc   0x00000184   Code   RO         1361    .text               led.o
    0x0802f340   0x0802f340   0x000016e0   Code   RO         1384    .text               varexp.o
    0x08030a20   0x08030a20   0x00000228   Code   RO         1422    .text               memmng.o
    0x08030c48   0x08030c48   0x000002c8   Code   RO         1451    .text               flashbak.o
    0x08030f10   0x08030f10   0x00000244   Code   RO         1478    .text               counter.o
    0x08031154   0x08031154   0x0000034c   Code   RO         1501    .text               uart1.o
    0x080314a0   0x080314a0   0x000002b0   Code   RO         1527    .text               uart2.o
    0x08031750   0x08031750   0x0000036c   Code   RO         1553    .text               uart3.o
    0x08031abc   0x08031abc   0x000002a8   Code   RO         1580    .text               uart4.o
    0x08031d64   0x08031d64   0x000002b4   Code   RO         1607    .text               uart5.o
    0x08032018   0x08032018   0x000003e0   Code   RO         1634    .text               uart6.o
    0x080323f8   0x080323f8   0x000000d0   Code   RO         1661    .text               spix.o
    0x080324c8   0x080324c8   0x000000bc   Code   RO         1682    .text               exti.o
    0x08032584   0x08032584   0x000000f4   Code   RO         1702    .text               spi2.o
    0x08032678   0x08032678   0x00000270   Code   RO         1722    .text               spi3.o
    0x080328e8   0x080328e8   0x00000498   Code   RO         1747    .text               uartx.o
    0x08032d80   0x08032d80   0x0000012c   Code   RO         1771    .text               dmax.o
    0x08032eac   0x08032eac   0x00000734   Code   RO         1791    .text               lan8720.o
    0x080335e0   0x080335e0   0x00000358   Code   RO         1824    .text               sram.o
    0x08033938   0x08033938   0x000000cc   Code   RO         1872    .text               extipoweroff.o
    0x08033a04   0x08033a04   0x00000060   Code   RO         1895    .text               stm32f4xx_it.o
    0x08033a64   0x08033a64   0x00000204   Code   RO         1918    .text               system_stm32f4xx.o
    0x08033c68   0x08033c68   0x00000040   Code   RO         2042    .text               startup_stm32f40_41xxx.o
    0x08033ca8   0x08033ca8   0x0000065c   Code   RO         2048    .text               stm32f4xx_rcc.o
    0x08034304   0x08034304   0x000000e0   Code   RO         2074    .text               misc.o
    0x080343e4   0x080343e4   0x00000294   Code   RO         2094    .text               stm32f4xx_gpio.o
    0x08034678   0x08034678   0x00000454   Code   RO         2114    .text               stm32f4xx_usart.o
    0x08034acc   0x08034acc   0x00000480   Code   RO         2134    .text               stm32f4xx_spi.o
    0x08034f4c   0x08034f4c   0x00000ca2   Code   RO         2154    .text               stm32f4xx_tim.o
    0x08035bee   0x08035bee   0x00000002   PAD
    0x08035bf0   0x08035bf0   0x000003a8   Code   RO         2174    .text               stm32f4xx_dma.o
    0x08035f98   0x08035f98   0x00000210   Code   RO         2234    .text               stm32f4xx_dac.o
    0x080361a8   0x080361a8   0x00000464   Code   RO         2254    .text               stm32f4xx_adc.o
    0x0803660c   0x0803660c   0x00000110   Code   RO         2297    .text               stm32f4xx_exti.o
    0x0803671c   0x0803671c   0x00000094   Code   RO         2317    .text               stm32f4xx_syscfg.o
    0x080367b0   0x080367b0   0x00001054   Code   RO         2337    .text               stm32f4x7_eth.o
    0x08037804   0x08037804   0x000005c8   Code   RO         2377    .text               stm32f4xx_fsmc.o
    0x08037dcc   0x08037dcc   0x00000694   Code   RO         2400    .text               stm32f4xx_flash.o
    0x08038460   0x08038460   0x00000084   Code   RO         2420    .text               bsp.o
    0x080384e4   0x080384e4   0x000002a8   Code   RO         2498    .text               cpu_core.o
    0x0803878c   0x0803878c   0x00000256   Code   RO         2536    .text               lib_ascii.o
    0x080389e2   0x080389e2   0x00000002   PAD
    0x080389e4   0x080389e4   0x000009c6   Code   RO         2569    .text               lib_mem.o
    0x080393aa   0x080393aa   0x00000002   PAD
    0x080393ac   0x080393ac   0x00000928   Code   RO         2588    .text               lib_str.o
    0x08039cd4   0x08039cd4   0x00000002   Code   RO         2605    .text               os_cfg_app.o
    0x08039cd6   0x08039cd6   0x00000002   PAD
    0x08039cd8   0x08039cd8   0x00000c30   Code   RO         2628    .text               os_core.o
    0x0803a908   0x0803a908   0x000001cc   Code   RO         2661    .text               os_mem.o
    0x0803aad4   0x0803aad4   0x00000228   Code   RO         2673    .text               os_msg.o
    0x0803acfc   0x0803acfc   0x000006ec   Code   RO         2685    .text               os_mutex.o
    0x0803b3e8   0x0803b3e8   0x0000007c   Code   RO         2703    .text               os_prio.o
    0x0803b464   0x0803b464   0x00000660   Code   RO         2722    .text               os_q.o
    0x0803bac4   0x0803bac4   0x00000674   Code   RO         2734    .text               os_sem.o
    0x0803c138   0x0803c138   0x000012b4   Code   RO         2752    .text               os_task.o
    0x0803d3ec   0x0803d3ec   0x00000484   Code   RO         2764    .text               os_tick.o
    0x0803d870   0x0803d870   0x0000045c   Code   RO         2776    .text               os_time.o
    0x0803dccc   0x0803dccc   0x00000790   Code   RO         2788    .text               os_tmr.o
    0x0803e45c   0x0803e45c   0x000001b4   Code   RO         2816    .text               os_cpu_c.o
    0x0803e610   0x0803e610   0x00000034   Code   RO         2840    .text               cpu_a.o
    0x0803e644   0x0803e644   0x00000220   Code   RO         2843    .text               lib_mem_a.o
    0x0803e864   0x0803e864   0x00000210   Code   RO         2851    .text               delay.o
    0x0803ea74   0x0803ea74   0x00000564   Code   RO         2893    .text               flash.o
    0x0803efd8   0x0803efd8   0x0000025c   Code   RO         2960    .text               malloc.o
    0x0803f234   0x0803f234   0x00000264   Code   RO         2989    .text               flash_if.o
    0x0803f498   0x0803f498   0x000002d4   Code   RO         3012    .text               ethernetif.o
    0x0803f76c   0x0803f76c   0x00000380   Code   RO         3050    .text               sys_arch.o
    0x0803faec   0x0803faec   0x0000094c   Code   RO         3087    .text               etharp.o
    0x08040438   0x08040438   0x000006d0   Code   RO         3133    .text               api_lib.o
    0x08040b08   0x08040b08   0x00000f7c   Code   RO         3178    .text               api_msg.o
    0x08041a84   0x08041a84   0x00000190   Code   RO         3215    .text               netbuf.o
    0x08041c14   0x08041c14   0x000002e0   Code   RO         3287    .text               tcpip.o
    0x08041ef4   0x08041ef4   0x0000003e   Code   RO         3325    .text               def.o
    0x08041f32   0x08041f32   0x00000020   Code   RO         3373    .text               init.o
    0x08041f52   0x08041f52   0x00000002   PAD
    0x08041f54   0x08041f54   0x00000380   Code   RO         3422    .text               mem.o
    0x080422d4   0x080422d4   0x000000d4   Code   RO         3446    .text               memp.o
    0x080423a8   0x080423a8   0x000002a0   Code   RO         3484    .text               netif.o
    0x08042648   0x08042648   0x00000750   Code   RO         3514    .text               pbuf.o
    0x08042d98   0x08042d98   0x000001b0   Code   RO         3537    .text               raw.o
    0x08042f48   0x08042f48   0x00000df0   Code   RO         3587    .text               tcp.o
    0x08043d38   0x08043d38   0x000012a0   Code   RO         3619    .text               tcp_in.o
    0x08044fd8   0x08044fd8   0x00000c2e   Code   RO         3653    .text               tcp_out.o
    0x08045c06   0x08045c06   0x00000002   PAD
    0x08045c08   0x08045c08   0x00000228   Code   RO         3673    .text               timers.o
    0x08045e30   0x08045e30   0x00000444   Code   RO         3704    .text               udp.o
    0x08046274   0x08046274   0x000001f0   Code   RO         3744    .text               icmp.o
    0x08046464   0x08046464   0x00000222   Code   RO         3795    .text               inet_chksum.o
    0x08046686   0x08046686   0x00000002   PAD
    0x08046688   0x08046688   0x000002d8   Code   RO         3815    .text               ip.o
    0x08046960   0x08046960   0x000002b8   Code   RO         3844    .text               ip_addr.o
    0x08046c18   0x08046c18   0x00000694   Code   RO         3878    .text               ip_frag.o
    0x080472ac   0x080472ac   0x0000030c   Code   RO         3900    .text               lwip_comm.o
    0x080475b8   0x080475b8   0x00000108   Code   RO         3941    .text               fs.o
    0x080476c0   0x080476c0   0x00000d54   Code   RO         3974    .text               httpd.o
    0x08048414   0x08048414   0x00000180   Code   RO         4006    .text               httpd_cgi_ssi.o
    0x08048594   0x08048594   0x00000010   Code   RO         4031    .text               c_w.l(rt_ctype_table.o)
    0x080485a4   0x080485a4   0x000000ee   Code   RO         4033    .text               c_w.l(lludivv7m.o)
    0x08048692   0x08048692   0x00000002   PAD
    0x08048694   0x08048694   0x00000028   Code   RO         4037    .text               c_w.l(noretval__2sprintf.o)
    0x080486bc   0x080486bc   0x0000004e   Code   RO         4041    .text               c_w.l(_printf_pad.o)
    0x0804870a   0x0804870a   0x00000052   Code   RO         4043    .text               c_w.l(_printf_str.o)
    0x0804875c   0x0804875c   0x00000078   Code   RO         4045    .text               c_w.l(_printf_dec.o)
    0x080487d4   0x080487d4   0x00000058   Code   RO         4050    .text               c_w.l(_printf_hex_int.o)
    0x0804882c   0x0804882c   0x00000188   Code   RO         4085    .text               c_w.l(__printf_flags_ss_wp.o)
    0x080489b4   0x080489b4   0x0000001a   Code   RO         4093    .text               c_w.l(atoi.o)
    0x080489ce   0x080489ce   0x00000014   Code   RO         4095    .text               c_w.l(strchr.o)
    0x080489e2   0x080489e2   0x00000024   Code   RO         4097    .text               c_w.l(strstr.o)
    0x08048a06   0x08048a06   0x00000058   Code   RO         4099    .text               c_w.l(memcmp.o)
    0x08048a5e   0x08048a5e   0x0000003e   Code   RO         4101    .text               c_w.l(strlen.o)
    0x08048a9c   0x08048a9c   0x00000096   Code   RO         4103    .text               c_w.l(strncmp.o)
    0x08048b32   0x08048b32   0x0000008a   Code   RO         4105    .text               c_w.l(rt_memcpy_v6.o)
    0x08048bbc   0x08048bbc   0x00000064   Code   RO         4107    .text               c_w.l(rt_memcpy_w.o)
    0x08048c20   0x08048c20   0x00000010   Code   RO         4109    .text               c_w.l(aeabi_memset.o)
    0x08048c30   0x08048c30   0x00000044   Code   RO         4111    .text               c_w.l(rt_memclr.o)
    0x08048c74   0x08048c74   0x0000004e   Code   RO         4113    .text               c_w.l(rt_memclr_w.o)
    0x08048cc2   0x08048cc2   0x00000002   PAD
    0x08048cc4   0x08048cc4   0x00000080   Code   RO         4115    .text               c_w.l(strcmpv7m.o)
    0x08048d44   0x08048d44   0x00000006   Code   RO         4117    .text               c_w.l(heapauxi.o)
    0x08048d4a   0x08048d4a   0x00000002   PAD
    0x08048d4c   0x08048d4c   0x00000008   Code   RO         4219    .text               c_w.l(rt_locale_intlibspace.o)
    0x08048d54   0x08048d54   0x00000008   Code   RO         4224    .text               c_w.l(rt_errno_addr_intlibspace.o)
    0x08048d5c   0x08048d5c   0x00000016   Code   RO         4226    .text               c_w.l(_rserrno.o)
    0x08048d72   0x08048d72   0x000000b2   Code   RO         4228    .text               c_w.l(_printf_intcommon.o)
    0x08048e24   0x08048e24   0x0000041e   Code   RO         4230    .text               c_w.l(_printf_fp_dec.o)
    0x08049242   0x08049242   0x00000002   PAD
    0x08049244   0x08049244   0x00000030   Code   RO         4232    .text               c_w.l(_printf_char_common.o)
    0x08049274   0x08049274   0x0000000a   Code   RO         4234    .text               c_w.l(_sputc.o)
    0x0804927e   0x0804927e   0x0000002c   Code   RO         4236    .text               c_w.l(_printf_char.o)
    0x080492aa   0x080492aa   0x00000002   PAD
    0x080492ac   0x080492ac   0x000000a4   Code   RO         4239    .text               c_w.l(strtod.o)
    0x08049350   0x08049350   0x00000070   Code   RO         4241    .text               c_w.l(strtol.o)
    0x080493c0   0x080493c0   0x00000008   Code   RO         4289    .text               c_w.l(libspace.o)
    0x080493c8   0x080493c8   0x0000008a   Code   RO         4309    .text               c_w.l(lludiv10.o)
    0x08049452   0x08049452   0x00000012   Code   RO         4311    .text               c_w.l(isspace.o)
    0x08049464   0x08049464   0x00000080   Code   RO         4313    .text               c_w.l(_printf_fp_infnan.o)
    0x080494e4   0x080494e4   0x00000040   Code   RO         4317    .text               c_w.l(_sgetc.o)
    0x08049524   0x08049524   0x0000009e   Code   RO         4319    .text               c_w.l(_strtoul.o)
    0x080495c2   0x080495c2   0x00000002   PAD
    0x080495c4   0x080495c4   0x000000e4   Code   RO         4321    .text               c_w.l(bigflt0.o)
    0x080496a8   0x080496a8   0x0000004a   Code   RO         4404    .text               c_w.l(sys_stackheap_outer.o)
    0x080496f2   0x080496f2   0x0000001c   Code   RO         4406    .text               c_w.l(_chval.o)
    0x0804970e   0x0804970e   0x00000002   PAD
    0x08049710   0x08049710   0x000004f8   Code   RO         4408    .text               c_w.l(scanf_fp.o)
    0x08049c08   0x08049c08   0x00000012   Code   RO         4410    .text               c_w.l(exit.o)
    0x08049c1a   0x08049c1a   0x00000002   PAD
    0x08049c1c   0x08049c1c   0x0000000c   Code   RO         4460    .text               c_w.l(sys_exit.o)
    0x08049c28   0x08049c28   0x00000320   Code   RO         4471    .text               c_w.l(scanf_hexfp.o)
    0x08049f48   0x08049f48   0x00000134   Code   RO         4473    .text               c_w.l(scanf_infnan.o)
    0x0804a07c   0x0804a07c   0x00000002   Code   RO         4491    .text               c_w.l(use_no_semi.o)
    0x0804a07e   0x0804a07e   0x00000000   Code   RO         4493    .text               c_w.l(indicate_semi.o)
    0x0804a07e   0x0804a07e   0x00000026   Code   RO         4494    .text               c_w.l(llshl.o)
    0x0804a0a4   0x0804a0a4   0x0000003e   Code   RO         4324    CL$$btod_d2e        c_w.l(btod.o)
    0x0804a0e2   0x0804a0e2   0x00000046   Code   RO         4326    CL$$btod_d2e_denorm_low  c_w.l(btod.o)
    0x0804a128   0x0804a128   0x00000060   Code   RO         4325    CL$$btod_d2e_norm_op1  c_w.l(btod.o)
    0x0804a188   0x0804a188   0x00000338   Code   RO         4334    CL$$btod_div_common  c_w.l(btod.o)
    0x0804a4c0   0x0804a4c0   0x00000084   Code   RO         4332    CL$$btod_e2d        c_w.l(btod.o)
    0x0804a544   0x0804a544   0x000000dc   Code   RO         4331    CL$$btod_e2e        c_w.l(btod.o)
    0x0804a620   0x0804a620   0x0000002a   Code   RO         4328    CL$$btod_ediv       c_w.l(btod.o)
    0x0804a64a   0x0804a64a   0x0000002a   Code   RO         4330    CL$$btod_edivd      c_w.l(btod.o)
    0x0804a674   0x0804a674   0x0000002a   Code   RO         4327    CL$$btod_emul       c_w.l(btod.o)
    0x0804a69e   0x0804a69e   0x0000002a   Code   RO         4329    CL$$btod_emuld      c_w.l(btod.o)
    0x0804a6c8   0x0804a6c8   0x00000244   Code   RO         4333    CL$$btod_mult_common  c_w.l(btod.o)
    0x0804a90c   0x0804a90c   0x00000098   Code   RO         2846    CODE                os_cpu_a.o
    0x0804a9a4   0x0804a9a4   0x00000028   Code   RO         4400    i.__ARM_fpclassify  m_ws.l(fpclassify.o)
    0x0804a9cc   0x0804a9cc   0x0000000e   Code   RO         4268    i.__mathlib_dbl_overflow  m_ws.l(dunder.o)
    0x0804a9da   0x0804a9da   0x00000002   PAD
    0x0804a9dc   0x0804a9dc   0x00000010   Code   RO         4270    i.__mathlib_dbl_underflow  m_ws.l(dunder.o)
    0x0804a9ec   0x0804a9ec   0x00000010   Code   RO         4452    i.__mathlib_narrow  m_ws.l(narrow.o)
    0x0804a9fc   0x0804a9fc   0x000000bc   Code   RO         4453    i.__mathlib_tofloat  m_ws.l(narrow.o)
    0x0804aab8   0x0804aab8   0x00000016   Code   RO         4504    i.__support_ldexp   m_ws.l(ldexp.o)
    0x0804aace   0x0804aace   0x0000000e   Code   RO         4078    i._is_digit         c_w.l(__printf_wp.o)
    0x0804aadc   0x0804aadc   0x0000002a   Code   RO         4192    i.atof              m_ws.l(atof.o)
    0x0804ab06   0x0804ab06   0x00000002   PAD
    0x0804ab08   0x0804ab08   0x00000058   Code   RO         4486    i.frexp             m_ws.l(frexp.o)
    0x0804ab60   0x0804ab60   0x00000074   Code   RO         4505    i.ldexp             m_ws.l(ldexp.o)
    0x0804abd4   0x0804abd4   0x0000004c   Code   RO         4204    i.sqrt              m_ws.l(sqrt.o)
    0x0804ac20   0x0804ac20   0x0000002c   Code   RO         4244    locale$$code        c_w.l(lc_ctype_c.o)
    0x0804ac4c   0x0804ac4c   0x0000002c   Code   RO         4347    locale$$code        c_w.l(lc_numeric_c.o)
    0x0804ac78   0x0804ac78   0x00000062   Code   RO         4121    x$fpl$d2f           fz_ws.l(d2f.o)
    0x0804acda   0x0804acda   0x00000002   PAD
    0x0804acdc   0x0804acdc   0x00000150   Code   RO         4123    x$fpl$dadd          fz_ws.l(daddsub_clz.o)
    0x0804ae2c   0x0804ae2c   0x00000010   Code   RO         4424    x$fpl$dcheck1       fz_ws.l(dcheck1.o)
    0x0804ae3c   0x0804ae3c   0x00000018   Code   RO         4246    x$fpl$dcmpinf       fz_ws.l(dcmpi.o)
    0x0804ae54   0x0804ae54   0x000002b0   Code   RO         4130    x$fpl$ddiv          fz_ws.l(ddiv.o)
    0x0804b104   0x0804b104   0x00000078   Code   RO         4133    x$fpl$deqf          fz_ws.l(deqf.o)
    0x0804b17c   0x0804b17c   0x0000005e   Code   RO         4135    x$fpl$dfix          fz_ws.l(dfix.o)
    0x0804b1da   0x0804b1da   0x00000002   PAD
    0x0804b1dc   0x0804b1dc   0x0000005a   Code   RO         4139    x$fpl$dfixu         fz_ws.l(dfixu.o)
    0x0804b236   0x0804b236   0x0000002e   Code   RO         4144    x$fpl$dflt          fz_ws.l(dflt_clz.o)
    0x0804b264   0x0804b264   0x00000026   Code   RO         4143    x$fpl$dfltu         fz_ws.l(dflt_clz.o)
    0x0804b28a   0x0804b28a   0x00000002   PAD
    0x0804b28c   0x0804b28c   0x00000078   Code   RO         4149    x$fpl$dleqf         fz_ws.l(dleqf.o)
    0x0804b304   0x0804b304   0x00000154   Code   RO         4151    x$fpl$dmul          fz_ws.l(dmul.o)
    0x0804b458   0x0804b458   0x0000009c   Code   RO         4248    x$fpl$dnaninf       fz_ws.l(dnaninf.o)
    0x0804b4f4   0x0804b4f4   0x0000000c   Code   RO         4250    x$fpl$dretinf       fz_ws.l(dretinf.o)
    0x0804b500   0x0804b500   0x0000006c   Code   RO         4153    x$fpl$drleqf        fz_ws.l(drleqf.o)
    0x0804b56c   0x0804b56c   0x00000016   Code   RO         4124    x$fpl$drsb          fz_ws.l(daddsub_clz.o)
    0x0804b582   0x0804b582   0x00000002   PAD
    0x0804b584   0x0804b584   0x00000198   Code   RO         4252    x$fpl$dsqrt         fz_ws.l(dsqrt_umaal.o)
    0x0804b71c   0x0804b71c   0x000001d4   Code   RO         4125    x$fpl$dsub          fz_ws.l(daddsub_clz.o)
    0x0804b8f0   0x0804b8f0   0x00000056   Code   RO         4155    x$fpl$f2d           fz_ws.l(f2d.o)
    0x0804b946   0x0804b946   0x00000002   PAD
    0x0804b948   0x0804b948   0x000000c4   Code   RO         4157    x$fpl$fadd          fz_ws.l(faddsub_clz.o)
    0x0804ba0c   0x0804ba0c   0x00000018   Code   RO         4254    x$fpl$fcmpinf       fz_ws.l(fcmpi.o)
    0x0804ba24   0x0804ba24   0x00000184   Code   RO         4164    x$fpl$fdiv          fz_ws.l(fdiv.o)
    0x0804bba8   0x0804bba8   0x00000068   Code   RO         4167    x$fpl$feqf          fz_ws.l(feqf.o)
    0x0804bc10   0x0804bc10   0x00000036   Code   RO         4169    x$fpl$ffix          fz_ws.l(ffix.o)
    0x0804bc46   0x0804bc46   0x00000002   PAD
    0x0804bc48   0x0804bc48   0x0000003e   Code   RO         4173    x$fpl$ffixu         fz_ws.l(ffixu.o)
    0x0804bc86   0x0804bc86   0x00000002   PAD
    0x0804bc88   0x0804bc88   0x00000030   Code   RO         4178    x$fpl$fflt          fz_ws.l(fflt_clz.o)
    0x0804bcb8   0x0804bcb8   0x00000026   Code   RO         4177    x$fpl$ffltu         fz_ws.l(fflt_clz.o)
    0x0804bcde   0x0804bcde   0x00000002   PAD
    0x0804bce0   0x0804bce0   0x00000068   Code   RO         4183    x$fpl$fleqf         fz_ws.l(fleqf.o)
    0x0804bd48   0x0804bd48   0x00000102   Code   RO         4185    x$fpl$fmul          fz_ws.l(fmul.o)
    0x0804be4a   0x0804be4a   0x0000008c   Code   RO         4256    x$fpl$fnaninf       fz_ws.l(fnaninf.o)
    0x0804bed6   0x0804bed6   0x0000000a   Code   RO         4258    x$fpl$fretinf       fz_ws.l(fretinf.o)
    0x0804bee0   0x0804bee0   0x00000062   Code   RO         4187    x$fpl$frleqf        fz_ws.l(frleqf.o)
    0x0804bf42   0x0804bf42   0x00000014   Code   RO         4158    x$fpl$frsb          fz_ws.l(faddsub_clz.o)
    0x0804bf56   0x0804bf56   0x00000002   PAD
    0x0804bf58   0x0804bf58   0x000000ea   Code   RO         4159    x$fpl$fsub          fz_ws.l(faddsub_clz.o)
    0x0804c042   0x0804c042   0x00000006   Code   RO         4394    x$fpl$ieeestatus    fz_ws.l(istatus.o)
    0x0804c048   0x0804c048   0x00000004   Code   RO         4189    x$fpl$printf1       fz_ws.l(printf1.o)
    0x0804c04c   0x0804c04c   0x00000064   Code   RO         4444    x$fpl$retnan        fz_ws.l(retnan.o)
    0x0804c0b0   0x0804c0b0   0x0000005c   Code   RO         4396    x$fpl$scalbn        fz_ws.l(scalbn.o)
    0x0804c10c   0x0804c10c   0x00000004   Code   RO         4398    x$fpl$scanf1        fz_ws.l(scanf1.o)
    0x0804c110   0x0804c110   0x00000008   Code   RO         4446    x$fpl$scanf2        fz_ws.l(scanf2.o)
    0x0804c118   0x0804c118   0x00000030   Code   RO         4483    x$fpl$trapveneer    fz_ws.l(trapv.o)
    0x0804c148   0x0804c148   0x00000000   Code   RO         4260    x$fpl$usenofp       fz_ws.l(usenofp.o)
    0x0804c148   0x0804c148   0x0000001c   Data   RO          468    .constdata          cdv_config.o
    0x0804c164   0x0804c164   0x00000011   Data   RO          527    .constdata          offline.o
    0x0804c175   0x0804c175   0x00000010   Data   RO          574    .constdata          fpga_spi.o
    0x0804c185   0x0804c185   0x0000022a   Data   RO          616    .constdata          mainuart.o
    0x0804c3af   0x0804c3af   0x00000001   PAD
    0x0804c3b0   0x0804c3b0   0x00000056   Data   RO          653    .constdata          log.o
    0x0804c406   0x0804c406   0x00000081   Data   RO          676    .constdata          cdv_array.o
    0x0804c487   0x0804c487   0x0000000e   Data   RO          699    .constdata          newscript.o
    0x0804c495   0x0804c495   0x0000012f   Data   RO          726    .constdata          modbus.o
    0x0804c5c4   0x0804c5c4   0x0000004a   Data   RO          776    .constdata          worker.o
    0x0804c60e   0x0804c60e   0x0000000a   Data   RO          804    .constdata          cmdparse.o
    0x0804c618   0x0804c618   0x000001e3   Data   RO          826    .constdata          cascade.o
    0x0804c7fb   0x0804c7fb   0x000000bc   Data   RO          957    .constdata          workerdebug.o
    0x0804c8b7   0x0804c8b7   0x00000007   Data   RO         1007    .constdata          logic.o
    0x0804c8be   0x0804c8be   0x000000cc   Data   RO         1089    .constdata          var.o
    0x0804c98a   0x0804c98a   0x00000015   Data   RO         1313    .constdata          universalscom.o
    0x0804c99f   0x0804c99f   0x00000001   PAD
    0x0804c9a0   0x0804c9a0   0x00000010   Data   RO         1335    .constdata          alarm.o
    0x0804c9b0   0x0804c9b0   0x00000024   Data   RO         1385    .constdata          varexp.o
    0x0804c9d4   0x0804c9d4   0x0000000e   Data   RO         1425    .constdata          memmng.o
    0x0804c9e2   0x0804c9e2   0x0000001d   Data   RO         1452    .constdata          flashbak.o
    0x0804c9ff   0x0804c9ff   0x0000000e   Data   RO         1662    .constdata          spix.o
    0x0804ca0d   0x0804ca0d   0x0000000a   Data   RO         1724    .constdata          spi3.o
    0x0804ca17   0x0804ca17   0x0000003a   Data   RO         1748    .constdata          uartx.o
    0x0804ca51   0x0804ca51   0x00000022   Data   RO         1793    .constdata          lan8720.o
    0x0804ca73   0x0804ca73   0x00000001   PAD
    0x0804ca74   0x0804ca74   0x0000001c   Data   RO         2378    .constdata          stm32f4xx_fsmc.o
    0x0804ca90   0x0804ca90   0x00000100   Data   RO         2500    .constdata          cpu_core.o
    0x0804cb90   0x0804cb90   0x00000094   Data   RO         2589    .constdata          lib_str.o
    0x0804cc24   0x0804cc24   0x000000a4   Data   RO         2607    .constdata          os_cfg_app.o
    0x0804ccc8   0x0804ccc8   0x00000024   Data   RO         2963    .constdata          malloc.o
    0x0804ccec   0x0804ccec   0x00000004   Data   RO         3052    .constdata          sys_arch.o
    0x0804ccf0   0x0804ccf0   0x0000000c   Data   RO         3089    .constdata          etharp.o
    0x0804ccfc   0x0804ccfc   0x00000038   Data   RO         3448    .constdata          memp.o
    0x0804cd34   0x0804cd34   0x00000050   Data   RO         3588    .constdata          tcp.o
    0x0804cd84   0x0804cd84   0x00000008   Data   RO         3846    .constdata          ip_addr.o
    0x0804cd8c   0x0804cd8c   0x0000000a   Data   RO         3902    .constdata          lwip_comm.o
    0x0804cd96   0x0804cd96   0x00000002   PAD
    0x0804cd98   0x0804cd98   0x0000cc70   Data   RO         3943    .constdata          fs.o
    0x08059a08   0x08059a08   0x00000030   Data   RO         3976    .constdata          httpd.o
    0x08059a38   0x08059a38   0x00000008   Data   RO         4007    .constdata          httpd_cgi_ssi.o
    0x08059a40   0x08059a40   0x00000028   Data   RO         4051    .constdata          c_w.l(_printf_hex_int.o)
    0x08059a68   0x08059a68   0x00000011   Data   RO         4086    .constdata          c_w.l(__printf_flags_ss_wp.o)
    0x08059a79   0x08059a79   0x00000003   PAD
    0x08059a7c   0x08059a7c   0x00000094   Data   RO         4322    .constdata          c_w.l(bigflt0.o)
    0x08059b10   0x08059b10   0x0000009e   Data   RO          496    .conststring        cdv_define.o
    0x08059bae   0x08059bae   0x00000002   PAD
    0x08059bb0   0x08059bb0   0x00000054   Data   RO          777    .conststring        worker.o
    0x08059c04   0x08059c04   0x00000075   Data   RO         3589    .conststring        tcp.o
    0x08059c79   0x08059c79   0x00000003   PAD
    0x08059c7c   0x08059c7c   0x0000006a   Data   RO         3977    .conststring        httpd.o
    0x08059ce6   0x08059ce6   0x00000002   PAD
    0x08059ce8   0x08059ce8   0x0000000e   Data   RO         4008    .conststring        httpd_cgi_ssi.o
    0x08059cf6   0x08059cf6   0x00000002   PAD
    0x08059cf8   0x08059cf8   0x00000020   Data   RO         4546    Region$$Table       anon$$obj.o
    0x08059d18   0x08059d18   0x00000008   Data   RO         4440    c$$dinf             fz_ws.l(fpconst.o)
    0x08059d20   0x08059d20   0x00000008   Data   RO         4443    c$$dmax             fz_ws.l(fpconst.o)
    0x08059d28   0x08059d28   0x00000110   Data   RO         4243    locale$$data        c_w.l(lc_ctype_c.o)
    0x08059e38   0x08059e38   0x0000001c   Data   RO         4346    locale$$data        c_w.l(lc_numeric_c.o)


    Execution Region RW_IRAM1 (Exec base: 0x20000000, Load base: 0x08059e54, Size: 0x00014bc8, Max: 0x00020000, ABSOLUTE, COMPRESSED[0x000001f8])

    Exec Addr    Load Addr    Size         Type   Attr      Idx    E Section Name        Object

    0x20000000   COMPRESSED   0x00000008   Data   RW            5    .data               main.o
    0x20000008   COMPRESSED   0x00000004   Data   RW          469    .data               cdv_config.o
    0x2000000c   COMPRESSED   0x00000064   Data   RW          497    .data               cdv_define.o
    0x20000070   COMPRESSED   0x00000008   Data   RW          528    .data               offline.o
    0x20000078   COMPRESSED   0x00000007   Data   RW          575    .data               fpga_spi.o
    0x2000007f   COMPRESSED   0x00000001   PAD
    0x20000080   COMPRESSED   0x000001e1   Data   RW          617    .data               mainuart.o
    0x20000261   COMPRESSED   0x00000003   PAD
    0x20000264   COMPRESSED   0x00000004   Data   RW          677    .data               cdv_array.o
    0x20000268   COMPRESSED   0x00000024   Data   RW          778    .data               worker.o
    0x2000028c   COMPRESSED   0x00000035   Data   RW          827    .data               cascade.o
    0x200002c1   COMPRESSED   0x00000003   PAD
    0x200002c4   COMPRESSED   0x0000001c   Data   RW          858    .data               tcp_server.o
    0x200002e0   COMPRESSED   0x00000001   Data   RW          907    .data               udpmain.o
    0x200002e1   COMPRESSED   0x00000003   PAD
    0x200002e4   COMPRESSED   0x0000000c   Data   RW         1063    .data               io.o
    0x200002f0   COMPRESSED   0x00000004   Data   RW         1090    .data               var.o
    0x200002f4   COMPRESSED   0x00000004   Data   RW         1113    .data               msg.o
    0x200002f8   COMPRESSED   0x00000020   Data   RW         1136    .data               time.o
    0x20000318   COMPRESSED   0x00000008   Data   RW         1181    .data               adc.o
    0x20000320   COMPRESSED   0x00000024   Data   RW         1208    .data               dac.o
    0x20000344   COMPRESSED   0x00000005   Data   RW         1336    .data               alarm.o
    0x20000349   COMPRESSED   0x00000003   PAD
    0x2000034c   COMPRESSED   0x0000000e   Data   RW         1426    .data               memmng.o
    0x2000035a   COMPRESSED   0x00000001   Data   RW         1453    .data               flashbak.o
    0x2000035b   COMPRESSED   0x00000001   PAD
    0x2000035c   COMPRESSED   0x00000006   Data   RW         1502    .data               uart1.o
    0x20000362   COMPRESSED   0x00000002   PAD
    0x20000364   COMPRESSED   0x00000006   Data   RW         1528    .data               uart2.o
    0x2000036a   COMPRESSED   0x00000002   PAD
    0x2000036c   COMPRESSED   0x0000000a   Data   RW         1555    .data               uart3.o
    0x20000376   COMPRESSED   0x00000002   PAD
    0x20000378   COMPRESSED   0x00000010   Data   RW         1582    .data               uart4.o
    0x20000388   COMPRESSED   0x0000000a   Data   RW         1609    .data               uart5.o
    0x20000392   COMPRESSED   0x00000002   PAD
    0x20000394   COMPRESSED   0x00000018   Data   RW         1636    .data               uart6.o
    0x200003ac   COMPRESSED   0x00000007   Data   RW         1725    .data               spi3.o
    0x200003b3   COMPRESSED   0x00000001   PAD
    0x200003b4   COMPRESSED   0x00000048   Data   RW         1749    .data               uartx.o
    0x200003fc   COMPRESSED   0x0000001c   Data   RW         1794    .data               lan8720.o
    0x20000418   COMPRESSED   0x00000008   Data   RW         1873    .data               extipoweroff.o
    0x20000420   COMPRESSED   0x00000014   Data   RW         1919    .data               system_stm32f4xx.o
    0x20000434   COMPRESSED   0x00000010   Data   RW         2049    .data               stm32f4xx_rcc.o
    0x20000444   COMPRESSED   0x00000010   Data   RW         2339    .data               stm32f4x7_eth.o
    0x20000454   COMPRESSED   0x00000004   Data   RW         2501    .data               cpu_core.o
    0x20000458   COMPRESSED   0x00000004   Data   RW         2571    .data               lib_mem.o
    0x2000045c   COMPRESSED   0x00000008   Data   RW         2704    .data               os_prio.o
    0x20000464   COMPRESSED   0x00000048   Data   RW         2801    .data               os_var.o
    0x200004ac   COMPRESSED   0x00000004   Data   RW         2817    .data               os_cpu_c.o
    0x200004b0   COMPRESSED   0x00000018   Data   RW         2853    .data               delay.o
    0x200004c8   COMPRESSED   0x00000005   Data   RW         2894    .data               flash.o
    0x200004cd   COMPRESSED   0x00000003   PAD
    0x200004d0   COMPRESSED   0x00000028   Data   RW         2964    .data               malloc.o
    0x200004f8   COMPRESSED   0x00000001   Data   RW         3090    .data               etharp.o
    0x200004f9   COMPRESSED   0x00000003   PAD
    0x200004fc   COMPRESSED   0x00000008   Data   RW         3289    .data               tcpip.o
    0x20000504   COMPRESSED   0x0000000c   Data   RW         3424    .data               mem.o
    0x20000510   COMPRESSED   0x00000009   Data   RW         3485    .data               netif.o
    0x20000519   COMPRESSED   0x00000003   PAD
    0x2000051c   COMPRESSED   0x00000004   Data   RW         3538    .data               raw.o
    0x20000520   COMPRESSED   0x00000024   Data   RW         3590    .data               tcp.o
    0x20000544   COMPRESSED   0x00000020   Data   RW         3621    .data               tcp_in.o
    0x20000564   COMPRESSED   0x00000008   Data   RW         3674    .data               timers.o
    0x2000056c   COMPRESSED   0x00000008   Data   RW         3705    .data               udp.o
    0x20000574   COMPRESSED   0x00000012   Data   RW         3816    .data               ip.o
    0x20000586   COMPRESSED   0x00000002   PAD
    0x20000588   COMPRESSED   0x00000006   Data   RW         3879    .data               ip_frag.o
    0x2000058e   COMPRESSED   0x00000002   PAD
    0x20000590   COMPRESSED   0x0000000c   Data   RW         3903    .data               lwip_comm.o
    0x2000059c   COMPRESSED   0x00000024   Data   RW         3978    .data               httpd.o
    0x200005c0   COMPRESSED   0x00000018   Data   RW         4009    .data               httpd_cgi_ssi.o
    0x200005d8        -       0x00001200   Zero   RW            4    .bss                main.o
    0x200017d8        -       0x00007960   Zero   RW          495    .bss                cdv_define.o
    0x20009138        -       0x00000654   Zero   RW          615    .bss                mainuart.o
    0x2000978c        -       0x00000068   Zero   RW          652    .bss                log.o
    0x200097f4        -       0x0000002c   Zero   RW          698    .bss                newscript.o
    0x20009820        -       0x00000850   Zero   RW          725    .bss                modbus.o
    0x2000a070        -       0x00000310   Zero   RW          775    .bss                worker.o
    0x2000a380        -       0x00001c04   Zero   RW          825    .bss                cascade.o
    0x2000bf84        -       0x00000a08   Zero   RW          857    .bss                tcp_server.o
    0x2000c98c        -       0x000002ac   Zero   RW          906    .bss                udpmain.o
    0x2000cc38        -       0x0000001c   Zero   RW          956    .bss                workerdebug.o
    0x2000cc54        -       0x0000019c   Zero   RW         1062    .bss                io.o
    0x2000cdf0        -       0x00000b90   Zero   RW         1180    .bss                adc.o
    0x2000d980        -       0x000000b0   Zero   RW         1207    .bss                dac.o
    0x2000da30        -       0x00000190   Zero   RW         1334    .bss                alarm.o
    0x2000dbc0        -       0x00000050   Zero   RW         1479    .bss                counter.o
    0x2000dc10        -       0x00000010   Zero   RW         1554    .bss                uart3.o
    0x2000dc20        -       0x00000020   Zero   RW         1581    .bss                uart4.o
    0x2000dc40        -       0x00000010   Zero   RW         1608    .bss                uart5.o
    0x2000dc50        -       0x00000034   Zero   RW         1635    .bss                uart6.o
    0x2000dc84        -       0x00000100   Zero   RW         1723    .bss                spi3.o
    0x2000dd84        -       0x000000bc   Zero   RW         1792    .bss                lan8720.o
    0x2000de40        -       0x0000000c   Zero   RW         2338    .bss                stm32f4x7_eth.o
    0x2000de4c        -       0x00000010   Zero   RW         2499    .bss                cpu_core.o
    0x2000de5c        -       0x00000448   Zero   RW         2570    .bss                lib_mem.o
    0x2000e2a4        -       0x00000f50   Zero   RW         2606    .bss                os_cfg_app.o
    0x2000f1f4        -       0x00000510   Zero   RW         2800    .bss                os_var.o
    0x2000f704        -       0x000000a0   Zero   RW         2852    .bss                delay.o
    0x2000f7a4        -       0x000000ac   Zero   RW         3051    .bss                sys_arch.o
    0x2000f850        -       0x000000c8   Zero   RW         3088    .bss                etharp.o
    0x2000f918        -       0x00000024   Zero   RW         3288    .bss                tcpip.o
    0x2000f93c        -       0x000012f0   Zero   RW         3423    .bss                mem.o
    0x20010c2c        -       0x00002733   Zero   RW         3447    .bss                memp.o
    0x2001335f   COMPRESSED   0x00000001   PAD
    0x20013360        -       0x00000010   Zero   RW         3620    .bss                tcp_in.o
    0x20013370        -       0x00000010   Zero   RW         3845    .bss                ip_addr.o
    0x20013380        -       0x000000f8   Zero   RW         3901    .bss                lwip_comm.o
    0x20013478        -       0x000000f0   Zero   RW         3942    .bss                fs.o
    0x20013568        -       0x00000400   Zero   RW         3975    .bss                httpd.o
    0x20013968        -       0x00000060   Zero   RW         4290    .bss                c_w.l(libspace.o)
    0x200139c8        -       0x00000200   Zero   RW         2040    HEAP                startup_stm32f40_41xxx.o
    0x20013bc8        -       0x00001000   Zero   RW         2039    STACK               startup_stm32f40_41xxx.o



  Load Region LR$$.ARM.__AT_0x10000000 (Base: 0x10000000, Size: 0x00000000, Max: 0x0000f000, ABSOLUTE)

    Execution Region ER$$.ARM.__AT_0x10000000 (Exec base: 0x10000000, Load base: 0x10000000, Size: 0x0000f000, Max: 0x0000f000, ABSOLUTE, UNINIT)

    Exec Addr    Load Addr    Size         Type   Attr      Idx    E Section Name        Object

    0x10000000        -       0x0000f000   Zero   RW         2961    .ARM.__AT_0x10000000  malloc.o



  Load Region LR$$.ARM.__AT_0x1000F000 (Base: 0x1000f000, Size: 0x00000000, Max: 0x00000f00, ABSOLUTE)

    Execution Region ER$$.ARM.__AT_0x1000F000 (Exec base: 0x1000f000, Load base: 0x1000f000, Size: 0x00000f00, Max: 0x00000f00, ABSOLUTE, UNINIT)

    Exec Addr    Load Addr    Size         Type   Attr      Idx    E Section Name        Object

    0x1000f000        -       0x00000f00   Zero   RW         2962    .ARM.__AT_0x1000F000  malloc.o



  Load Region LR$$.ARM.__AT_0x68000000 (Base: 0x68000000, Size: 0x00000000, Max: 0x000c0000, ABSOLUTE)

    Execution Region ER$$.ARM.__AT_0x68000000 (Exec base: 0x68000000, Load base: 0x68000000, Size: 0x000c0000, Max: 0x000c0000, ABSOLUTE, UNINIT)

    Exec Addr    Load Addr    Size         Type   Attr      Idx    E Section Name        Object

    0x68000000        -       0x000c0000   Zero   RW         1423    .ARM.__AT_0x68000000  memmng.o



  Load Region LR$$.ARM.__AT_0x680C0000 (Base: 0x680c0000, Size: 0x00000000, Max: 0x00030000, ABSOLUTE)

    Execution Region ER$$.ARM.__AT_0x680C0000 (Exec base: 0x680c0000, Load base: 0x680c0000, Size: 0x00030000, Max: 0x00030000, ABSOLUTE, UNINIT)

    Exec Addr    Load Addr    Size         Type   Attr      Idx    E Section Name        Object

    0x680c0000        -       0x00030000   Zero   RW         1424    .ARM.__AT_0x680C0000  memmng.o


==============================================================================

Image component sizes


      Code (inc. data)   RO Data    RW Data    ZI Data      Debug   Object Name

      3432        136          0          8       2960       9827   adc.o
       900         20         16          5        400       3738   alarm.o
      1744         52          0          0          0      17617   api_lib.o
      3964         40          0          0          0      10351   api_msg.o
       920         18          0          0          0       4125   basic_resource.o
       132         14          0          0          0       1139   bsp.o
      9872        428        483         53       7172      36149   cascade.o
      2264         72        129          4          0       9435   cdv_array.o
      1108        144         28          4          0       5051   cdv_config.o
       102          0        158        100      31072       5756   cdv_define.o
      1144         52          0          0          0       3975   centralizedcontrol.o
      1186         38         10          0          0       3098   cmdparse.o
       580         22          0          0         80       2112   counter.o
        52          0          0          0          0        340   cpu_a.o
       680         14        256          4         16      14520   cpu_core.o
      1664         72          0         36        176       6647   dac.o
       372          8          0          0          0       1290   dac7512.o
        62          0          0          0          0       1102   def.o
       528         38          0         24        160       4107   delay.o
       300          6          0          0          0       1750   dmax.o
      2380         22         12          1        200      10423   etharp.o
       724         44          0          0          0       7434   ethernetif.o
       188         10          0          0          0        738   exti.o
       204         12          0          8          0       1664   extipoweroff.o
      1380         36          0          5          0       5742   flash.o
       612         50          0          0          0       3189   flash_if.o
       712         58         29          1          0       3294   flashbak.o
      1456         72         16          7          0       6362   fpga_spi.o
       264          8      52336          0        240       5190   fs.o
      3412        180        154         36       1024      15002   httpd.o
       384         62         22         24          0       2649   httpd_cgi_ssi.o
       496          8          0          0          0       2510   icmp.o
       546          0          0          0          0       3021   inet_chksum.o
        32          0          0          0          0       9753   init.o
      5398        160          0         12        412      12666   io.o
       728         28          0         18          0       6031   ip.o
       696         12          8          0         16      10415   ip_addr.o
      1684         18          0          6          0       6588   ip_frag.o
      1844        130         34         28        188       5295   lan8720.o
       388         16          0          0          0       1434   led.o
       598          0          0          0          0       3884   lib_ascii.o
      2502         32          0          4       1096      22268   lib_mem.o
       544          0          0          0          0        488   lib_mem_a.o
      2344          4        148          0          0      13798   lib_str.o
      1856         78         86          0        104       4877   log.o
      1256         28          7          0          0       6185   logic.o
       780         76         10         12        248       3703   lwip_comm.o
      2668        604          0          8       4608     424726   main.o
      5676        488        554        481       1620      44489   mainuart.o
       604         22         36         40      65280       5522   malloc.o
       896         22          0         12       4848       3914   mem.o
       552         66         14         14     983040       3631   memmng.o
       212         18         56          0      10035       3438   memp.o
       224         20          0          0          0       1837   misc.o
      6276        178        303          0       2128      21917   modbus.o
       296          8          0          4          0       1894   msg.o
       400          0          0          0          0       7645   netbuf.o
       672         22          0          9          0       6397   netif.o
      1708         36         14          0         44       6771   newscript.o
       412         40         17          8          0       3523   offline.o
         0          0          0          0          0      37306   os_app_hooks.o
         2          0        164          0       3920      17796   os_cfg_app.o
      3120        192          0          0          0      11133   os_core.o
       152         32          0          0          0        408   os_cpu_a.o
       436         34          0          4          0       3657   os_cpu_c.o
       460         12          0          0          0       2551   os_mem.o
       552         14          0          0          0       2686   os_msg.o
      1772         70          0          0          0       4765   os_mutex.o
       124          4          0          8          0       1748   os_prio.o
      1632         42          0          0          0       5699   os_q.o
      1652         46          0          0          0       5735   os_sem.o
      4788        174          0          0          0      12863   os_task.o
      1156         74          0          0          0       3265   os_tick.o
      1116         54          0          0          0       3217   os_time.o
      1936        126          0          0          0       6257   os_tmr.o
         0          0          0         72       1296      16123   os_var.o
      1872          0          0          0          0       9085   pbuf.o
       432         14          0          4          0       3325   raw.o
       244         14          0          0          0        693   spi2.o
       624         66         10          7        256       2468   spi3.o
       208         26         14          0          0       1516   spix.o
       856         22          0          0          0       1935   sram.o
        64         26        392          0       4608        824   startup_stm32f40_41xxx.o
      4180         96          0         16         12      56707   stm32f4x7_eth.o
      1124         24          0          0          0      10514   stm32f4xx_adc.o
       528          6          0          0          0       4913   stm32f4xx_dac.o
       936         32          0          0          0       6365   stm32f4xx_dma.o
       272         10          0          0          0       2259   stm32f4xx_exti.o
      1684         28          0          0          0       9294   stm32f4xx_flash.o
      1480         18         28          0          0       5626   stm32f4xx_fsmc.o
       660         44          0          0          0       4025   stm32f4xx_gpio.o
        96         20          0          0          0       1147   stm32f4xx_it.o
      1628         52          0         16          0      12964   stm32f4xx_rcc.o
      1152         36          0          0          0       6781   stm32f4xx_spi.o
       148         12          0          0          0       1689   stm32f4xx_syscfg.o
      3234         60          0          0          0      22884   stm32f4xx_tim.o
      1108         34          0          0          0       7756   stm32f4xx_usart.o
       896         84          4          0        172       8173   sys_arch.o
        16          0          0          0          0        424   sysdef.o
       288         36          0          0          0       1534   sysmng.o
       516         50          0         20          0     338315   system_stm32f4xx.o
      3568        132        197         36          0      21383   tcp.o
      4768        230          0         32         16      14595   tcp_in.o
      3118          8          0          0          0       9651   tcp_out.o
      1972        228          0         28       2568      17001   tcp_server.o
       736         46          0          8         36       9928   tcpip.o
       760         28          0         32          0       3519   time.o
       552         28          0          8          0       3203   timers.o
       844         38          0          6          0       3753   uart1.o
       688         32          0          6          0       3386   uart2.o
       876         50          0         10         16       4373   uart3.o
       680         42          0         16         32       3861   uart4.o
       692         32          0         10         16       3508   uart5.o
       992         74          0         24         52       4446   uart6.o
      1176         88         58         72          0       4659   uartx.o
      1092         20          0          8          0       6770   udp.o
       740        114          0          1        684       5835   udpmain.o
      1370         36         21          0          0       3888   universalscom.o
      1764        136        204          4          0       7621   var.o
      5856         78         36          0          0      15541   varexp.o
      2724        144        158         36        784       9963   worker.o
      1608        100        188          0         28       6627   workerdebug.o

    ----------------------------------------------------------------------
    164752       7210      56456       1496    1131664    1672372   Object Totals
         0          0         32          0          0          0   (incl. Generated)
        22          0         14         36          1          0   (incl. Padding)

    ----------------------------------------------------------------------

      Code (inc. data)   RO Data    RW Data    ZI Data      Debug   Library Member Name

        90          0          0          0          0          0   __dczerorl2.o
         8          0          0          0          0         68   __main.o
       392          4         17          0          0         92   __printf_flags_ss_wp.o
        14          0          0          0          0         68   __printf_wp.o
         0          0          0          0          0          0   __rtentry.o
        12          0          0          0          0          0   __rtentry2.o
         6          0          0          0          0          0   __rtentry4.o
        52          8          0          0          0          0   __scatter.o
        28          0          0          0          0          0   __scatter_zi.o
        28          0          0          0          0         68   _chval.o
        44          0          0          0          0        108   _printf_char.o
        48          6          0          0          0         96   _printf_char_common.o
         6          0          0          0          0          0   _printf_d.o
       120         16          0          0          0         92   _printf_dec.o
         6          0          0          0          0          0   _printf_f.o
      1054          0          0          0          0        216   _printf_fp_dec.o
       128         16          0          0          0         84   _printf_fp_infnan.o
        88          4         40          0          0         88   _printf_hex_int.o
       178          0          0          0          0         88   _printf_intcommon.o
        78          0          0          0          0        108   _printf_pad.o
         0          0          0          0          0          0   _printf_percent.o
         4          0          0          0          0          0   _printf_percent_end.o
         6          0          0          0          0          0   _printf_s.o
        82          0          0          0          0         80   _printf_str.o
         6          0          0          0          0          0   _printf_x.o
        22          0          0          0          0        100   _rserrno.o
        64          0          0          0          0         84   _sgetc.o
        10          0          0          0          0         68   _sputc.o
       158          0          0          0          0         92   _strtoul.o
        16          0          0          0          0         68   aeabi_memset.o
        26          0          0          0          0         80   atoi.o
       228          4        148          0          0         96   bigflt0.o
      2152        136          0          0          0        960   btod.o
        18          0          0          0          0         80   exit.o
         6          0          0          0          0        152   heapauxi.o
         0          0          0          0          0          0   indicate_semi.o
        18          0          0          0          0         76   isspace.o
        44         10        272          0          0         76   lc_ctype_c.o
        44         10         28          0          0         76   lc_numeric_c.o
         2          0          0          0          0          0   libinit.o
        30          0          0          0          0          0   libinit2.o
         2          0          0          0          0          0   libshutdown.o
         2          0          0          0          0          0   libshutdown2.o
         8          4          0          0         96         68   libspace.o
        38          0          0          0          0         68   llshl.o
       138          0          0          0          0         80   lludiv10.o
       238          0          0          0          0        100   lludivv7m.o
        88          0          0          0          0         76   memcmp.o
        40          6          0          0          0         84   noretval__2sprintf.o
        16          4          0          0          0         76   rt_ctype_table.o
         8          4          0          0          0         68   rt_errno_addr_intlibspace.o
         8          4          0          0          0         68   rt_locale_intlibspace.o
        68          0          0          0          0         68   rt_memclr.o
        78          0          0          0          0         80   rt_memclr_w.o
       138          0          0          0          0         68   rt_memcpy_v6.o
       100          0          0          0          0         80   rt_memcpy_w.o
         2          0          0          0          0          0   rtexit.o
        10          0          0          0          0          0   rtexit2.o
      1272         16          0          0          0        168   scanf_fp.o
       800         14          0          0          0        100   scanf_hexfp.o
       308         16          0          0          0        100   scanf_infnan.o
        20          0          0          0          0         68   strchr.o
       128          0          0          0          0         68   strcmpv7m.o
        62          0          0          0          0         76   strlen.o
       150          0          0          0          0         80   strncmp.o
        36          0          0          0          0         80   strstr.o
       164         14          0          0          0        120   strtod.o
       112          0          0          0          0         88   strtol.o
        12          4          0          0          0         68   sys_exit.o
        74          0          0          0          0         80   sys_stackheap_outer.o
         2          0          0          0          0         68   use_no_semi.o
        98          4          0          0          0         92   d2f.o
       826         16          0          0          0        348   daddsub_clz.o
        16          4          0          0          0         68   dcheck1.o
        24          0          0          0          0         68   dcmpi.o
       688        140          0          0          0        208   ddiv.o
       120          4          0          0          0         92   deqf.o
        94          4          0          0          0         92   dfix.o
        90          4          0          0          0         92   dfixu.o
        84          0          0          0          0        136   dflt_clz.o
       120          4          0          0          0         92   dleqf.o
       340         12          0          0          0        104   dmul.o
       156          4          0          0          0         92   dnaninf.o
        12          0          0          0          0         68   dretinf.o
       108          0          0          0          0         80   drleqf.o
       408         56          0          0          0        120   dsqrt_umaal.o
        86          4          0          0          0         84   f2d.o
       450          8          0          0          0        236   faddsub_clz.o
        24          0          0          0          0         68   fcmpi.o
       388         76          0          0          0         96   fdiv.o
       104          4          0          0          0         84   feqf.o
        54          4          0          0          0         84   ffix.o
        62          4          0          0          0         84   ffixu.o
        86          0          0          0          0        136   fflt_clz.o
       104          4          0          0          0         84   fleqf.o
       258          4          0          0          0         84   fmul.o
       140          4          0          0          0         84   fnaninf.o
         0          0         16          0          0          0   fpconst.o
        10          0          0          0          0         68   fretinf.o
        98          0          0          0          0         68   frleqf.o
         6          0          0          0          0         68   istatus.o
         4          0          0          0          0         68   printf1.o
       100          0          0          0          0         68   retnan.o
        92          0          0          0          0         68   scalbn.o
         4          0          0          0          0         68   scanf1.o
         8          0          0          0          0         84   scanf2.o
        48          0          0          0          0         68   trapv.o
         0          0          0          0          0          0   usenofp.o
        42          0          0          0          0         84   atof.o
        30          6          0          0          0        136   dunder.o
        40          0          0          0          0         68   fpclassify.o
        88          8          0          0          0         76   frexp.o
       138          0          0          0          0        160   ldexp.o
       204          4          0          0          0        168   narrow.o
        76          0          0          0          0         84   sqrt.o

    ----------------------------------------------------------------------
     15408        682        524          0         96       9692   Library Totals
        42          0          3          0          0          0   (incl. Padding)

    ----------------------------------------------------------------------

      Code (inc. data)   RO Data    RW Data    ZI Data      Debug   Library Name

      9438        300        505          0         96       5412   c_w.l
      5310        364         16          0          0       3504   fz_ws.l
       618         18          0          0          0        776   m_ws.l

    ----------------------------------------------------------------------
     15408        682        524          0         96       9692   Library Totals

    ----------------------------------------------------------------------

==============================================================================


      Code (inc. data)   RO Data    RW Data    ZI Data      Debug   

    180160       7892      56980       1496    1131760    1664744   Grand Totals
    180160       7892      56980        504    1131760    1664744   ELF Image Totals (compressed)
    180160       7892      56980        504          0          0   ROM Totals

==============================================================================

    Total RO  Size (Code + RO Data)               237140 ( 231.58kB)
    Total RW  Size (RW Data + ZI Data)           1133256 (1106.70kB)
    Total ROM Size (Code + RO Data + RW Data)     237644 ( 232.07kB)

==============================================================================

