Component: ARM Compiler 5.06 update 6 (build 750) Tool: armlink [4d35ed]

==============================================================================

Section Cross References

    main.o(.text) refers to _printf_percent.o(.ARM.Collect$$_printf_percent$$00000000) for _printf_percent
    main.o(.text) refers to _printf_d.o(.ARM.Collect$$_printf_percent$$00000009) for _printf_d
    main.o(.text) refers to _printf_dec.o(.text) for _printf_int_dec
    main.o(.text) refers to io.o(.text) for IReadAllFilter
    main.o(.text) refers to memmng.o(.text) for memmng_test
    main.o(.text) refers to cdv_array.o(.text) for LIST_Test
    main.o(.text) refers to cascade.o(.text) for CoilToCoil
    main.o(.text) refers to delay.o(.text) for TaskSched
    main.o(.text) refers to cdv_define.o(.text) for CmdArgInit
    main.o(.text) refers to cmdparse.o(.text) for CmdParse
    main.o(.text) refers to mainuart.o(.text) for ClearOnlineCmdCache
    main.o(.text) refers to basic_resource.o(.text) for DoResRequest
    main.o(.text) refers to rt_memclr_w.o(.text) for __aeabi_memclr4
    main.o(.text) refers to os_task.o(.text) for OS_TaskSuspend
    main.o(.text) refers to uartx.o(.text) for USARTSend
    main.o(.text) refers to uart3.o(.text) for GetUsartRxLen
    main.o(.text) refers to time.o(.text) for ReadClock1ms
    main.o(.text) refers to led.o(.text) for IN_DisPlay
    main.o(.text) refers to main.o(.data) for debug
    main.o(.text) refers to modbus.o(.bss) for g_modbusCoil
    main.o(.text) refers to mainuart.o(.bss) for g_olCache
    main.o(.text) refers to cascade.o(.bss) for g_portCmdCache
    main.o(.text) refers to cdv_define.o(.bss) for TaskParseTCB
    main.o(.text) refers to cdv_define.o(.data) for tm1Re
    main.o(.text) refers to uart3.o(.data) for g_Usart3RxLen
    main.o(.text) refers to adc.o(.text) for Adc_Voltge
    main.o(.text) refers to dac.o(.text) for UpdateDacVal
    main.o(.text) refers to stm32f4xx_gpio.o(.text) for GPIO_ReadInputDataBit
    main.o(.text) refers to worker.o(.text) for ManagerControl
    main.o(.text) refers to cdv_config.o(.text) for com_print
    main.o(.text) refers to cpu_core.o(.text) for CPU_Init
    main.o(.text) refers to os_core.o(.text) for OSSchedRoundRobinCfg
    main.o(.text) refers to os_sem.o(.text) for OSSemCreate
    main.o(.text) refers to noretval__2sprintf.o(.text) for __2sprintf
    main.o(.text) refers to os_tmr.o(.text) for OSTmrCreate
    main.o(.text) refers to misc.o(.text) for NVIC_PriorityGroupConfig
    main.o(.text) refers to sysdef.o(.emb_text) for INTX_DISABLE
    main.o(.text) refers to cpu_a.o(.text) for CPU_SR_Save
    main.o(.text) refers to io.o(.bss) for g_dipSW
    main.o(.text) refers to cdv_config.o(.data) for g_dipCtrlWorker
    main.o(.text) refers to main.o(.bss) for USART_TASK_STK
    cdv_config.o(.text) refers to _printf_percent.o(.ARM.Collect$$_printf_percent$$00000000) for _printf_percent
    cdv_config.o(.text) refers to _printf_d.o(.ARM.Collect$$_printf_percent$$00000009) for _printf_d
    cdv_config.o(.text) refers to _printf_s.o(.ARM.Collect$$_printf_percent$$00000014) for _printf_s
    cdv_config.o(.text) refers to _printf_dec.o(.text) for _printf_int_dec
    cdv_config.o(.text) refers to _printf_str.o(.text) for _printf_str
    cdv_config.o(.text) refers to io.o(.text) for GPIO_Configuration
    cdv_config.o(.text) refers to basic_resource.o(.text) for CdvInit
    cdv_config.o(.text) refers to spix.o(.text) for SPI_Configuration
    cdv_config.o(.text) refers to time.o(.text) for TIM3_Init
    cdv_config.o(.text) refers to led.o(.text) for LED_Init
    cdv_config.o(.text) refers to adc.o(.text) for ADC1_DMA_Init
    cdv_config.o(.text) refers to dac.o(.text) for Dac1_Init
    cdv_config.o(.text) refers to dac7512.o(.text) for DAC7512_Pin_Config
    cdv_config.o(.text) refers to malloc.o(.text) for mymem_init
    cdv_config.o(.text) refers to uartx.o(.text) for USART_Configuration
    cdv_config.o(.text) refers to stm32f4xx_rcc.o(.text) for RCC_AHB1PeriphResetCmd
    cdv_config.o(.text) refers to sysmng.o(.text) for ResetCdv
    cdv_config.o(.text) refers to os_sem.o(.text) for OSSemPend
    cdv_config.o(.text) refers to h1_free.o(.text) for free
    cdv_config.o(.text) refers to h1_alloc.o(.text) for malloc
    cdv_config.o(.text) refers to rt_memclr.o(.text) for __aeabi_memclr
    cdv_config.o(.text) refers to h1_realloc.o(.text) for realloc
    cdv_config.o(.text) refers to rt_memclr_w.o(.text) for __aeabi_memclr4
    cdv_config.o(.text) refers to noretval__2sprintf.o(.text) for __2sprintf
    cdv_config.o(.text) refers to strlen.o(.text) for strlen
    cdv_config.o(.text) refers to offline.o(.text) for LineInit
    cdv_config.o(.text) refers to var.o(.text) for FlashToVal
    cdv_config.o(.text) refers to cascade.o(.text) for GetTable
    cdv_config.o(.text) refers to flash.o(.text) for SPI_Flash_Read
    cdv_config.o(.text) refers to cdv_define.o(.data) for g_cdvStat
[...]
    err_times1                               0x20000078   Data           1  fpga_spi.o(.data)
    err_times2                               0x20000079   Data           1  fpga_spi.o(.data)
    failed_times                             0x2000007a   Data           2  fpga_spi.o(.data)
    CDV_EXI_NUM                              0x2000007c   Data           1  fpga_spi.o(.data)
    CDV_EXO_NUM                              0x2000007d   Data           1  fpga_spi.o(.data)
    FPGA_Mode                                0x2000007e   Data           1  fpga_spi.o(.data)
    fpga_i                                   0x20000080   Data           4  mainuart.o(.data)
    MainUsart                                0x20000084   Data           1  mainuart.o(.data)
    ononononon                               0x20000088   Data           4  mainuart.o(.data)
    g_cacheTx                                0x2000008c   Data           8  mainuart.o(.data)
    g_needRequest                            0x20000094   Data           1  mainuart.o(.data)
    cdv_error                                0x20000095   Data         460  mainuart.o(.data)
    WorkerStatusName                         0x20000268   Data          24  worker.o(.data)
    time_cnt                                 0x20000280   Data           1  worker.o(.data)
    time_which                               0x20000281   Data           1  worker.o(.data)
    time_tmp                                 0x20000284   Data           4  worker.o(.data)
    time_max                                 0x20000288   Data           4  worker.o(.data)
    version                                  0x2000028c   Data           5  cascade.o(.data)
    slaveTable                               0x20000294   Data           4  cascade.o(.data)
    slaveTable2                              0x20000298   Data           4  cascade.o(.data)
    slaveTableLen                            0x2000029c   Data           1  cascade.o(.data)
    g_cascadeBuf                             0x200002a0   Data           4  cascade.o(.data)
    g_coilCascade                            0x200002a4   Data           4  cascade.o(.data)
    g_regCascade                             0x200002a8   Data           4  cascade.o(.data)
    gp_val                                   0x200002ac   Data          12  cascade.o(.data)
    gp_coil                                  0x200002b8   Data           2  cascade.o(.data)
    CascadeMap                               0x200002bc   Data           4  cascade.o(.data)
    CascadeMapLen                            0x200002c0   Data           1  cascade.o(.data)
    tcp_server_recvbuf                       0x200002c4   Data           4  tcp_server.o(.data)
    tcp_server_flag                          0x200002c8   Data           1  tcp_server.o(.data)
    gConn                                    0x200002cc   Data           4  tcp_server.o(.data)
    g_connected                              0x200002d0   Data           4  tcp_server.o(.data)
    lenlenlen                                0x200002d4   Data           4  tcp_server.o(.data)
    closeTcp                                 0x200002e0   Data           1  udpmain.o(.data)
    g_dip                                    0x200002e4   Data           1  io.o(.data)
    g_i                                      0x200002e8   Data           4  io.o(.data)
    g_o                                      0x200002ec   Data           4  io.o(.data)
    g_var                                    0x200002f0   Data           4  var.o(.data)
    g_msg                                    0x200002f4   Data           4  msg.o(.data)
    Time_1ms                                 0x200002f8   Data           4  time.o(.data)
    Time_10ms                                0x200002fc   Data           4  time.o(.data)
    Time_100ms                               0x20000300   Data           4  time.o(.data)
    Time_1s                                  0x20000304   Data           4  time.o(.data)
    p_ReadClock                              0x20000308   Data          16  time.o(.data)
    g_adcval                                 0x20000318   Data           4  adc.o(.data)
    AD_Value                                 0x2000031c   Data           2  adc.o(.data)
    g_dacval                                 0x20000320   Data           4  dac.o(.data)
    transducer_speed                         0x20000324   Data           4  dac.o(.data)
    transducer_time                          0x20000328   Data           4  dac.o(.data)
    transducer_vol                           0x2000032c   Data           4  dac.o(.data)
    transducer1_speed                        0x20000330   Data           4  dac.o(.data)
    transducer1_time                         0x20000334   Data           4  dac.o(.data)
    transducer1_vol                          0x20000338   Data           4  dac.o(.data)
    transducer2_speed                        0x2000033c   Data           2  dac.o(.data)
    transducer2_time                         0x2000033e   Data           1  dac.o(.data)
    transducer2_vol                          0x20000340   Data           4  dac.o(.data)
    nAlarmCount                              0x20000344   Data           4  alarm.o(.data)
    Alarmflag                                0x20000348   Data           1  alarm.o(.data)
    map_start_cache                          0x2000034c   Data           4  memmng.o(.data)
    g_pUsart1RxBuf                           0x2000035c   Data           4  uart1.o(.data)
    g_Usart1BufLen                           0x20000360   Data           1  uart1.o(.data)
    g_Usart1RxLen                            0x20000361   Data           1  uart1.o(.data)
    g_pUart2RxBuf                            0x20000364   Data           4  uart2.o(.data)
    g_Uart2BufLen                            0x20000368   Data           1  uart2.o(.data)
    g_Uart2RxLen                             0x20000369   Data           1  uart2.o(.data)
    USART3_RX_CNT                            0x2000036c   Data           1  uart3.o(.data)
    USART3_REC_OVER                          0x2000036d   Data           1  uart3.o(.data)
    g_pUsart3RxBuf                           0x20000370   Data           4  uart3.o(.data)
    g_Usart3BufLen                           0x20000374   Data           1  uart3.o(.data)
    g_Usart3RxLen                            0x20000375   Data           1  uart3.o(.data)
    UART4_RX_CNT                             0x20000378   Data           1  uart4.o(.data)
    UART4_REC_OVER                           0x20000379   Data           1  uart4.o(.data)
    g_pUart4RxBuf                            0x2000037c   Data           4  uart4.o(.data)
    g_Uart4BufLen                            0x20000380   Data           1  uart4.o(.data)
    g_Uart4RxLen                             0x20000381   Data           1  uart4.o(.data)
    RS485_RX_CNT                             0x20000384   Data           4  uart4.o(.data)
    UART5_RX_CNT                             0x20000388   Data           1  uart5.o(.data)
    UART5_REC_OVER                           0x20000389   Data           1  uart5.o(.data)
    g_pUart5RxBuf                            0x2000038c   Data           4  uart5.o(.data)
    g_Uart5BufLen                            0x20000390   Data           1  uart5.o(.data)
    g_Uart5RxLen                             0x20000391   Data           1  uart5.o(.data)
    USART6_RX_CNT                            0x20000394   Data           1  uart6.o(.data)
    USART6_REC_OVER                          0x20000395   Data           1  uart6.o(.data)
    g_pUart6RxBuf                            0x20000398   Data           4  uart6.o(.data)
    g_Uart6BufLen                            0x2000039c   Data           1  uart6.o(.data)
    g_Uart6RxLen                             0x2000039d   Data           1  uart6.o(.data)
    gstartTime                               0x200003a0   Data           4  uart6.o(.data)
    gendTime                                 0x200003a4   Data           4  uart6.o(.data)
    gtime                                    0x200003a8   Data           4  uart6.o(.data)
    TxBuffer                                 0x200003ac   Data           4  spi3.o(.data)
    Tx_Idx                                   0x200003b0   Data           1  spi3.o(.data)
    Tx_len                                   0x200003b1   Data           1  spi3.o(.data)
    Rx_Idx                                   0x200003b2   Data           1  spi3.o(.data)
    p_UartSet                                0x200003b4   Data          24  uartx.o(.data)
    p_UartSend                               0x200003cc   Data          24  uartx.o(.data)
    p_UartTR                                 0x200003e4   Data          24  uartx.o(.data)
    EthStatus                                0x200003fc   Data           4  lan8720.o(.data)
    DMARxDscrTab                             0x20000400   Data           4  lan8720.o(.data)
    DMATxDscrTab                             0x20000404   Data           4  lan8720.o(.data)
    Rx_Buff                                  0x20000408   Data           4  lan8720.o(.data)
    Tx_Buff                                  0x2000040c   Data           4  lan8720.o(.data)
    isLinkUp                                 0x20000410   Data           1  lan8720.o(.data)
    SystemCoreClock                          0x20000418   Data           4  system_stm32f4xx.o(.data)
    AHBPrescTable                            0x2000041c   Data          16  system_stm32f4xx.o(.data)
    DMATxDescToSet                           0x2000043c   Data           4  stm32f4x7_eth.o(.data)
    DMARxDescToGet                           0x20000440   Data           4  stm32f4x7_eth.o(.data)
    DMA_RX_FRAME_infos                       0x20000444   Data           4  stm32f4x7_eth.o(.data)
    Frame_Rx_index                           0x20000448   Data           4  stm32f4x7_eth.o(.data)
    CPU_TS_TmrFreq_Hz                        0x2000044c   Data           4  cpu_core.o(.data)
    Mem_PoolTbl                              0x20000450   Data           4  lib_mem.o(.data)
    OSPrioTbl                                0x20000454   Data           8  os_prio.o(.data)
    OSIdleTaskCtr                            0x2000045c   Data           4  os_var.o(.data)
    OSIntNestingCtr                          0x20000460   Data           1  os_var.o(.data)
    OSRunning                                0x20000461   Data           1  os_var.o(.data)
    OSMemQty                                 0x20000462   Data           2  os_var.o(.data)
    OSMutexQty                               0x20000464   Data           2  os_var.o(.data)
    OSPrioCur                                0x20000466   Data           1  os_var.o(.data)
    OSPrioHighRdy                            0x20000467   Data           1  os_var.o(.data)
    OSPrioSaved                              0x20000468   Data           1  os_var.o(.data)
    OSQQty                                   0x2000046a   Data           2  os_var.o(.data)
    OSSchedLockNestingCtr                    0x2000046c   Data           1  os_var.o(.data)
    OSSchedRoundRobinDfltTimeQuanta          0x20000470   Data           4  os_var.o(.data)
    OSSchedRoundRobinEn                      0x20000474   Data           1  os_var.o(.data)
    OSSemQty                                 0x20000476   Data           2  os_var.o(.data)
    OSTaskCtxSwCtr                           0x20000478   Data           4  os_var.o(.data)
    OSTaskQty                                0x2000047c   Data           2  os_var.o(.data)
    OSTaskRegNextAvailID                     0x2000047e   Data           1  os_var.o(.data)
    OSTickCtr                                0x20000480   Data           4  os_var.o(.data)
    OSTickTaskTimeMax                        0x20000484   Data           4  os_var.o(.data)
    OSTmrQty                                 0x20000488   Data           2  os_var.o(.data)
    OSTmrTaskTimeMax                         0x2000048c   Data           4  os_var.o(.data)
    OSTmrTickCtr                             0x20000490   Data           4  os_var.o(.data)
    OSTmrUpdateCnt                           0x20000494   Data           4  os_var.o(.data)
    OSTmrUpdateCtr                           0x20000498   Data           4  os_var.o(.data)
    OSTCBCurPtr                              0x2000049c   Data           4  os_var.o(.data)
    OSTCBHighRdyPtr                          0x200004a0   Data           4  os_var.o(.data)
    OS_CPU_ExceptStkBase                     0x200004a4   Data           4  os_cpu_c.o(.data)
    global_start                             0x200004a8   Data           4  delay.o(.data)
    global_clk                               0x200004ac   Data           4  delay.o(.data)
    global_cnt1                              0x200004b0   Data           4  delay.o(.data)
    global_cnt2                              0x200004b4   Data           4  delay.o(.data)
    cdvTimeTick                              0x200004bc   Data           4  delay.o(.data)
    CHECK_FLASH                              0x200004c0   Data           5  flash.o(.data)
    mallco_dev                               0x200004c8   Data          36  malloc.o(.data)
    netif_list                               0x20000504   Data           4  netif.o(.data)
    netif_default                            0x20000508   Data           4  netif.o(.data)
    tcp_ticks                                0x20000518   Data           4  tcp.o(.data)
    tcp_bound_pcbs                           0x2000051c   Data           4  tcp.o(.data)
    tcp_listen_pcbs                          0x20000520   Data           4  tcp.o(.data)
    tcp_active_pcbs                          0x20000524   Data           4  tcp.o(.data)
    tcp_tw_pcbs                              0x20000528   Data           4  tcp.o(.data)
    tcp_tmp_pcb                              0x2000052c   Data           4  tcp.o(.data)
    tcp_active_pcbs_changed                  0x20000530   Data           1  tcp.o(.data)
    tcp_input_pcb                            0x20000554   Data           4  tcp_in.o(.data)
    udp_pcbs                                 0x20000564   Data           4  udp.o(.data)
    current_netif                            0x20000568   Data           4  ip.o(.data)
    current_header                           0x2000056c   Data           4  ip.o(.data)
    current_iphdr_src                        0x20000570   Data           4  ip.o(.data)
    current_iphdr_dest                       0x20000574   Data           4  ip.o(.data)
    TCPIP_THREAD_TASK_STK                    0x20000584   Data           4  lwip_comm.o(.data)
    LWIP_DHCP_TASK_STK                       0x20000588   Data           4  lwip_comm.o(.data)
    START_TASK_STK                           0x20000590   Data         512  main.o(.bss)
    USART_TASK_STK                           0x20000790   Data         512  main.o(.bss)
    LED1_TASK_STK                            0x20000990   Data         512  main.o(.bss)
    FLOAT_TASK_STK                           0x20000b90   Data         512  main.o(.bss)
    WORKER_MANAGE_TASK_STK                   0x20000d90   Data         512  main.o(.bss)
    PARSE_TASK_STK                           0x20000f90   Data        1024  main.o(.bss)
    VALVE_TASK_STK                           0x20001390   Data         512  main.o(.bss)
    MOTO_TASK_STK                            0x20001590   Data         512  main.o(.bss)
    g_scriptInfo                             0x20001790   Data          20  cdv_define.o(.bss)
    tmr1                                     0x200017a4   Data          44  cdv_define.o(.bss)
    tmr2                                     0x200017d0   Data          44  cdv_define.o(.bss)
    tmr3                                     0x200017fc   Data          44  cdv_define.o(.bss)
    StartTaskTCB                             0x20001828   Data         172  cdv_define.o(.bss)
    UsartRecvTaskTCB                         0x200018d4   Data         172  cdv_define.o(.bss)
    UsartSendTaskTCB                         0x20001980   Data         172  cdv_define.o(.bss)
    CdvRefreshTaskTCB                        0x20001a2c   Data         172  cdv_define.o(.bss)
    CdvValveTaskTCB                          0x20001ad8   Data         172  cdv_define.o(.bss)
    CdvMotoTaskTCB                           0x20001b84   Data         172  cdv_define.o(.bss)
    WorkerManageTaskTCB                      0x20001c30   Data         172  cdv_define.o(.bss)
    WorkerTaskTCB                            0x20001cdc   Data        2752  cdv_define.o(.bss)
    TaskParseTCB                             0x2000279c   Data         172  cdv_define.o(.bss)
    WORKER_TASK_STK                          0x20002848   Data       25600  cdv_define.o(.bss)
    TX_SEM                                   0x20008c48   Data          28  cdv_define.o(.bss)
    WORKER_SEM                               0x20008c64   Data          28  cdv_define.o(.bss)
    MOTO_SEM                                 0x20008c80   Data          28  cdv_define.o(.bss)
    MEM_SEM                                  0x20008c9c   Data          28  cdv_define.o(.bss)
    MSG_SEM                                  0x20008cb8   Data          28  cdv_define.o(.bss)
    LIST_SEM                                 0x20008cd4   Data          28  cdv_define.o(.bss)
    COIL_SEM                                 0x20008cf0   Data          28  cdv_define.o(.bss)
    COM_SEM                                  0x20008d0c   Data         168  cdv_define.o(.bss)
    TCP_TX_SEM                               0x20008db4   Data          28  cdv_define.o(.bss)
    RPressureData                            0x20008dd0   Data         800  cdv_define.o(.bss)
    Para_Buf                                 0x200090f0   Data          48  mainuart.o(.bss)
    g_olCache                                0x20009120   Data          12  mainuart.o(.bss)
    g_scriptRecv                             0x2000912c   Data          28  mainuart.o(.bss)
    g_uartRx                                 0x20009148   Data         908  mainuart.o(.bss)
    g_uartTx                                 0x200094d4   Data          24  mainuart.o(.bss)
    logInf                                   0x200094ec   Data         104  log.o(.bss)
    g_line                                   0x20009554   Data          44  newscript.o(.bss)
    g_modbusCoil                             0x20009580   Data          32  modbus.o(.bss)
    g_modbusInCoil                           0x200095a0   Data          32  modbus.o(.bss)
    g_modbusReg                              0x200095c0   Data        1280  modbus.o(.bss)
    g_modbusInReg                            0x20009ac0   Data          64  modbus.o(.bss)
    g_threadInfo                             0x20009b00   Data         192  worker.o(.bss)
    time                                     0x20009bc0   Data         400  worker.o(.bss)
    g_portCmdCache                           0x20009d50   Data          12  cascade.o(.bss)
    REG_MAP                                  0x20009d5c   Data        4480  cascade.o(.bss)
    COIL_MAP                                 0x2000aedc   Data         160  cascade.o(.bss)
    TcpConnectTaskTCB                        0x2000af7c   Data         172  tcp_server.o(.bss)
    TCPCONNECT_TASK_STK                      0x2000b028   Data        1200  tcp_server.o(.bss)
    TcpServerTaskTCB                         0x2000b4d8   Data         172  tcp_server.o(.bss)
    TCPSERVER_TASK_STK                       0x2000b584   Data        1024  tcp_server.o(.bss)
    g_cdvI                                   0x2000b984   Data         160  io.o(.bss)
    g_cdvO                                   0x2000ba24   Data         160  io.o(.bss)
    g_dipSW                                  0x2000bac4   Data          48  io.o(.bss)
    PLUSE_SEM                                0x2000baf4   Data          28  io.o(.bss)
    g_pluse                                  0x2000bb10   Data          32  io.o(.bss)
    adc_par                                  0x2000bb30   Data         708  adc.o(.bss)
    buff_x                                   0x2000bdf4   Data         400  adc.o(.bss)
    buff_v                                   0x2000bf84   Data         800  adc.o(.bss)
    adc3_value2                              0x2000c2a4   Data         400  adc.o(.bss)
    dac_val_tmp                              0x2000c434   Data          16  dac.o(.bss)
    dac_par                                  0x2000c444   Data         120  dac.o(.bss)
    strAlarmInfo                             0x2000c4bc   Data         400  alarm.o(.bss)
    counter                                  0x2000c64c   Data          80  counter.o(.bss)
    USART3_RX_BUF                            0x2000c69c   Data         255  uart3.o(.bss)
    UART4_RX_BUF                             0x2000c79b   Data          16  uart4.o(.bss)
    RS485_RX_BUF                             0x2000c7ab   Data          16  uart4.o(.bss)
    UART5_RX_BUF                             0x2000c7bb   Data          16  uart5.o(.bss)
    RxBuffer                                 0x2000c7cb   Data         256  spi3.o(.bss)
    ETH_InitStructure                        0x2000c8cc   Data         188  lan8720.o(.bss)
    RX_Frame_Descriptor                      0x2000c988   Data          12  stm32f4x7_eth.o(.bss)
    CPU_Name                                 0x2000c994   Data          16  cpu_core.o(.bss)
    Mem_PoolHeap                             0x2000c9a4   Data          72  lib_mem.o(.bss)
    Mem_Heap                                 0x2000c9ec   Data        1024  lib_mem.o(.bss)
    OSCfg_IdleTaskStk                        0x2000cdec   Data         512  os_cfg_app.o(.bss)
    OSCfg_ISRStk                             0x2000cfec   Data         512  os_cfg_app.o(.bss)
    OSCfg_MsgPool                            0x2000d1ec   Data        1600  os_cfg_app.o(.bss)
    OSCfg_TickTaskStk                        0x2000d82c   Data         512  os_cfg_app.o(.bss)
    OSCfg_TickWheel                          0x2000da2c   Data         136  os_cfg_app.o(.bss)
    OSCfg_TmrTaskStk                         0x2000dab4   Data         512  os_cfg_app.o(.bss)
    OSCfg_TmrWheel                           0x2000dcb4   Data         136  os_cfg_app.o(.bss)
    OSIdleTaskTCB                            0x2000dd3c   Data         172  os_var.o(.bss)
    OSMsgPool                                0x2000dde8   Data          12  os_var.o(.bss)
    OSRdyList                                0x2000ddf4   Data         768  os_var.o(.bss)
    OSTickTaskTCB                            0x2000e0f4   Data         172  os_var.o(.bss)
    OSTmrTaskTCB                             0x2000e1a0   Data         172  os_var.o(.bss)
    cdvStartTime                             0x2000e24c   Data          80  delay.o(.bss)
    cdvEndTime                               0x2000e29c   Data          80  delay.o(.bss)
    TcpipthreadTaskTCB                       0x2000e2ec   Data         172  sys_arch.o(.bss)
    ram_heap                                 0x2000e484   Data        4820  mem.o(.bss)
    lwipdev                                  0x20011ec8   Data          23  lwip_comm.o(.bss)
    lwip_netif                               0x20011ee0   Data          52  lwip_comm.o(.bss)
    LwipdhcpTaskTCB                          0x20011f14   Data         172  lwip_comm.o(.bss)
    __libspace_start                         0x20011fc0   Data          96  libspace.o(.bss)
    __temporary_stack_top$libspace           0x20012020   Data           0  libspace.o(.bss)
    mem_base                                 0x68000000   Data       786432  memmng.o(.ARM.__AT_0x68000000)
    mem_mapbase                              0x680c0000   Data       196608  memmng.o(.ARM.__AT_0x680C0000)



==============================================================================

Memory Map of the image

  Image Entry point : 0x08020189

  Load Region LR_IROM1 (Base: 0x08020000, Size: 0x0002a828, Max: 0x000e0000, ABSOLUTE, COMPRESSED[0x0002a480])

    Execution Region ER_IROM1 (Exec base: 0x08020000, Load base: 0x08020000, Size: 0x0002a298, Max: 0x000e0000, ABSOLUTE)

    Exec Addr    Load Addr    Size         Type   Attr      Idx    E Section Name        Object

    0x08020000   0x08020000   0x00000188   Data   RO         1939    RESET               startup_stm32f40_41xxx.o
    0x08020188   0x08020188   0x00000008   Code   RO         4020  * !!!main             c_w.l(__main.o)
    0x08020190   0x08020190   0x00000034   Code   RO         4495    !!!scatter          c_w.l(__scatter.o)
    0x080201c4   0x080201c4   0x0000005a   Code   RO         4493    !!dczerorl2         c_w.l(__dczerorl2.o)
    0x0802021e   0x0802021e   0x00000002   PAD
    0x08020220   0x08020220   0x0000001c   Code   RO         4497    !!handler_zi        c_w.l(__scatter_zi.o)
    0x0802023c   0x0802023c   0x00000000   Code   RO         3993    .ARM.Collect$$_printf_percent$$00000000  c_w.l(_printf_percent.o)
    0x0802023c   0x0802023c   0x00000006   Code   RO         3992    .ARM.Collect$$_printf_percent$$00000003  c_w.l(_printf_f.o)
    0x08020242   0x08020242   0x00000006   Code   RO         3991    .ARM.Collect$$_printf_percent$$00000009  c_w.l(_printf_d.o)
    0x08020248   0x08020248   0x00000006   Code   RO         3990    .ARM.Collect$$_printf_percent$$0000000C  c_w.l(_printf_x.o)
    0x0802024e   0x0802024e   0x00000006   Code   RO         3989    .ARM.Collect$$_printf_percent$$00000014  c_w.l(_printf_s.o)
    0x08020254   0x08020254   0x00000004   Code   RO         4166    .ARM.Collect$$_printf_percent$$00000017  c_w.l(_printf_percent_end.o)
    0x08020258   0x08020258   0x00000002   Code   RO         4387    .ARM.Collect$$libinit$$00000000  c_w.l(libinit.o)
    0x0802025a   0x0802025a   0x00000000   Code   RO         4177    .ARM.Collect$$libinit$$00000002  c_w.l(libinit2.o)
    0x0802025a   0x0802025a   0x00000000   Code   RO         4179    .ARM.Collect$$libinit$$00000004  c_w.l(libinit2.o)
    0x0802025a   0x0802025a   0x00000008   Code   RO         4180    .ARM.Collect$$libinit$$00000005  c_w.l(libinit2.o)
    0x08020262   0x08020262   0x00000000   Code   RO         4182    .ARM.Collect$$libinit$$0000000A  c_w.l(libinit2.o)
    0x08020262   0x08020262   0x00000000   Code   RO         4184    .ARM.Collect$$libinit$$0000000C  c_w.l(libinit2.o)
    0x08020262   0x08020262   0x00000000   Code   RO         4186    .ARM.Collect$$libinit$$0000000E  c_w.l(libinit2.o)
    0x08020262   0x08020262   0x00000006   Code   RO         4187    .ARM.Collect$$libinit$$0000000F  c_w.l(libinit2.o)
    0x08020268   0x08020268   0x00000000   Code   RO         4189    .ARM.Collect$$libinit$$00000011  c_w.l(libinit2.o)
    0x08020268   0x08020268   0x0000000c   Code   RO         4190    .ARM.Collect$$libinit$$00000012  c_w.l(libinit2.o)
    0x08020274   0x08020274   0x00000000   Code   RO         4191    .ARM.Collect$$libinit$$00000013  c_w.l(libinit2.o)
    0x08020274   0x08020274   0x00000000   Code   RO         4193    .ARM.Collect$$libinit$$00000015  c_w.l(libinit2.o)
    0x08020274   0x08020274   0x0000000a   Code   RO         4194    .ARM.Collect$$libinit$$00000016  c_w.l(libinit2.o)
    0x0802027e   0x0802027e   0x00000000   Code   RO         4195    .ARM.Collect$$libinit$$00000017  c_w.l(libinit2.o)
    0x0802027e   0x0802027e   0x00000000   Code   RO         4197    .ARM.Collect$$libinit$$00000019  c_w.l(libinit2.o)
    0x0802027e   0x0802027e   0x00000000   Code   RO         4199    .ARM.Collect$$libinit$$0000001B  c_w.l(libinit2.o)
    0x0802027e   0x0802027e   0x00000000   Code   RO         4201    .ARM.Collect$$libinit$$0000001D  c_w.l(libinit2.o)
    0x0802027e   0x0802027e   0x00000000   Code   RO         4203    .ARM.Collect$$libinit$$0000001F  c_w.l(libinit2.o)
    0x0802027e   0x0802027e   0x00000000   Code   RO         4205    .ARM.Collect$$libinit$$00000021  c_w.l(libinit2.o)
    0x0802027e   0x0802027e   0x00000000   Code   RO         4207    .ARM.Collect$$libinit$$00000023  c_w.l(libinit2.o)
    0x0802027e   0x0802027e   0x00000000   Code   RO         4209    .ARM.Collect$$libinit$$00000025  c_w.l(libinit2.o)
    0x0802027e   0x0802027e   0x00000000   Code   RO         4213    .ARM.Collect$$libinit$$0000002C  c_w.l(libinit2.o)
    0x0802027e   0x0802027e   0x00000000   Code   RO         4215    .ARM.Collect$$libinit$$0000002E  c_w.l(libinit2.o)
    0x0802027e   0x0802027e   0x00000000   Code   RO         4217    .ARM.Collect$$libinit$$00000030  c_w.l(libinit2.o)
    0x0802027e   0x0802027e   0x00000000   Code   RO         4219    .ARM.Collect$$libinit$$00000032  c_w.l(libinit2.o)
    0x0802027e   0x0802027e   0x00000002   Code   RO         4220    .ARM.Collect$$libinit$$00000033  c_w.l(libinit2.o)
    0x08020280   0x08020280   0x00000002   Code   RO         4477    .ARM.Collect$$libshutdown$$00000000  c_w.l(libshutdown.o)
    0x08020282   0x08020282   0x00000000   Code   RO         4405    .ARM.Collect$$libshutdown$$00000002  c_w.l(libshutdown2.o)
    0x08020282   0x08020282   0x00000000   Code   RO         4407    .ARM.Collect$$libshutdown$$00000004  c_w.l(libshutdown2.o)
    0x08020282   0x08020282   0x00000000   Code   RO         4410    .ARM.Collect$$libshutdown$$00000007  c_w.l(libshutdown2.o)
    0x08020282   0x08020282   0x00000000   Code   RO         4413    .ARM.Collect$$libshutdown$$0000000A  c_w.l(libshutdown2.o)
    0x08020282   0x08020282   0x00000000   Code   RO         4415    .ARM.Collect$$libshutdown$$0000000C  c_w.l(libshutdown2.o)
    0x08020282   0x08020282   0x00000000   Code   RO         4418    .ARM.Collect$$libshutdown$$0000000F  c_w.l(libshutdown2.o)
    0x08020282   0x08020282   0x00000002   Code   RO         4419    .ARM.Collect$$libshutdown$$00000010  c_w.l(libshutdown2.o)
    0x08020284   0x08020284   0x00000000   Code   RO         4114    .ARM.Collect$$rtentry$$00000000  c_w.l(__rtentry.o)
    0x08020284   0x08020284   0x00000000   Code   RO         4270    .ARM.Collect$$rtentry$$00000002  c_w.l(__rtentry2.o)
    0x08020284   0x08020284   0x00000006   Code   RO         4282    .ARM.Collect$$rtentry$$00000004  c_w.l(__rtentry4.o)
    0x0802028a   0x0802028a   0x00000000   Code   RO         4272    .ARM.Collect$$rtentry$$00000009  c_w.l(__rtentry2.o)
    0x0802028a   0x0802028a   0x00000004   Code   RO         4273    .ARM.Collect$$rtentry$$0000000A  c_w.l(__rtentry2.o)
    0x0802028e   0x0802028e   0x00000000   Code   RO         4275    .ARM.Collect$$rtentry$$0000000C  c_w.l(__rtentry2.o)
    0x0802028e   0x0802028e   0x00000008   Code   RO         4276    .ARM.Collect$$rtentry$$0000000D  c_w.l(__rtentry2.o)
    0x08020296   0x08020296   0x00000002   Code   RO         4392    .ARM.Collect$$rtexit$$00000000  c_w.l(rtexit.o)
    0x08020298   0x08020298   0x00000000   Code   RO         4441    .ARM.Collect$$rtexit$$00000002  c_w.l(rtexit2.o)
    0x08020298   0x08020298   0x00000004   Code   RO         4442    .ARM.Collect$$rtexit$$00000003  c_w.l(rtexit2.o)
    0x0802029c   0x0802029c   0x00000006   Code   RO         4443    .ARM.Collect$$rtexit$$00000004  c_w.l(rtexit2.o)
    0x080202a2   0x080202a2   0x00000002   PAD
    0x080202a4   0x080202a4   0x00000010   Code   RO         2781    .emb_text           sysdef.o
    0x080202b4   0x080202b4   0x00000000   Code   RO         4288    .emb_text           c_w.l(maybetermalloc1.o)
    0x080202b4   0x080202b4   0x00000910   Code   RO            3    .text               main.o
    0x08020bc4   0x08020bc4   0x000003f4   Code   RO          460    .text               cdv_config.o
    0x08020fb8   0x08020fb8   0x00000066   Code   RO          487    .text               cdv_define.o
    0x0802101e   0x0802101e   0x00000002   PAD
    0x08021020   0x08021020   0x00000198   Code   RO          577    .text               offline.o
    0x080211b8   0x080211b8   0x00000398   Code   RO          604    .text               basic_resource.o
    0x08021550   0x08021550   0x000005b0   Code   RO          624    .text               fpga_spi.o
    0x08021b00   0x08021b00   0x00001604   Code   RO          665    .text               mainuart.o
    0x08023104   0x08023104   0x00000740   Code   RO          702    .text               log.o
    0x08023844   0x08023844   0x000006d2   Code   RO          726    .text               cdv_array.o
    0x08023f16   0x08023f16   0x00000002   PAD
    0x08023f18   0x08023f18   0x00000690   Code   RO          748    .text               newscript.o
    0x080245a8   0x080245a8   0x000018b8   Code   RO          775    .text               modbus.o
    0x08025e60   0x08025e60   0x000009c2   Code   RO          825    .text               worker.o
    0x08026822   0x08026822   0x00000002   PAD
    0x08026824   0x08026824   0x00000434   Code   RO          854    .text               cmdparse.o
    0x08026c58   0x08026c58   0x00002690   Code   RO          875    .text               cascade.o
    0x080292e8   0x080292e8   0x000007b4   Code   RO          907    .text               tcp_server.o
    0x08029a9c   0x08029a9c   0x00000120   Code   RO         1000    .text               sysmng.o
    0x08029bbc   0x08029bbc   0x000004e8   Code   RO         1020    .text               logic.o
    0x0802a0a4   0x0802a0a4   0x000014d2   Code   RO         1075    .text               io.o
    0x0802b576   0x0802b576   0x00000002   PAD
    0x0802b578   0x0802b578   0x00000708   Code   RO         1102    .text               var.o
    0x0802bc80   0x0802bc80   0x00000128   Code   RO         1126    .text               msg.o
    0x0802bda8   0x0802bda8   0x000002f4   Code   RO         1149    .text               time.o
    0x0802c09c   0x0802c09c   0x00000f90   Code   RO         1193    .text               adc.o
    0x0802d02c   0x0802d02c   0x00000668   Code   RO         1220    .text               dac.o
    0x0802d694   0x0802d694   0x00000168   Code   RO         1265    .text               dac7512.o
    0x0802d7fc   0x0802d7fc   0x0000055a   Code   RO         1326    .text               universalscom.o
    0x0802dd56   0x0802dd56   0x00000002   PAD
    0x0802dd58   0x0802dd58   0x00000384   Code   RO         1347    .text               alarm.o
    0x0802e0dc   0x0802e0dc   0x000000c0   Code   RO         1375    .text               led.o
    0x0802e19c   0x0802e19c   0x0000172c   Code   RO         1398    .text               varexp.o
    0x0802f8c8   0x0802f8c8   0x00000228   Code   RO         1436    .text               memmng.o
    0x0802faf0   0x0802faf0   0x00000244   Code   RO         1482    .text               counter.o
    0x0802fd34   0x0802fd34   0x00000204   Code   RO         1505    .text               uart1.o
    0x0802ff38   0x0802ff38   0x00000280   Code   RO         1531    .text               uart2.o
    0x080301b8   0x080301b8   0x00000370   Code   RO         1557    .text               uart3.o
    0x08030528   0x08030528   0x00000330   Code   RO         1584    .text               uart4.o
    0x08030858   0x08030858   0x000002b4   Code   RO         1611    .text               uart5.o
    0x08030b0c   0x08030b0c   0x00000248   Code   RO         1638    .text               uart6.o
    0x08030d54   0x08030d54   0x000000d0   Code   RO         1665    .text               spix.o
    0x08030e24   0x08030e24   0x000000bc   Code   RO         1686    .text               exti.o
    0x08030ee0   0x08030ee0   0x000000f4   Code   RO         1706    .text               spi2.o
    0x08030fd4   0x08030fd4   0x00000270   Code   RO         1726    .text               spi3.o
    0x08031244   0x08031244   0x00000498   Code   RO         1751    .text               uartx.o
    0x080316dc   0x080316dc   0x0000012c   Code   RO         1775    .text               dmax.o
    0x08031808   0x08031808   0x00000734   Code   RO         1795    .text               lan8720.o
    0x08031f3c   0x08031f3c   0x00000354   Code   RO         1828    .text               sram.o
    0x08032290   0x08032290   0x0000005c   Code   RO         1890    .text               stm32f4xx_it.o
    0x080322ec   0x080322ec   0x00000204   Code   RO         1913    .text               system_stm32f4xx.o
    0x080324f0   0x080324f0   0x00000040   Code   RO         1940    .text               startup_stm32f40_41xxx.o
    0x08032530   0x08032530   0x0000065c   Code   RO         1946    .text               stm32f4xx_rcc.o
    0x08032b8c   0x08032b8c   0x000000e0   Code   RO         1968    .text               misc.o
    0x08032c6c   0x08032c6c   0x00000294   Code   RO         1988    .text               stm32f4xx_gpio.o
    0x08032f00   0x08032f00   0x00000454   Code   RO         2008    .text               stm32f4xx_usart.o
    0x08033354   0x08033354   0x00000480   Code   RO         2028    .text               stm32f4xx_spi.o
    0x080337d4   0x080337d4   0x00000ca2   Code   RO         2048    .text               stm32f4xx_tim.o
    0x08034476   0x08034476   0x00000002   PAD
    0x08034478   0x08034478   0x000003a8   Code   RO         2068    .text               stm32f4xx_dma.o
    0x08034820   0x08034820   0x00000210   Code   RO         2128    .text               stm32f4xx_dac.o
    0x08034a30   0x08034a30   0x00000464   Code   RO         2148    .text               stm32f4xx_adc.o
    0x08034e94   0x08034e94   0x00000110   Code   RO         2191    .text               stm32f4xx_exti.o
    0x08034fa4   0x08034fa4   0x00000094   Code   RO         2211    .text               stm32f4xx_syscfg.o
    0x08035038   0x08035038   0x00001054   Code   RO         2231    .text               stm32f4x7_eth.o
    0x0803608c   0x0803608c   0x000005c8   Code   RO         2258    .text               stm32f4xx_fsmc.o
    0x08036654   0x08036654   0x00000084   Code   RO         2301    .text               bsp.o
    0x080366d8   0x080366d8   0x000002a8   Code   RO         2337    .text               cpu_core.o
    0x08036980   0x08036980   0x00000256   Code   RO         2375    .text               lib_ascii.o
    0x08036bd6   0x08036bd6   0x00000002   PAD
    0x08036bd8   0x08036bd8   0x000009c6   Code   RO         2408    .text               lib_mem.o
    0x0803759e   0x0803759e   0x00000002   PAD
    0x080375a0   0x080375a0   0x00000928   Code   RO         2427    .text               lib_str.o
    0x08037ec8   0x08037ec8   0x00000002   Code   RO         2444    .text               os_cfg_app.o
    0x08037eca   0x08037eca   0x00000002   PAD
    0x08037ecc   0x08037ecc   0x00000c30   Code   RO         2467    .text               os_core.o
    0x08038afc   0x08038afc   0x000001cc   Code   RO         2500    .text               os_mem.o
    0x08038cc8   0x08038cc8   0x00000228   Code   RO         2512    .text               os_msg.o
    0x08038ef0   0x08038ef0   0x000006ec   Code   RO         2524    .text               os_mutex.o
    0x080395dc   0x080395dc   0x0000007c   Code   RO         2542    .text               os_prio.o
    0x08039658   0x08039658   0x00000660   Code   RO         2561    .text               os_q.o
    0x08039cb8   0x08039cb8   0x00000674   Code   RO         2573    .text               os_sem.o
    0x0803a32c   0x0803a32c   0x000012b4   Code   RO         2591    .text               os_task.o
    0x0803b5e0   0x0803b5e0   0x00000484   Code   RO         2603    .text               os_tick.o
    0x0803ba64   0x0803ba64   0x0000045c   Code   RO         2615    .text               os_time.o
    0x0803bec0   0x0803bec0   0x00000790   Code   RO         2627    .text               os_tmr.o
    0x0803c650   0x0803c650   0x000001b4   Code   RO         2655    .text               os_cpu_c.o
    0x0803c804   0x0803c804   0x00000034   Code   RO         2679    .text               cpu_a.o
    0x0803c838   0x0803c838   0x00000220   Code   RO         2682    .text               lib_mem_a.o
    0x0803ca58   0x0803ca58   0x00000210   Code   RO         2690    .text               delay.o
    0x0803cc68   0x0803cc68   0x00000564   Code   RO         2732    .text               flash.o
    0x0803d1cc   0x0803d1cc   0x00000248   Code   RO         2799    .text               malloc.o
    0x0803d414   0x0803d414   0x000002d4   Code   RO         2848    .text               ethernetif.o
    0x0803d6e8   0x0803d6e8   0x00000380   Code   RO         2886    .text               sys_arch.o
    0x0803da68   0x0803da68   0x0000094c   Code   RO         2920    .text               etharp.o
    0x0803e3b4   0x0803e3b4   0x000006d0   Code   RO         2966    .text               api_lib.o
    0x0803ea84   0x0803ea84   0x00000f7c   Code   RO         3011    .text               api_msg.o
    0x0803fa00   0x0803fa00   0x00000190   Code   RO         3048    .text               netbuf.o
    0x0803fb90   0x0803fb90   0x000002e0   Code   RO         3120    .text               tcpip.o
    0x0803fe70   0x0803fe70   0x0000003e   Code   RO         3158    .text               def.o
    0x0803feae   0x0803feae   0x00000020   Code   RO         3206    .text               init.o
    0x0803fece   0x0803fece   0x00000002   PAD
    0x0803fed0   0x0803fed0   0x00000380   Code   RO         3255    .text               mem.o
    0x08040250   0x08040250   0x000000d4   Code   RO         3279    .text               memp.o
    0x08040324   0x08040324   0x000002a0   Code   RO         3317    .text               netif.o
    0x080405c4   0x080405c4   0x00000750   Code   RO         3347    .text               pbuf.o
    0x08040d14   0x08040d14   0x000001b0   Code   RO         3370    .text               raw.o
    0x08040ec4   0x08040ec4   0x00000df0   Code   RO         3420    .text               tcp.o
    0x08041cb4   0x08041cb4   0x000012a0   Code   RO         3452    .text               tcp_in.o
    0x08042f54   0x08042f54   0x00000c2e   Code   RO         3486    .text               tcp_out.o
    0x08043b82   0x08043b82   0x00000002   PAD
    0x08043b84   0x08043b84   0x00000228   Code   RO         3506    .text               timers.o
    0x08043dac   0x08043dac   0x00000444   Code   RO         3537    .text               udp.o
    0x080441f0   0x080441f0   0x000001f0   Code   RO         3577    .text               icmp.o
    0x080443e0   0x080443e0   0x00000222   Code   RO         3628    .text               inet_chksum.o
    0x08044602   0x08044602   0x00000002   PAD
    0x08044604   0x08044604   0x000002d8   Code   RO         3648    .text               ip.o
    0x080448dc   0x080448dc   0x000002b8   Code   RO         3677    .text               ip_addr.o
    0x08044b94   0x08044b94   0x00000694   Code   RO         3711    .text               ip_frag.o
    0x08045228   0x08045228   0x0000030c   Code   RO         3733    .text               lwip_comm.o
    0x08045534   0x08045534   0x00000010   Code   RO         3864    .text               c_w.l(rt_ctype_table.o)
    0x08045544   0x08045544   0x0000005e   Code   RO         3872    .text               c_w.l(h1_alloc.o)
    0x080455a2   0x080455a2   0x0000004e   Code   RO         3874    .text               c_w.l(h1_free.o)
    0x080455f0   0x080455f0   0x000000b8   Code   RO         3876    .text               c_w.l(h1_realloc.o)
    0x080456a8   0x080456a8   0x000000ee   Code   RO         3934    .text               c_w.l(lludivv7m.o)
    0x08045796   0x08045796   0x00000002   PAD
    0x08045798   0x08045798   0x00000028   Code   RO         3938    .text               c_w.l(noretval__2sprintf.o)
    0x080457c0   0x080457c0   0x0000004e   Code   RO         3942    .text               c_w.l(_printf_pad.o)
    0x0804580e   0x0804580e   0x00000052   Code   RO         3944    .text               c_w.l(_printf_str.o)
    0x08045860   0x08045860   0x00000078   Code   RO         3946    .text               c_w.l(_printf_dec.o)
    0x080458d8   0x080458d8   0x00000058   Code   RO         3951    .text               c_w.l(_printf_hex_int.o)
    0x08045930   0x08045930   0x00000188   Code   RO         3986    .text               c_w.l(__printf_flags_ss_wp.o)
    0x08045ab8   0x08045ab8   0x0000001a   Code   RO         3994    .text               c_w.l(atoi.o)
    0x08045ad2   0x08045ad2   0x00000014   Code   RO         3996    .text               c_w.l(strchr.o)
    0x08045ae6   0x08045ae6   0x00000024   Code   RO         3998    .text               c_w.l(strstr.o)
    0x08045b0a   0x08045b0a   0x00000058   Code   RO         4000    .text               c_w.l(memcmp.o)
    0x08045b62   0x08045b62   0x0000003e   Code   RO         4002    .text               c_w.l(strlen.o)
    0x08045ba0   0x08045ba0   0x00000096   Code   RO         4004    .text               c_w.l(strncmp.o)
    0x08045c36   0x08045c36   0x0000008a   Code   RO         4006    .text               c_w.l(rt_memcpy_v6.o)
    0x08045cc0   0x08045cc0   0x00000064   Code   RO         4008    .text               c_w.l(rt_memcpy_w.o)
    0x08045d24   0x08045d24   0x00000010   Code   RO         4010    .text               c_w.l(aeabi_memset.o)
    0x08045d34   0x08045d34   0x00000044   Code   RO         4012    .text               c_w.l(rt_memclr.o)
    0x08045d78   0x08045d78   0x0000004e   Code   RO         4014    .text               c_w.l(rt_memclr_w.o)
    0x08045dc6   0x08045dc6   0x00000002   PAD
    0x08045dc8   0x08045dc8   0x00000080   Code   RO         4016    .text               c_w.l(strcmpv7m.o)
    0x08045e48   0x08045e48   0x00000006   Code   RO         4018    .text               c_w.l(heapauxi.o)
    0x08045e4e   0x08045e4e   0x00000002   PAD
    0x08045e50   0x08045e50   0x00000008   Code   RO         4122    .text               c_w.l(rt_heap_descriptor_intlibspace.o)
    0x08045e58   0x08045e58   0x00000008   Code   RO         4127    .text               c_w.l(rt_locale_intlibspace.o)
    0x08045e60   0x08045e60   0x00000008   Code   RO         4132    .text               c_w.l(rt_errno_addr_intlibspace.o)
    0x08045e68   0x08045e68   0x00000004   Code   RO         4134    .text               c_w.l(hguard.o)
    0x08045e6c   0x08045e6c   0x0000008a   Code   RO         4136    .text               c_w.l(init_alloc.o)
    0x08045ef6   0x08045ef6   0x0000000e   Code   RO         4140    .text               c_w.l(h1_init.o)
    0x08045f04   0x08045f04   0x00000016   Code   RO         4154    .text               c_w.l(_rserrno.o)
    0x08045f1a   0x08045f1a   0x000000b2   Code   RO         4156    .text               c_w.l(_printf_intcommon.o)
    0x08045fcc   0x08045fcc   0x0000041e   Code   RO         4158    .text               c_w.l(_printf_fp_dec.o)
    0x080463ea   0x080463ea   0x00000002   PAD
    0x080463ec   0x080463ec   0x00000030   Code   RO         4160    .text               c_w.l(_printf_char_common.o)
    0x0804641c   0x0804641c   0x0000000a   Code   RO         4162    .text               c_w.l(_sputc.o)
    0x08046426   0x08046426   0x0000002c   Code   RO         4164    .text               c_w.l(_printf_char.o)
    0x08046452   0x08046452   0x00000002   PAD
    0x08046454   0x08046454   0x000000a4   Code   RO         4167    .text               c_w.l(strtod.o)
    0x080464f8   0x080464f8   0x00000070   Code   RO         4169    .text               c_w.l(strtol.o)
    0x08046568   0x08046568   0x00000008   Code   RO         4266    .text               c_w.l(libspace.o)
    0x08046570   0x08046570   0x00000034   Code   RO         4290    .text               c_w.l(h1_extend.o)
    0x080465a4   0x080465a4   0x0000008a   Code   RO         4294    .text               c_w.l(lludiv10.o)
    0x0804662e   0x0804662e   0x00000012   Code   RO         4296    .text               c_w.l(isspace.o)
    0x08046640   0x08046640   0x00000080   Code   RO         4298    .text               c_w.l(_printf_fp_infnan.o)
    0x080466c0   0x080466c0   0x00000040   Code   RO         4302    .text               c_w.l(_sgetc.o)
    0x08046700   0x08046700   0x0000009e   Code   RO         4304    .text               c_w.l(_strtoul.o)
    0x0804679e   0x0804679e   0x00000002   PAD
    0x080467a0   0x080467a0   0x000000e4   Code   RO         4306    .text               c_w.l(bigflt0.o)
    0x08046884   0x08046884   0x0000000e   Code   RO         4334    .text               c_w.l(defsig_rtmem_outer.o)
    0x08046892   0x08046892   0x00000002   Code   RO         4355    .text               c_w.l(use_no_semi.o)
    0x08046894   0x08046894   0x00000000   Code   RO         4357    .text               c_w.l(indicate_semi.o)
    0x08046894   0x08046894   0x0000004a   Code   RO         4358    .text               c_w.l(sys_stackheap_outer.o)
    0x080468de   0x080468de   0x0000001c   Code   RO         4364    .text               c_w.l(_chval.o)
    0x080468fa   0x080468fa   0x00000002   PAD
    0x080468fc   0x080468fc   0x000004f8   Code   RO         4366    .text               c_w.l(scanf_fp.o)
    0x08046df4   0x08046df4   0x00000012   Code   RO         4368    .text               c_w.l(exit.o)
    0x08046e06   0x08046e06   0x0000000a   Code   RO         4370    .text               c_w.l(defsig_exit.o)
    0x08046e10   0x08046e10   0x00000050   Code   RO         4376    .text               c_w.l(defsig_rtmem_inner.o)
    0x08046e60   0x08046e60   0x0000000c   Code   RO         4390    .text               c_w.l(sys_exit.o)
    0x08046e6c   0x08046e6c   0x00000032   Code   RO         4400    .text               c_w.l(defsig_general.o)
    0x08046e9e   0x08046e9e   0x0000000e   Code   RO         4438    .text               c_w.l(sys_wrch.o)
    0x08046eac   0x08046eac   0x00000320   Code   RO         4447    .text               c_w.l(scanf_hexfp.o)
    0x080471cc   0x080471cc   0x00000134   Code   RO         4449    .text               c_w.l(scanf_infnan.o)
    0x08047300   0x08047300   0x00000026   Code   RO         4459    .text               c_w.l(llshl.o)
    0x08047326   0x08047326   0x0000003e   Code   RO         4309    CL$$btod_d2e        c_w.l(btod.o)
    0x08047364   0x08047364   0x00000046   Code   RO         4311    CL$$btod_d2e_denorm_low  c_w.l(btod.o)
    0x080473aa   0x080473aa   0x00000060   Code   RO         4310    CL$$btod_d2e_norm_op1  c_w.l(btod.o)
    0x0804740a   0x0804740a   0x00000338   Code   RO         4319    CL$$btod_div_common  c_w.l(btod.o)
    0x08047742   0x08047742   0x00000002   PAD
    0x08047744   0x08047744   0x00000084   Code   RO         4317    CL$$btod_e2d        c_w.l(btod.o)
    0x080477c8   0x080477c8   0x000000dc   Code   RO         4316    CL$$btod_e2e        c_w.l(btod.o)
    0x080478a4   0x080478a4   0x0000002a   Code   RO         4313    CL$$btod_ediv       c_w.l(btod.o)
    0x080478ce   0x080478ce   0x0000002a   Code   RO         4315    CL$$btod_edivd      c_w.l(btod.o)
    0x080478f8   0x080478f8   0x0000002a   Code   RO         4312    CL$$btod_emul       c_w.l(btod.o)
    0x08047922   0x08047922   0x0000002a   Code   RO         4314    CL$$btod_emuld      c_w.l(btod.o)
    0x0804794c   0x0804794c   0x00000244   Code   RO         4318    CL$$btod_mult_common  c_w.l(btod.o)
    0x08047b90   0x08047b90   0x00000098   Code   RO         2685    CODE                os_cpu_a.o
    0x08047c28   0x08047c28   0x00000028   Code   RO         4351    i.__ARM_fpclassify  m_ws.l(fpclassify.o)
    0x08047c50   0x08047c50   0x0000000e   Code   RO         4243    i.__mathlib_dbl_overflow  m_ws.l(dunder.o)
    0x08047c5e   0x08047c5e   0x00000002   PAD
    0x08047c60   0x08047c60   0x00000010   Code   RO         4245    i.__mathlib_dbl_underflow  m_ws.l(dunder.o)
    0x08047c70   0x08047c70   0x00000010   Code   RO         4432    i.__mathlib_narrow  m_ws.l(narrow.o)
    0x08047c80   0x08047c80   0x000000bc   Code   RO         4433    i.__mathlib_tofloat  m_ws.l(narrow.o)
    0x08047d3c   0x08047d3c   0x00000016   Code   RO         4479    i.__support_ldexp   m_ws.l(ldexp.o)
    0x08047d52   0x08047d52   0x0000000e   Code   RO         3979    i._is_digit         c_w.l(__printf_wp.o)
    0x08047d60   0x08047d60   0x0000002a   Code   RO         4093    i.atof              m_ws.l(atof.o)
    0x08047d8a   0x08047d8a   0x00000002   PAD
    0x08047d8c   0x08047d8c   0x00000058   Code   RO         4456    i.frexp             m_ws.l(frexp.o)
    0x08047de4   0x08047de4   0x00000074   Code   RO         4480    i.ldexp             m_ws.l(ldexp.o)
    0x08047e58   0x08047e58   0x0000004c   Code   RO         4105    i.sqrt              m_ws.l(sqrt.o)
    0x08047ea4   0x08047ea4   0x0000002c   Code   RO         4172    locale$$code        c_w.l(lc_ctype_c.o)
    0x08047ed0   0x08047ed0   0x0000002c   Code   RO         4332    locale$$code        c_w.l(lc_numeric_c.o)
    0x08047efc   0x08047efc   0x00000062   Code   RO         4022    x$fpl$d2f           fz_ws.l(d2f.o)
    0x08047f5e   0x08047f5e   0x00000002   PAD
    0x08047f60   0x08047f60   0x00000150   Code   RO         4024    x$fpl$dadd          fz_ws.l(daddsub_clz.o)
    0x080480b0   0x080480b0   0x00000010   Code   RO         4388    x$fpl$dcheck1       fz_ws.l(dcheck1.o)
    0x080480c0   0x080480c0   0x00000018   Code   RO         4221    x$fpl$dcmpinf       fz_ws.l(dcmpi.o)
    0x080480d8   0x080480d8   0x000002b0   Code   RO         4031    x$fpl$ddiv          fz_ws.l(ddiv.o)
    0x08048388   0x08048388   0x00000078   Code   RO         4034    x$fpl$deqf          fz_ws.l(deqf.o)
    0x08048400   0x08048400   0x0000005e   Code   RO         4036    x$fpl$dfix          fz_ws.l(dfix.o)
    0x0804845e   0x0804845e   0x00000002   PAD
    0x08048460   0x08048460   0x0000005a   Code   RO         4040    x$fpl$dfixu         fz_ws.l(dfixu.o)
    0x080484ba   0x080484ba   0x0000002e   Code   RO         4045    x$fpl$dflt          fz_ws.l(dflt_clz.o)
    0x080484e8   0x080484e8   0x00000026   Code   RO         4044    x$fpl$dfltu         fz_ws.l(dflt_clz.o)
    0x0804850e   0x0804850e   0x00000002   PAD
    0x08048510   0x08048510   0x00000078   Code   RO         4050    x$fpl$dleqf         fz_ws.l(dleqf.o)
    0x08048588   0x08048588   0x00000154   Code   RO         4052    x$fpl$dmul          fz_ws.l(dmul.o)
    0x080486dc   0x080486dc   0x0000009c   Code   RO         4223    x$fpl$dnaninf       fz_ws.l(dnaninf.o)
    0x08048778   0x08048778   0x0000000c   Code   RO         4225    x$fpl$dretinf       fz_ws.l(dretinf.o)
    0x08048784   0x08048784   0x0000006c   Code   RO         4054    x$fpl$drleqf        fz_ws.l(drleqf.o)
    0x080487f0   0x080487f0   0x00000016   Code   RO         4025    x$fpl$drsb          fz_ws.l(daddsub_clz.o)
    0x08048806   0x08048806   0x00000002   PAD
    0x08048808   0x08048808   0x00000198   Code   RO         4227    x$fpl$dsqrt         fz_ws.l(dsqrt_umaal.o)
    0x080489a0   0x080489a0   0x000001d4   Code   RO         4026    x$fpl$dsub          fz_ws.l(daddsub_clz.o)
    0x08048b74   0x08048b74   0x00000056   Code   RO         4056    x$fpl$f2d           fz_ws.l(f2d.o)
    0x08048bca   0x08048bca   0x00000002   PAD
    0x08048bcc   0x08048bcc   0x000000c4   Code   RO         4058    x$fpl$fadd          fz_ws.l(faddsub_clz.o)
    0x08048c90   0x08048c90   0x00000018   Code   RO         4229    x$fpl$fcmpinf       fz_ws.l(fcmpi.o)
    0x08048ca8   0x08048ca8   0x00000184   Code   RO         4065    x$fpl$fdiv          fz_ws.l(fdiv.o)
    0x08048e2c   0x08048e2c   0x00000068   Code   RO         4068    x$fpl$feqf          fz_ws.l(feqf.o)
    0x08048e94   0x08048e94   0x00000036   Code   RO         4070    x$fpl$ffix          fz_ws.l(ffix.o)
    0x08048eca   0x08048eca   0x00000002   PAD
    0x08048ecc   0x08048ecc   0x0000003e   Code   RO         4074    x$fpl$ffixu         fz_ws.l(ffixu.o)
    0x08048f0a   0x08048f0a   0x00000002   PAD
    0x08048f0c   0x08048f0c   0x00000030   Code   RO         4079    x$fpl$fflt          fz_ws.l(fflt_clz.o)
    0x08048f3c   0x08048f3c   0x00000026   Code   RO         4078    x$fpl$ffltu         fz_ws.l(fflt_clz.o)
    0x08048f62   0x08048f62   0x00000002   PAD
    0x08048f64   0x08048f64   0x00000068   Code   RO         4084    x$fpl$fleqf         fz_ws.l(fleqf.o)
    0x08048fcc   0x08048fcc   0x00000102   Code   RO         4086    x$fpl$fmul          fz_ws.l(fmul.o)
    0x080490ce   0x080490ce   0x0000008c   Code   RO         4231    x$fpl$fnaninf       fz_ws.l(fnaninf.o)
    0x0804915a   0x0804915a   0x0000000a   Code   RO         4233    x$fpl$fretinf       fz_ws.l(fretinf.o)
    0x08049164   0x08049164   0x00000062   Code   RO         4088    x$fpl$frleqf        fz_ws.l(frleqf.o)
    0x080491c6   0x080491c6   0x00000014   Code   RO         4059    x$fpl$frsb          fz_ws.l(faddsub_clz.o)
    0x080491da   0x080491da   0x00000002   PAD
    0x080491dc   0x080491dc   0x000000ea   Code   RO         4060    x$fpl$fsub          fz_ws.l(faddsub_clz.o)
    0x080492c6   0x080492c6   0x00000006   Code   RO         4345    x$fpl$ieeestatus    fz_ws.l(istatus.o)
    0x080492cc   0x080492cc   0x00000004   Code   RO         4090    x$fpl$printf1       fz_ws.l(printf1.o)
    0x080492d0   0x080492d0   0x00000064   Code   RO         4424    x$fpl$retnan        fz_ws.l(retnan.o)
    0x08049334   0x08049334   0x0000005c   Code   RO         4347    x$fpl$scalbn        fz_ws.l(scalbn.o)
    0x08049390   0x08049390   0x00000004   Code   RO         4349    x$fpl$scanf1        fz_ws.l(scanf1.o)
    0x08049394   0x08049394   0x00000008   Code   RO         4426    x$fpl$scanf2        fz_ws.l(scanf2.o)
    0x0804939c   0x0804939c   0x00000030   Code   RO         4453    x$fpl$trapveneer    fz_ws.l(trapv.o)
    0x080493cc   0x080493cc   0x00000000   Code   RO         4235    x$fpl$usenofp       fz_ws.l(usenofp.o)
    0x080493cc   0x080493cc   0x0000000f   Data   RO          461    .constdata          cdv_config.o
    0x080493db   0x080493db   0x00000011   Data   RO          578    .constdata          offline.o
    0x080493ec   0x080493ec   0x00000010   Data   RO          625    .constdata          fpga_spi.o
    0x080493fc   0x080493fc   0x0000022a   Data   RO          667    .constdata          mainuart.o
    0x08049626   0x08049626   0x00000002   PAD
    0x08049628   0x08049628   0x00000056   Data   RO          704    .constdata          log.o
    0x0804967e   0x0804967e   0x0000004c   Data   RO          727    .constdata          cdv_array.o
    0x080496ca   0x080496ca   0x0000000e   Data   RO          750    .constdata          newscript.o
    0x080496d8   0x080496d8   0x0000012f   Data   RO          777    .constdata          modbus.o
    0x08049807   0x08049807   0x0000004a   Data   RO          827    .constdata          worker.o
    0x08049851   0x08049851   0x0000000a   Data   RO          855    .constdata          cmdparse.o
    0x0804985b   0x0804985b   0x000001e3   Data   RO          877    .constdata          cascade.o
    0x08049a3e   0x08049a3e   0x00000007   Data   RO         1021    .constdata          logic.o
    0x08049a45   0x08049a45   0x000000cc   Data   RO         1103    .constdata          var.o
    0x08049b11   0x08049b11   0x00000015   Data   RO         1327    .constdata          universalscom.o
    0x08049b26   0x08049b26   0x00000002   PAD
    0x08049b28   0x08049b28   0x00000010   Data   RO         1349    .constdata          alarm.o
    0x08049b38   0x08049b38   0x00000024   Data   RO         1399    .constdata          varexp.o
    0x08049b5c   0x08049b5c   0x0000000e   Data   RO         1439    .constdata          memmng.o
    0x08049b6a   0x08049b6a   0x0000000e   Data   RO         1666    .constdata          spix.o
    0x08049b78   0x08049b78   0x0000000a   Data   RO         1728    .constdata          spi3.o
    0x08049b82   0x08049b82   0x0000003a   Data   RO         1752    .constdata          uartx.o
    0x08049bbc   0x08049bbc   0x00000022   Data   RO         1797    .constdata          lan8720.o
    0x08049bde   0x08049bde   0x00000002   PAD
    0x08049be0   0x08049be0   0x0000001c   Data   RO         2259    .constdata          stm32f4xx_fsmc.o
    0x08049bfc   0x08049bfc   0x00000100   Data   RO         2339    .constdata          cpu_core.o
    0x08049cfc   0x08049cfc   0x00000094   Data   RO         2428    .constdata          lib_str.o
    0x08049d90   0x08049d90   0x000000a4   Data   RO         2446    .constdata          os_cfg_app.o
    0x08049e34   0x08049e34   0x00000024   Data   RO         2802    .constdata          malloc.o
    0x08049e58   0x08049e58   0x00000004   Data   RO         2888    .constdata          sys_arch.o
    0x08049e5c   0x08049e5c   0x0000000c   Data   RO         2922    .constdata          etharp.o
    0x08049e68   0x08049e68   0x00000038   Data   RO         3281    .constdata          memp.o
    0x08049ea0   0x08049ea0   0x00000050   Data   RO         3421    .constdata          tcp.o
    0x08049ef0   0x08049ef0   0x00000008   Data   RO         3679    .constdata          ip_addr.o
    0x08049ef8   0x08049ef8   0x0000000a   Data   RO         3735    .constdata          lwip_comm.o
    0x08049f02   0x08049f02   0x00000028   Data   RO         3952    .constdata          c_w.l(_printf_hex_int.o)
    0x08049f2a   0x08049f2a   0x00000011   Data   RO         3987    .constdata          c_w.l(__printf_flags_ss_wp.o)
    0x08049f3b   0x08049f3b   0x00000001   PAD
    0x08049f3c   0x08049f3c   0x00000094   Data   RO         4307    .constdata          c_w.l(bigflt0.o)
    0x08049fd0   0x08049fd0   0x0000009e   Data   RO          489    .conststring        cdv_define.o
    0x0804a06e   0x0804a06e   0x00000002   PAD
    0x0804a070   0x0804a070   0x00000054   Data   RO          828    .conststring        worker.o
    0x0804a0c4   0x0804a0c4   0x00000075   Data   RO         3422    .conststring        tcp.o
    0x0804a139   0x0804a139   0x00000003   PAD
    0x0804a13c   0x0804a13c   0x00000020   Data   RO         4491    Region$$Table       anon$$obj.o
    0x0804a15c   0x0804a15c   0x00000008   Data   RO         4420    c$$dinf             fz_ws.l(fpconst.o)
    0x0804a164   0x0804a164   0x00000008   Data   RO         4423    c$$dmax             fz_ws.l(fpconst.o)
    0x0804a16c   0x0804a16c   0x00000110   Data   RO         4171    locale$$data        c_w.l(lc_ctype_c.o)
    0x0804a27c   0x0804a27c   0x0000001c   Data   RO         4331    locale$$data        c_w.l(lc_numeric_c.o)


    Execution Region RW_IRAM1 (Exec base: 0x20000000, Load base: 0x0804a298, Size: 0x0001f020, Max: 0x00020000, ABSOLUTE, COMPRESSED[0x000001e8])

    Exec Addr    Load Addr    Size         Type   Attr      Idx    E Section Name        Object

    0x20000000   COMPRESSED   0x00000008   Data   RW            5    .data               main.o
    0x20000008   COMPRESSED   0x00000004   Data   RW          462    .data               cdv_config.o
    0x2000000c   COMPRESSED   0x00000064   Data   RW          490    .data               cdv_define.o
    0x20000070   COMPRESSED   0x00000008   Data   RW          579    .data               offline.o
    0x20000078   COMPRESSED   0x00000007   Data   RW          626    .data               fpga_spi.o
    0x2000007f   COMPRESSED   0x00000001   PAD
    0x20000080   COMPRESSED   0x000001e1   Data   RW          668    .data               mainuart.o
    0x20000261   COMPRESSED   0x00000003   PAD
    0x20000264   COMPRESSED   0x00000004   Data   RW          728    .data               cdv_array.o
    0x20000268   COMPRESSED   0x00000024   Data   RW          829    .data               worker.o
    0x2000028c   COMPRESSED   0x00000035   Data   RW          878    .data               cascade.o
    0x200002c1   COMPRESSED   0x00000003   PAD
    0x200002c4   COMPRESSED   0x0000001c   Data   RW          909    .data               tcp_server.o
    0x200002e0   COMPRESSED   0x00000001   Data   RW          958    .data               udpmain.o
    0x200002e1   COMPRESSED   0x00000003   PAD
    0x200002e4   COMPRESSED   0x0000000c   Data   RW         1077    .data               io.o
    0x200002f0   COMPRESSED   0x00000004   Data   RW         1104    .data               var.o
    0x200002f4   COMPRESSED   0x00000004   Data   RW         1127    .data               msg.o
    0x200002f8   COMPRESSED   0x00000020   Data   RW         1150    .data               time.o
    0x20000318   COMPRESSED   0x00000006   Data   RW         1195    .data               adc.o
    0x2000031e   COMPRESSED   0x00000002   PAD
    0x20000320   COMPRESSED   0x00000024   Data   RW         1222    .data               dac.o
    0x20000344   COMPRESSED   0x00000005   Data   RW         1350    .data               alarm.o
    0x20000349   COMPRESSED   0x00000003   PAD
    0x2000034c   COMPRESSED   0x0000000e   Data   RW         1440    .data               memmng.o
    0x2000035a   COMPRESSED   0x00000002   PAD
    0x2000035c   COMPRESSED   0x00000006   Data   RW         1506    .data               uart1.o
    0x20000362   COMPRESSED   0x00000002   PAD
    0x20000364   COMPRESSED   0x00000006   Data   RW         1532    .data               uart2.o
    0x2000036a   COMPRESSED   0x00000002   PAD
    0x2000036c   COMPRESSED   0x0000000a   Data   RW         1559    .data               uart3.o
    0x20000376   COMPRESSED   0x00000002   PAD
    0x20000378   COMPRESSED   0x00000010   Data   RW         1586    .data               uart4.o
    0x20000388   COMPRESSED   0x0000000a   Data   RW         1613    .data               uart5.o
    0x20000392   COMPRESSED   0x00000002   PAD
    0x20000394   COMPRESSED   0x00000018   Data   RW         1640    .data               uart6.o
    0x200003ac   COMPRESSED   0x00000007   Data   RW         1729    .data               spi3.o
    0x200003b3   COMPRESSED   0x00000001   PAD
    0x200003b4   COMPRESSED   0x00000048   Data   RW         1753    .data               uartx.o
    0x200003fc   COMPRESSED   0x0000001c   Data   RW         1798    .data               lan8720.o
    0x20000418   COMPRESSED   0x00000014   Data   RW         1914    .data               system_stm32f4xx.o
    0x2000042c   COMPRESSED   0x00000010   Data   RW         1947    .data               stm32f4xx_rcc.o
    0x2000043c   COMPRESSED   0x00000010   Data   RW         2233    .data               stm32f4x7_eth.o
    0x2000044c   COMPRESSED   0x00000004   Data   RW         2340    .data               cpu_core.o
    0x20000450   COMPRESSED   0x00000004   Data   RW         2410    .data               lib_mem.o
    0x20000454   COMPRESSED   0x00000008   Data   RW         2543    .data               os_prio.o
    0x2000045c   COMPRESSED   0x00000048   Data   RW         2640    .data               os_var.o
    0x200004a4   COMPRESSED   0x00000004   Data   RW         2656    .data               os_cpu_c.o
    0x200004a8   COMPRESSED   0x00000018   Data   RW         2692    .data               delay.o
    0x200004c0   COMPRESSED   0x00000005   Data   RW         2733    .data               flash.o
    0x200004c5   COMPRESSED   0x00000003   PAD
    0x200004c8   COMPRESSED   0x00000024   Data   RW         2803    .data               malloc.o
    0x200004ec   COMPRESSED   0x00000001   Data   RW         2923    .data               etharp.o
    0x200004ed   COMPRESSED   0x00000003   PAD
    0x200004f0   COMPRESSED   0x00000008   Data   RW         3122    .data               tcpip.o
    0x200004f8   COMPRESSED   0x0000000c   Data   RW         3257    .data               mem.o
    0x20000504   COMPRESSED   0x00000009   Data   RW         3318    .data               netif.o
    0x2000050d   COMPRESSED   0x00000003   PAD
    0x20000510   COMPRESSED   0x00000004   Data   RW         3371    .data               raw.o
    0x20000514   COMPRESSED   0x00000024   Data   RW         3423    .data               tcp.o
    0x20000538   COMPRESSED   0x00000020   Data   RW         3454    .data               tcp_in.o
    0x20000558   COMPRESSED   0x00000008   Data   RW         3507    .data               timers.o
    0x20000560   COMPRESSED   0x00000008   Data   RW         3538    .data               udp.o
    0x20000568   COMPRESSED   0x00000012   Data   RW         3649    .data               ip.o
    0x2000057a   COMPRESSED   0x00000002   PAD
    0x2000057c   COMPRESSED   0x00000006   Data   RW         3712    .data               ip_frag.o
    0x20000582   COMPRESSED   0x00000002   PAD
    0x20000584   COMPRESSED   0x0000000c   Data   RW         3736    .data               lwip_comm.o
    0x20000590        -       0x00001200   Zero   RW            4    .bss                main.o
    0x20001790        -       0x00007960   Zero   RW          488    .bss                cdv_define.o
    0x200090f0        -       0x000003fc   Zero   RW          666    .bss                mainuart.o
    0x200094ec        -       0x00000068   Zero   RW          703    .bss                log.o
    0x20009554        -       0x0000002c   Zero   RW          749    .bss                newscript.o
    0x20009580        -       0x00000580   Zero   RW          776    .bss                modbus.o
    0x20009b00        -       0x00000250   Zero   RW          826    .bss                worker.o
    0x20009d50        -       0x0000122c   Zero   RW          876    .bss                cascade.o
    0x2000af7c        -       0x00000a08   Zero   RW          908    .bss                tcp_server.o
    0x2000b984        -       0x000001ac   Zero   RW         1076    .bss                io.o
    0x2000bb30        -       0x00000904   Zero   RW         1194    .bss                adc.o
    0x2000c434        -       0x00000088   Zero   RW         1221    .bss                dac.o
    0x2000c4bc        -       0x00000190   Zero   RW         1348    .bss                alarm.o
    0x2000c64c        -       0x00000050   Zero   RW         1483    .bss                counter.o
    0x2000c69c        -       0x000000ff   Zero   RW         1558    .bss                uart3.o
    0x2000c79b        -       0x00000020   Zero   RW         1585    .bss                uart4.o
    0x2000c7bb        -       0x00000010   Zero   RW         1612    .bss                uart5.o
    0x2000c7cb        -       0x00000100   Zero   RW         1727    .bss                spi3.o
    0x2000c8cb   COMPRESSED   0x00000001   PAD
    0x2000c8cc        -       0x000000bc   Zero   RW         1796    .bss                lan8720.o
    0x2000c988        -       0x0000000c   Zero   RW         2232    .bss                stm32f4x7_eth.o
    0x2000c994        -       0x00000010   Zero   RW         2338    .bss                cpu_core.o
    0x2000c9a4        -       0x00000448   Zero   RW         2409    .bss                lib_mem.o
    0x2000cdec        -       0x00000f50   Zero   RW         2445    .bss                os_cfg_app.o
    0x2000dd3c        -       0x00000510   Zero   RW         2639    .bss                os_var.o
    0x2000e24c        -       0x000000a0   Zero   RW         2691    .bss                delay.o
    0x2000e2ec        -       0x000000ac   Zero   RW         2887    .bss                sys_arch.o
    0x2000e398        -       0x000000c8   Zero   RW         2921    .bss                etharp.o
    0x2000e460        -       0x00000024   Zero   RW         3121    .bss                tcpip.o
    0x2000e484        -       0x000012f0   Zero   RW         3256    .bss                mem.o
    0x2000f774        -       0x00002733   Zero   RW         3280    .bss                memp.o
    0x20011ea7   COMPRESSED   0x00000001   PAD
    0x20011ea8        -       0x00000010   Zero   RW         3453    .bss                tcp_in.o
    0x20011eb8        -       0x00000010   Zero   RW         3678    .bss                ip_addr.o
    0x20011ec8        -       0x000000f8   Zero   RW         3734    .bss                lwip_comm.o
    0x20011fc0        -       0x00000060   Zero   RW         4267    .bss                c_w.l(libspace.o)
    0x20012020        -       0x0000c000   Zero   RW         1938    HEAP                startup_stm32f40_41xxx.o
    0x2001e020        -       0x00001000   Zero   RW         1937    STACK               startup_stm32f40_41xxx.o



  Load Region LR$$.ARM.__AT_0x10000000 (Base: 0x10000000, Size: 0x00000000, Max: 0x00008000, ABSOLUTE)

    Execution Region ER$$.ARM.__AT_0x10000000 (Exec base: 0x10000000, Load base: 0x10000000, Size: 0x00008000, Max: 0x00008000, ABSOLUTE, UNINIT)

    Exec Addr    Load Addr    Size         Type   Attr      Idx    E Section Name        Object

    0x10000000        -       0x00008000   Zero   RW         2800    .ARM.__AT_0x10000000  malloc.o



  Load Region LR$$.ARM.__AT_0x10008000 (Base: 0x10008000, Size: 0x00000000, Max: 0x00007800, ABSOLUTE)

    Execution Region ER$$.ARM.__AT_0x10008000 (Exec base: 0x10008000, Load base: 0x10008000, Size: 0x00007800, Max: 0x00007800, ABSOLUTE, UNINIT)

    Exec Addr    Load Addr    Size         Type   Attr      Idx    E Section Name        Object

    0x10008000        -       0x00007800   Zero   RW         2801    .ARM.__AT_0x10008000  malloc.o



  Load Region LR$$.ARM.__AT_0x68000000 (Base: 0x68000000, Size: 0x00000000, Max: 0x000c0000, ABSOLUTE)

    Execution Region ER$$.ARM.__AT_0x68000000 (Exec base: 0x68000000, Load base: 0x68000000, Size: 0x000c0000, Max: 0x000c0000, ABSOLUTE, UNINIT)

    Exec Addr    Load Addr    Size         Type   Attr      Idx    E Section Name        Object

    0x68000000        -       0x000c0000   Zero   RW         1437    .ARM.__AT_0x68000000  memmng.o



  Load Region LR$$.ARM.__AT_0x680C0000 (Base: 0x680c0000, Size: 0x00000000, Max: 0x00030000, ABSOLUTE)

    Execution Region ER$$.ARM.__AT_0x680C0000 (Exec base: 0x680c0000, Load base: 0x680c0000, Size: 0x00030000, Max: 0x00030000, ABSOLUTE, UNINIT)

    Exec Addr    Load Addr    Size         Type   Attr      Idx    E Section Name        Object

    0x680c0000        -       0x00030000   Zero   RW         1438    .ARM.__AT_0x680C0000  memmng.o


==============================================================================

Image component sizes


      Code (inc. data)   RO Data    RW Data    ZI Data      Debug   Object Name

      3984        138          0          6       2308      10600   adc.o
       900         20         16          5        400       3702   alarm.o
      1744         52          0          0          0      17581   api_lib.o
      3964         40          0          0          0      10339   api_msg.o
       920         18          0          0          0       4101   basic_resource.o
       132         14          0          0          0       1135   bsp.o
      9872        428        483         53       4652      36117   cascade.o
      1746         52         76          4          0       7184   cdv_array.o
      1012        142         15          4          0       4618   cdv_config.o
       102          0        158        100      31072       6484   cdv_define.o
      1076         32         10          0          0       2998   cmdparse.o
       580         22          0          0         80       2092   counter.o
        52          0          0          0          0        340   cpu_a.o
       680         14        256          4         16      14520   cpu_core.o
      1640         74          0         36        136       6603   dac.o
       360         14          0          0          0       1290   dac7512.o
        62          0          0          0          0       1094   def.o
       528         38          0         24        160       4083   delay.o
       300          6          0          0          0       1734   dmax.o
      2380         22         12          1        200      10391   etharp.o
       724         44          0          0          0       7394   ethernetif.o
       188         10          0          0          0        730   exti.o
      1380         36          0          5          0       5718   flash.o
      1456         72         16          7          0       6334   fpga_spi.o
       496          8          0          0          0       2498   icmp.o
       546          0          0          0          0       3009   inet_chksum.o
        32          0          0          0          0       9721   init.o
      5330        164          0         12        428      12542   io.o
       728         28          0         18          0       5999   ip.o
       696         12          8          0         16      10383   ip_addr.o
      1684         18          0          6          0       6576   ip_frag.o
      1844        130         34         28        188       5271   lan8720.o
       192         12          0          0          0       1326   led.o
       598          0          0          0          0       3884   lib_ascii.o
      2502         32          0          4       1096      22268   lib_mem.o
       544          0          0          0          0        488   lib_mem_a.o
      2344          4        148          0          0      13798   lib_str.o
      1856         78         86          0        104       4849   log.o
      1256         30          7          0          0       6165   logic.o
       780         76         10         12        248       3675   lwip_comm.o
      2320        496          0          8       4608     433866   main.o
      5636        476        554        481       1020      44429   mainuart.o
       584         20         36         36      63488       5436   malloc.o
       896         22          0         12       4848       3898   mem.o
       552         66         14         14     983040       3607   memmng.o
       212         18         56          0      10035       3410   memp.o
       224         20          0          0          0       1837   misc.o
      6328        180        303          0       1408      21849   modbus.o
       296          8          0          4          0       1870   msg.o
       400          0          0          0          0       7617   netbuf.o
       672         22          0          9          0       6369   netif.o
      1680         36         14          0         44       6731   newscript.o
       408         40         17          8          0       3491   offline.o
         2          0        164          0       3920      17796   os_cfg_app.o
      3120        192          0          0          0      11133   os_core.o
       152         32          0          0          0        408   os_cpu_a.o
       436         34          0          4          0       3625   os_cpu_c.o
       460         12          0          0          0       2551   os_mem.o
       552         14          0          0          0       2686   os_msg.o
      1772         70          0          0          0       4765   os_mutex.o
       124          4          0          8          0       1748   os_prio.o
      1632         42          0          0          0       5699   os_q.o
      1652         46          0          0          0       5735   os_sem.o
      4788        174          0          0          0      12863   os_task.o
      1156         74          0          0          0       3265   os_tick.o
      1116         54          0          0          0       3217   os_time.o
      1936        126          0          0          0       6257   os_tmr.o
         0          0          0         72       1296      16123   os_var.o
      1872          0          0          0          0       9069   pbuf.o
       432         14          0          4          0       3301   raw.o
       244         14          0          0          0        689   spi2.o
       624         66         10          7        256       2440   spi3.o
       208         26         14          0          0       1500   spix.o
       852         22          0          0          0       1915   sram.o
        64         26        392          0      53248        816   startup_stm32f40_41xxx.o
      4180         96          0         16         12      20919   stm32f4x7_eth.o
      1124         24          0          0          0      10514   stm32f4xx_adc.o
       528          6          0          0          0       4913   stm32f4xx_dac.o
       936         32          0          0          0       6365   stm32f4xx_dma.o
       272         10          0          0          0       2259   stm32f4xx_exti.o
      1480         18         28          0          0       5626   stm32f4xx_fsmc.o
       660         44          0          0          0       4025   stm32f4xx_gpio.o
        92         16          0          0          0       1143   stm32f4xx_it.o
      1628         52          0         16          0      12964   stm32f4xx_rcc.o
      1152         36          0          0          0       6781   stm32f4xx_spi.o
       148         12          0          0          0       1689   stm32f4xx_syscfg.o
      3234         60          0          0          0      22884   stm32f4xx_tim.o
      1108         34          0          0          0       7756   stm32f4xx_usart.o
       896         84          4          0        172       8133   sys_arch.o
        16          0          0          0          0        424   sysdef.o
       288         36          0          0          0       1510   sysmng.o
       516         50          0         20          0       1779   system_stm32f4xx.o
      3568        132        197         36          0      21351   tcp.o
      4768        230          0         32         16      14563   tcp_in.o
      3118          8          0          0          0       9639   tcp_out.o
      1972        228          0         28       2568      16941   tcp_server.o
       736         46          0          8         36       9892   tcpip.o
       756         28          0         32          0       3487   time.o
       552         28          0          8          0       3183   timers.o
       516         30          0          6          0       3217   uart1.o
       640         34          0          6          0       3346   uart2.o
       880         50          0         10        255       4361   uart3.o
       816         46          0         16         32       4025   uart4.o
       692         32          0         10         16       3488   uart5.o
       584         44          0         24          0       3762   uart6.o
      1176         88         58         72          0       4643   uartx.o
      1092         20          0          8          0       6746   udp.o
         0          0          0          1          0       3967   udpmain.o
      1370         36         21          0          0       3868   universalscom.o
      1800        136        204          4          0       7569   var.o
      5932         76         36          0          0      15549   varexp.o
      2498        134        158         36        592       9461   worker.o

    ----------------------------------------------------------------------
    152360       6362       3658       1424    1172016    1214387   Object Totals
         0          0         32          0          0          0   (incl. Generated)
        24          0         11         39          2          0   (incl. Padding)

    ----------------------------------------------------------------------

      Code (inc. data)   RO Data    RW Data    ZI Data      Debug   Library Member Name

        90          0          0          0          0          0   __dczerorl2.o
         8          0          0          0          0         68   __main.o
       392          4         17          0          0         92   __printf_flags_ss_wp.o
        14          0          0          0          0         68   __printf_wp.o
         0          0          0          0          0          0   __rtentry.o
        12          0          0          0          0          0   __rtentry2.o
         6          0          0          0          0          0   __rtentry4.o
        52          8          0          0          0          0   __scatter.o
        28          0          0          0          0          0   __scatter_zi.o
        28          0          0          0          0         68   _chval.o
        44          0          0          0          0        108   _printf_char.o
        48          6          0          0          0         96   _printf_char_common.o
         6          0          0          0          0          0   _printf_d.o
       120         16          0          0          0         92   _printf_dec.o
         6          0          0          0          0          0   _printf_f.o
      1054          0          0          0          0        216   _printf_fp_dec.o
       128         16          0          0          0         84   _printf_fp_infnan.o
        88          4         40          0          0         88   _printf_hex_int.o
       178          0          0          0          0         88   _printf_intcommon.o
        78          0          0          0          0        108   _printf_pad.o
         0          0          0          0          0          0   _printf_percent.o
         4          0          0          0          0          0   _printf_percent_end.o
         6          0          0          0          0          0   _printf_s.o
        82          0          0          0          0         80   _printf_str.o
         6          0          0          0          0          0   _printf_x.o
        22          0          0          0          0        100   _rserrno.o
        64          0          0          0          0         84   _sgetc.o
        10          0          0          0          0         68   _sputc.o
       158          0          0          0          0         92   _strtoul.o
        16          0          0          0          0         68   aeabi_memset.o
        26          0          0          0          0         80   atoi.o
       228          4        148          0          0         96   bigflt0.o
      2152        136          0          0          0        960   btod.o
        10          0          0          0          0         68   defsig_exit.o
        50          0          0          0          0         88   defsig_general.o
        80         58          0          0          0         76   defsig_rtmem_inner.o
        14          0          0          0          0         80   defsig_rtmem_outer.o
        18          0          0          0          0         80   exit.o
        94          0          0          0          0         80   h1_alloc.o
        52          0          0          0          0         68   h1_extend.o
        78          0          0          0          0         80   h1_free.o
        14          0          0          0          0         84   h1_init.o
       184          0          0          0          0         92   h1_realloc.o
         6          0          0          0          0        152   heapauxi.o
         4          0          0          0          0        136   hguard.o
         0          0          0          0          0          0   indicate_semi.o
       138          0          0          0          0        168   init_alloc.o
        18          0          0          0          0         76   isspace.o
        44         10        272          0          0         76   lc_ctype_c.o
        44         10         28          0          0         76   lc_numeric_c.o
         2          0          0          0          0          0   libinit.o
        38          0          0          0          0          0   libinit2.o
         2          0          0          0          0          0   libshutdown.o
         2          0          0          0          0          0   libshutdown2.o
         8          4          0          0         96         68   libspace.o
        38          0          0          0          0         68   llshl.o
       138          0          0          0          0         80   lludiv10.o
       238          0          0          0          0        100   lludivv7m.o
         0          0          0          0          0          0   maybetermalloc1.o
        88          0          0          0          0         76   memcmp.o
        40          6          0          0          0         84   noretval__2sprintf.o
        16          4          0          0          0         76   rt_ctype_table.o
         8          4          0          0          0         68   rt_errno_addr_intlibspace.o
         8          4          0          0          0         68   rt_heap_descriptor_intlibspace.o
         8          4          0          0          0         68   rt_locale_intlibspace.o
        68          0          0          0          0         68   rt_memclr.o
        78          0          0          0          0         80   rt_memclr_w.o
       138          0          0          0          0         68   rt_memcpy_v6.o
       100          0          0          0          0         80   rt_memcpy_w.o
         2          0          0          0          0          0   rtexit.o
        10          0          0          0          0          0   rtexit2.o
      1272         16          0          0          0        168   scanf_fp.o
       800         14          0          0          0        100   scanf_hexfp.o
       308         16          0          0          0        100   scanf_infnan.o
        20          0          0          0          0         68   strchr.o
       128          0          0          0          0         68   strcmpv7m.o
        62          0          0          0          0         76   strlen.o
       150          0          0          0          0         80   strncmp.o
        36          0          0          0          0         80   strstr.o
       164         14          0          0          0        120   strtod.o
       112          0          0          0          0         88   strtol.o
        12          4          0          0          0         68   sys_exit.o
        74          0          0          0          0         80   sys_stackheap_outer.o
        14          0          0          0          0         76   sys_wrch.o
         2          0          0          0          0         68   use_no_semi.o
        98          4          0          0          0         92   d2f.o
       826         16          0          0          0        348   daddsub_clz.o
        16          4          0          0          0         68   dcheck1.o
        24          0          0          0          0         68   dcmpi.o
       688        140          0          0          0        208   ddiv.o
       120          4          0          0          0         92   deqf.o
        94          4          0          0          0         92   dfix.o
        90          4          0          0          0         92   dfixu.o
        84          0          0          0          0        136   dflt_clz.o
       120          4          0          0          0         92   dleqf.o
       340         12          0          0          0        104   dmul.o
       156          4          0          0          0         92   dnaninf.o
        12          0          0          0          0         68   dretinf.o
       108          0          0          0          0         80   drleqf.o
       408         56          0          0          0        120   dsqrt_umaal.o
        86          4          0          0          0         84   f2d.o
       450          8          0          0          0        236   faddsub_clz.o
        24          0          0          0          0         68   fcmpi.o
       388         76          0          0          0         96   fdiv.o
       104          4          0          0          0         84   feqf.o
        54          4          0          0          0         84   ffix.o
        62          4          0          0          0         84   ffixu.o
        86          0          0          0          0        136   fflt_clz.o
       104          4          0          0          0         84   fleqf.o
       258          4          0          0          0         84   fmul.o
       140          4          0          0          0         84   fnaninf.o
         0          0         16          0          0          0   fpconst.o
        10          0          0          0          0         68   fretinf.o
        98          0          0          0          0         68   frleqf.o
         6          0          0          0          0         68   istatus.o
         4          0          0          0          0         68   printf1.o
       100          0          0          0          0         68   retnan.o
        92          0          0          0          0         68   scalbn.o
         4          0          0          0          0         68   scanf1.o
         8          0          0          0          0         84   scanf2.o
        48          0          0          0          0         68   trapv.o
         0          0          0          0          0          0   usenofp.o
        42          0          0          0          0         84   atof.o
        30          6          0          0          0        136   dunder.o
        40          0          0          0          0         68   fpclassify.o
        88          8          0          0          0         76   frexp.o
       138          0          0          0          0        160   ldexp.o
       204          4          0          0          0        168   narrow.o
        76          0          0          0          0         84   sqrt.o

    ----------------------------------------------------------------------
     16156        746        522          0         96      10856   Library Totals
        42          2          1          0          0          0   (incl. Padding)

    ----------------------------------------------------------------------

      Code (inc. data)   RO Data    RW Data    ZI Data      Debug   Library Name

     10186        362        505          0         96       6576   c_w.l
      5310        364         16          0          0       3504   fz_ws.l
       618         18          0          0          0        776   m_ws.l

    ----------------------------------------------------------------------
     16156        746        522          0         96      10856   Library Totals

    ----------------------------------------------------------------------

==============================================================================


      Code (inc. data)   RO Data    RW Data    ZI Data      Debug   

    168516       7108       4180       1424    1172112    1208131   Grand Totals
    168516       7108       4180        488    1172112    1208131   ELF Image Totals (compressed)
    168516       7108       4180        488          0          0   ROM Totals

==============================================================================

    Total RO  Size (Code + RO Data)               172696 ( 168.65kB)
    Total RW  Size (RW Data + ZI Data)           1173536 (1146.03kB)
    Total ROM Size (Code + RO Data + RW Data)     173184 ( 169.13kB)

==============================================================================

