Product: MDK-ARM Professional 5.10
Component: ARM Compiler 5.04 update 1 (build 49)
Tool: armlink [5040049]

==============================================================================

Section Cross References

    stm32f10x_gpio.o(.text) refers to stm32f10x_rcc.o(.text) for RCC_APB2PeriphResetCmd
    stm32f10x_rcc.o(.text) refers to stm32f10x_rcc.o(.data) for APBAHBPrescTable
    stm32f10x_tim.o(.text) refers to stm32f10x_rcc.o(.text) for RCC_APB2PeriphResetCmd
    stm32f10x_usart.o(.text) refers to stm32f10x_rcc.o(.text) for RCC_APB2PeriphResetCmd
    stm32f10x_adc.o(.text) refers to stm32f10x_rcc.o(.text) for RCC_APB2PeriphResetCmd
    stm32f10x_dac.o(.text) refers to stm32f10x_rcc.o(.text) for RCC_APB1PeriphResetCmd
    system_stm32f10x.o(.text) refers to system_stm32f10x.o(.data) for SystemCoreClock
    main.o(.text) refers to misc.o(.text) for NVIC_PriorityGroupConfig
    main.o(.text) refers to iox.o(.text) for GpioInit
    main.o(.text) refers to 74hc595.o(.text) for Init74HC595
    main.o(.text) refers to uartx.o(.text) for USART_Configuration
    main.o(.text) refers to _common.o(.text) for CalcCount
    main.o(.text) refers to cascade.o(.text) for Cascade_Host_Stat
    main.o(.text) refers to system_stm32f10x.o(.data) for SystemCoreClock
    main.o(.text) refers to main.o(.data) for led_ticks
    main.o(.text) refers to _common.o(.data) for sys_ticks
    startup_stm32f10x_hd.o(STACK) refers (Special) to heapauxi.o(.text) for __use_two_region_memory
    startup_stm32f10x_hd.o(HEAP) refers (Special) to heapauxi.o(.text) for __use_two_region_memory
    startup_stm32f10x_hd.o(RESET) refers (Special) to heapauxi.o(.text) for __use_two_region_memory
    startup_stm32f10x_hd.o(RESET) refers to startup_stm32f10x_hd.o(STACK) for __initial_sp
    startup_stm32f10x_hd.o(RESET) refers to startup_stm32f10x_hd.o(.text) for Reset_Handler
    startup_stm32f10x_hd.o(RESET) refers to stm32f10x_it.o(.text) for NMI_Handler
    startup_stm32f10x_hd.o(RESET) refers to _common.o(.text) for SysTick_Handler
    startup_stm32f10x_hd.o(RESET) refers to uart1.o(.text) for DMA1_Channel4_IRQHandler
    startup_stm32f10x_hd.o(RESET) refers to uart2.o(.text) for DMA1_Channel7_IRQHandler
    startup_stm32f10x_hd.o(.text) refers (Special) to heapauxi.o(.text) for __use_two_region_memory
    startup_stm32f10x_hd.o(.text) refers to system_stm32f10x.o(.text) for SystemInit
    startup_stm32f10x_hd.o(.text) refers to __main.o(!!!main) for __main
    startup_stm32f10x_hd.o(.text) refers to startup_stm32f10x_hd.o(HEAP) for Heap_Mem
    startup_stm32f10x_hd.o(.text) refers to startup_stm32f10x_hd.o(STACK) for Stack_Mem
    _common.o(.text) refers to _printf_percent.o(.ARM.Collect$$_printf_percent$$00000000) for _printf_percent
    _common.o(.text) refers to _printf_d.o(.ARM.Collect$$_printf_percent$$00000009) for _printf_d
    _common.o(.text) refers to _printf_s.o(.ARM.Collect$$_printf_percent$$00000014) for _printf_s
    _common.o(.text) refers to _printf_dec.o(.text) for _printf_int_dec
    _common.o(.text) refers to _printf_str.o(.text) for _printf_str
    _common.o(.text) refers to h1_free.o(.text) for free
    _common.o(.text) refers to h1_alloc.o(.text) for malloc
    _common.o(.text) refers to rt_memclr.o(.text) for __aeabi_memclr
    _common.o(.text) refers to h1_realloc.o(.text) for realloc
    _common.o(.text) refers to rt_memclr_w.o(.text) for __aeabi_memclr4
    _common.o(.text) refers to noretval__2sprintf.o(.text) for __2sprintf
    _common.o(.text) refers to strlen.o(.text) for strlen
    _common.o(.text) refers to _common.o(.constdata) for __FUNCTION__
    _common.o(.text) refers to _common.o(.data) for sys_ticks
    cmdparse.o(.text) refers to cascade.o(.text) for CascadeModbus_MapInit
    cmdparse.o(.text) refers to 74hc595.o(.text) for WriteToInLed
    cmdparse.o(.text) refers to _common.o(.text) for MODBUS_CRC16
    cmdparse.o(.text) refers to cmdparse.o(.data) for len
    cmdparse.o(.text) refers to cmdparse.o(.bss) for buf
    cascade.o(.text) refers to _common.o(.text) for assert
    cascade.o(.text) refers to cascade.o(.constdata) for __FUNCTION__
    cascade.o(.text) refers to modbus.o(.text) for ReadRegisterCmd
    cascade.o(.text) refers to universalscom.o(.text) for UniSerialSendCRC
    cascade.o(.text) refers to cascade.o(.data) for cascade_tmp_buf
    cascade.o(.text) refers to modbus.o(.bss) for g_modbusReg
    cascade.o(.text) refers to cascade.o(.bss) for cascade_data
    cascade.o(.text) refers to _common.o(.data) for sys_ticks
    cascade.o(.text) refers to uartx.o(.text) for USARTRT
    cascade.o(.text) refers to cmdparse.o(.text) for CmdParse
    modbus.o(.text) refers to _common.o(.text) for NewMemory
    modbus.o(.text) refers to universalscom.o(.text) for AddTxPlus
    modbus.o(.text) refers to modbus.o(.bss) for g_modbusCoil
    modbus.o(.text) refers to modbus.o(.constdata) for __FUNCTION__
    universalscom.o(.text) refers to _common.o(.text) for NewMemory
[...]
    ../fplib/fpinit.s                        0x00000000   Number         0  fpinit.o ABSOLUTE
    ..\Application\Cascade.c                 0x00000000   Number         0  cascade.o ABSOLUTE
    ..\Application\_common.c                 0x00000000   Number         0  _common.o ABSOLUTE
    ..\Application\cmdParse.c                0x00000000   Number         0  cmdparse.o ABSOLUTE
    ..\Application\modbus.c                  0x00000000   Number         0  modbus.o ABSOLUTE
    ..\Config\74HC595.c                      0x00000000   Number         0  74hc595.o ABSOLUTE
    ..\Config\dmax.c                         0x00000000   Number         0  dmax.o ABSOLUTE
    ..\Config\iox.c                          0x00000000   Number         0  iox.o ABSOLUTE
    ..\Config\uart1.c                        0x00000000   Number         0  uart1.o ABSOLUTE
    ..\Config\uart2.c                        0x00000000   Number         0  uart2.o ABSOLUTE
    ..\Config\uartx.c                        0x00000000   Number         0  uartx.o ABSOLUTE
    ..\Libraries\CMSIS\CM3\CoreSupport\core_cm3.c 0x00000000   Number         0  core_cm3.o ABSOLUTE
    ..\Libraries\STM32F10x_StdPeriph_Driver\src\misc.c 0x00000000   Number         0  misc.o ABSOLUTE
    ..\Libraries\STM32F10x_StdPeriph_Driver\src\stm32f10x_adc.c 0x00000000   Number         0  stm32f10x_adc.o ABSOLUTE
    ..\Libraries\STM32F10x_StdPeriph_Driver\src\stm32f10x_dac.c 0x00000000   Number         0  stm32f10x_dac.o ABSOLUTE
    ..\Libraries\STM32F10x_StdPeriph_Driver\src\stm32f10x_dma.c 0x00000000   Number         0  stm32f10x_dma.o ABSOLUTE
    ..\Libraries\STM32F10x_StdPeriph_Driver\src\stm32f10x_exti.c 0x00000000   Number         0  stm32f10x_exti.o ABSOLUTE
    ..\Libraries\STM32F10x_StdPeriph_Driver\src\stm32f10x_gpio.c 0x00000000   Number         0  stm32f10x_gpio.o ABSOLUTE
    ..\Libraries\STM32F10x_StdPeriph_Driver\src\stm32f10x_rcc.c 0x00000000   Number         0  stm32f10x_rcc.o ABSOLUTE
    ..\Libraries\STM32F10x_StdPeriph_Driver\src\stm32f10x_tim.c 0x00000000   Number         0  stm32f10x_tim.o ABSOLUTE
    ..\Libraries\STM32F10x_StdPeriph_Driver\src\stm32f10x_usart.c 0x00000000   Number         0  stm32f10x_usart.o ABSOLUTE
    ..\Resource\UniversalSCom.c              0x00000000   Number         0  universalscom.o ABSOLUTE
    ..\STM32F10x_StdPeriph_Template\main.c   0x00000000   Number         0  main.o ABSOLUTE
    ..\STM32F10x_StdPeriph_Template\startup_stm32f10x_hd.s 0x00000000   Number         0  startup_stm32f10x_hd.o ABSOLUTE
    ..\STM32F10x_StdPeriph_Template\stm32f10x_it.c 0x00000000   Number         0  stm32f10x_it.o ABSOLUTE
    ..\STM32F10x_StdPeriph_Template\system_stm32f10x.c 0x00000000   Number         0  system_stm32f10x.o ABSOLUTE
    ..\\Libraries\\CMSIS\\CM3\\CoreSupport\\core_cm3.c 0x00000000   Number         0  core_cm3.o ABSOLUTE
    dc.s                                     0x00000000   Number         0  dc.o ABSOLUTE
    RESET                                    0x08000000   Section      304  startup_stm32f10x_hd.o(RESET)
    !!!main                                  0x08000130   Section        8  __main.o(!!!main)
    !!!scatter                               0x08000138   Section       52  __scatter.o(!!!scatter)
    !!dczerorl2                              0x0800016c   Section       90  __dczerorl2.o(!!dczerorl2)
    !!handler_zi                             0x080001c8   Section       28  __scatter_zi.o(!!handler_zi)
    .ARM.Collect$$_printf_percent$$00000000  0x080001e4   Section        0  _printf_percent.o(.ARM.Collect$$_printf_percent$$00000000)
    .ARM.Collect$$_printf_percent$$00000009  0x080001e4   Section        6  _printf_d.o(.ARM.Collect$$_printf_percent$$00000009)
    .ARM.Collect$$_printf_percent$$00000014  0x080001ea   Section        6  _printf_s.o(.ARM.Collect$$_printf_percent$$00000014)
    .ARM.Collect$$_printf_percent$$00000017  0x080001f0   Section        4  _printf_percent_end.o(.ARM.Collect$$_printf_percent$$00000017)
    .ARM.Collect$$libinit$$00000000          0x080001f4   Section        2  libinit.o(.ARM.Collect$$libinit$$00000000)
    .ARM.Collect$$libinit$$00000002          0x080001f6   Section        0  libinit2.o(.ARM.Collect$$libinit$$00000002)
    .ARM.Collect$$libinit$$00000003          0x080001f6   Section        8  libinit2.o(.ARM.Collect$$libinit$$00000003)
    .ARM.Collect$$libinit$$00000008          0x080001fe   Section        0  libinit2.o(.ARM.Collect$$libinit$$00000008)
    .ARM.Collect$$libinit$$0000000A          0x080001fe   Section        0  libinit2.o(.ARM.Collect$$libinit$$0000000A)
    .ARM.Collect$$libinit$$0000000C          0x080001fe   Section        0  libinit2.o(.ARM.Collect$$libinit$$0000000C)
    .ARM.Collect$$libinit$$0000000F          0x080001fe   Section        0  libinit2.o(.ARM.Collect$$libinit$$0000000F)
    .ARM.Collect$$libinit$$00000011          0x080001fe   Section        0  libinit2.o(.ARM.Collect$$libinit$$00000011)
    .ARM.Collect$$libinit$$00000013          0x080001fe   Section        0  libinit2.o(.ARM.Collect$$libinit$$00000013)
    .ARM.Collect$$libinit$$00000015          0x080001fe   Section        0  libinit2.o(.ARM.Collect$$libinit$$00000015)
    .ARM.Collect$$libinit$$00000017          0x080001fe   Section        0  libinit2.o(.ARM.Collect$$libinit$$00000017)
    .ARM.Collect$$libinit$$00000019          0x080001fe   Section        0  libinit2.o(.ARM.Collect$$libinit$$00000019)
    .ARM.Collect$$libinit$$0000001B          0x080001fe   Section        0  libinit2.o(.ARM.Collect$$libinit$$0000001B)
    .ARM.Collect$$libinit$$0000001D          0x080001fe   Section        0  libinit2.o(.ARM.Collect$$libinit$$0000001D)
    .ARM.Collect$$libinit$$0000001F          0x080001fe   Section        0  libinit2.o(.ARM.Collect$$libinit$$0000001F)
    .ARM.Collect$$libinit$$00000021          0x080001fe   Section        0  libinit2.o(.ARM.Collect$$libinit$$00000021)
    .ARM.Collect$$libinit$$00000023          0x080001fe   Section        0  libinit2.o(.ARM.Collect$$libinit$$00000023)
    .ARM.Collect$$libinit$$0000002A          0x080001fe   Section        0  libinit2.o(.ARM.Collect$$libinit$$0000002A)
    .ARM.Collect$$libinit$$0000002C          0x080001fe   Section        0  libinit2.o(.ARM.Collect$$libinit$$0000002C)
    .ARM.Collect$$libinit$$0000002E          0x080001fe   Section        0  libinit2.o(.ARM.Collect$$libinit$$0000002E)
    .ARM.Collect$$libinit$$00000030          0x080001fe   Section        0  libinit2.o(.ARM.Collect$$libinit$$00000030)
    .ARM.Collect$$libinit$$00000031          0x080001fe   Section        2  libinit2.o(.ARM.Collect$$libinit$$00000031)
    .ARM.Collect$$libshutdown$$00000000      0x08000200   Section        2  libshutdown.o(.ARM.Collect$$libshutdown$$00000000)
    .ARM.Collect$$libshutdown$$00000003      0x08000202   Section        0  libshutdown2.o(.ARM.Collect$$libshutdown$$00000003)
    .ARM.Collect$$libshutdown$$00000006      0x08000202   Section        0  libshutdown2.o(.ARM.Collect$$libshutdown$$00000006)
    .ARM.Collect$$libshutdown$$00000009      0x08000202   Section        0  libshutdown2.o(.ARM.Collect$$libshutdown$$00000009)
    .ARM.Collect$$libshutdown$$0000000B      0x08000202   Section        0  libshutdown2.o(.ARM.Collect$$libshutdown$$0000000B)
    .ARM.Collect$$libshutdown$$0000000E      0x08000202   Section        0  libshutdown2.o(.ARM.Collect$$libshutdown$$0000000E)
    .ARM.Collect$$libshutdown$$0000000F      0x08000202   Section        2  libshutdown2.o(.ARM.Collect$$libshutdown$$0000000F)
    .ARM.Collect$$rtentry$$00000000          0x08000204   Section        0  rtentry.o(.ARM.Collect$$rtentry$$00000000)
    .ARM.Collect$$rtentry$$00000002          0x08000204   Section        0  rtentry2.o(.ARM.Collect$$rtentry$$00000002)
    .ARM.Collect$$rtentry$$00000004          0x08000204   Section        6  rtentry4.o(.ARM.Collect$$rtentry$$00000004)
    .ARM.Collect$$rtentry$$00000009          0x0800020a   Section        0  rtentry2.o(.ARM.Collect$$rtentry$$00000009)
    .ARM.Collect$$rtentry$$0000000A          0x0800020a   Section        4  rtentry2.o(.ARM.Collect$$rtentry$$0000000A)
    .ARM.Collect$$rtentry$$0000000C          0x0800020e   Section        0  rtentry2.o(.ARM.Collect$$rtentry$$0000000C)
    .ARM.Collect$$rtentry$$0000000D          0x0800020e   Section        8  rtentry2.o(.ARM.Collect$$rtentry$$0000000D)
    .ARM.Collect$$rtexit$$00000000           0x08000216   Section        2  rtexit.o(.ARM.Collect$$rtexit$$00000000)
    .ARM.Collect$$rtexit$$00000002           0x08000218   Section        0  rtexit2.o(.ARM.Collect$$rtexit$$00000002)
    .ARM.Collect$$rtexit$$00000003           0x08000218   Section        4  rtexit2.o(.ARM.Collect$$rtexit$$00000003)
    .ARM.Collect$$rtexit$$00000004           0x0800021c   Section        6  rtexit2.o(.ARM.Collect$$rtexit$$00000004)
    .emb_text                                0x08000224   Section        0  maybetermalloc1.o(.emb_text)
    .text                                    0x08000224   Section        0  misc.o(.text)
    .text                                    0x08000300   Section        0  stm32f10x_gpio.o(.text)
    .text                                    0x0800065c   Section        0  stm32f10x_rcc.o(.text)
    .text                                    0x08000a00   Section        0  stm32f10x_usart.o(.text)
    .text                                    0x08000e08   Section        0  stm32f10x_dma.o(.text)
    .text                                    0x0800105c   Section        0  stm32f10x_it.o(.text)
    .text                                    0x08001074   Section        0  system_stm32f10x.o(.text)
    SetSysClockTo72                          0x08001075   Thumb Code   214  system_stm32f10x.o(.text)
    SetSysClock                              0x0800114b   Thumb Code     8  system_stm32f10x.o(.text)
    .text                                    0x08001254   Section        0  main.o(.text)
    .text                                    0x08001334   Section       64  startup_stm32f10x_hd.o(.text)
    .text                                    0x08001374   Section        0  _common.o(.text)
    .text                                    0x08001730   Section        0  cmdparse.o(.text)
    .text                                    0x08001850   Section        0  cascade.o(.text)
    .text                                    0x08003d80   Section        0  modbus.o(.text)
    .text                                    0x0800542c   Section        0  universalscom.o(.text)
    .text                                    0x080056f4   Section        0  iox.o(.text)
    .text                                    0x08005790   Section        0  74hc595.o(.text)
    .text                                    0x080058c0   Section        0  uart2.o(.text)
    .text                                    0x08005c88   Section        0  uartx.o(.text)
    .text                                    0x0800601c   Section        0  dmax.o(.text)
    .text                                    0x080060a8   Section        0  uart1.o(.text)
    .text                                    0x0800645c   Section        0  h1_alloc.o(.text)
    .text                                    0x080064ba   Section        0  h1_free.o(.text)
    .text                                    0x08006508   Section        0  h1_realloc.o(.text)
    .text                                    0x080065c0   Section        0  noretval__2sprintf.o(.text)
    .text                                    0x080065e8   Section        0  __printf.o(.text)
    .text                                    0x08006650   Section        0  _printf_str.o(.text)
    .text                                    0x080066a4   Section        0  _printf_dec.o(.text)
    .text                                    0x08006718   Section        0  strlen.o(.text)
    .text                                    0x08006756   Section       68  rt_memclr.o(.text)
    .text                                    0x0800679a   Section       78  rt_memclr_w.o(.text)
    .text                                    0x080067e8   Section        0  heapauxi.o(.text)
    .text                                    0x080067f0   Section        8  rt_heap_descriptor_intlibspace.o(.text)
    .text                                    0x080067f8   Section        0  hguard.o(.text)
    .text                                    0x080067fc   Section        0  init_alloc.o(.text)
    .text                                    0x08006886   Section        0  h1_init.o(.text)
    .text                                    0x08006894   Section        0  _printf_intcommon.o(.text)
    .text                                    0x08006948   Section        0  _printf_char_common.o(.text)
    _printf_input_char                       0x08006949   Thumb Code    10  _printf_char_common.o(.text)
    .text                                    0x08006978   Section        0  _sputc.o(.text)
    .text                                    0x08006982   Section        0  _printf_char.o(.text)
    .text                                    0x080069ae   Section      100  rt_memcpy_w.o(.text)
    .text                                    0x08006a14   Section        8  libspace.o(.text)
    .text                                    0x08006a1c   Section        0  h1_extend.o(.text)
    .text                                    0x08006a50   Section        0  defsig_rtmem_outer.o(.text)
    .text                                    0x08006a5e   Section        2  use_no_semi.o(.text)
    .text                                    0x08006a60   Section       74  sys_stackheap_outer.o(.text)
    .text                                    0x08006a60   Section        0  indicate_semi.o(.text)
    .text                                    0x08006aaa   Section        0  exit.o(.text)
    .text                                    0x08006ab6   Section        0  defsig_exit.o(.text)
    .text                                    0x08006ac0   Section        0  defsig_rtmem_inner.o(.text)
    .text                                    0x08006b10   Section        0  sys_exit.o(.text)
    .text                                    0x08006b1c   Section        0  defsig_general.o(.text)
    .text                                    0x08006b4e   Section        0  sys_wrch.o(.text)
    .constdata                               0x08006b5c   Section      540  _common.o(.constdata)
    __FUNCTION__                             0x08006d5c   Data           7  _common.o(.constdata)
    __FUNCTION__                             0x08006d63   Data          13  _common.o(.constdata)
    __FUNCTION__                             0x08006d70   Data           8  _common.o(.constdata)
    .constdata                               0x08006d78   Section      365  cascade.o(.constdata)
    __FUNCTION__                             0x08006d78   Data          12  cascade.o(.constdata)
    __FUNCTION__                             0x08006d84   Data          11  cascade.o(.constdata)
    __FUNCTION__                             0x08006d8f   Data          10  cascade.o(.constdata)
    __FUNCTION__                             0x08006d99   Data           9  cascade.o(.constdata)
    __FUNCTION__                             0x08006da2   Data          12  cascade.o(.constdata)
    __FUNCTION__                             0x08006dae   Data          13  cascade.o(.constdata)
    __FUNCTION__                             0x08006dbb   Data          13  cascade.o(.constdata)
    __FUNCTION__                             0x08006dc8   Data          10  cascade.o(.constdata)
    __FUNCTION__                             0x08006dd2   Data          11  cascade.o(.constdata)
    __FUNCTION__                             0x08006ddd   Data          11  cascade.o(.constdata)
    __FUNCTION__                             0x08006de8   Data          11  cascade.o(.constdata)
    __FUNCTION__                             0x08006df3   Data           8  cascade.o(.constdata)
    __FUNCTION__                             0x08006dfb   Data          23  cascade.o(.constdata)
    __FUNCTION__                             0x08006e12   Data          22  cascade.o(.constdata)
    __FUNCTION__                             0x08006e28   Data          25  cascade.o(.constdata)
    __FUNCTION__                             0x08006e41   Data          24  cascade.o(.constdata)
    __FUNCTION__                             0x08006e59   Data          24  cascade.o(.constdata)
    __FUNCTION__                             0x08006e71   Data          23  cascade.o(.constdata)
    __FUNCTION__                             0x08006e88   Data          26  cascade.o(.constdata)
    __FUNCTION__                             0x08006ea2   Data          25  cascade.o(.constdata)
    __FUNCTION__                             0x08006ebb   Data          24  cascade.o(.constdata)
    __FUNCTION__                             0x08006ed3   Data          18  cascade.o(.constdata)
    .constdata                               0x08006ee5   Section      303  modbus.o(.constdata)
    __FUNCTION__                             0x08006ee5   Data           9  modbus.o(.constdata)
    __FUNCTION__                             0x08006eee   Data          10  modbus.o(.constdata)
    __FUNCTION__                             0x08006ef8   Data          17  modbus.o(.constdata)
    __FUNCTION__                             0x08006f09   Data          22  modbus.o(.constdata)
    __FUNCTION__                             0x08006f1f   Data          16  modbus.o(.constdata)
    __FUNCTION__                             0x08006f2f   Data          18  modbus.o(.constdata)
    __FUNCTION__                             0x08006f41   Data          13  modbus.o(.constdata)
    __FUNCTION__                             0x08006f4e   Data          18  modbus.o(.constdata)
    __FUNCTION__                             0x08006f60   Data          14  modbus.o(.constdata)
    __FUNCTION__                             0x08006f6e   Data          12  modbus.o(.constdata)
    __FUNCTION__                             0x08006f7a   Data          15  modbus.o(.constdata)
    __FUNCTION__                             0x08006f89   Data          17  modbus.o(.constdata)
    __FUNCTION__                             0x08006f9a   Data          19  modbus.o(.constdata)
    __FUNCTION__                             0x08006fad   Data          21  modbus.o(.constdata)
    __FUNCTION__                             0x08006fc2   Data          16  modbus.o(.constdata)
    __FUNCTION__                             0x08006fd2   Data          20  modbus.o(.constdata)
    __FUNCTION__                             0x08006fe6   Data          21  modbus.o(.constdata)
    __FUNCTION__                             0x08006ffb   Data          25  modbus.o(.constdata)
    .constdata                               0x08007014   Section       10  universalscom.o(.constdata)
    __FUNCTION__                             0x08007014   Data          10  universalscom.o(.constdata)
    .constdata                               0x0800701e   Section       66  uartx.o(.constdata)
    __FUNCTION__                             0x0800701e   Data          16  uartx.o(.constdata)
    __FUNCTION__                             0x0800702e   Data          15  uartx.o(.constdata)
    __FUNCTION__                             0x0800703d   Data           9  uartx.o(.constdata)
    __FUNCTION__                             0x08007046   Data          10  uartx.o(.constdata)
    __FUNCTION__                             0x08007050   Data           8  uartx.o(.constdata)
    __FUNCTION__                             0x08007058   Data           8  uartx.o(.constdata)
    .data                                    0x20000000   Section       20  stm32f10x_rcc.o(.data)
    APBAHBPrescTable                         0x20000000   Data          16  stm32f10x_rcc.o(.data)
    ADCPrescTable                            0x20000010   Data           4  stm32f10x_rcc.o(.data)
    .data                                    0x20000014   Section       20  system_stm32f10x.o(.data)
    .data                                    0x20000028   Section       12  main.o(.data)
    led_ticks                                0x20000030   Data           4  main.o(.data)
    .data                                    0x20000034   Section        4  _common.o(.data)
    .data                                    0x20000038   Section        2  cmdparse.o(.data)
    len                                      0x20000038   Data           2  cmdparse.o(.data)
    .data                                    0x2000003c   Section      180  cascade.o(.data)
    recvBuf                                  0x200000a0   Data           4  cascade.o(.data)
    cmdLen                                   0x200000a4   Data           1  cascade.o(.data)
    recvLen                                  0x200000a6   Data           2  cascade.o(.data)
    ret                                      0x200000a8   Data           4  cascade.o(.data)
    stat                                     0x200000ac   Data           4  cascade.o(.data)
    recvBuf                                  0x200000b0   Data           4  cascade.o(.data)
    cmdLen                                   0x200000b4   Data           1  cascade.o(.data)
    recvLen                                  0x200000b6   Data           2  cascade.o(.data)
    ret                                      0x200000b8   Data           4  cascade.o(.data)
    stat                                     0x200000bc   Data           4  cascade.o(.data)
    ret                                      0x200000c0   Data           4  cascade.o(.data)
    recvBuf                                  0x200000c4   Data           4  cascade.o(.data)
    cmdLen                                   0x200000c8   Data           1  cascade.o(.data)
    recvLen                                  0x200000ca   Data           2  cascade.o(.data)
    stat                                     0x200000cc   Data           4  cascade.o(.data)
    ret                                      0x200000d0   Data           4  cascade.o(.data)
    recvBuf                                  0x200000d4   Data           4  cascade.o(.data)
    cmdLen                                   0x200000d8   Data           1  cascade.o(.data)
    recvLen                                  0x200000da   Data           2  cascade.o(.data)
    stat                                     0x200000dc   Data           4  cascade.o(.data)
    led_ticks                                0x200000e0   Data           4  cascade.o(.data)
    i                                        0x200000e4   Data           1  cascade.o(.data)
    led_ticks                                0x200000e8   Data           4  cascade.o(.data)
    i                                        0x200000ec   Data           1  cascade.o(.data)
    txlen                                    0x200000ee   Data           2  cascade.o(.data)
    .data                                    0x200000f0   Section       16  universalscom.o(.data)
    stat                                     0x200000f0   Data           4  universalscom.o(.data)
    stat                                     0x200000f4   Data           4  universalscom.o(.data)
    sendBuf                                  0x200000f8   Data           4  universalscom.o(.data)
    ret                                      0x200000fc   Data           4  universalscom.o(.data)
    .data                                    0x20000100   Section       14  uart2.o(.data)
    stat                                     0x20000100   Data           4  uart2.o(.data)
    dobuf                                    0x20000104   Data           4  uart2.o(.data)
    ticks                                    0x20000108   Data           4  uart2.o(.data)
    crc                                      0x2000010c   Data           2  uart2.o(.data)
    .data                                    0x20000110   Section       96  uartx.o(.data)
    .data                                    0x20000170   Section       14  uart1.o(.data)
    stat                                     0x20000170   Data           4  uart1.o(.data)
    crc                                      0x20000174   Data           2  uart1.o(.data)
    rtbuf                                    0x20000178   Data           4  uart1.o(.data)
    rtlen                                    0x2000017c   Data           2  uart1.o(.data)
    .bss                                     0x20000180   Section       10  cmdparse.o(.bss)
    buf                                      0x20000180   Data          10  cmdparse.o(.bss)
    .bss                                     0x2000018c   Section     7939  cascade.o(.bss)
    txbuf                                    0x20001f90   Data         255  cascade.o(.bss)
    .bss                                     0x20002090   Section     2128  modbus.o(.bss)
    .bss                                     0x200028e0   Section      908  uart2.o(.bss)
    .bss                                     0x20002c6c   Section      908  uart1.o(.bss)
    .bss                                     0x20002ff8   Section       96  libspace.o(.bss)
    HEAP                                     0x20003058   Section     8192  startup_stm32f10x_hd.o(HEAP)
    Heap_Mem                                 0x20003058   Data        8192  startup_stm32f10x_hd.o(HEAP)
    STACK                                    0x20005058   Section     1024  startup_stm32f10x_hd.o(STACK)
    Stack_Mem                                0x20005058   Data        1024  startup_stm32f10x_hd.o(STACK)
    __initial_sp                             0x20005458   Data           0  startup_stm32f10x_hd.o(STACK)

    Global Symbols

    Symbol Name                              Value     Ov Type        Size  Object(Section)

    BuildAttributes$$THM_ISAv4$P$D$K$B$S$PE$A:L22UL41UL21$X:L11$S22US41US21$IEEE1$IW$USESV6$~STKCKD$USESV7$~SHL$OTIME$ROPI$EBA8$UX$STANDARDLIB$REQ8$PRES8$EABIv2 0x00000000   Number         0  anon$$obj.o ABSOLUTE
    __ARM_use_no_argv                        0x00000000   Number         0  main.o ABSOLUTE
    __ARM_exceptions_init                     - Undefined Weak Reference
    __alloca_initialize                       - Undefined Weak Reference
    __cpp_initialize__aeabi_                  - Undefined Weak Reference
    __cxa_finalize                            - Undefined Weak Reference
    __rt_locale                               - Undefined Weak Reference
    __sigvec_lookup                           - Undefined Weak Reference
    __user_heap_extent                        - Undefined Weak Reference
    _atexit_init                              - Undefined Weak Reference
    _call_atexit_fns                          - Undefined Weak Reference
    _clock_init                               - Undefined Weak Reference
    _fp_trap_init                             - Undefined Weak Reference
    _fp_trap_shutdown                         - Undefined Weak Reference
    _get_lc_collate                           - Undefined Weak Reference
    _get_lc_ctype                             - Undefined Weak Reference
    _get_lc_monetary                          - Undefined Weak Reference
    _get_lc_numeric                           - Undefined Weak Reference
    _get_lc_time                              - Undefined Weak Reference
    _getenv_init                              - Undefined Weak Reference
    _handle_redirection                       - Undefined Weak Reference
    _initio                                   - Undefined Weak Reference
    _mutex_acquire                            - Undefined Weak Reference
    _mutex_free                               - Undefined Weak Reference
    _mutex_release                            - Undefined Weak Reference
    _printf_mbtowc                            - Undefined Weak Reference
    _printf_post_padding                      - Undefined Weak Reference
    _printf_pre_padding                       - Undefined Weak Reference
    _printf_truncate_signed                   - Undefined Weak Reference
    _printf_truncate_unsigned                 - Undefined Weak Reference
    _rand_init                                - Undefined Weak Reference
    _signal_finish                            - Undefined Weak Reference
    _signal_init                              - Undefined Weak Reference
    _terminateio                              - Undefined Weak Reference
    __Vectors_Size                           0x00000130   Number         0  startup_stm32f10x_hd.o ABSOLUTE
    __Vectors                                0x08000000   Data           4  startup_stm32f10x_hd.o(RESET)
    __Vectors_End                            0x08000130   Data           0  startup_stm32f10x_hd.o(RESET)
    __main                                   0x08000131   Thumb Code     8  __main.o(!!!main)
    __scatterload                            0x08000139   Thumb Code     0  __scatter.o(!!!scatter)
    __scatterload_rt2                        0x08000139   Thumb Code    44  __scatter.o(!!!scatter)
    __scatterload_rt2_thumb_only             0x08000139   Thumb Code     0  __scatter.o(!!!scatter)
    __scatterload_null                       0x08000147   Thumb Code     0  __scatter.o(!!!scatter)
    __decompress                             0x0800016d   Thumb Code    90  __dczerorl2.o(!!dczerorl2)
    __decompress1                            0x0800016d   Thumb Code     0  __dczerorl2.o(!!dczerorl2)
    __scatterload_zeroinit                   0x080001c9   Thumb Code    28  __scatter_zi.o(!!handler_zi)
    _printf_d                                0x080001e5   Thumb Code     0  _printf_d.o(.ARM.Collect$$_printf_percent$$00000009)
    _printf_percent                          0x080001e5   Thumb Code     0  _printf_percent.o(.ARM.Collect$$_printf_percent$$00000000)
    _printf_s                                0x080001eb   Thumb Code     0  _printf_s.o(.ARM.Collect$$_printf_percent$$00000014)
    _printf_percent_end                      0x080001f1   Thumb Code     0  _printf_percent_end.o(.ARM.Collect$$_printf_percent$$00000017)
    __rt_lib_init                            0x080001f5   Thumb Code     0  libinit.o(.ARM.Collect$$libinit$$00000000)
    __rt_lib_init_fp_1                       0x080001f7   Thumb Code     0  libinit2.o(.ARM.Collect$$libinit$$00000002)
    __rt_lib_init_heap_2                     0x080001f7   Thumb Code     0  libinit2.o(.ARM.Collect$$libinit$$00000003)
    __rt_lib_init_alloca_1                   0x080001ff   Thumb Code     0  libinit2.o(.ARM.Collect$$libinit$$0000002C)
    __rt_lib_init_argv_1                     0x080001ff   Thumb Code     0  libinit2.o(.ARM.Collect$$libinit$$0000002A)
    __rt_lib_init_atexit_1                   0x080001ff   Thumb Code     0  libinit2.o(.ARM.Collect$$libinit$$00000019)
    __rt_lib_init_clock_1                    0x080001ff   Thumb Code     0  libinit2.o(.ARM.Collect$$libinit$$0000001F)
    __rt_lib_init_cpp_1                      0x080001ff   Thumb Code     0  libinit2.o(.ARM.Collect$$libinit$$00000030)
    __rt_lib_init_exceptions_1               0x080001ff   Thumb Code     0  libinit2.o(.ARM.Collect$$libinit$$0000002E)
    __rt_lib_init_fp_trap_1                  0x080001ff   Thumb Code     0  libinit2.o(.ARM.Collect$$libinit$$0000001D)
    __rt_lib_init_getenv_1                   0x080001ff   Thumb Code     0  libinit2.o(.ARM.Collect$$libinit$$00000021)
    __rt_lib_init_heap_1                     0x080001ff   Thumb Code     0  libinit2.o(.ARM.Collect$$libinit$$00000008)
    __rt_lib_init_lc_collate_1               0x080001ff   Thumb Code     0  libinit2.o(.ARM.Collect$$libinit$$0000000F)
    __rt_lib_init_lc_ctype_1                 0x080001ff   Thumb Code     0  libinit2.o(.ARM.Collect$$libinit$$00000011)
    __rt_lib_init_lc_monetary_1              0x080001ff   Thumb Code     0  libinit2.o(.ARM.Collect$$libinit$$00000013)
    __rt_lib_init_lc_numeric_1               0x080001ff   Thumb Code     0  libinit2.o(.ARM.Collect$$libinit$$00000015)
    __rt_lib_init_lc_time_1                  0x080001ff   Thumb Code     0  libinit2.o(.ARM.Collect$$libinit$$00000017)
    __rt_lib_init_rand_1                     0x080001ff   Thumb Code     0  libinit2.o(.ARM.Collect$$libinit$$0000000C)
    __rt_lib_init_return                     0x080001ff   Thumb Code     0  libinit2.o(.ARM.Collect$$libinit$$00000031)
    __rt_lib_init_signal_1                   0x080001ff   Thumb Code     0  libinit2.o(.ARM.Collect$$libinit$$0000001B)
    __rt_lib_init_stdio_1                    0x080001ff   Thumb Code     0  libinit2.o(.ARM.Collect$$libinit$$00000023)
    __rt_lib_init_user_alloc_1               0x080001ff   Thumb Code     0  libinit2.o(.ARM.Collect$$libinit$$0000000A)
    __rt_lib_shutdown                        0x08000201   Thumb Code     0  libshutdown.o(.ARM.Collect$$libshutdown$$00000000)
    __rt_lib_shutdown_fp_trap_1              0x08000203   Thumb Code     0  libshutdown2.o(.ARM.Collect$$libshutdown$$00000006)
    __rt_lib_shutdown_heap_1                 0x08000203   Thumb Code     0  libshutdown2.o(.ARM.Collect$$libshutdown$$0000000E)
    __rt_lib_shutdown_return                 0x08000203   Thumb Code     0  libshutdown2.o(.ARM.Collect$$libshutdown$$0000000F)
    __rt_lib_shutdown_signal_1               0x08000203   Thumb Code     0  libshutdown2.o(.ARM.Collect$$libshutdown$$00000009)
    __rt_lib_shutdown_stdio_1                0x08000203   Thumb Code     0  libshutdown2.o(.ARM.Collect$$libshutdown$$00000003)
    __rt_lib_shutdown_user_alloc_1           0x08000203   Thumb Code     0  libshutdown2.o(.ARM.Collect$$libshutdown$$0000000B)
    __rt_entry                               0x08000205   Thumb Code     0  rtentry.o(.ARM.Collect$$rtentry$$00000000)
    __rt_entry_presh_1                       0x08000205   Thumb Code     0  rtentry2.o(.ARM.Collect$$rtentry$$00000002)
    __rt_entry_sh                            0x08000205   Thumb Code     0  rtentry4.o(.ARM.Collect$$rtentry$$00000004)
    __rt_entry_li                            0x0800020b   Thumb Code     0  rtentry2.o(.ARM.Collect$$rtentry$$0000000A)
    __rt_entry_postsh_1                      0x0800020b   Thumb Code     0  rtentry2.o(.ARM.Collect$$rtentry$$00000009)
    __rt_entry_main                          0x0800020f   Thumb Code     0  rtentry2.o(.ARM.Collect$$rtentry$$0000000D)
    __rt_entry_postli_1                      0x0800020f   Thumb Code     0  rtentry2.o(.ARM.Collect$$rtentry$$0000000C)
    __rt_exit                                0x08000217   Thumb Code     0  rtexit.o(.ARM.Collect$$rtexit$$00000000)
    __rt_exit_ls                             0x08000219   Thumb Code     0  rtexit2.o(.ARM.Collect$$rtexit$$00000003)
    __rt_exit_prels_1                        0x08000219   Thumb Code     0  rtexit2.o(.ARM.Collect$$rtexit$$00000002)
    __rt_exit_exit                           0x0800021d   Thumb Code     0  rtexit2.o(.ARM.Collect$$rtexit$$00000004)
    NVIC_PriorityGroupConfig                 0x08000225   Thumb Code    10  misc.o(.text)
    _maybe_terminate_alloc                   0x08000225   Thumb Code     0  maybetermalloc1.o(.emb_text)
    NVIC_Init                                0x0800022f   Thumb Code   100  misc.o(.text)
    NVIC_SetVectorTable                      0x08000293   Thumb Code    14  misc.o(.text)
    NVIC_SystemLPConfig                      0x080002a1   Thumb Code    34  misc.o(.text)
    SysTick_CLKSourceConfig                  0x080002c3   Thumb Code    40  misc.o(.text)
    GPIO_DeInit                              0x08000301   Thumb Code   172  stm32f10x_gpio.o(.text)
    GPIO_AFIODeInit                          0x080003ad   Thumb Code    20  stm32f10x_gpio.o(.text)
    GPIO_Init                                0x080003c1   Thumb Code   278  stm32f10x_gpio.o(.text)
    GPIO_StructInit                          0x080004d7   Thumb Code    16  stm32f10x_gpio.o(.text)
    GPIO_ReadInputDataBit                    0x080004e7   Thumb Code    18  stm32f10x_gpio.o(.text)
    GPIO_ReadInputData                       0x080004f9   Thumb Code     8  stm32f10x_gpio.o(.text)
    GPIO_ReadOutputDataBit                   0x08000501   Thumb Code    18  stm32f10x_gpio.o(.text)
    GPIO_ReadOutputData                      0x08000513   Thumb Code     8  stm32f10x_gpio.o(.text)
    GPIO_SetBits                             0x0800051b   Thumb Code     4  stm32f10x_gpio.o(.text)
    GPIO_ResetBits                           0x0800051f   Thumb Code     4  stm32f10x_gpio.o(.text)
    GPIO_WriteBit                            0x08000523   Thumb Code    10  stm32f10x_gpio.o(.text)
    GPIO_Write                               0x0800052d   Thumb Code     4  stm32f10x_gpio.o(.text)
    GPIO_PinLockConfig                       0x08000531   Thumb Code    18  stm32f10x_gpio.o(.text)
    GPIO_EventOutputConfig                   0x08000543   Thumb Code    26  stm32f10x_gpio.o(.text)
    GPIO_EventOutputCmd                      0x0800055d   Thumb Code     6  stm32f10x_gpio.o(.text)
    GPIO_PinRemapConfig                      0x08000563   Thumb Code   138  stm32f10x_gpio.o(.text)
    GPIO_EXTILineConfig                      0x080005ed   Thumb Code    66  stm32f10x_gpio.o(.text)
    GPIO_ETH_MediaInterfaceConfig            0x0800062f   Thumb Code     8  stm32f10x_gpio.o(.text)
    RCC_DeInit                               0x0800065d   Thumb Code    64  stm32f10x_rcc.o(.text)
    RCC_HSEConfig                            0x0800069d   Thumb Code    70  stm32f10x_rcc.o(.text)
    RCC_GetFlagStatus                        0x080006e3   Thumb Code    56  stm32f10x_rcc.o(.text)
    RCC_WaitForHSEStartUp                    0x0800071b   Thumb Code    56  stm32f10x_rcc.o(.text)
    RCC_AdjustHSICalibrationValue            0x08000753   Thumb Code    20  stm32f10x_rcc.o(.text)
    RCC_HSICmd                               0x08000767   Thumb Code     6  stm32f10x_rcc.o(.text)
    RCC_PLLConfig                            0x0800076d   Thumb Code    24  stm32f10x_rcc.o(.text)
    RCC_PLLCmd                               0x08000785   Thumb Code     6  stm32f10x_rcc.o(.text)
    RCC_SYSCLKConfig                         0x0800078b   Thumb Code    18  stm32f10x_rcc.o(.text)
    RCC_GetSYSCLKSource                      0x0800079d   Thumb Code    10  stm32f10x_rcc.o(.text)
    RCC_HCLKConfig                           0x080007a7   Thumb Code    18  stm32f10x_rcc.o(.text)
    RCC_PCLK1Config                          0x080007b9   Thumb Code    18  stm32f10x_rcc.o(.text)
    RCC_PCLK2Config                          0x080007cb   Thumb Code    20  stm32f10x_rcc.o(.text)
    RCC_ITConfig                             0x080007df   Thumb Code    26  stm32f10x_rcc.o(.text)
    RCC_USBCLKConfig                         0x080007f9   Thumb Code     8  stm32f10x_rcc.o(.text)
    RCC_ADCCLKConfig                         0x08000801   Thumb Code    18  stm32f10x_rcc.o(.text)
    RCC_LSEConfig                            0x08000813   Thumb Code    50  stm32f10x_rcc.o(.text)
    RCC_LSICmd                               0x08000845   Thumb Code     6  stm32f10x_rcc.o(.text)
    RCC_RTCCLKConfig                         0x0800084b   Thumb Code    12  stm32f10x_rcc.o(.text)
    RCC_RTCCLKCmd                            0x08000857   Thumb Code     8  stm32f10x_rcc.o(.text)
    RCC_GetClocksFreq                        0x0800085f   Thumb Code   192  stm32f10x_rcc.o(.text)
    RCC_AHBPeriphClockCmd                    0x0800091f   Thumb Code    26  stm32f10x_rcc.o(.text)
    RCC_APB2PeriphClockCmd                   0x08000939   Thumb Code    26  stm32f10x_rcc.o(.text)
    RCC_APB1PeriphClockCmd                   0x08000953   Thumb Code    26  stm32f10x_rcc.o(.text)
    RCC_APB2PeriphResetCmd                   0x0800096d   Thumb Code    26  stm32f10x_rcc.o(.text)
    RCC_APB1PeriphResetCmd                   0x08000987   Thumb Code    26  stm32f10x_rcc.o(.text)
    RCC_BackupResetCmd                       0x080009a1   Thumb Code     8  stm32f10x_rcc.o(.text)
    RCC_ClockSecuritySystemCmd               0x080009a9   Thumb Code     6  stm32f10x_rcc.o(.text)
    RCC_MCOConfig                            0x080009af   Thumb Code     6  stm32f10x_rcc.o(.text)
    RCC_ClearFlag                            0x080009b5   Thumb Code    14  stm32f10x_rcc.o(.text)
    RCC_GetITStatus                          0x080009c3   Thumb Code    20  stm32f10x_rcc.o(.text)
    RCC_ClearITPendingBit                    0x080009d7   Thumb Code     6  stm32f10x_rcc.o(.text)
    USART_DeInit                             0x08000a01   Thumb Code   134  stm32f10x_usart.o(.text)
    USART_Init                               0x08000a87   Thumb Code   210  stm32f10x_usart.o(.text)
    USART_StructInit                         0x08000b59   Thumb Code    24  stm32f10x_usart.o(.text)
    USART_ClockInit                          0x08000b71   Thumb Code    34  stm32f10x_usart.o(.text)
    USART_ClockStructInit                    0x08000b93   Thumb Code    12  stm32f10x_usart.o(.text)
    USART_Cmd                                0x08000b9f   Thumb Code    24  stm32f10x_usart.o(.text)
    USART_ITConfig                           0x08000bb7   Thumb Code    74  stm32f10x_usart.o(.text)
    USART_DMACmd                             0x08000c01   Thumb Code    18  stm32f10x_usart.o(.text)
    USART_SetAddress                         0x08000c13   Thumb Code    18  stm32f10x_usart.o(.text)
    USART_WakeUpConfig                       0x08000c25   Thumb Code    18  stm32f10x_usart.o(.text)
    USART_ReceiverWakeUpCmd                  0x08000c37   Thumb Code    24  stm32f10x_usart.o(.text)
    USART_LINBreakDetectLengthConfig         0x08000c4f   Thumb Code    18  stm32f10x_usart.o(.text)
    USART_LINCmd                             0x08000c61   Thumb Code    24  stm32f10x_usart.o(.text)
    USART_SendData                           0x08000c79   Thumb Code     8  stm32f10x_usart.o(.text)
    USART_ReceiveData                        0x08000c81   Thumb Code    10  stm32f10x_usart.o(.text)
    USART_SendBreak                          0x08000c8b   Thumb Code    10  stm32f10x_usart.o(.text)
    USART_SetGuardTime                       0x08000c95   Thumb Code    16  stm32f10x_usart.o(.text)
    USART_SetPrescaler                       0x08000ca5   Thumb Code    16  stm32f10x_usart.o(.text)
    USART_SmartCardCmd                       0x08000cb5   Thumb Code    24  stm32f10x_usart.o(.text)
    USART_SmartCardNACKCmd                   0x08000ccd   Thumb Code    24  stm32f10x_usart.o(.text)
    USART_HalfDuplexCmd                      0x08000ce5   Thumb Code    24  stm32f10x_usart.o(.text)
    USART_OverSampling8Cmd                   0x08000cfd   Thumb Code    22  stm32f10x_usart.o(.text)
    USART_OneBitMethodCmd                    0x08000d13   Thumb Code    24  stm32f10x_usart.o(.text)
    USART_IrDAConfig                         0x08000d2b   Thumb Code    18  stm32f10x_usart.o(.text)
    USART_IrDACmd                            0x08000d3d   Thumb Code    24  stm32f10x_usart.o(.text)
    USART_GetFlagStatus                      0x08000d55   Thumb Code    26  stm32f10x_usart.o(.text)
    USART_ClearFlag                          0x08000d6f   Thumb Code    18  stm32f10x_usart.o(.text)
    USART_GetITStatus                        0x08000d81   Thumb Code    84  stm32f10x_usart.o(.text)
    USART_ClearITPendingBit                  0x08000dd5   Thumb Code    52  stm32f10x_usart.o(.text)
    DMA_DeInit                               0x08000e09   Thumb Code   324  stm32f10x_dma.o(.text)
    DMA_Init                                 0x08000f4d   Thumb Code    60  stm32f10x_dma.o(.text)
    DMA_StructInit                           0x08000f89   Thumb Code    26  stm32f10x_dma.o(.text)
    DMA_Cmd                                  0x08000fa3   Thumb Code    24  stm32f10x_dma.o(.text)
    DMA_ITConfig                             0x08000fbb   Thumb Code    18  stm32f10x_dma.o(.text)
    DMA_SetCurrDataCounter                   0x08000fcd   Thumb Code     4  stm32f10x_dma.o(.text)
    DMA_GetCurrDataCounter                   0x08000fd1   Thumb Code     8  stm32f10x_dma.o(.text)
    DMA_GetFlagStatus                        0x08000fd9   Thumb Code    40  stm32f10x_dma.o(.text)
    DMA_ClearFlag                            0x08001001   Thumb Code    22  stm32f10x_dma.o(.text)
    DMA_GetITStatus                          0x08001017   Thumb Code    40  stm32f10x_dma.o(.text)
    DMA_ClearITPendingBit                    0x0800103f   Thumb Code    22  stm32f10x_dma.o(.text)
    NMI_Handler                              0x0800105d   Thumb Code     2  stm32f10x_it.o(.text)
    HardFault_Handler                        0x0800105f   Thumb Code     4  stm32f10x_it.o(.text)
    MemManage_Handler                        0x08001063   Thumb Code     4  stm32f10x_it.o(.text)
    BusFault_Handler                         0x08001067   Thumb Code     4  stm32f10x_it.o(.text)
    UsageFault_Handler                       0x0800106b   Thumb Code     4  stm32f10x_it.o(.text)
    SVC_Handler                              0x0800106f   Thumb Code     2  stm32f10x_it.o(.text)
    DebugMon_Handler                         0x08001071   Thumb Code     2  stm32f10x_it.o(.text)
    PendSV_Handler                           0x08001073   Thumb Code     2  stm32f10x_it.o(.text)
    SystemInit                               0x08001153   Thumb Code    78  system_stm32f10x.o(.text)
    SystemCoreClockUpdate                    0x080011a1   Thumb Code   142  system_stm32f10x.o(.text)
    main                                     0x08001255   Thumb Code   196  main.o(.text)
    Reset_Handler                            0x08001335   Thumb Code     8  startup_stm32f10x_hd.o(.text)
    ADC1_2_IRQHandler                        0x0800134f   Thumb Code     0  startup_stm32f10x_hd.o(.text)
    ADC3_IRQHandler                          0x0800134f   Thumb Code     0  startup_stm32f10x_hd.o(.text)
    CAN1_RX1_IRQHandler                      0x0800134f   Thumb Code     0  startup_stm32f10x_hd.o(.text)
    CAN1_SCE_IRQHandler                      0x0800134f   Thumb Code     0  startup_stm32f10x_hd.o(.text)
    DMA1_Channel1_IRQHandler                 0x0800134f   Thumb Code     0  startup_stm32f10x_hd.o(.text)
    DMA1_Channel2_IRQHandler                 0x0800134f   Thumb Code     0  startup_stm32f10x_hd.o(.text)
    DMA1_Channel3_IRQHandler                 0x0800134f   Thumb Code     0  startup_stm32f10x_hd.o(.text)
    DMA1_Channel5_IRQHandler                 0x0800134f   Thumb Code     0  startup_stm32f10x_hd.o(.text)
    DMA1_Channel6_IRQHandler                 0x0800134f   Thumb Code     0  startup_stm32f10x_hd.o(.text)
    DMA2_Channel1_IRQHandler                 0x0800134f   Thumb Code     0  startup_stm32f10x_hd.o(.text)
    DMA2_Channel2_IRQHandler                 0x0800134f   Thumb Code     0  startup_stm32f10x_hd.o(.text)
    DMA2_Channel3_IRQHandler                 0x0800134f   Thumb Code     0  startup_stm32f10x_hd.o(.text)
    DMA2_Channel4_5_IRQHandler               0x0800134f   Thumb Code     0  startup_stm32f10x_hd.o(.text)
    EXTI0_IRQHandler                         0x0800134f   Thumb Code     0  startup_stm32f10x_hd.o(.text)
    EXTI15_10_IRQHandler                     0x0800134f   Thumb Code     0  startup_stm32f10x_hd.o(.text)
    EXTI1_IRQHandler                         0x0800134f   Thumb Code     0  startup_stm32f10x_hd.o(.text)
    EXTI2_IRQHandler                         0x0800134f   Thumb Code     0  startup_stm32f10x_hd.o(.text)
    EXTI3_IRQHandler                         0x0800134f   Thumb Code     0  startup_stm32f10x_hd.o(.text)
    EXTI4_IRQHandler                         0x0800134f   Thumb Code     0  startup_stm32f10x_hd.o(.text)
    EXTI9_5_IRQHandler                       0x0800134f   Thumb Code     0  startup_stm32f10x_hd.o(.text)
    FLASH_IRQHandler                         0x0800134f   Thumb Code     0  startup_stm32f10x_hd.o(.text)
    FSMC_IRQHandler                          0x0800134f   Thumb Code     0  startup_stm32f10x_hd.o(.text)
    I2C1_ER_IRQHandler                       0x0800134f   Thumb Code     0  startup_stm32f10x_hd.o(.text)
    I2C1_EV_IRQHandler                       0x0800134f   Thumb Code     0  startup_stm32f10x_hd.o(.text)
    I2C2_ER_IRQHandler                       0x0800134f   Thumb Code     0  startup_stm32f10x_hd.o(.text)
    I2C2_EV_IRQHandler                       0x0800134f   Thumb Code     0  startup_stm32f10x_hd.o(.text)
    PVD_IRQHandler                           0x0800134f   Thumb Code     0  startup_stm32f10x_hd.o(.text)
    RCC_IRQHandler                           0x0800134f   Thumb Code     0  startup_stm32f10x_hd.o(.text)
    RTCAlarm_IRQHandler                      0x0800134f   Thumb Code     0  startup_stm32f10x_hd.o(.text)
    RTC_IRQHandler                           0x0800134f   Thumb Code     0  startup_stm32f10x_hd.o(.text)
    SDIO_IRQHandler                          0x0800134f   Thumb Code     0  startup_stm32f10x_hd.o(.text)
    SPI1_IRQHandler                          0x0800134f   Thumb Code     0  startup_stm32f10x_hd.o(.text)
    SPI2_IRQHandler                          0x0800134f   Thumb Code     0  startup_stm32f10x_hd.o(.text)
    SPI3_IRQHandler                          0x0800134f   Thumb Code     0  startup_stm32f10x_hd.o(.text)
    TAMPER_IRQHandler                        0x0800134f   Thumb Code     0  startup_stm32f10x_hd.o(.text)
    TIM1_BRK_IRQHandler                      0x0800134f   Thumb Code     0  startup_stm32f10x_hd.o(.text)
    TIM1_CC_IRQHandler                       0x0800134f   Thumb Code     0  startup_stm32f10x_hd.o(.text)
    TIM1_TRG_COM_IRQHandler                  0x0800134f   Thumb Code     0  startup_stm32f10x_hd.o(.text)
    TIM1_UP_IRQHandler                       0x0800134f   Thumb Code     0  startup_stm32f10x_hd.o(.text)
    TIM2_IRQHandler                          0x0800134f   Thumb Code     0  startup_stm32f10x_hd.o(.text)
    TIM3_IRQHandler                          0x0800134f   Thumb Code     0  startup_stm32f10x_hd.o(.text)
    TIM4_IRQHandler                          0x0800134f   Thumb Code     0  startup_stm32f10x_hd.o(.text)
    TIM5_IRQHandler                          0x0800134f   Thumb Code     0  startup_stm32f10x_hd.o(.text)
    TIM6_IRQHandler                          0x0800134f   Thumb Code     0  startup_stm32f10x_hd.o(.text)
    TIM7_IRQHandler                          0x0800134f   Thumb Code     0  startup_stm32f10x_hd.o(.text)
    TIM8_BRK_IRQHandler                      0x0800134f   Thumb Code     0  startup_stm32f10x_hd.o(.text)
    TIM8_CC_IRQHandler                       0x0800134f   Thumb Code     0  startup_stm32f10x_hd.o(.text)
    TIM8_TRG_COM_IRQHandler                  0x0800134f   Thumb Code     0  startup_stm32f10x_hd.o(.text)
    TIM8_UP_IRQHandler                       0x0800134f   Thumb Code     0  startup_stm32f10x_hd.o(.text)
    UART4_IRQHandler                         0x0800134f   Thumb Code     0  startup_stm32f10x_hd.o(.text)
    UART5_IRQHandler                         0x0800134f   Thumb Code     0  startup_stm32f10x_hd.o(.text)
    USART3_IRQHandler                        0x0800134f   Thumb Code     0  startup_stm32f10x_hd.o(.text)
    USBWakeUp_IRQHandler                     0x0800134f   Thumb Code     0  startup_stm32f10x_hd.o(.text)
    USB_HP_CAN1_TX_IRQHandler                0x0800134f   Thumb Code     0  startup_stm32f10x_hd.o(.text)
    USB_LP_CAN1_RX0_IRQHandler               0x0800134f   Thumb Code     0  startup_stm32f10x_hd.o(.text)
    WWDG_IRQHandler                          0x0800134f   Thumb Code     0  startup_stm32f10x_hd.o(.text)
    __user_initial_stackheap                 0x08001351   Thumb Code     0  startup_stm32f10x_hd.o(.text)
    ResetSys                                 0x08001375   Thumb Code    38  _common.o(.text)
    Restart                                  0x0800139b   Thumb Code     4  _common.o(.text)
    GetOnlyID                                0x0800139f   Thumb Code     6  _common.o(.text)
    NewError                                 0x080013a5   Thumb Code    56  _common.o(.text)
    WhileError                               0x080013dd   Thumb Code    56  _common.o(.text)
    NewMemory                                0x08001415   Thumb Code    52  _common.o(.text)
    ReNewMemory                              0x08001449   Thumb Code    32  _common.o(.text)
    DelMemory                                0x08001469   Thumb Code    20  _common.o(.text)
    DelayUS                                  0x0800147d   Thumb Code    18  _common.o(.text)
    assert                                   0x0800148f   Thumb Code    54  _common.o(.text)
    MemCpy                                   0x080014c5   Thumb Code    94  _common.o(.text)
    MemCpyUnsafe                             0x08001523   Thumb Code    70  _common.o(.text)
    MemMove                                  0x08001569   Thumb Code   110  _common.o(.text)
    assert_plus                              0x080015d7   Thumb Code   130  _common.o(.text)
    com_print                                0x08001659   Thumb Code     2  _common.o(.text)
    MODBUS_CRC16                             0x0800165b   Thumb Code    48  _common.o(.text)
    SysTick_Handler                          0x0800168b   Thumb Code    12  _common.o(.text)
    CalcCount                                0x08001697   Thumb Code    20  _common.o(.text)
    CmdParse                                 0x08001731   Thumb Code   276  cmdparse.o(.text)
    BufToInReg2                              0x08001851   Thumb Code   114  cascade.o(.text)
    BufToInReg                               0x080018c3   Thumb Code   108  cascade.o(.text)
    BufToReg2                                0x0800192f   Thumb Code   114  cascade.o(.text)
    BufToReg                                 0x080019a1   Thumb Code   108  cascade.o(.text)
    BufToInCoil                              0x08001a0d   Thumb Code    78  cascade.o(.text)
    BufToInCoil2                             0x08001a5b   Thumb Code   182  cascade.o(.text)
    BufToInCoil3                             0x08001b11   Thumb Code   318  cascade.o(.text)
    BufToCoil                                0x08001c4f   Thumb Code   140  cascade.o(.text)
    BufToCoil2                               0x08001cdb   Thumb Code   186  cascade.o(.text)
    BufToCoil3                               0x08001d95   Thumb Code   320  cascade.o(.text)
    CoilToCoil                               0x08001ed5   Thumb Code   570  cascade.o(.text)
    CoilCmp                                  0x0800210f   Thumb Code   162  cascade.o(.text)
    RegCmp                                   0x080021b1   Thumb Code    48  cascade.o(.text)
    CascadeModbus_ReadReg2                   0x080021e1   Thumb Code   146  cascade.o(.text)
    CascadeModbus_ReadReg                    0x08002273   Thumb Code   146  cascade.o(.text)
    CascadeModbus_ReadInReg2                 0x08002305   Thumb Code   146  cascade.o(.text)
    CascadeModbus_ReadInReg3                 0x08002397   Thumb Code   178  cascade.o(.text)
    CascadeModbus_ReadInReg                  0x08002449   Thumb Code   146  cascade.o(.text)
    CascadeModbus_ReadCoil2                  0x080024db   Thumb Code   208  cascade.o(.text)
    CascadeModbus_ReadCoil                   0x080025ab   Thumb Code   146  cascade.o(.text)
    CascadeModbus_ReadInCoil2                0x0800263d   Thumb Code   150  cascade.o(.text)
    CascadeModbus_ReadInCoil3                0x080026d3   Thumb Code   182  cascade.o(.text)
    CascadeModbus_ReadInCoil                 0x08002789   Thumb Code   146  cascade.o(.text)
    CascadeModbus_AllUpdate                  0x0800281b   Thumb Code   230  cascade.o(.text)
    CascadeOverlapOWrite                     0x08002901   Thumb Code   112  cascade.o(.text)
    CascadeOverlapOWrite2                    0x08002971   Thumb Code   256  cascade.o(.text)
    CascadeOverlapDAWrite                    0x08002a71   Thumb Code   112  cascade.o(.text)
    CascadeOverlapDAWrite2                   0x08002ae1   Thumb Code   178  cascade.o(.text)
    CascadeModbus_Map                        0x08002b93   Thumb Code   580  cascade.o(.text)
    CascadeModbus_MapCheck                   0x08002dd7   Thumb Code   666  cascade.o(.text)
    CascadeModbus_MapFind                    0x08003071   Thumb Code   122  cascade.o(.text)
    CascadeModbus_MapFindInExp               0x080030eb   Thumb Code   218  cascade.o(.text)
    TFICmd                                   0x080031c5   Thumb Code   130  cascade.o(.text)
    TFOCmd                                   0x08003247   Thumb Code   266  cascade.o(.text)
    TFDACmd                                  0x08003351   Thumb Code   130  cascade.o(.text)
    TFADCmd                                  0x080033d3   Thumb Code   142  cascade.o(.text)
    TFUsartCmdParse                          0x08003461   Thumb Code   176  cascade.o(.text)
    CascadeModbus_MapInit                    0x08003511   Thumb Code   820  cascade.o(.text)
    CascadeModbus_Map_Stat                   0x08003845   Thumb Code   506  cascade.o(.text)
    CascadeModbus_Map_Stat2                  0x08003a3f   Thumb Code   606  cascade.o(.text)
    Cascade_Host_Stat                        0x08003c9d   Thumb Code    12  cascade.o(.text)
    Cascade_Host_Transfer                    0x08003ca9   Thumb Code   142  cascade.o(.text)
    ModbusRequest                            0x08003d81   Thumb Code   108  modbus.o(.text)
    ReadCoil                                 0x08003ded   Thumb Code   284  modbus.o(.text)
    ReadInCoil                               0x08003f09   Thumb Code   284  modbus.o(.text)
    ReadRegister                             0x08004025   Thumb Code   204  modbus.o(.text)
    ReadInRegister                           0x080040f1   Thumb Code   202  modbus.o(.text)
    WriteCoil                                0x080041bb   Thumb Code   168  modbus.o(.text)
    WriteRegister                            0x08004263   Thumb Code    92  modbus.o(.text)
    WriteMultiCoil                           0x080042bf   Thumb Code   346  modbus.o(.text)
    WriteMultiRegister                       0x08004419   Thumb Code   146  modbus.o(.text)
    ModbusParse                              0x080044ab   Thumb Code   226  modbus.o(.text)
    SwapByte                                 0x0800458d   Thumb Code    34  modbus.o(.text)
    Endian_TF                                0x080045af   Thumb Code   118  modbus.o(.text)
    WriteRegisterCmd                         0x08004625   Thumb Code   148  modbus.o(.text)
    WriteMultiRegisterCmd                    0x080046b9   Thumb Code   196  modbus.o(.text)
    ReadRegisterCmd                          0x0800477d   Thumb Code   126  modbus.o(.text)
    ReadInRegisterCmd                        0x080047fb   Thumb Code   126  modbus.o(.text)
    WriteCoilCmd                             0x08004879   Thumb Code   116  modbus.o(.text)
    WriteMultiCoilCmd                        0x080048ed   Thumb Code   144  modbus.o(.text)
    ReadInCoilCmd                            0x0800497d   Thumb Code   128  modbus.o(.text)
    ReadCoilCmd                              0x080049fd   Thumb Code   128  modbus.o(.text)
    ReadCoilReqCmd                           0x08004a7d   Thumb Code   344  modbus.o(.text)
    ReadInCoilReqCmd                         0x08004bd5   Thumb Code   312  modbus.o(.text)
    ReadRegisterReqCmd                       0x08004d0d   Thumb Code   230  modbus.o(.text)
    ReadInRegisterReqCmd                     0x08004df3   Thumb Code   262  modbus.o(.text)
    WriteCoilReqCmd                          0x08004ef9   Thumb Code   226  modbus.o(.text)
    WriteRegisterReqCmd                      0x08004fdb   Thumb Code   134  modbus.o(.text)
    WriteMultiCoilReqCmd                     0x08005061   Thumb Code   434  modbus.o(.text)
    WriteMultiRegisterReqCmd                 0x08005213   Thumb Code   238  modbus.o(.text)
    ReadCoilReqToVar                         0x08005301   Thumb Code    62  modbus.o(.text)
    ReadInCoilReqToVar                       0x0800533f   Thumb Code    62  modbus.o(.text)
    ReadRegReqToVar                          0x0800537d   Thumb Code   118  modbus.o(.text)
    ReadInRegReqToVar                        0x080053f3   Thumb Code    56  modbus.o(.text)
    UniSerialSendCRC                         0x0800542d   Thumb Code   182  universalscom.o(.text)
    UniSerialSendCRC2                        0x080054e3   Thumb Code   252  universalscom.o(.text)
    ResRequest                               0x080055df   Thumb Code   142  universalscom.o(.text)
    AddTxPlus                                0x0800566d   Thumb Code    92  universalscom.o(.text)
    GpioConfig                               0x080056f5   Thumb Code   108  iox.o(.text)
    GpioInit                                 0x08005761   Thumb Code    26  iox.o(.text)
    WriteToOutLed                            0x08005791   Thumb Code   128  74hc595.o(.text)
    WriteToInLed                             0x08005811   Thumb Code   116  74hc595.o(.text)
    Init74HC595                              0x08005885   Thumb Code    52  74hc595.o(.text)
    DMA_USART2_RecvEnable                    0x080058c1   Thumb Code    18  uart2.o(.text)
    USART2_RxReset                           0x080058d3   Thumb Code    52  uart2.o(.text)
    USART2_IRQHandler                        0x08005907   Thumb Code   204  uart2.o(.text)
    DMA1_Channel7_IRQHandler                 0x080059d3   Thumb Code    44  uart2.o(.text)
    USART2_Configuration                     0x080059ff   Thumb Code   320  uart2.o(.text)
    DMA_USART2_Send                          0x08005b3f   Thumb Code    78  uart2.o(.text)
    USART2_Send                              0x08005b8d   Thumb Code    16  uart2.o(.text)
    USART2_Receive                           0x08005b9d   Thumb Code    26  uart2.o(.text)
    USART2_TR                                0x08005bb7   Thumb Code   172  uart2.o(.text)
    USART_ConfigNull                         0x08005c89   Thumb Code     2  uartx.o(.text)
    CorrectComParam                          0x08005c8b   Thumb Code   200  uartx.o(.text)
    ReturnComParam                           0x08005d53   Thumb Code   142  uartx.o(.text)
    USART_Configuration                      0x08005de1   Thumb Code    32  uartx.o(.text)
    USARTSet                                 0x08005e01   Thumb Code   186  uartx.o(.text)
    USART_SendNull                           0x08005ebb   Thumb Code     8  uartx.o(.text)
    USARTSend                                0x08005ec3   Thumb Code    60  uartx.o(.text)
    USART_TRNull                             0x08005eff   Thumb Code     6  uartx.o(.text)
    USARTTR                                  0x08005f05   Thumb Code    74  uartx.o(.text)
    USART_RTNull                             0x08005f4f   Thumb Code     6  uartx.o(.text)
    USARTRT                                  0x08005f55   Thumb Code    58  uartx.o(.text)
    USARTx_IRQHandler                        0x08005f8f   Thumb Code    78  uartx.o(.text)
    DMA_ConfigDir                            0x0800601d   Thumb Code    98  dmax.o(.text)
    DMA_Enable                               0x0800607f   Thumb Code    38  dmax.o(.text)
    DMA_USART1_RecvEnable                    0x080060a9   Thumb Code    18  uart1.o(.text)
    USART1_RxReset                           0x080060bb   Thumb Code    52  uart1.o(.text)
    USART1_IRQHandler                        0x080060ef   Thumb Code   200  uart1.o(.text)
    DMA1_Channel4_IRQHandler                 0x080061b7   Thumb Code    44  uart1.o(.text)
    USART1_Configuration                     0x080061e3   Thumb Code   292  uart1.o(.text)
    DMA_USART1_Send                          0x08006307   Thumb Code    54  uart1.o(.text)
    USART1_Send                              0x0800633d   Thumb Code    16  uart1.o(.text)
    USART1_Receive                           0x0800634d   Thumb Code    26  uart1.o(.text)
    USART1_RT                                0x08006367   Thumb Code   212  uart1.o(.text)
    malloc                                   0x0800645d   Thumb Code    94  h1_alloc.o(.text)
    free                                     0x080064bb   Thumb Code    78  h1_free.o(.text)
    realloc                                  0x08006509   Thumb Code   184  h1_realloc.o(.text)
    __2sprintf                               0x080065c1   Thumb Code    34  noretval__2sprintf.o(.text)
    __printf                                 0x080065e9   Thumb Code   104  __printf.o(.text)
    _printf_str                              0x08006651   Thumb Code    82  _printf_str.o(.text)
    _printf_int_dec                          0x080066a5   Thumb Code   100  _printf_dec.o(.text)
    strlen                                   0x08006719   Thumb Code    62  strlen.o(.text)
    __aeabi_memclr                           0x08006757   Thumb Code     0  rt_memclr.o(.text)
    __rt_memclr                              0x08006757   Thumb Code    68  rt_memclr.o(.text)
    _memset                                  0x0800675b   Thumb Code     0  rt_memclr.o(.text)
    __aeabi_memclr4                          0x0800679b   Thumb Code     0  rt_memclr_w.o(.text)
    __aeabi_memclr8                          0x0800679b   Thumb Code     0  rt_memclr_w.o(.text)
    __rt_memclr_w                            0x0800679b   Thumb Code    78  rt_memclr_w.o(.text)
    _memset_w                                0x0800679f   Thumb Code     0  rt_memclr_w.o(.text)
    __use_two_region_memory                  0x080067e9   Thumb Code     2  heapauxi.o(.text)
    __rt_heap_escrow                         0x080067eb   Thumb Code     2  heapauxi.o(.text)
    __rt_heap_expand                         0x080067ed   Thumb Code     2  heapauxi.o(.text)
    __rt_heap_descriptor                     0x080067f1   Thumb Code     8  rt_heap_descriptor_intlibspace.o(.text)
    __use_no_heap                            0x080067f9   Thumb Code     2  hguard.o(.text)
    __heap$guard                             0x080067fb   Thumb Code     2  hguard.o(.text)
    _terminate_user_alloc                    0x080067fd   Thumb Code     2  init_alloc.o(.text)
    _init_user_alloc                         0x080067ff   Thumb Code     2  init_alloc.o(.text)
    __Heap_Full                              0x08006801   Thumb Code    34  init_alloc.o(.text)
    __Heap_Broken                            0x08006823   Thumb Code     6  init_alloc.o(.text)
    _init_alloc                              0x08006829   Thumb Code    94  init_alloc.o(.text)
    __Heap_Initialize                        0x08006887   Thumb Code    10  h1_init.o(.text)
    __Heap_DescSize                          0x08006891   Thumb Code     4  h1_init.o(.text)
    _printf_int_common                       0x08006895   Thumb Code   178  _printf_intcommon.o(.text)
    _printf_char_common                      0x08006953   Thumb Code    32  _printf_char_common.o(.text)
    _sputc                                   0x08006979   Thumb Code    10  _sputc.o(.text)
    _printf_cs_common                        0x08006983   Thumb Code    20  _printf_char.o(.text)
    _printf_char                             0x08006997   Thumb Code    16  _printf_char.o(.text)
    _printf_string                           0x080069a7   Thumb Code     8  _printf_char.o(.text)
    __aeabi_memcpy4                          0x080069af   Thumb Code     0  rt_memcpy_w.o(.text)
    __aeabi_memcpy8                          0x080069af   Thumb Code     0  rt_memcpy_w.o(.text)
    __rt_memcpy_w                            0x080069af   Thumb Code   100  rt_memcpy_w.o(.text)
    _memcpy_lastbytes_aligned                0x080069f7   Thumb Code     0  rt_memcpy_w.o(.text)
    __user_libspace                          0x08006a15   Thumb Code     8  libspace.o(.text)
    __user_perproc_libspace                  0x08006a15   Thumb Code     0  libspace.o(.text)
    __user_perthread_libspace                0x08006a15   Thumb Code     0  libspace.o(.text)
    __Heap_ProvideMemory                     0x08006a1d   Thumb Code    52  h1_extend.o(.text)
    __rt_SIGRTMEM                            0x08006a51   Thumb Code    14  defsig_rtmem_outer.o(.text)
    __I$use$semihosting                      0x08006a5f   Thumb Code     0  use_no_semi.o(.text)
    __use_no_semihosting_swi                 0x08006a5f   Thumb Code     2  use_no_semi.o(.text)
    __semihosting_library_function           0x08006a61   Thumb Code     0  indicate_semi.o(.text)
    __user_setup_stackheap                   0x08006a61   Thumb Code    74  sys_stackheap_outer.o(.text)
    exit                                     0x08006aab   Thumb Code    12  exit.o(.text)
    __sig_exit                               0x08006ab7   Thumb Code    10  defsig_exit.o(.text)
    __rt_SIGRTMEM_inner                      0x08006ac1   Thumb Code    22  defsig_rtmem_inner.o(.text)
    _sys_exit                                0x08006b11   Thumb Code     8  sys_exit.o(.text)
    __default_signal_display                 0x08006b1d   Thumb Code    50  defsig_general.o(.text)
    _ttywrch                                 0x08006b4f   Thumb Code    14  sys_wrch.o(.text)
    chCRCHTalbe                              0x08006b5c   Data         256  _common.o(.constdata)
    chCRCLTalbe                              0x08006c5c   Data         256  _common.o(.constdata)
    Region$$Table$$Base                      0x08007060   Number         0  anon$$obj.o(Region$$Table)
    Region$$Table$$Limit                     0x08007080   Number         0  anon$$obj.o(Region$$Table)
    SystemCoreClock                          0x20000014   Data           4  system_stm32f10x.o(.data)
    AHBPrescTable                            0x20000018   Data          16  system_stm32f10x.o(.data)
    send_buf                                 0x20000028   Data           8  main.o(.data)
    sys_ticks                                0x20000034   Data           4  _common.o(.data)
    cascade_incoil                           0x2000003c   Data           4  cascade.o(.data)
    cascade_incoil_chlen                     0x20000040   Data           2  cascade.o(.data)
    cascade_coil                             0x20000044   Data           4  cascade.o(.data)
    cascade_coil_chlen                       0x20000048   Data           2  cascade.o(.data)
    cascade_inreg                            0x2000004c   Data           4  cascade.o(.data)
    cascade_inreg_chlen                      0x20000050   Data           2  cascade.o(.data)
    cascade_reg                              0x20000054   Data           4  cascade.o(.data)
    cascade_reg_chlen                        0x20000058   Data           2  cascade.o(.data)
    version                                  0x2000005a   Data           5  cascade.o(.data)
    cascade_cmd_buf                          0x20000060   Data           4  cascade.o(.data)
    cascade_tmp_buf                          0x20000064   Data           4  cascade.o(.data)
    slaveTable                               0x20000068   Data           4  cascade.o(.data)
    slaveTable2                              0x2000006c   Data           4  cascade.o(.data)
    slaveTableLen                            0x20000070   Data           1  cascade.o(.data)
    cascade_recv_buf                         0x20000074   Data           4  cascade.o(.data)
    g_coilCascade                            0x20000078   Data           4  cascade.o(.data)
    g_regCascade                             0x2000007c   Data           4  cascade.o(.data)
    gp_val                                   0x20000080   Data          12  cascade.o(.data)
    gp_coil                                  0x2000008c   Data           2  cascade.o(.data)
    CascadeMap                               0x20000090   Data           4  cascade.o(.data)
    CascadeMapLen                            0x20000094   Data           1  cascade.o(.data)
    count_ticks                              0x20000098   Data           4  cascade.o(.data)
    start_ticks                              0x2000009c   Data           4  cascade.o(.data)
    p_UartSet                                0x20000110   Data          24  uartx.o(.data)
    p_UartSend                               0x20000128   Data          24  uartx.o(.data)
    p_UartTR                                 0x20000140   Data          24  uartx.o(.data)
    p_UartRT                                 0x20000158   Data          24  uartx.o(.data)
    cascade_data                             0x2000018c   Data         512  cascade.o(.bss)
    g_portCmdCache                           0x2000038c   Data          12  cascade.o(.bss)
    REG_MAP                                  0x20000398   Data        7000  cascade.o(.bss)
    COIL_MAP                                 0x20001ef0   Data         160  cascade.o(.bss)
    g_modbusCoil                             0x20002090   Data          32  modbus.o(.bss)
    g_modbusInCoil                           0x200020b0   Data          32  modbus.o(.bss)
    g_modbusReg                              0x200020d0   Data        2000  modbus.o(.bss)
    g_modbusInReg                            0x200028a0   Data          64  modbus.o(.bss)
    uart2_queue                              0x200028e0   Data         908  uart2.o(.bss)
    uart1_queue                              0x20002c6c   Data         908  uart1.o(.bss)
    __libspace_start                         0x20002ff8   Data          96  libspace.o(.bss)
    __temporary_stack_top$libspace           0x20003058   Data           0  libspace.o(.bss)



==============================================================================

Memory Map of the image

  Image Entry point : 0x08000131

  Load Region LR_IROM1 (Base: 0x08000000, Size: 0x00007200, Max: 0x00080000, ABSOLUTE, COMPRESSED[0x000070e0])

    Execution Region ER_IROM1 (Base: 0x08000000, Size: 0x00007080, Max: 0x00080000, ABSOLUTE)

    Base Addr    Size         Type   Attr      Idx    E Section Name        Object

    0x08000000   0x00000130   Data   RO          311    RESET               startup_stm32f10x_hd.o
    0x08000130   0x00000008   Code   RO          617  * !!!main             c_w.l(__main.o)
    0x08000138   0x00000034   Code   RO          830    !!!scatter          c_w.l(__scatter.o)
    0x0800016c   0x0000005a   Code   RO          828    !!dczerorl2         c_w.l(__dczerorl2.o)
    0x080001c6   0x00000002   PAD
    0x080001c8   0x0000001c   Code   RO          832    !!handler_zi        c_w.l(__scatter_zi.o)
    0x080001e4   0x00000000   Code   RO          608    .ARM.Collect$$_printf_percent$$00000000  c_w.l(_printf_percent.o)
    0x080001e4   0x00000006   Code   RO          607    .ARM.Collect$$_printf_percent$$00000009  c_w.l(_printf_d.o)
    0x080001ea   0x00000006   Code   RO          606    .ARM.Collect$$_printf_percent$$00000014  c_w.l(_printf_s.o)
    0x080001f0   0x00000004   Code   RO          655    .ARM.Collect$$_printf_percent$$00000017  c_w.l(_printf_percent_end.o)
    0x080001f4   0x00000002   Code   RO          768    .ARM.Collect$$libinit$$00000000  c_w.l(libinit.o)
    0x080001f6   0x00000000   Code   RO          661    .ARM.Collect$$libinit$$00000002  c_w.l(libinit2.o)
    0x080001f6   0x00000008   Code   RO          662    .ARM.Collect$$libinit$$00000003  c_w.l(libinit2.o)
    0x080001fe   0x00000000   Code   RO          664    .ARM.Collect$$libinit$$00000008  c_w.l(libinit2.o)
    0x080001fe   0x00000000   Code   RO          666    .ARM.Collect$$libinit$$0000000A  c_w.l(libinit2.o)
    0x080001fe   0x00000000   Code   RO          668    .ARM.Collect$$libinit$$0000000C  c_w.l(libinit2.o)
    0x080001fe   0x00000000   Code   RO          671    .ARM.Collect$$libinit$$0000000F  c_w.l(libinit2.o)
    0x080001fe   0x00000000   Code   RO          673    .ARM.Collect$$libinit$$00000011  c_w.l(libinit2.o)
    0x080001fe   0x00000000   Code   RO          675    .ARM.Collect$$libinit$$00000013  c_w.l(libinit2.o)
    0x080001fe   0x00000000   Code   RO          677    .ARM.Collect$$libinit$$00000015  c_w.l(libinit2.o)
    0x080001fe   0x00000000   Code   RO          679    .ARM.Collect$$libinit$$00000017  c_w.l(libinit2.o)
    0x080001fe   0x00000000   Code   RO          681    .ARM.Collect$$libinit$$00000019  c_w.l(libinit2.o)
    0x080001fe   0x00000000   Code   RO          683    .ARM.Collect$$libinit$$0000001B  c_w.l(libinit2.o)
    0x080001fe   0x00000000   Code   RO          685    .ARM.Collect$$libinit$$0000001D  c_w.l(libinit2.o)
    0x080001fe   0x00000000   Code   RO          687    .ARM.Collect$$libinit$$0000001F  c_w.l(libinit2.o)
    0x080001fe   0x00000000   Code   RO          689    .ARM.Collect$$libinit$$00000021  c_w.l(libinit2.o)
    0x080001fe   0x00000000   Code   RO          691    .ARM.Collect$$libinit$$00000023  c_w.l(libinit2.o)
    0x080001fe   0x00000000   Code   RO          695    .ARM.Collect$$libinit$$0000002A  c_w.l(libinit2.o)
    0x080001fe   0x00000000   Code   RO          697    .ARM.Collect$$libinit$$0000002C  c_w.l(libinit2.o)
    0x080001fe   0x00000000   Code   RO          699    .ARM.Collect$$libinit$$0000002E  c_w.l(libinit2.o)
    0x080001fe   0x00000000   Code   RO          701    .ARM.Collect$$libinit$$00000030  c_w.l(libinit2.o)
    0x080001fe   0x00000002   Code   RO          702    .ARM.Collect$$libinit$$00000031  c_w.l(libinit2.o)
    0x08000200   0x00000002   Code   RO          825    .ARM.Collect$$libshutdown$$00000000  c_w.l(libshutdown.o)
    0x08000202   0x00000000   Code   RO          783    .ARM.Collect$$libshutdown$$00000003  c_w.l(libshutdown2.o)
    0x08000202   0x00000000   Code   RO          786    .ARM.Collect$$libshutdown$$00000006  c_w.l(libshutdown2.o)
    0x08000202   0x00000000   Code   RO          789    .ARM.Collect$$libshutdown$$00000009  c_w.l(libshutdown2.o)
    0x08000202   0x00000000   Code   RO          791    .ARM.Collect$$libshutdown$$0000000B  c_w.l(libshutdown2.o)
    0x08000202   0x00000000   Code   RO          794    .ARM.Collect$$libshutdown$$0000000E  c_w.l(libshutdown2.o)
    0x08000202   0x00000002   Code   RO          795    .ARM.Collect$$libshutdown$$0000000F  c_w.l(libshutdown2.o)
    0x08000204   0x00000000   Code   RO          621    .ARM.Collect$$rtentry$$00000000  c_w.l(rtentry.o)
    0x08000204   0x00000000   Code   RO          709    .ARM.Collect$$rtentry$$00000002  c_w.l(rtentry2.o)
    0x08000204   0x00000006   Code   RO          721    .ARM.Collect$$rtentry$$00000004  c_w.l(rtentry4.o)
    0x0800020a   0x00000000   Code   RO          711    .ARM.Collect$$rtentry$$00000009  c_w.l(rtentry2.o)
    0x0800020a   0x00000004   Code   RO          712    .ARM.Collect$$rtentry$$0000000A  c_w.l(rtentry2.o)
    0x0800020e   0x00000000   Code   RO          714    .ARM.Collect$$rtentry$$0000000C  c_w.l(rtentry2.o)
    0x0800020e   0x00000008   Code   RO          715    .ARM.Collect$$rtentry$$0000000D  c_w.l(rtentry2.o)
    0x08000216   0x00000002   Code   RO          771    .ARM.Collect$$rtexit$$00000000  c_w.l(rtexit.o)
    0x08000218   0x00000000   Code   RO          799    .ARM.Collect$$rtexit$$00000002  c_w.l(rtexit2.o)
    0x08000218   0x00000004   Code   RO          800    .ARM.Collect$$rtexit$$00000003  c_w.l(rtexit2.o)
    0x0800021c   0x00000006   Code   RO          801    .ARM.Collect$$rtexit$$00000004  c_w.l(rtexit2.o)
    0x08000222   0x00000002   PAD
    0x08000224   0x00000000   Code   RO          725    .emb_text           c_w.l(maybetermalloc1.o)
    0x08000224   0x000000dc   Code   RO           17    .text               misc.o
    0x08000300   0x0000035c   Code   RO          112    .text               stm32f10x_gpio.o
    0x0800065c   0x000003a4   Code   RO          124    .text               stm32f10x_rcc.o
    0x08000a00   0x00000408   Code   RO          150    .text               stm32f10x_usart.o
    0x08000e08   0x00000254   Code   RO          198    .text               stm32f10x_dma.o
    0x0800105c   0x00000018   Code   RO          210    .text               stm32f10x_it.o
    0x08001074   0x000001e0   Code   RO          225    .text               system_stm32f10x.o
    0x08001254   0x000000e0   Code   RO          243    .text               main.o
    0x08001334   0x00000040   Code   RO          312    .text               startup_stm32f10x_hd.o
    0x08001374   0x000003bc   Code   RO          316    .text               _common.o
    0x08001730   0x00000120   Code   RO          339    .text               cmdparse.o
    0x08001850   0x00002530   Code   RO          353    .text               cascade.o
    0x08003d80   0x000016aa   Code   RO          377    .text               modbus.o
    0x0800542a   0x00000002   PAD
    0x0800542c   0x000002c8   Code   RO          396    .text               universalscom.o
    0x080056f4   0x0000009c   Code   RO          410    .text               iox.o
    0x08005790   0x00000130   Code   RO          422    .text               74hc595.o
    0x080058c0   0x000003c8   Code   RO          434    .text               uart2.o
    0x08005c88   0x00000394   Code   RO          456    .text               uartx.o
    0x0800601c   0x0000008c   Code   RO          478    .text               dmax.o
    0x080060a8   0x000003b4   Code   RO          490    .text               uart1.o
    0x0800645c   0x0000005e   Code   RO          514    .text               c_w.l(h1_alloc.o)
    0x080064ba   0x0000004e   Code   RO          516    .text               c_w.l(h1_free.o)
    0x08006508   0x000000b8   Code   RO          518    .text               c_w.l(h1_realloc.o)
    0x080065c0   0x00000028   Code   RO          578    .text               c_w.l(noretval__2sprintf.o)
    0x080065e8   0x00000068   Code   RO          580    .text               c_w.l(__printf.o)
    0x08006650   0x00000052   Code   RO          582    .text               c_w.l(_printf_str.o)
    0x080066a2   0x00000002   PAD
    0x080066a4   0x00000074   Code   RO          584    .text               c_w.l(_printf_dec.o)
    0x08006718   0x0000003e   Code   RO          609    .text               c_w.l(strlen.o)
    0x08006756   0x00000044   Code   RO          611    .text               c_w.l(rt_memclr.o)
    0x0800679a   0x0000004e   Code   RO          613    .text               c_w.l(rt_memclr_w.o)
    0x080067e8   0x00000006   Code   RO          615    .text               c_w.l(heapauxi.o)
    0x080067ee   0x00000002   PAD
    0x080067f0   0x00000008   Code   RO          625    .text               c_w.l(rt_heap_descriptor_intlibspace.o)
    0x080067f8   0x00000004   Code   RO          627    .text               c_w.l(hguard.o)
    0x080067fc   0x0000008a   Code   RO          629    .text               c_w.l(init_alloc.o)
    0x08006886   0x0000000e   Code   RO          633    .text               c_w.l(h1_init.o)
    0x08006894   0x000000b2   Code   RO          647    .text               c_w.l(_printf_intcommon.o)
    0x08006946   0x00000002   PAD
    0x08006948   0x00000030   Code   RO          649    .text               c_w.l(_printf_char_common.o)
    0x08006978   0x0000000a   Code   RO          651    .text               c_w.l(_sputc.o)
    0x08006982   0x0000002c   Code   RO          653    .text               c_w.l(_printf_char.o)
    0x080069ae   0x00000064   Code   RO          656    .text               c_w.l(rt_memcpy_w.o)
    0x08006a12   0x00000002   PAD
    0x08006a14   0x00000008   Code   RO          705    .text               c_w.l(libspace.o)
    0x08006a1c   0x00000034   Code   RO          727    .text               c_w.l(h1_extend.o)
    0x08006a50   0x0000000e   Code   RO          733    .text               c_w.l(defsig_rtmem_outer.o)
    0x08006a5e   0x00000002   Code   RO          744    .text               c_w.l(use_no_semi.o)
    0x08006a60   0x00000000   Code   RO          746    .text               c_w.l(indicate_semi.o)
    0x08006a60   0x0000004a   Code   RO          747    .text               c_w.l(sys_stackheap_outer.o)
    0x08006aaa   0x0000000c   Code   RO          753    .text               c_w.l(exit.o)
    0x08006ab6   0x0000000a   Code   RO          755    .text               c_w.l(defsig_exit.o)
    0x08006ac0   0x00000050   Code   RO          757    .text               c_w.l(defsig_rtmem_inner.o)
    0x08006b10   0x0000000c   Code   RO          769    .text               c_w.l(sys_exit.o)
    0x08006b1c   0x00000032   Code   RO          779    .text               c_w.l(defsig_general.o)
    0x08006b4e   0x0000000e   Code   RO          796    .text               c_w.l(sys_wrch.o)
    0x08006b5c   0x0000021c   Data   RO          317    .constdata          _common.o
    0x08006d78   0x0000016d   Data   RO          355    .constdata          cascade.o
    0x08006ee5   0x0000012f   Data   RO          379    .constdata          modbus.o
    0x08007014   0x0000000a   Data   RO          397    .constdata          universalscom.o
    0x0800701e   0x00000042   Data   RO          457    .constdata          uartx.o
    0x08007060   0x00000020   Data   RO          826    Region$$Table       anon$$obj.o


    Execution Region RW_IRAM1 (Base: 0x20000000, Size: 0x00005458, Max: 0x00010000, ABSOLUTE, COMPRESSED[0x00000060])

    Base Addr    Size         Type   Attr      Idx    E Section Name        Object

    0x20000000   0x00000014   Data   RW          125    .data               stm32f10x_rcc.o
    0x20000014   0x00000014   Data   RW          226    .data               system_stm32f10x.o
    0x20000028   0x0000000c   Data   RW          244    .data               main.o
    0x20000034   0x00000004   Data   RW          318    .data               _common.o
    0x20000038   0x00000002   Data   RW          341    .data               cmdparse.o
    0x2000003a   0x00000002   PAD
    0x2000003c   0x000000b4   Data   RW          356    .data               cascade.o
    0x200000f0   0x00000010   Data   RW          398    .data               universalscom.o
    0x20000100   0x0000000e   Data   RW          436    .data               uart2.o
    0x2000010e   0x00000002   PAD
    0x20000110   0x00000060   Data   RW          458    .data               uartx.o
    0x20000170   0x0000000e   Data   RW          492    .data               uart1.o
    0x2000017e   0x00000002   PAD
    0x20000180   0x0000000a   Zero   RW          340    .bss                cmdparse.o
    0x2000018a   0x00000002   PAD
    0x2000018c   0x00001f03   Zero   RW          354    .bss                cascade.o
    0x2000208f   0x00000001   PAD
    0x20002090   0x00000850   Zero   RW          378    .bss                modbus.o
    0x200028e0   0x0000038c   Zero   RW          435    .bss                uart2.o
    0x20002c6c   0x0000038c   Zero   RW          491    .bss                uart1.o
    0x20002ff8   0x00000060   Zero   RW          706    .bss                c_w.l(libspace.o)
    0x20003058   0x00002000   Zero   RW          310    HEAP                startup_stm32f10x_hd.o
    0x20005058   0x00000400   Zero   RW          309    STACK               startup_stm32f10x_hd.o


==============================================================================

Image component sizes


      Code (inc. data)   RO Data    RW Data    ZI Data      Debug   Object Name

       304          8          0          0          0       2013   74hc595.o
       956        134        540          4          0      20660   _common.o
      9520        518        365        180       7939      32276   cascade.o
       288         12          0          2         10       1227   cmdparse.o
         0          0          0          0          0       4312   core_cm3.o
       140          4          0          0          0       1291   dmax.o
       156         22          0          0          0        662   iox.o
       224         28          0         12          0      28116   main.o
       220         22          0          0          0     240401   misc.o
      5802        160        303          0       2128      20927   modbus.o
        64         26        304          0       9216        852   startup_stm32f10x_hd.o
       596          8          0          0          0       4474   stm32f10x_dma.o
       860         38          0          0          0       5793   stm32f10x_gpio.o
        24          0          0          0          0       1182   stm32f10x_it.o
       932         36          0         20          0       9008   stm32f10x_rcc.o
      1032         22          0          0          0       8516   stm32f10x_usart.o
       480         38          0         20          0       2011   system_stm32f10x.o
       948         34          0         14        908       3406   uart1.o
       968         38          0         14        908       3578   uart2.o
       916         64         66         96          0       5125   uartx.o
       712         44         10         16          0       2886   universalscom.o

    ----------------------------------------------------------------------
     25144       1256       1620        384      21112     398716   Object Totals
         0          0         32          0          0          0   (incl. Generated)
         2          0          0          6          3          0   (incl. Padding)

    ----------------------------------------------------------------------

      Code (inc. data)   RO Data    RW Data    ZI Data      Debug   Library Member Name

        90          0          0          0          0          0   __dczerorl2.o
         8          0          0          0          0         68   __main.o
       104          0          0          0          0         84   __printf.o
        52          8          0          0          0          0   __scatter.o
        28          0          0          0          0          0   __scatter_zi.o
        44          0          0          0          0        108   _printf_char.o
        48          6          0          0          0         96   _printf_char_common.o
         6          0          0          0          0          0   _printf_d.o
       116         16          0          0          0         92   _printf_dec.o
       178          0          0          0          0         88   _printf_intcommon.o
         0          0          0          0          0          0   _printf_percent.o
         4          0          0          0          0          0   _printf_percent_end.o
         6          0          0          0          0          0   _printf_s.o
        82          0          0          0          0         80   _printf_str.o
        10          0          0          0          0         68   _sputc.o
        10          0          0          0          0         68   defsig_exit.o
        50          0          0          0          0         88   defsig_general.o
        80         58          0          0          0         76   defsig_rtmem_inner.o
        14          0          0          0          0         80   defsig_rtmem_outer.o
        12          0          0          0          0         72   exit.o
        94          0          0          0          0         80   h1_alloc.o
        52          0          0          0          0         68   h1_extend.o
        78          0          0          0          0         80   h1_free.o
        14          0          0          0          0         84   h1_init.o
       184          0          0          0          0         92   h1_realloc.o
         6          0          0          0          0        152   heapauxi.o
         4          0          0          0          0        136   hguard.o
         0          0          0          0          0          0   indicate_semi.o
       138          0          0          0          0        168   init_alloc.o
         2          0          0          0          0          0   libinit.o
        10          0          0          0          0          0   libinit2.o
         2          0          0          0          0          0   libshutdown.o
         2          0          0          0          0          0   libshutdown2.o
         8          4          0          0         96         68   libspace.o
         0          0          0          0          0          0   maybetermalloc1.o
        40          6          0          0          0         84   noretval__2sprintf.o
         8          4          0          0          0         68   rt_heap_descriptor_intlibspace.o
        68          0          0          0          0         68   rt_memclr.o
        78          0          0          0          0         80   rt_memclr_w.o
       100          0          0          0          0         80   rt_memcpy_w.o
         0          0          0          0          0          0   rtentry.o
        12          0          0          0          0          0   rtentry2.o
         6          0          0          0          0          0   rtentry4.o
         2          0          0          0          0          0   rtexit.o
        10          0          0          0          0          0   rtexit2.o
        62          0          0          0          0         76   strlen.o
        12          4          0          0          0         68   sys_exit.o
        74          0          0          0          0         80   sys_stackheap_outer.o
        14          0          0          0          0         76   sys_wrch.o
         2          0          0          0          0         68   use_no_semi.o

    ----------------------------------------------------------------------
      2036        106          0          0         96       2744   Library Totals
        12          0          0          0          0          0   (incl. Padding)

    ----------------------------------------------------------------------

      Code (inc. data)   RO Data    RW Data    ZI Data      Debug   Library Name

      2024        106          0          0         96       2744   c_w.l

    ----------------------------------------------------------------------
      2036        106          0          0         96       2744   Library Totals

    ----------------------------------------------------------------------

==============================================================================


      Code (inc. data)   RO Data    RW Data    ZI Data      Debug   

     27180       1362       1620        384      21208     398336   Grand Totals
     27180       1362       1620         96      21208     398336   ELF Image Totals (compressed)
     27180       1362       1620         96          0          0   ROM Totals

==============================================================================

    Total RO  Size (Code + RO Data)                28800 (  28.13kB)
    Total RW  Size (RW Data + ZI Data)             21592 (  21.09kB)
    Total ROM Size (Code + RO Data + RW Data)      28896 (  28.22kB)

==============================================================================

