Component: ARM Compiler 5.06 update 6 (build 750) Tool: armlink [4d35ed]

==============================================================================

Section Cross References

    main.o(.text) refers to _printf_percent.o(.ARM.Collect$$_printf_percent$$00000000) for _printf_percent
    main.o(.text) refers to _printf_d.o(.ARM.Collect$$_printf_percent$$00000009) for _printf_d
    main.o(.text) refers to _printf_dec.o(.text) for _printf_int_dec
    main.o(.text) refers to io.o(.text) for IReadAllFilter
    main.o(.text) refers to memmng.o(.text) for memmng_test
    main.o(.text) refers to cdv_array.o(.text) for LIST_Test
    main.o(.text) refers to cascade.o(.text) for CoilToCoil
    main.o(.text) refers to delay.o(.text) for TaskSched
    main.o(.text) refers to led.o(.text) for OUT_DisPlay
    main.o(.text) refers to worker.o(.text) for ManagerControl
    main.o(.text) refers to cdv_define.o(.text) for CmdArgInit
    main.o(.text) refers to cmdparse.o(.text) for CmdParse
    main.o(.text) refers to mainuart.o(.text) for ClearOnlineCmdCache
    main.o(.text) refers to basic_resource.o(.text) for DoResRequest
    main.o(.text) refers to rt_memclr_w.o(.text) for __aeabi_memclr4
    main.o(.text) refers to os_task.o(.text) for OS_TaskSuspend
    main.o(.text) refers to uartx.o(.text) for USARTSend
    main.o(.text) refers to uart3.o(.text) for GetUsartRxLen
    main.o(.text) refers to time.o(.text) for ReadClock1ms
    main.o(.text) refers to main.o(.data) for debug
    main.o(.text) refers to modbus.o(.bss) for g_modbusCoil
    main.o(.text) refers to mainuart.o(.bss) for g_olCache
    main.o(.text) refers to cascade.o(.bss) for g_portCmdCache
    main.o(.text) refers to cdv_define.o(.bss) for TaskParseTCB
    main.o(.text) refers to cdv_define.o(.data) for tm1Re
    main.o(.text) refers to uart3.o(.data) for g_Usart3RxLen
    main.o(.text) refers to adc.o(.text) for Adc_Voltge
    main.o(.text) refers to dac.o(.text) for UpdateDacVal
    main.o(.text) refers to stm32f4xx_gpio.o(.text) for GPIO_ReadInputDataBit
    main.o(.text) refers to lan8720.o(.text) for Eth_Link_query
    main.o(.text) refers to cdv_config.o(.text) for com_print
    main.o(.text) refers to cpu_core.o(.text) for CPU_Init
    main.o(.text) refers to os_core.o(.text) for OSSchedRoundRobinCfg
    main.o(.text) refers to os_sem.o(.text) for OSSemCreate
    main.o(.text) refers to noretval__2sprintf.o(.text) for __2sprintf
    main.o(.text) refers to os_tmr.o(.text) for OSTmrCreate
    main.o(.text) refers to misc.o(.text) for NVIC_PriorityGroupConfig
    main.o(.text) refers to sysdef.o(.emb_text) for INTX_DISABLE
    main.o(.text) refers to lwip_comm.o(.text) for LwIP_Init
    main.o(.text) refers to tcp_server.o(.text) for tcp_server_init
    main.o(.text) refers to httpd.o(.text) for httpd_init
    main.o(.text) refers to udpmain.o(.text) for udpecho_init
    main.o(.text) refers to cpu_a.o(.text) for CPU_SR_Save
    main.o(.text) refers to io.o(.bss) for g_dipSW
    main.o(.text) refers to cdv_config.o(.data) for g_dipCtrlWorker
    main.o(.text) refers to main.o(.bss) for USART_TASK_STK
    cdv_config.o(.text) refers to _printf_percent.o(.ARM.Collect$$_printf_percent$$00000000) for _printf_percent
    cdv_config.o(.text) refers to _printf_d.o(.ARM.Collect$$_printf_percent$$00000009) for _printf_d
    cdv_config.o(.text) refers to _printf_s.o(.ARM.Collect$$_printf_percent$$00000014) for _printf_s
    cdv_config.o(.text) refers to _printf_dec.o(.text) for _printf_int_dec
    cdv_config.o(.text) refers to _printf_str.o(.text) for _printf_str
    cdv_config.o(.text) refers to io.o(.text) for GPIO_Configuration
    cdv_config.o(.text) refers to basic_resource.o(.text) for CdvInit
    cdv_config.o(.text) refers to spix.o(.text) for SPI_Configuration
    cdv_config.o(.text) refers to time.o(.text) for TIM3_Init
    cdv_config.o(.text) refers to led.o(.text) for LED_Init
    cdv_config.o(.text) refers to adc.o(.text) for ADC1_DMA_Init
    cdv_config.o(.text) refers to dac.o(.text) for Dac1_Init
    cdv_config.o(.text) refers to dac7512.o(.text) for DAC7512_Pin_Config
    cdv_config.o(.text) refers to stm32f4xx_gpio.o(.text) for GPIO_ResetBits
    cdv_config.o(.text) refers to uartx.o(.text) for USART_Configuration
    cdv_config.o(.text) refers to malloc.o(.text) for mymem_init
    cdv_config.o(.text) refers to stm32f4xx_rcc.o(.text) for RCC_AHB1PeriphResetCmd
    cdv_config.o(.text) refers to sysmng.o(.text) for ResetCdv
    cdv_config.o(.text) refers to os_sem.o(.text) for OSSemPend
    cdv_config.o(.text) refers to h1_free.o(.text) for free
    cdv_config.o(.text) refers to h1_alloc.o(.text) for malloc
    cdv_config.o(.text) refers to rt_memclr.o(.text) for __aeabi_memclr
    cdv_config.o(.text) refers to h1_realloc.o(.text) for realloc
    cdv_config.o(.text) refers to rt_memclr_w.o(.text) for __aeabi_memclr4
    cdv_config.o(.text) refers to noretval__2sprintf.o(.text) for __2sprintf
[...]
    g_msg                                    0x200002f4   Data           4  msg.o(.data)
    Time_1ms                                 0x200002f8   Data           4  time.o(.data)
    Time_10ms                                0x200002fc   Data           4  time.o(.data)
    Time_100ms                               0x20000300   Data           4  time.o(.data)
    Time_1s                                  0x20000304   Data           4  time.o(.data)
    p_ReadClock                              0x20000308   Data          16  time.o(.data)
    g_adcval                                 0x20000318   Data           4  adc.o(.data)
    g_dacval                                 0x2000031c   Data           4  dac.o(.data)
    transducer_speed                         0x20000320   Data           4  dac.o(.data)
    transducer_time                          0x20000324   Data           4  dac.o(.data)
    transducer_vol                           0x20000328   Data           4  dac.o(.data)
    transducer1_speed                        0x2000032c   Data           4  dac.o(.data)
    transducer1_time                         0x20000330   Data           4  dac.o(.data)
    transducer1_vol                          0x20000334   Data           4  dac.o(.data)
    transducer2_speed                        0x20000338   Data           2  dac.o(.data)
    transducer2_time                         0x2000033a   Data           1  dac.o(.data)
    transducer2_vol                          0x2000033c   Data           4  dac.o(.data)
    nAlarmCount                              0x20000340   Data           4  alarm.o(.data)
    Alarmflag                                0x20000344   Data           1  alarm.o(.data)
    map_start_cache                          0x20000348   Data           4  memmng.o(.data)
    g_pUsart1RxBuf                           0x20000358   Data           4  uart1.o(.data)
    g_Usart1BufLen                           0x2000035c   Data           1  uart1.o(.data)
    g_Usart1RxLen                            0x2000035d   Data           1  uart1.o(.data)
    g_pUart2RxBuf                            0x20000360   Data           4  uart2.o(.data)
    g_Uart2BufLen                            0x20000364   Data           1  uart2.o(.data)
    g_Uart2RxLen                             0x20000365   Data           1  uart2.o(.data)
    USART3_RX_CNT                            0x20000368   Data           1  uart3.o(.data)
    USART3_REC_OVER                          0x20000369   Data           1  uart3.o(.data)
    g_pUsart3RxBuf                           0x2000036c   Data           4  uart3.o(.data)
    g_Usart3BufLen                           0x20000370   Data           1  uart3.o(.data)
    g_Usart3RxLen                            0x20000371   Data           1  uart3.o(.data)
    UART4_RX_CNT                             0x20000374   Data           1  uart4.o(.data)
    UART4_REC_OVER                           0x20000375   Data           1  uart4.o(.data)
    g_pUart4RxBuf                            0x20000378   Data           4  uart4.o(.data)
    g_Uart4BufLen                            0x2000037c   Data           1  uart4.o(.data)
    g_Uart4RxLen                             0x2000037d   Data           1  uart4.o(.data)
    RS485_RX_CNT                             0x20000380   Data           4  uart4.o(.data)
    UART5_RX_CNT                             0x20000384   Data           1  uart5.o(.data)
    UART5_REC_OVER                           0x20000385   Data           1  uart5.o(.data)
    g_pUart5RxBuf                            0x20000388   Data           4  uart5.o(.data)
    g_Uart5BufLen                            0x2000038c   Data           1  uart5.o(.data)
    g_Uart5RxLen                             0x2000038d   Data           1  uart5.o(.data)
    USART6_RX_CNT                            0x20000390   Data           1  uart6.o(.data)
    USART6_REC_OVER                          0x20000391   Data           1  uart6.o(.data)
    g_pUart6RxBuf                            0x20000394   Data           4  uart6.o(.data)
    g_Uart6BufLen                            0x20000398   Data           1  uart6.o(.data)
    g_Uart6RxLen                             0x20000399   Data           1  uart6.o(.data)
    gstartTime                               0x2000039c   Data           4  uart6.o(.data)
    gendTime                                 0x200003a0   Data           4  uart6.o(.data)
    gtime                                    0x200003a4   Data           4  uart6.o(.data)
    TxBuffer                                 0x200003a8   Data           4  spi3.o(.data)
    Tx_Idx                                   0x200003ac   Data           1  spi3.o(.data)
    Tx_len                                   0x200003ad   Data           1  spi3.o(.data)
    Rx_Idx                                   0x200003ae   Data           1  spi3.o(.data)
    p_UartSet                                0x200003b0   Data          24  uartx.o(.data)
    p_UartSend                               0x200003c8   Data          24  uartx.o(.data)
    p_UartTR                                 0x200003e0   Data          24  uartx.o(.data)
    EthStatus                                0x200003f8   Data           4  lan8720.o(.data)
    DMARxDscrTab                             0x200003fc   Data           4  lan8720.o(.data)
    DMATxDscrTab                             0x20000400   Data           4  lan8720.o(.data)
    Rx_Buff                                  0x20000404   Data           4  lan8720.o(.data)
    Tx_Buff                                  0x20000408   Data           4  lan8720.o(.data)
    isLinkUp                                 0x2000040c   Data           1  lan8720.o(.data)
    SystemCoreClock                          0x20000414   Data           4  system_stm32f4xx.o(.data)
    AHBPrescTable                            0x20000418   Data          16  system_stm32f4xx.o(.data)
    DMATxDescToSet                           0x20000438   Data           4  stm32f4x7_eth.o(.data)
    DMARxDescToGet                           0x2000043c   Data           4  stm32f4x7_eth.o(.data)
    DMA_RX_FRAME_infos                       0x20000440   Data           4  stm32f4x7_eth.o(.data)
    Frame_Rx_index                           0x20000444   Data           4  stm32f4x7_eth.o(.data)
    CPU_TS_TmrFreq_Hz                        0x20000448   Data           4  cpu_core.o(.data)
    Mem_PoolTbl                              0x2000044c   Data           4  lib_mem.o(.data)
    OSPrioTbl                                0x20000450   Data           8  os_prio.o(.data)
    OSIdleTaskCtr                            0x20000458   Data           4  os_var.o(.data)
    OSIntNestingCtr                          0x2000045c   Data           1  os_var.o(.data)
    OSRunning                                0x2000045d   Data           1  os_var.o(.data)
    OSMemQty                                 0x2000045e   Data           2  os_var.o(.data)
    OSMutexQty                               0x20000460   Data           2  os_var.o(.data)
    OSPrioCur                                0x20000462   Data           1  os_var.o(.data)
    OSPrioHighRdy                            0x20000463   Data           1  os_var.o(.data)
    OSPrioSaved                              0x20000464   Data           1  os_var.o(.data)
    OSQQty                                   0x20000466   Data           2  os_var.o(.data)
    OSSchedLockNestingCtr                    0x20000468   Data           1  os_var.o(.data)
    OSSchedRoundRobinDfltTimeQuanta          0x2000046c   Data           4  os_var.o(.data)
    OSSchedRoundRobinEn                      0x20000470   Data           1  os_var.o(.data)
    OSSemQty                                 0x20000472   Data           2  os_var.o(.data)
    OSTaskCtxSwCtr                           0x20000474   Data           4  os_var.o(.data)
    OSTaskQty                                0x20000478   Data           2  os_var.o(.data)
    OSTaskRegNextAvailID                     0x2000047a   Data           1  os_var.o(.data)
    OSTickCtr                                0x2000047c   Data           4  os_var.o(.data)
    OSTickTaskTimeMax                        0x20000480   Data           4  os_var.o(.data)
    OSTmrQty                                 0x20000484   Data           2  os_var.o(.data)
    OSTmrTaskTimeMax                         0x20000488   Data           4  os_var.o(.data)
    OSTmrTickCtr                             0x2000048c   Data           4  os_var.o(.data)
    OSTmrUpdateCnt                           0x20000490   Data           4  os_var.o(.data)
    OSTmrUpdateCtr                           0x20000494   Data           4  os_var.o(.data)
    OSTCBCurPtr                              0x20000498   Data           4  os_var.o(.data)
    OSTCBHighRdyPtr                          0x2000049c   Data           4  os_var.o(.data)
    OS_CPU_ExceptStkBase                     0x200004a0   Data           4  os_cpu_c.o(.data)
    global_start                             0x200004a4   Data           4  delay.o(.data)
    global_clk                               0x200004a8   Data           4  delay.o(.data)
    global_cnt1                              0x200004ac   Data           4  delay.o(.data)
    global_cnt2                              0x200004b0   Data           4  delay.o(.data)
    cdvTimeTick                              0x200004b8   Data           4  delay.o(.data)
    CHECK_FLASH                              0x200004bc   Data           5  flash.o(.data)
    mallco_dev                               0x200004c4   Data          36  malloc.o(.data)
    netif_list                               0x20000500   Data           4  netif.o(.data)
    netif_default                            0x20000504   Data           4  netif.o(.data)
    tcp_ticks                                0x20000514   Data           4  tcp.o(.data)
    tcp_bound_pcbs                           0x20000518   Data           4  tcp.o(.data)
    tcp_listen_pcbs                          0x2000051c   Data           4  tcp.o(.data)
    tcp_active_pcbs                          0x20000520   Data           4  tcp.o(.data)
    tcp_tw_pcbs                              0x20000524   Data           4  tcp.o(.data)
    tcp_tmp_pcb                              0x20000528   Data           4  tcp.o(.data)
    tcp_active_pcbs_changed                  0x2000052c   Data           1  tcp.o(.data)
    tcp_input_pcb                            0x20000550   Data           4  tcp_in.o(.data)
    udp_pcbs                                 0x20000560   Data           4  udp.o(.data)
    current_netif                            0x20000564   Data           4  ip.o(.data)
    current_header                           0x20000568   Data           4  ip.o(.data)
    current_iphdr_src                        0x2000056c   Data           4  ip.o(.data)
    current_iphdr_dest                       0x20000570   Data           4  ip.o(.data)
    TCPIP_THREAD_TASK_STK                    0x20000580   Data           4  lwip_comm.o(.data)
    LWIP_DHCP_TASK_STK                       0x20000584   Data           4  lwip_comm.o(.data)
    g_pcSSIExtensions                        0x2000058c   Data          16  httpd.o(.data)
    g_pfnSSIHandler                          0x2000059c   Data           4  httpd.o(.data)
    g_iNumTags                               0x200005a0   Data           4  httpd.o(.data)
    g_ppcTags                                0x200005a4   Data           4  httpd.o(.data)
    g_pCGIs                                  0x200005a8   Data           4  httpd.o(.data)
    g_iNumCGIs                               0x200005ac   Data           4  httpd.o(.data)
    ADC_Page_SSI_Handler                     0x200005b0   Data           4  httpd_cgi_ssi.o(.data)
    ADC_not_configured                       0x200005b4   Data           4  httpd_cgi_ssi.o(.data)
    TAGCHAR                                  0x200005b8   Data           4  httpd_cgi_ssi.o(.data)
    TAGS                                     0x200005bc   Data           4  httpd_cgi_ssi.o(.data)
    CGI_TAB                                  0x200005c0   Data           8  httpd_cgi_ssi.o(.data)
    START_TASK_STK                           0x200005c8   Data         512  main.o(.bss)
    USART_TASK_STK                           0x200007c8   Data         512  main.o(.bss)
    LED1_TASK_STK                            0x200009c8   Data         512  main.o(.bss)
    FLOAT_TASK_STK                           0x20000bc8   Data         512  main.o(.bss)
    WORKER_MANAGE_TASK_STK                   0x20000dc8   Data         512  main.o(.bss)
    PARSE_TASK_STK                           0x20000fc8   Data        1024  main.o(.bss)
    VALVE_TASK_STK                           0x200013c8   Data         512  main.o(.bss)
    MOTO_TASK_STK                            0x200015c8   Data         512  main.o(.bss)
    g_scriptInfo                             0x200017c8   Data          20  cdv_define.o(.bss)
    tmr1                                     0x200017dc   Data          44  cdv_define.o(.bss)
    tmr2                                     0x20001808   Data          44  cdv_define.o(.bss)
    tmr3                                     0x20001834   Data          44  cdv_define.o(.bss)
    StartTaskTCB                             0x20001860   Data         172  cdv_define.o(.bss)
    UsartRecvTaskTCB                         0x2000190c   Data         172  cdv_define.o(.bss)
    UsartSendTaskTCB                         0x200019b8   Data         172  cdv_define.o(.bss)
    CdvRefreshTaskTCB                        0x20001a64   Data         172  cdv_define.o(.bss)
    CdvValveTaskTCB                          0x20001b10   Data         172  cdv_define.o(.bss)
    CdvMotoTaskTCB                           0x20001bbc   Data         172  cdv_define.o(.bss)
    WorkerManageTaskTCB                      0x20001c68   Data         172  cdv_define.o(.bss)
    WorkerTaskTCB                            0x20001d14   Data        2752  cdv_define.o(.bss)
    TaskParseTCB                             0x200027d4   Data         172  cdv_define.o(.bss)
    WORKER_TASK_STK                          0x20002880   Data       25600  cdv_define.o(.bss)
    TX_SEM                                   0x20008c80   Data          28  cdv_define.o(.bss)
    WORKER_SEM                               0x20008c9c   Data          28  cdv_define.o(.bss)
    MOTO_SEM                                 0x20008cb8   Data          28  cdv_define.o(.bss)
    MEM_SEM                                  0x20008cd4   Data          28  cdv_define.o(.bss)
    MSG_SEM                                  0x20008cf0   Data          28  cdv_define.o(.bss)
    LIST_SEM                                 0x20008d0c   Data          28  cdv_define.o(.bss)
    COIL_SEM                                 0x20008d28   Data          28  cdv_define.o(.bss)
    COM_SEM                                  0x20008d44   Data         168  cdv_define.o(.bss)
    TCP_TX_SEM                               0x20008dec   Data          28  cdv_define.o(.bss)
    RPressureData                            0x20008e08   Data         800  cdv_define.o(.bss)
    Para_Buf                                 0x20009128   Data          48  mainuart.o(.bss)
    g_olCache                                0x20009158   Data          12  mainuart.o(.bss)
    g_scriptRecv                             0x20009164   Data          28  mainuart.o(.bss)
    g_uartRx                                 0x20009180   Data         908  mainuart.o(.bss)
    g_uartTx                                 0x2000950c   Data          24  mainuart.o(.bss)
    logInf                                   0x20009524   Data         104  log.o(.bss)
    g_line                                   0x2000958c   Data          44  newscript.o(.bss)
    g_modbusCoil                             0x200095b8   Data          32  modbus.o(.bss)
    g_modbusInCoil                           0x200095d8   Data          32  modbus.o(.bss)
    g_modbusReg                              0x200095f8   Data        1600  modbus.o(.bss)
    g_modbusInReg                            0x20009c38   Data          64  modbus.o(.bss)
    g_threadInfo                             0x20009c78   Data         192  worker.o(.bss)
    time                                     0x20009d38   Data         400  worker.o(.bss)
    g_portCmdCache                           0x20009ec8   Data          12  cascade.o(.bss)
    REG_MAP                                  0x20009ed4   Data        5600  cascade.o(.bss)
    COIL_MAP                                 0x2000b4b4   Data         160  cascade.o(.bss)
    TcpConnectTaskTCB                        0x2000b554   Data         172  tcp_server.o(.bss)
    TCPCONNECT_TASK_STK                      0x2000b600   Data        1200  tcp_server.o(.bss)
    TcpServerTaskTCB                         0x2000bab0   Data         172  tcp_server.o(.bss)
    TCPSERVER_TASK_STK                       0x2000bb5c   Data        1024  tcp_server.o(.bss)
    UdpServerTaskTCB                         0x2000bf5c   Data         172  udpmain.o(.bss)
    UDPSERVER_TASK_STK                       0x2000c008   Data         512  udpmain.o(.bss)
    g_cdvI                                   0x2000c208   Data         160  io.o(.bss)
    g_cdvO                                   0x2000c2a8   Data         176  io.o(.bss)
    g_dipSW                                  0x2000c358   Data          24  io.o(.bss)
    PLUSE_SEM                                0x2000c370   Data          28  io.o(.bss)
    g_pluse                                  0x2000c38c   Data          32  io.o(.bss)
    adc_par                                  0x2000c3ac   Data         544  adc.o(.bss)
    buff_x                                   0x2000c5cc   Data         200  adc.o(.bss)
    buff_v                                   0x2000c694   Data         400  adc.o(.bss)
    adc3_value2                              0x2000c824   Data         200  adc.o(.bss)
    AD_Value                                 0x2000c8ec   Data         200  adc.o(.bss)
    sum1                                     0x2000c9b4   Data         100  adc.o(.bss)
    sum2                                     0x2000ca18   Data         100  adc.o(.bss)
    dac_val_tmp                              0x2000ca7c   Data          16  dac.o(.bss)
    dac_par                                  0x2000ca8c   Data         160  dac.o(.bss)
    strAlarmInfo                             0x2000cb2c   Data         400  alarm.o(.bss)
    USART3_RX_BUF                            0x2000ccbc   Data         255  uart3.o(.bss)
    UART4_RX_BUF                             0x2000cdbb   Data          16  uart4.o(.bss)
    RS485_RX_BUF                             0x2000cdcb   Data          16  uart4.o(.bss)
    UART5_RX_BUF                             0x2000cddb   Data          16  uart5.o(.bss)
    RxBuffer                                 0x2000cdeb   Data         256  spi3.o(.bss)
    ETH_InitStructure                        0x2000ceec   Data         188  lan8720.o(.bss)
    RX_Frame_Descriptor                      0x2000cfa8   Data          12  stm32f4x7_eth.o(.bss)
    CPU_Name                                 0x2000cfb4   Data          16  cpu_core.o(.bss)
    Mem_PoolHeap                             0x2000cfc4   Data          72  lib_mem.o(.bss)
    Mem_Heap                                 0x2000d00c   Data        1024  lib_mem.o(.bss)
    OSCfg_IdleTaskStk                        0x2000d40c   Data         512  os_cfg_app.o(.bss)
    OSCfg_ISRStk                             0x2000d60c   Data         512  os_cfg_app.o(.bss)
    OSCfg_MsgPool                            0x2000d80c   Data        1600  os_cfg_app.o(.bss)
    OSCfg_TickTaskStk                        0x2000de4c   Data         512  os_cfg_app.o(.bss)
    OSCfg_TickWheel                          0x2000e04c   Data         136  os_cfg_app.o(.bss)
    OSCfg_TmrTaskStk                         0x2000e0d4   Data         512  os_cfg_app.o(.bss)
    OSCfg_TmrWheel                           0x2000e2d4   Data         136  os_cfg_app.o(.bss)
    OSIdleTaskTCB                            0x2000e35c   Data         172  os_var.o(.bss)
    OSMsgPool                                0x2000e408   Data          12  os_var.o(.bss)
    OSRdyList                                0x2000e414   Data         768  os_var.o(.bss)
    OSTickTaskTCB                            0x2000e714   Data         172  os_var.o(.bss)
    OSTmrTaskTCB                             0x2000e7c0   Data         172  os_var.o(.bss)
    cdvStartTime                             0x2000e86c   Data          80  delay.o(.bss)
    cdvEndTime                               0x2000e8bc   Data          80  delay.o(.bss)
    TcpipthreadTaskTCB                       0x2000e90c   Data         172  sys_arch.o(.bss)
    ram_heap                                 0x2000eaa4   Data        4820  mem.o(.bss)
    lwipdev                                  0x200124e8   Data          23  lwip_comm.o(.bss)
    lwip_netif                               0x20012500   Data          52  lwip_comm.o(.bss)
    LwipdhcpTaskTCB                          0x20012534   Data         172  lwip_comm.o(.bss)
    fs_memory                                0x200125e0   Data         240  fs.o(.bss)
    __libspace_start                         0x20012ad0   Data          96  libspace.o(.bss)
    __temporary_stack_top$libspace           0x20012b30   Data           0  libspace.o(.bss)
    mem_base                                 0x68000000   Data       786432  memmng.o(.ARM.__AT_0x68000000)
    mem_mapbase                              0x680c0000   Data       196608  memmng.o(.ARM.__AT_0x680C0000)



==============================================================================

Memory Map of the image

  Image Entry point : 0x08020189

  Load Region LR_IROM1 (Base: 0x08020000, Size: 0x00039644, Max: 0x000e0000, ABSOLUTE, COMPRESSED[0x0003927c])

    Execution Region ER_IROM1 (Exec base: 0x08020000, Load base: 0x08020000, Size: 0x0003907c, Max: 0x000e0000, ABSOLUTE)

    Exec Addr    Load Addr    Size         Type   Attr      Idx    E Section Name        Object

    0x08020000   0x08020000   0x00000188   Data   RO         1888    RESET               startup_stm32f40_41xxx.o
    0x08020188   0x08020188   0x00000008   Code   RO         3970  * !!!main             c_w.l(__main.o)
    0x08020190   0x08020190   0x00000034   Code   RO         4445    !!!scatter          c_w.l(__scatter.o)
    0x080201c4   0x080201c4   0x0000005a   Code   RO         4443    !!dczerorl2         c_w.l(__dczerorl2.o)
    0x0802021e   0x0802021e   0x00000002   PAD
    0x08020220   0x08020220   0x0000001c   Code   RO         4447    !!handler_zi        c_w.l(__scatter_zi.o)
    0x0802023c   0x0802023c   0x00000000   Code   RO         3943    .ARM.Collect$$_printf_percent$$00000000  c_w.l(_printf_percent.o)
    0x0802023c   0x0802023c   0x00000006   Code   RO         3942    .ARM.Collect$$_printf_percent$$00000003  c_w.l(_printf_f.o)
    0x08020242   0x08020242   0x00000006   Code   RO         3941    .ARM.Collect$$_printf_percent$$00000009  c_w.l(_printf_d.o)
    0x08020248   0x08020248   0x00000006   Code   RO         3940    .ARM.Collect$$_printf_percent$$0000000C  c_w.l(_printf_x.o)
    0x0802024e   0x0802024e   0x00000006   Code   RO         3939    .ARM.Collect$$_printf_percent$$00000014  c_w.l(_printf_s.o)
    0x08020254   0x08020254   0x00000004   Code   RO         4116    .ARM.Collect$$_printf_percent$$00000017  c_w.l(_printf_percent_end.o)
    0x08020258   0x08020258   0x00000002   Code   RO         4337    .ARM.Collect$$libinit$$00000000  c_w.l(libinit.o)
    0x0802025a   0x0802025a   0x00000000   Code   RO         4127    .ARM.Collect$$libinit$$00000002  c_w.l(libinit2.o)
    0x0802025a   0x0802025a   0x00000000   Code   RO         4129    .ARM.Collect$$libinit$$00000004  c_w.l(libinit2.o)
    0x0802025a   0x0802025a   0x00000008   Code   RO         4130    .ARM.Collect$$libinit$$00000005  c_w.l(libinit2.o)
    0x08020262   0x08020262   0x00000000   Code   RO         4132    .ARM.Collect$$libinit$$0000000A  c_w.l(libinit2.o)
    0x08020262   0x08020262   0x00000000   Code   RO         4134    .ARM.Collect$$libinit$$0000000C  c_w.l(libinit2.o)
    0x08020262   0x08020262   0x00000000   Code   RO         4136    .ARM.Collect$$libinit$$0000000E  c_w.l(libinit2.o)
    0x08020262   0x08020262   0x00000006   Code   RO         4137    .ARM.Collect$$libinit$$0000000F  c_w.l(libinit2.o)
    0x08020268   0x08020268   0x00000000   Code   RO         4139    .ARM.Collect$$libinit$$00000011  c_w.l(libinit2.o)
    0x08020268   0x08020268   0x0000000c   Code   RO         4140    .ARM.Collect$$libinit$$00000012  c_w.l(libinit2.o)
    0x08020274   0x08020274   0x00000000   Code   RO         4141    .ARM.Collect$$libinit$$00000013  c_w.l(libinit2.o)
    0x08020274   0x08020274   0x00000000   Code   RO         4143    .ARM.Collect$$libinit$$00000015  c_w.l(libinit2.o)
    0x08020274   0x08020274   0x0000000a   Code   RO         4144    .ARM.Collect$$libinit$$00000016  c_w.l(libinit2.o)
    0x0802027e   0x0802027e   0x00000000   Code   RO         4145    .ARM.Collect$$libinit$$00000017  c_w.l(libinit2.o)
    0x0802027e   0x0802027e   0x00000000   Code   RO         4147    .ARM.Collect$$libinit$$00000019  c_w.l(libinit2.o)
    0x0802027e   0x0802027e   0x00000000   Code   RO         4149    .ARM.Collect$$libinit$$0000001B  c_w.l(libinit2.o)
    0x0802027e   0x0802027e   0x00000000   Code   RO         4151    .ARM.Collect$$libinit$$0000001D  c_w.l(libinit2.o)
    0x0802027e   0x0802027e   0x00000000   Code   RO         4153    .ARM.Collect$$libinit$$0000001F  c_w.l(libinit2.o)
    0x0802027e   0x0802027e   0x00000000   Code   RO         4155    .ARM.Collect$$libinit$$00000021  c_w.l(libinit2.o)
    0x0802027e   0x0802027e   0x00000000   Code   RO         4157    .ARM.Collect$$libinit$$00000023  c_w.l(libinit2.o)
    0x0802027e   0x0802027e   0x00000000   Code   RO         4159    .ARM.Collect$$libinit$$00000025  c_w.l(libinit2.o)
    0x0802027e   0x0802027e   0x00000000   Code   RO         4163    .ARM.Collect$$libinit$$0000002C  c_w.l(libinit2.o)
    0x0802027e   0x0802027e   0x00000000   Code   RO         4165    .ARM.Collect$$libinit$$0000002E  c_w.l(libinit2.o)
    0x0802027e   0x0802027e   0x00000000   Code   RO         4167    .ARM.Collect$$libinit$$00000030  c_w.l(libinit2.o)
    0x0802027e   0x0802027e   0x00000000   Code   RO         4169    .ARM.Collect$$libinit$$00000032  c_w.l(libinit2.o)
    0x0802027e   0x0802027e   0x00000002   Code   RO         4170    .ARM.Collect$$libinit$$00000033  c_w.l(libinit2.o)
    0x08020280   0x08020280   0x00000002   Code   RO         4427    .ARM.Collect$$libshutdown$$00000000  c_w.l(libshutdown.o)
    0x08020282   0x08020282   0x00000000   Code   RO         4355    .ARM.Collect$$libshutdown$$00000002  c_w.l(libshutdown2.o)
    0x08020282   0x08020282   0x00000000   Code   RO         4357    .ARM.Collect$$libshutdown$$00000004  c_w.l(libshutdown2.o)
    0x08020282   0x08020282   0x00000000   Code   RO         4360    .ARM.Collect$$libshutdown$$00000007  c_w.l(libshutdown2.o)
    0x08020282   0x08020282   0x00000000   Code   RO         4363    .ARM.Collect$$libshutdown$$0000000A  c_w.l(libshutdown2.o)
    0x08020282   0x08020282   0x00000000   Code   RO         4365    .ARM.Collect$$libshutdown$$0000000C  c_w.l(libshutdown2.o)
    0x08020282   0x08020282   0x00000000   Code   RO         4368    .ARM.Collect$$libshutdown$$0000000F  c_w.l(libshutdown2.o)
    0x08020282   0x08020282   0x00000002   Code   RO         4369    .ARM.Collect$$libshutdown$$00000010  c_w.l(libshutdown2.o)
    0x08020284   0x08020284   0x00000000   Code   RO         4064    .ARM.Collect$$rtentry$$00000000  c_w.l(__rtentry.o)
    0x08020284   0x08020284   0x00000000   Code   RO         4220    .ARM.Collect$$rtentry$$00000002  c_w.l(__rtentry2.o)
    0x08020284   0x08020284   0x00000006   Code   RO         4232    .ARM.Collect$$rtentry$$00000004  c_w.l(__rtentry4.o)
    0x0802028a   0x0802028a   0x00000000   Code   RO         4222    .ARM.Collect$$rtentry$$00000009  c_w.l(__rtentry2.o)
    0x0802028a   0x0802028a   0x00000004   Code   RO         4223    .ARM.Collect$$rtentry$$0000000A  c_w.l(__rtentry2.o)
    0x0802028e   0x0802028e   0x00000000   Code   RO         4225    .ARM.Collect$$rtentry$$0000000C  c_w.l(__rtentry2.o)
    0x0802028e   0x0802028e   0x00000008   Code   RO         4226    .ARM.Collect$$rtentry$$0000000D  c_w.l(__rtentry2.o)
    0x08020296   0x08020296   0x00000002   Code   RO         4342    .ARM.Collect$$rtexit$$00000000  c_w.l(rtexit.o)
    0x08020298   0x08020298   0x00000000   Code   RO         4391    .ARM.Collect$$rtexit$$00000002  c_w.l(rtexit2.o)
    0x08020298   0x08020298   0x00000004   Code   RO         4392    .ARM.Collect$$rtexit$$00000003  c_w.l(rtexit2.o)
    0x0802029c   0x0802029c   0x00000006   Code   RO         4393    .ARM.Collect$$rtexit$$00000004  c_w.l(rtexit2.o)
    0x080202a2   0x080202a2   0x00000002   PAD
    0x080202a4   0x080202a4   0x00000010   Code   RO         2730    .emb_text           sysdef.o
    0x080202b4   0x080202b4   0x00000000   Code   RO         4238    .emb_text           c_w.l(maybetermalloc1.o)
    0x080202b4   0x080202b4   0x00000a08   Code   RO            3    .text               main.o
    0x08020cbc   0x08020cbc   0x00000458   Code   RO          466    .text               cdv_config.o
    0x08021114   0x08021114   0x00000066   Code   RO          493    .text               cdv_define.o
    0x0802117a   0x0802117a   0x00000002   PAD
    0x0802117c   0x0802117c   0x0000019c   Code   RO          525    .text               offline.o
    0x08021318   0x08021318   0x00000398   Code   RO          552    .text               basic_resource.o
    0x080216b0   0x080216b0   0x00000600   Code   RO          572    .text               fpga_spi.o
    0x08021cb0   0x08021cb0   0x00001690   Code   RO          613    .text               mainuart.o
    0x08023340   0x08023340   0x00000740   Code   RO          650    .text               log.o
    0x08023a80   0x08023a80   0x000008d8   Code   RO          674    .text               cdv_array.o
    0x08024358   0x08024358   0x000006ac   Code   RO          696    .text               newscript.o
    0x08024a04   0x08024a04   0x000018b8   Code   RO          723    .text               modbus.o
    0x080262bc   0x080262bc   0x00000a1e   Code   RO          773    .text               worker.o
    0x08026cda   0x08026cda   0x00000002   PAD
    0x08026cdc   0x08026cdc   0x0000048a   Code   RO          802    .text               cmdparse.o
    0x08027166   0x08027166   0x00000002   PAD
    0x08027168   0x08027168   0x00002754   Code   RO          823    .text               cascade.o
    0x080298bc   0x080298bc   0x000008b4   Code   RO          855    .text               tcp_server.o
    0x0802a170   0x0802a170   0x000002e4   Code   RO          905    .text               udpmain.o
    0x0802a454   0x0802a454   0x00000498   Code   RO          935    .text               centralizedcontrol.o
    0x0802a8ec   0x0802a8ec   0x00000120   Code   RO          972    .text               sysmng.o
    0x0802aa0c   0x0802aa0c   0x000004e8   Code   RO          992    .text               logic.o
    0x0802aef4   0x0802aef4   0x000014da   Code   RO         1047    .text               io.o
    0x0802c3ce   0x0802c3ce   0x00000002   PAD
    0x0802c3d0   0x0802c3d0   0x00000710   Code   RO         1074    .text               var.o
    0x0802cae0   0x0802cae0   0x00000128   Code   RO         1098    .text               msg.o
    0x0802cc08   0x0802cc08   0x000002f8   Code   RO         1121    .text               time.o
    0x0802cf00   0x0802cf00   0x00000f78   Code   RO         1165    .text               adc.o
    0x0802de78   0x0802de78   0x00000680   Code   RO         1192    .text               dac.o
    0x0802e4f8   0x0802e4f8   0x0000018c   Code   RO         1237    .text               dac7512.o
    0x0802e684   0x0802e684   0x0000055a   Code   RO         1298    .text               universalscom.o
    0x0802ebde   0x0802ebde   0x00000002   PAD
    0x0802ebe0   0x0802ebe0   0x00000384   Code   RO         1319    .text               alarm.o
    0x0802ef64   0x0802ef64   0x00000184   Code   RO         1347    .text               led.o
    0x0802f0e8   0x0802f0e8   0x000016e0   Code   RO         1370    .text               varexp.o
    0x080307c8   0x080307c8   0x00000228   Code   RO         1408    .text               memmng.o
    0x080309f0   0x080309f0   0x0000034c   Code   RO         1454    .text               uart1.o
    0x08030d3c   0x08030d3c   0x000002b0   Code   RO         1480    .text               uart2.o
    0x08030fec   0x08030fec   0x0000036c   Code   RO         1506    .text               uart3.o
    0x08031358   0x08031358   0x000002a8   Code   RO         1533    .text               uart4.o
    0x08031600   0x08031600   0x000002b4   Code   RO         1560    .text               uart5.o
    0x080318b4   0x080318b4   0x0000036c   Code   RO         1587    .text               uart6.o
    0x08031c20   0x08031c20   0x000000d4   Code   RO         1614    .text               spix.o
    0x08031cf4   0x08031cf4   0x000000bc   Code   RO         1635    .text               exti.o
    0x08031db0   0x08031db0   0x0000012c   Code   RO         1655    .text               spi2.o
    0x08031edc   0x08031edc   0x00000270   Code   RO         1675    .text               spi3.o
    0x0803214c   0x0803214c   0x00000498   Code   RO         1700    .text               uartx.o
    0x080325e4   0x080325e4   0x0000012c   Code   RO         1724    .text               dmax.o
    0x08032710   0x08032710   0x00000734   Code   RO         1744    .text               lan8720.o
    0x08032e44   0x08032e44   0x00000358   Code   RO         1777    .text               sram.o
    0x0803319c   0x0803319c   0x00000060   Code   RO         1839    .text               stm32f4xx_it.o
    0x080331fc   0x080331fc   0x00000204   Code   RO         1862    .text               system_stm32f4xx.o
    0x08033400   0x08033400   0x00000040   Code   RO         1889    .text               startup_stm32f40_41xxx.o
    0x08033440   0x08033440   0x0000065c   Code   RO         1895    .text               stm32f4xx_rcc.o
    0x08033a9c   0x08033a9c   0x000000e0   Code   RO         1917    .text               misc.o
    0x08033b7c   0x08033b7c   0x00000294   Code   RO         1937    .text               stm32f4xx_gpio.o
    0x08033e10   0x08033e10   0x00000454   Code   RO         1957    .text               stm32f4xx_usart.o
    0x08034264   0x08034264   0x00000480   Code   RO         1977    .text               stm32f4xx_spi.o
    0x080346e4   0x080346e4   0x00000ca2   Code   RO         1997    .text               stm32f4xx_tim.o
    0x08035386   0x08035386   0x00000002   PAD
    0x08035388   0x08035388   0x000003a8   Code   RO         2017    .text               stm32f4xx_dma.o
    0x08035730   0x08035730   0x00000210   Code   RO         2077    .text               stm32f4xx_dac.o
    0x08035940   0x08035940   0x00000464   Code   RO         2097    .text               stm32f4xx_adc.o
    0x08035da4   0x08035da4   0x00000110   Code   RO         2140    .text               stm32f4xx_exti.o
    0x08035eb4   0x08035eb4   0x00000094   Code   RO         2160    .text               stm32f4xx_syscfg.o
    0x08035f48   0x08035f48   0x00001054   Code   RO         2180    .text               stm32f4x7_eth.o
    0x08036f9c   0x08036f9c   0x000005c8   Code   RO         2207    .text               stm32f4xx_fsmc.o
    0x08037564   0x08037564   0x00000084   Code   RO         2250    .text               bsp.o
    0x080375e8   0x080375e8   0x000002a8   Code   RO         2286    .text               cpu_core.o
    0x08037890   0x08037890   0x00000256   Code   RO         2324    .text               lib_ascii.o
    0x08037ae6   0x08037ae6   0x00000002   PAD
    0x08037ae8   0x08037ae8   0x000009c6   Code   RO         2357    .text               lib_mem.o
    0x080384ae   0x080384ae   0x00000002   PAD
    0x080384b0   0x080384b0   0x00000928   Code   RO         2376    .text               lib_str.o
    0x08038dd8   0x08038dd8   0x00000002   Code   RO         2393    .text               os_cfg_app.o
    0x08038dda   0x08038dda   0x00000002   PAD
    0x08038ddc   0x08038ddc   0x00000c30   Code   RO         2416    .text               os_core.o
    0x08039a0c   0x08039a0c   0x000001cc   Code   RO         2449    .text               os_mem.o
    0x08039bd8   0x08039bd8   0x00000228   Code   RO         2461    .text               os_msg.o
    0x08039e00   0x08039e00   0x000006ec   Code   RO         2473    .text               os_mutex.o
    0x0803a4ec   0x0803a4ec   0x0000007c   Code   RO         2491    .text               os_prio.o
    0x0803a568   0x0803a568   0x00000660   Code   RO         2510    .text               os_q.o
    0x0803abc8   0x0803abc8   0x00000674   Code   RO         2522    .text               os_sem.o
    0x0803b23c   0x0803b23c   0x000012b4   Code   RO         2540    .text               os_task.o
    0x0803c4f0   0x0803c4f0   0x00000484   Code   RO         2552    .text               os_tick.o
    0x0803c974   0x0803c974   0x0000045c   Code   RO         2564    .text               os_time.o
    0x0803cdd0   0x0803cdd0   0x00000790   Code   RO         2576    .text               os_tmr.o
    0x0803d560   0x0803d560   0x000001b4   Code   RO         2604    .text               os_cpu_c.o
    0x0803d714   0x0803d714   0x00000034   Code   RO         2628    .text               cpu_a.o
    0x0803d748   0x0803d748   0x00000220   Code   RO         2631    .text               lib_mem_a.o
    0x0803d968   0x0803d968   0x00000210   Code   RO         2639    .text               delay.o
    0x0803db78   0x0803db78   0x000006cc   Code   RO         2681    .text               flash.o
    0x0803e244   0x0803e244   0x00000248   Code   RO         2748    .text               malloc.o
    0x0803e48c   0x0803e48c   0x000002d4   Code   RO         2798    .text               ethernetif.o
    0x0803e760   0x0803e760   0x00000380   Code   RO         2836    .text               sys_arch.o
    0x0803eae0   0x0803eae0   0x0000094c   Code   RO         2870    .text               etharp.o
    0x0803f42c   0x0803f42c   0x000006d0   Code   RO         2916    .text               api_lib.o
    0x0803fafc   0x0803fafc   0x00000f7c   Code   RO         2961    .text               api_msg.o
    0x08040a78   0x08040a78   0x00000190   Code   RO         2998    .text               netbuf.o
    0x08040c08   0x08040c08   0x000002e0   Code   RO         3070    .text               tcpip.o
    0x08040ee8   0x08040ee8   0x0000003e   Code   RO         3108    .text               def.o
    0x08040f26   0x08040f26   0x00000020   Code   RO         3156    .text               init.o
    0x08040f46   0x08040f46   0x00000002   PAD
    0x08040f48   0x08040f48   0x00000380   Code   RO         3205    .text               mem.o
    0x080412c8   0x080412c8   0x000000d4   Code   RO         3229    .text               memp.o
    0x0804139c   0x0804139c   0x000002a0   Code   RO         3267    .text               netif.o
    0x0804163c   0x0804163c   0x00000750   Code   RO         3297    .text               pbuf.o
    0x08041d8c   0x08041d8c   0x000001b0   Code   RO         3320    .text               raw.o
    0x08041f3c   0x08041f3c   0x00000df0   Code   RO         3370    .text               tcp.o
    0x08042d2c   0x08042d2c   0x000012a0   Code   RO         3402    .text               tcp_in.o
    0x08043fcc   0x08043fcc   0x00000c2e   Code   RO         3436    .text               tcp_out.o
    0x08044bfa   0x08044bfa   0x00000002   PAD
    0x08044bfc   0x08044bfc   0x00000228   Code   RO         3456    .text               timers.o
    0x08044e24   0x08044e24   0x00000444   Code   RO         3487    .text               udp.o
    0x08045268   0x08045268   0x000001f0   Code   RO         3527    .text               icmp.o
    0x08045458   0x08045458   0x00000222   Code   RO         3578    .text               inet_chksum.o
    0x0804567a   0x0804567a   0x00000002   PAD
    0x0804567c   0x0804567c   0x000002d8   Code   RO         3598    .text               ip.o
    0x08045954   0x08045954   0x000002b8   Code   RO         3627    .text               ip_addr.o
    0x08045c0c   0x08045c0c   0x00000694   Code   RO         3661    .text               ip_frag.o
    0x080462a0   0x080462a0   0x00000310   Code   RO         3683    .text               lwip_comm.o
    0x080465b0   0x080465b0   0x00000108   Code   RO         3724    .text               fs.o
    0x080466b8   0x080466b8   0x00000d54   Code   RO         3757    .text               httpd.o
    0x0804740c   0x0804740c   0x0000017c   Code   RO         3789    .text               httpd_cgi_ssi.o
    0x08047588   0x08047588   0x00000010   Code   RO         3814    .text               c_w.l(rt_ctype_table.o)
    0x08047598   0x08047598   0x0000005e   Code   RO         3822    .text               c_w.l(h1_alloc.o)
    0x080475f6   0x080475f6   0x0000004e   Code   RO         3824    .text               c_w.l(h1_free.o)
    0x08047644   0x08047644   0x000000b8   Code   RO         3826    .text               c_w.l(h1_realloc.o)
    0x080476fc   0x080476fc   0x000000ee   Code   RO         3884    .text               c_w.l(lludivv7m.o)
    0x080477ea   0x080477ea   0x00000002   PAD
    0x080477ec   0x080477ec   0x00000028   Code   RO         3888    .text               c_w.l(noretval__2sprintf.o)
    0x08047814   0x08047814   0x0000004e   Code   RO         3892    .text               c_w.l(_printf_pad.o)
    0x08047862   0x08047862   0x00000052   Code   RO         3894    .text               c_w.l(_printf_str.o)
    0x080478b4   0x080478b4   0x00000078   Code   RO         3896    .text               c_w.l(_printf_dec.o)
    0x0804792c   0x0804792c   0x00000058   Code   RO         3901    .text               c_w.l(_printf_hex_int.o)
    0x08047984   0x08047984   0x00000188   Code   RO         3936    .text               c_w.l(__printf_flags_ss_wp.o)
    0x08047b0c   0x08047b0c   0x0000001a   Code   RO         3944    .text               c_w.l(atoi.o)
    0x08047b26   0x08047b26   0x00000014   Code   RO         3946    .text               c_w.l(strchr.o)
    0x08047b3a   0x08047b3a   0x00000024   Code   RO         3948    .text               c_w.l(strstr.o)
    0x08047b5e   0x08047b5e   0x00000058   Code   RO         3950    .text               c_w.l(memcmp.o)
    0x08047bb6   0x08047bb6   0x0000003e   Code   RO         3952    .text               c_w.l(strlen.o)
    0x08047bf4   0x08047bf4   0x00000096   Code   RO         3954    .text               c_w.l(strncmp.o)
    0x08047c8a   0x08047c8a   0x0000008a   Code   RO         3956    .text               c_w.l(rt_memcpy_v6.o)
    0x08047d14   0x08047d14   0x00000064   Code   RO         3958    .text               c_w.l(rt_memcpy_w.o)
    0x08047d78   0x08047d78   0x00000010   Code   RO         3960    .text               c_w.l(aeabi_memset.o)
    0x08047d88   0x08047d88   0x00000044   Code   RO         3962    .text               c_w.l(rt_memclr.o)
    0x08047dcc   0x08047dcc   0x0000004e   Code   RO         3964    .text               c_w.l(rt_memclr_w.o)
    0x08047e1a   0x08047e1a   0x00000002   PAD
    0x08047e1c   0x08047e1c   0x00000080   Code   RO         3966    .text               c_w.l(strcmpv7m.o)
    0x08047e9c   0x08047e9c   0x00000006   Code   RO         3968    .text               c_w.l(heapauxi.o)
    0x08047ea2   0x08047ea2   0x00000002   PAD
    0x08047ea4   0x08047ea4   0x00000008   Code   RO         4072    .text               c_w.l(rt_heap_descriptor_intlibspace.o)
    0x08047eac   0x08047eac   0x00000008   Code   RO         4077    .text               c_w.l(rt_locale_intlibspace.o)
    0x08047eb4   0x08047eb4   0x00000008   Code   RO         4082    .text               c_w.l(rt_errno_addr_intlibspace.o)
    0x08047ebc   0x08047ebc   0x00000004   Code   RO         4084    .text               c_w.l(hguard.o)
    0x08047ec0   0x08047ec0   0x0000008a   Code   RO         4086    .text               c_w.l(init_alloc.o)
    0x08047f4a   0x08047f4a   0x0000000e   Code   RO         4090    .text               c_w.l(h1_init.o)
    0x08047f58   0x08047f58   0x00000016   Code   RO         4104    .text               c_w.l(_rserrno.o)
    0x08047f6e   0x08047f6e   0x000000b2   Code   RO         4106    .text               c_w.l(_printf_intcommon.o)
    0x08048020   0x08048020   0x0000041e   Code   RO         4108    .text               c_w.l(_printf_fp_dec.o)
    0x0804843e   0x0804843e   0x00000002   PAD
    0x08048440   0x08048440   0x00000030   Code   RO         4110    .text               c_w.l(_printf_char_common.o)
    0x08048470   0x08048470   0x0000000a   Code   RO         4112    .text               c_w.l(_sputc.o)
    0x0804847a   0x0804847a   0x0000002c   Code   RO         4114    .text               c_w.l(_printf_char.o)
    0x080484a6   0x080484a6   0x00000002   PAD
    0x080484a8   0x080484a8   0x000000a4   Code   RO         4117    .text               c_w.l(strtod.o)
    0x0804854c   0x0804854c   0x00000070   Code   RO         4119    .text               c_w.l(strtol.o)
    0x080485bc   0x080485bc   0x00000008   Code   RO         4216    .text               c_w.l(libspace.o)
    0x080485c4   0x080485c4   0x00000034   Code   RO         4240    .text               c_w.l(h1_extend.o)
    0x080485f8   0x080485f8   0x0000008a   Code   RO         4244    .text               c_w.l(lludiv10.o)
    0x08048682   0x08048682   0x00000012   Code   RO         4246    .text               c_w.l(isspace.o)
    0x08048694   0x08048694   0x00000080   Code   RO         4248    .text               c_w.l(_printf_fp_infnan.o)
    0x08048714   0x08048714   0x00000040   Code   RO         4252    .text               c_w.l(_sgetc.o)
    0x08048754   0x08048754   0x0000009e   Code   RO         4254    .text               c_w.l(_strtoul.o)
    0x080487f2   0x080487f2   0x00000002   PAD
    0x080487f4   0x080487f4   0x000000e4   Code   RO         4256    .text               c_w.l(bigflt0.o)
    0x080488d8   0x080488d8   0x0000000e   Code   RO         4284    .text               c_w.l(defsig_rtmem_outer.o)
    0x080488e6   0x080488e6   0x00000002   Code   RO         4305    .text               c_w.l(use_no_semi.o)
    0x080488e8   0x080488e8   0x00000000   Code   RO         4307    .text               c_w.l(indicate_semi.o)
    0x080488e8   0x080488e8   0x0000004a   Code   RO         4308    .text               c_w.l(sys_stackheap_outer.o)
    0x08048932   0x08048932   0x0000001c   Code   RO         4314    .text               c_w.l(_chval.o)
    0x0804894e   0x0804894e   0x00000002   PAD
    0x08048950   0x08048950   0x000004f8   Code   RO         4316    .text               c_w.l(scanf_fp.o)
    0x08048e48   0x08048e48   0x00000012   Code   RO         4318    .text               c_w.l(exit.o)
    0x08048e5a   0x08048e5a   0x0000000a   Code   RO         4320    .text               c_w.l(defsig_exit.o)
    0x08048e64   0x08048e64   0x00000050   Code   RO         4326    .text               c_w.l(defsig_rtmem_inner.o)
    0x08048eb4   0x08048eb4   0x0000000c   Code   RO         4340    .text               c_w.l(sys_exit.o)
    0x08048ec0   0x08048ec0   0x00000032   Code   RO         4350    .text               c_w.l(defsig_general.o)
    0x08048ef2   0x08048ef2   0x0000000e   Code   RO         4388    .text               c_w.l(sys_wrch.o)
    0x08048f00   0x08048f00   0x00000320   Code   RO         4397    .text               c_w.l(scanf_hexfp.o)
    0x08049220   0x08049220   0x00000134   Code   RO         4399    .text               c_w.l(scanf_infnan.o)
    0x08049354   0x08049354   0x00000026   Code   RO         4409    .text               c_w.l(llshl.o)
    0x0804937a   0x0804937a   0x0000003e   Code   RO         4259    CL$$btod_d2e        c_w.l(btod.o)
    0x080493b8   0x080493b8   0x00000046   Code   RO         4261    CL$$btod_d2e_denorm_low  c_w.l(btod.o)
    0x080493fe   0x080493fe   0x00000060   Code   RO         4260    CL$$btod_d2e_norm_op1  c_w.l(btod.o)
    0x0804945e   0x0804945e   0x00000338   Code   RO         4269    CL$$btod_div_common  c_w.l(btod.o)
    0x08049796   0x08049796   0x00000002   PAD
    0x08049798   0x08049798   0x00000084   Code   RO         4267    CL$$btod_e2d        c_w.l(btod.o)
    0x0804981c   0x0804981c   0x000000dc   Code   RO         4266    CL$$btod_e2e        c_w.l(btod.o)
    0x080498f8   0x080498f8   0x0000002a   Code   RO         4263    CL$$btod_ediv       c_w.l(btod.o)
    0x08049922   0x08049922   0x0000002a   Code   RO         4265    CL$$btod_edivd      c_w.l(btod.o)
    0x0804994c   0x0804994c   0x0000002a   Code   RO         4262    CL$$btod_emul       c_w.l(btod.o)
    0x08049976   0x08049976   0x0000002a   Code   RO         4264    CL$$btod_emuld      c_w.l(btod.o)
    0x080499a0   0x080499a0   0x00000244   Code   RO         4268    CL$$btod_mult_common  c_w.l(btod.o)
    0x08049be4   0x08049be4   0x00000098   Code   RO         2634    CODE                os_cpu_a.o
    0x08049c7c   0x08049c7c   0x00000028   Code   RO         4301    i.__ARM_fpclassify  m_ws.l(fpclassify.o)
    0x08049ca4   0x08049ca4   0x0000000e   Code   RO         4193    i.__mathlib_dbl_overflow  m_ws.l(dunder.o)
    0x08049cb2   0x08049cb2   0x00000002   PAD
    0x08049cb4   0x08049cb4   0x00000010   Code   RO         4195    i.__mathlib_dbl_underflow  m_ws.l(dunder.o)
    0x08049cc4   0x08049cc4   0x00000010   Code   RO         4382    i.__mathlib_narrow  m_ws.l(narrow.o)
    0x08049cd4   0x08049cd4   0x000000bc   Code   RO         4383    i.__mathlib_tofloat  m_ws.l(narrow.o)
    0x08049d90   0x08049d90   0x00000016   Code   RO         4429    i.__support_ldexp   m_ws.l(ldexp.o)
    0x08049da6   0x08049da6   0x0000000e   Code   RO         3929    i._is_digit         c_w.l(__printf_wp.o)
    0x08049db4   0x08049db4   0x0000002a   Code   RO         4043    i.atof              m_ws.l(atof.o)
    0x08049dde   0x08049dde   0x00000002   PAD
    0x08049de0   0x08049de0   0x00000058   Code   RO         4406    i.frexp             m_ws.l(frexp.o)
    0x08049e38   0x08049e38   0x00000074   Code   RO         4430    i.ldexp             m_ws.l(ldexp.o)
    0x08049eac   0x08049eac   0x0000004c   Code   RO         4055    i.sqrt              m_ws.l(sqrt.o)
    0x08049ef8   0x08049ef8   0x0000002c   Code   RO         4122    locale$$code        c_w.l(lc_ctype_c.o)
    0x08049f24   0x08049f24   0x0000002c   Code   RO         4282    locale$$code        c_w.l(lc_numeric_c.o)
    0x08049f50   0x08049f50   0x00000062   Code   RO         3972    x$fpl$d2f           fz_ws.l(d2f.o)
    0x08049fb2   0x08049fb2   0x00000002   PAD
    0x08049fb4   0x08049fb4   0x00000150   Code   RO         3974    x$fpl$dadd          fz_ws.l(daddsub_clz.o)
    0x0804a104   0x0804a104   0x00000010   Code   RO         4338    x$fpl$dcheck1       fz_ws.l(dcheck1.o)
    0x0804a114   0x0804a114   0x00000018   Code   RO         4171    x$fpl$dcmpinf       fz_ws.l(dcmpi.o)
    0x0804a12c   0x0804a12c   0x000002b0   Code   RO         3981    x$fpl$ddiv          fz_ws.l(ddiv.o)
    0x0804a3dc   0x0804a3dc   0x00000078   Code   RO         3984    x$fpl$deqf          fz_ws.l(deqf.o)
    0x0804a454   0x0804a454   0x0000005e   Code   RO         3986    x$fpl$dfix          fz_ws.l(dfix.o)
    0x0804a4b2   0x0804a4b2   0x00000002   PAD
    0x0804a4b4   0x0804a4b4   0x0000005a   Code   RO         3990    x$fpl$dfixu         fz_ws.l(dfixu.o)
    0x0804a50e   0x0804a50e   0x0000002e   Code   RO         3995    x$fpl$dflt          fz_ws.l(dflt_clz.o)
    0x0804a53c   0x0804a53c   0x00000026   Code   RO         3994    x$fpl$dfltu         fz_ws.l(dflt_clz.o)
    0x0804a562   0x0804a562   0x00000002   PAD
    0x0804a564   0x0804a564   0x00000078   Code   RO         4000    x$fpl$dleqf         fz_ws.l(dleqf.o)
    0x0804a5dc   0x0804a5dc   0x00000154   Code   RO         4002    x$fpl$dmul          fz_ws.l(dmul.o)
    0x0804a730   0x0804a730   0x0000009c   Code   RO         4173    x$fpl$dnaninf       fz_ws.l(dnaninf.o)
    0x0804a7cc   0x0804a7cc   0x0000000c   Code   RO         4175    x$fpl$dretinf       fz_ws.l(dretinf.o)
    0x0804a7d8   0x0804a7d8   0x0000006c   Code   RO         4004    x$fpl$drleqf        fz_ws.l(drleqf.o)
    0x0804a844   0x0804a844   0x00000016   Code   RO         3975    x$fpl$drsb          fz_ws.l(daddsub_clz.o)
    0x0804a85a   0x0804a85a   0x00000002   PAD
    0x0804a85c   0x0804a85c   0x00000198   Code   RO         4177    x$fpl$dsqrt         fz_ws.l(dsqrt_umaal.o)
    0x0804a9f4   0x0804a9f4   0x000001d4   Code   RO         3976    x$fpl$dsub          fz_ws.l(daddsub_clz.o)
    0x0804abc8   0x0804abc8   0x00000056   Code   RO         4006    x$fpl$f2d           fz_ws.l(f2d.o)
    0x0804ac1e   0x0804ac1e   0x00000002   PAD
    0x0804ac20   0x0804ac20   0x000000c4   Code   RO         4008    x$fpl$fadd          fz_ws.l(faddsub_clz.o)
    0x0804ace4   0x0804ace4   0x00000018   Code   RO         4179    x$fpl$fcmpinf       fz_ws.l(fcmpi.o)
    0x0804acfc   0x0804acfc   0x00000184   Code   RO         4015    x$fpl$fdiv          fz_ws.l(fdiv.o)
    0x0804ae80   0x0804ae80   0x00000068   Code   RO         4018    x$fpl$feqf          fz_ws.l(feqf.o)
    0x0804aee8   0x0804aee8   0x00000036   Code   RO         4020    x$fpl$ffix          fz_ws.l(ffix.o)
    0x0804af1e   0x0804af1e   0x00000002   PAD
    0x0804af20   0x0804af20   0x0000003e   Code   RO         4024    x$fpl$ffixu         fz_ws.l(ffixu.o)
    0x0804af5e   0x0804af5e   0x00000002   PAD
    0x0804af60   0x0804af60   0x00000030   Code   RO         4029    x$fpl$fflt          fz_ws.l(fflt_clz.o)
    0x0804af90   0x0804af90   0x00000026   Code   RO         4028    x$fpl$ffltu         fz_ws.l(fflt_clz.o)
    0x0804afb6   0x0804afb6   0x00000002   PAD
    0x0804afb8   0x0804afb8   0x00000068   Code   RO         4034    x$fpl$fleqf         fz_ws.l(fleqf.o)
    0x0804b020   0x0804b020   0x00000102   Code   RO         4036    x$fpl$fmul          fz_ws.l(fmul.o)
    0x0804b122   0x0804b122   0x0000008c   Code   RO         4181    x$fpl$fnaninf       fz_ws.l(fnaninf.o)
    0x0804b1ae   0x0804b1ae   0x0000000a   Code   RO         4183    x$fpl$fretinf       fz_ws.l(fretinf.o)
    0x0804b1b8   0x0804b1b8   0x00000062   Code   RO         4038    x$fpl$frleqf        fz_ws.l(frleqf.o)
    0x0804b21a   0x0804b21a   0x00000014   Code   RO         4009    x$fpl$frsb          fz_ws.l(faddsub_clz.o)
    0x0804b22e   0x0804b22e   0x00000002   PAD
    0x0804b230   0x0804b230   0x000000ea   Code   RO         4010    x$fpl$fsub          fz_ws.l(faddsub_clz.o)
    0x0804b31a   0x0804b31a   0x00000006   Code   RO         4295    x$fpl$ieeestatus    fz_ws.l(istatus.o)
    0x0804b320   0x0804b320   0x00000004   Code   RO         4040    x$fpl$printf1       fz_ws.l(printf1.o)
    0x0804b324   0x0804b324   0x00000064   Code   RO         4374    x$fpl$retnan        fz_ws.l(retnan.o)
    0x0804b388   0x0804b388   0x0000005c   Code   RO         4297    x$fpl$scalbn        fz_ws.l(scalbn.o)
    0x0804b3e4   0x0804b3e4   0x00000004   Code   RO         4299    x$fpl$scanf1        fz_ws.l(scanf1.o)
    0x0804b3e8   0x0804b3e8   0x00000008   Code   RO         4376    x$fpl$scanf2        fz_ws.l(scanf2.o)
    0x0804b3f0   0x0804b3f0   0x00000030   Code   RO         4403    x$fpl$trapveneer    fz_ws.l(trapv.o)
    0x0804b420   0x0804b420   0x00000000   Code   RO         4185    x$fpl$usenofp       fz_ws.l(usenofp.o)
    0x0804b420   0x0804b420   0x0000001c   Data   RO          467    .constdata          cdv_config.o
    0x0804b43c   0x0804b43c   0x00000011   Data   RO          526    .constdata          offline.o
    0x0804b44d   0x0804b44d   0x00000010   Data   RO          573    .constdata          fpga_spi.o
    0x0804b45d   0x0804b45d   0x0000022b   Data   RO          615    .constdata          mainuart.o
    0x0804b688   0x0804b688   0x00000056   Data   RO          652    .constdata          log.o
    0x0804b6de   0x0804b6de   0x00000081   Data   RO          675    .constdata          cdv_array.o
    0x0804b75f   0x0804b75f   0x0000000e   Data   RO          698    .constdata          newscript.o
    0x0804b76d   0x0804b76d   0x0000012f   Data   RO          725    .constdata          modbus.o
    0x0804b89c   0x0804b89c   0x0000004a   Data   RO          775    .constdata          worker.o
    0x0804b8e6   0x0804b8e6   0x0000000a   Data   RO          803    .constdata          cmdparse.o
    0x0804b8f0   0x0804b8f0   0x000001e3   Data   RO          825    .constdata          cascade.o
    0x0804bad3   0x0804bad3   0x00000028   Data   RO          857    .constdata          tcp_server.o
    0x0804bafb   0x0804bafb   0x00000007   Data   RO          993    .constdata          logic.o
    0x0804bb02   0x0804bb02   0x000000cc   Data   RO         1075    .constdata          var.o
    0x0804bbce   0x0804bbce   0x00000015   Data   RO         1299    .constdata          universalscom.o
    0x0804bbe3   0x0804bbe3   0x00000001   PAD
    0x0804bbe4   0x0804bbe4   0x00000010   Data   RO         1321    .constdata          alarm.o
    0x0804bbf4   0x0804bbf4   0x00000024   Data   RO         1371    .constdata          varexp.o
    0x0804bc18   0x0804bc18   0x0000000e   Data   RO         1411    .constdata          memmng.o
    0x0804bc26   0x0804bc26   0x0000000e   Data   RO         1615    .constdata          spix.o
    0x0804bc34   0x0804bc34   0x0000000a   Data   RO         1677    .constdata          spi3.o
    0x0804bc3e   0x0804bc3e   0x0000003a   Data   RO         1701    .constdata          uartx.o
    0x0804bc78   0x0804bc78   0x00000022   Data   RO         1746    .constdata          lan8720.o
    0x0804bc9a   0x0804bc9a   0x00000002   PAD
    0x0804bc9c   0x0804bc9c   0x0000001c   Data   RO         2208    .constdata          stm32f4xx_fsmc.o
    0x0804bcb8   0x0804bcb8   0x00000100   Data   RO         2288    .constdata          cpu_core.o
    0x0804bdb8   0x0804bdb8   0x00000094   Data   RO         2377    .constdata          lib_str.o
    0x0804be4c   0x0804be4c   0x000000a4   Data   RO         2395    .constdata          os_cfg_app.o
    0x0804bef0   0x0804bef0   0x00000024   Data   RO         2752    .constdata          malloc.o
    0x0804bf14   0x0804bf14   0x00000004   Data   RO         2838    .constdata          sys_arch.o
    0x0804bf18   0x0804bf18   0x0000000c   Data   RO         2872    .constdata          etharp.o
    0x0804bf24   0x0804bf24   0x00000038   Data   RO         3231    .constdata          memp.o
    0x0804bf5c   0x0804bf5c   0x00000050   Data   RO         3371    .constdata          tcp.o
    0x0804bfac   0x0804bfac   0x00000008   Data   RO         3629    .constdata          ip_addr.o
    0x0804bfb4   0x0804bfb4   0x0000000a   Data   RO         3685    .constdata          lwip_comm.o
    0x0804bfbe   0x0804bfbe   0x00000002   PAD
    0x0804bfc0   0x0804bfc0   0x0000cc70   Data   RO         3726    .constdata          fs.o
    0x08058c30   0x08058c30   0x00000030   Data   RO         3759    .constdata          httpd.o
    0x08058c60   0x08058c60   0x00000008   Data   RO         3790    .constdata          httpd_cgi_ssi.o
    0x08058c68   0x08058c68   0x00000028   Data   RO         3902    .constdata          c_w.l(_printf_hex_int.o)
    0x08058c90   0x08058c90   0x00000011   Data   RO         3937    .constdata          c_w.l(__printf_flags_ss_wp.o)
    0x08058ca1   0x08058ca1   0x00000003   PAD
    0x08058ca4   0x08058ca4   0x00000094   Data   RO         4257    .constdata          c_w.l(bigflt0.o)
    0x08058d38   0x08058d38   0x0000009e   Data   RO          495    .conststring        cdv_define.o
    0x08058dd6   0x08058dd6   0x00000002   PAD
    0x08058dd8   0x08058dd8   0x00000054   Data   RO          776    .conststring        worker.o
    0x08058e2c   0x08058e2c   0x00000075   Data   RO         3372    .conststring        tcp.o
    0x08058ea1   0x08058ea1   0x00000003   PAD
    0x08058ea4   0x08058ea4   0x0000006a   Data   RO         3760    .conststring        httpd.o
    0x08058f0e   0x08058f0e   0x00000002   PAD
    0x08058f10   0x08058f10   0x0000000e   Data   RO         3791    .conststring        httpd_cgi_ssi.o
    0x08058f1e   0x08058f1e   0x00000002   PAD
    0x08058f20   0x08058f20   0x00000020   Data   RO         4441    Region$$Table       anon$$obj.o
    0x08058f40   0x08058f40   0x00000008   Data   RO         4370    c$$dinf             fz_ws.l(fpconst.o)
    0x08058f48   0x08058f48   0x00000008   Data   RO         4373    c$$dmax             fz_ws.l(fpconst.o)
    0x08058f50   0x08058f50   0x00000110   Data   RO         4121    locale$$data        c_w.l(lc_ctype_c.o)
    0x08059060   0x08059060   0x0000001c   Data   RO         4281    locale$$data        c_w.l(lc_numeric_c.o)


    Execution Region RW_IRAM1 (Exec base: 0x20000000, Load base: 0x0805907c, Size: 0x0001fb30, Max: 0x00020000, ABSOLUTE, COMPRESSED[0x00000200])

    Exec Addr    Load Addr    Size         Type   Attr      Idx    E Section Name        Object

    0x20000000   COMPRESSED   0x00000008   Data   RW            5    .data               main.o
    0x20000008   COMPRESSED   0x00000004   Data   RW          468    .data               cdv_config.o
    0x2000000c   COMPRESSED   0x00000064   Data   RW          496    .data               cdv_define.o
    0x20000070   COMPRESSED   0x00000008   Data   RW          527    .data               offline.o
    0x20000078   COMPRESSED   0x00000007   Data   RW          574    .data               fpga_spi.o
    0x2000007f   COMPRESSED   0x00000001   PAD
    0x20000080   COMPRESSED   0x000001e1   Data   RW          616    .data               mainuart.o
    0x20000261   COMPRESSED   0x00000003   PAD
    0x20000264   COMPRESSED   0x00000004   Data   RW          676    .data               cdv_array.o
    0x20000268   COMPRESSED   0x00000024   Data   RW          777    .data               worker.o
    0x2000028c   COMPRESSED   0x00000035   Data   RW          826    .data               cascade.o
    0x200002c1   COMPRESSED   0x00000003   PAD
    0x200002c4   COMPRESSED   0x0000001c   Data   RW          858    .data               tcp_server.o
    0x200002e0   COMPRESSED   0x00000001   Data   RW          907    .data               udpmain.o
    0x200002e1   COMPRESSED   0x00000003   PAD
    0x200002e4   COMPRESSED   0x0000000c   Data   RW         1049    .data               io.o
    0x200002f0   COMPRESSED   0x00000004   Data   RW         1076    .data               var.o
    0x200002f4   COMPRESSED   0x00000004   Data   RW         1099    .data               msg.o
    0x200002f8   COMPRESSED   0x00000020   Data   RW         1122    .data               time.o
    0x20000318   COMPRESSED   0x00000004   Data   RW         1167    .data               adc.o
    0x2000031c   COMPRESSED   0x00000024   Data   RW         1194    .data               dac.o
    0x20000340   COMPRESSED   0x00000005   Data   RW         1322    .data               alarm.o
    0x20000345   COMPRESSED   0x00000003   PAD
    0x20000348   COMPRESSED   0x0000000e   Data   RW         1412    .data               memmng.o
    0x20000356   COMPRESSED   0x00000002   PAD
    0x20000358   COMPRESSED   0x00000006   Data   RW         1455    .data               uart1.o
    0x2000035e   COMPRESSED   0x00000002   PAD
    0x20000360   COMPRESSED   0x00000006   Data   RW         1481    .data               uart2.o
    0x20000366   COMPRESSED   0x00000002   PAD
    0x20000368   COMPRESSED   0x0000000a   Data   RW         1508    .data               uart3.o
    0x20000372   COMPRESSED   0x00000002   PAD
    0x20000374   COMPRESSED   0x00000010   Data   RW         1535    .data               uart4.o
    0x20000384   COMPRESSED   0x0000000a   Data   RW         1562    .data               uart5.o
    0x2000038e   COMPRESSED   0x00000002   PAD
    0x20000390   COMPRESSED   0x00000018   Data   RW         1589    .data               uart6.o
    0x200003a8   COMPRESSED   0x00000007   Data   RW         1678    .data               spi3.o
    0x200003af   COMPRESSED   0x00000001   PAD
    0x200003b0   COMPRESSED   0x00000048   Data   RW         1702    .data               uartx.o
    0x200003f8   COMPRESSED   0x0000001c   Data   RW         1747    .data               lan8720.o
    0x20000414   COMPRESSED   0x00000014   Data   RW         1863    .data               system_stm32f4xx.o
    0x20000428   COMPRESSED   0x00000010   Data   RW         1896    .data               stm32f4xx_rcc.o
    0x20000438   COMPRESSED   0x00000010   Data   RW         2182    .data               stm32f4x7_eth.o
    0x20000448   COMPRESSED   0x00000004   Data   RW         2289    .data               cpu_core.o
    0x2000044c   COMPRESSED   0x00000004   Data   RW         2359    .data               lib_mem.o
    0x20000450   COMPRESSED   0x00000008   Data   RW         2492    .data               os_prio.o
    0x20000458   COMPRESSED   0x00000048   Data   RW         2589    .data               os_var.o
    0x200004a0   COMPRESSED   0x00000004   Data   RW         2605    .data               os_cpu_c.o
    0x200004a4   COMPRESSED   0x00000018   Data   RW         2641    .data               delay.o
    0x200004bc   COMPRESSED   0x00000005   Data   RW         2682    .data               flash.o
    0x200004c1   COMPRESSED   0x00000003   PAD
    0x200004c4   COMPRESSED   0x00000024   Data   RW         2753    .data               malloc.o
    0x200004e8   COMPRESSED   0x00000001   Data   RW         2873    .data               etharp.o
    0x200004e9   COMPRESSED   0x00000003   PAD
    0x200004ec   COMPRESSED   0x00000008   Data   RW         3072    .data               tcpip.o
    0x200004f4   COMPRESSED   0x0000000c   Data   RW         3207    .data               mem.o
    0x20000500   COMPRESSED   0x00000009   Data   RW         3268    .data               netif.o
    0x20000509   COMPRESSED   0x00000003   PAD
    0x2000050c   COMPRESSED   0x00000004   Data   RW         3321    .data               raw.o
    0x20000510   COMPRESSED   0x00000024   Data   RW         3373    .data               tcp.o
    0x20000534   COMPRESSED   0x00000020   Data   RW         3404    .data               tcp_in.o
    0x20000554   COMPRESSED   0x00000008   Data   RW         3457    .data               timers.o
    0x2000055c   COMPRESSED   0x00000008   Data   RW         3488    .data               udp.o
    0x20000564   COMPRESSED   0x00000012   Data   RW         3599    .data               ip.o
    0x20000576   COMPRESSED   0x00000002   PAD
    0x20000578   COMPRESSED   0x00000006   Data   RW         3662    .data               ip_frag.o
    0x2000057e   COMPRESSED   0x00000002   PAD
    0x20000580   COMPRESSED   0x0000000c   Data   RW         3686    .data               lwip_comm.o
    0x2000058c   COMPRESSED   0x00000024   Data   RW         3761    .data               httpd.o
    0x200005b0   COMPRESSED   0x00000018   Data   RW         3792    .data               httpd_cgi_ssi.o
    0x200005c8        -       0x00001200   Zero   RW            4    .bss                main.o
    0x200017c8        -       0x00007960   Zero   RW          494    .bss                cdv_define.o
    0x20009128        -       0x000003fc   Zero   RW          614    .bss                mainuart.o
    0x20009524        -       0x00000068   Zero   RW          651    .bss                log.o
    0x2000958c        -       0x0000002c   Zero   RW          697    .bss                newscript.o
    0x200095b8        -       0x000006c0   Zero   RW          724    .bss                modbus.o
    0x20009c78        -       0x00000250   Zero   RW          774    .bss                worker.o
    0x20009ec8        -       0x0000168c   Zero   RW          824    .bss                cascade.o
    0x2000b554        -       0x00000a08   Zero   RW          856    .bss                tcp_server.o
    0x2000bf5c        -       0x000002ac   Zero   RW          906    .bss                udpmain.o
    0x2000c208        -       0x000001a4   Zero   RW         1048    .bss                io.o
    0x2000c3ac        -       0x000006d0   Zero   RW         1166    .bss                adc.o
    0x2000ca7c        -       0x000000b0   Zero   RW         1193    .bss                dac.o
    0x2000cb2c        -       0x00000190   Zero   RW         1320    .bss                alarm.o
    0x2000ccbc        -       0x000000ff   Zero   RW         1507    .bss                uart3.o
    0x2000cdbb        -       0x00000020   Zero   RW         1534    .bss                uart4.o
    0x2000cddb        -       0x00000010   Zero   RW         1561    .bss                uart5.o
    0x2000cdeb        -       0x00000100   Zero   RW         1676    .bss                spi3.o
    0x2000ceeb   COMPRESSED   0x00000001   PAD
    0x2000ceec        -       0x000000bc   Zero   RW         1745    .bss                lan8720.o
    0x2000cfa8        -       0x0000000c   Zero   RW         2181    .bss                stm32f4x7_eth.o
    0x2000cfb4        -       0x00000010   Zero   RW         2287    .bss                cpu_core.o
    0x2000cfc4        -       0x00000448   Zero   RW         2358    .bss                lib_mem.o
    0x2000d40c        -       0x00000f50   Zero   RW         2394    .bss                os_cfg_app.o
    0x2000e35c        -       0x00000510   Zero   RW         2588    .bss                os_var.o
    0x2000e86c        -       0x000000a0   Zero   RW         2640    .bss                delay.o
    0x2000e90c        -       0x000000ac   Zero   RW         2837    .bss                sys_arch.o
    0x2000e9b8        -       0x000000c8   Zero   RW         2871    .bss                etharp.o
    0x2000ea80        -       0x00000024   Zero   RW         3071    .bss                tcpip.o
    0x2000eaa4        -       0x000012f0   Zero   RW         3206    .bss                mem.o
    0x2000fd94        -       0x00002733   Zero   RW         3230    .bss                memp.o
    0x200124c7   COMPRESSED   0x00000001   PAD
    0x200124c8        -       0x00000010   Zero   RW         3403    .bss                tcp_in.o
    0x200124d8        -       0x00000010   Zero   RW         3628    .bss                ip_addr.o
    0x200124e8        -       0x000000f8   Zero   RW         3684    .bss                lwip_comm.o
    0x200125e0        -       0x000000f0   Zero   RW         3725    .bss                fs.o
    0x200126d0        -       0x00000400   Zero   RW         3758    .bss                httpd.o
    0x20012ad0        -       0x00000060   Zero   RW         4217    .bss                c_w.l(libspace.o)
    0x20012b30        -       0x0000c000   Zero   RW         1887    HEAP                startup_stm32f40_41xxx.o
    0x2001eb30        -       0x00001000   Zero   RW         1886    STACK               startup_stm32f40_41xxx.o



  Load Region LR$$.ARM.__AT_0x10000000 (Base: 0x10000000, Size: 0x00000000, Max: 0x00008000, ABSOLUTE)

    Execution Region ER$$.ARM.__AT_0x10000000 (Exec base: 0x10000000, Load base: 0x10000000, Size: 0x00008000, Max: 0x00008000, ABSOLUTE, UNINIT)

    Exec Addr    Load Addr    Size         Type   Attr      Idx    E Section Name        Object

    0x10000000        -       0x00008000   Zero   RW         2749    .ARM.__AT_0x10000000  malloc.o



  Load Region LR$$.ARM.__AT_0x10008000 (Base: 0x10008000, Size: 0x00000000, Max: 0x00000800, ABSOLUTE)

    Execution Region ER$$.ARM.__AT_0x10008000 (Exec base: 0x10008000, Load base: 0x10008000, Size: 0x00000800, Max: 0x00000800, ABSOLUTE, UNINIT)

    Exec Addr    Load Addr    Size         Type   Attr      Idx    E Section Name        Object

    0x10008000        -       0x00000800   Zero   RW         2750    .ARM.__AT_0x10008000  malloc.o



  Load Region LR$$.ARM.__AT_0x10009000 (Base: 0x10009000, Size: 0x00000000, Max: 0x00007000, ABSOLUTE)

    Execution Region ER$$.ARM.__AT_0x10009000 (Exec base: 0x10009000, Load base: 0x10009000, Size: 0x00007000, Max: 0x00007000, ABSOLUTE, UNINIT)

    Exec Addr    Load Addr    Size         Type   Attr      Idx    E Section Name        Object

    0x10009000        -       0x00007000   Zero   RW         2751    .ARM.__AT_0x10009000  malloc.o



  Load Region LR$$.ARM.__AT_0x68000000 (Base: 0x68000000, Size: 0x00000000, Max: 0x000c0000, ABSOLUTE)

    Execution Region ER$$.ARM.__AT_0x68000000 (Exec base: 0x68000000, Load base: 0x68000000, Size: 0x000c0000, Max: 0x000c0000, ABSOLUTE, UNINIT)

    Exec Addr    Load Addr    Size         Type   Attr      Idx    E Section Name        Object

    0x68000000        -       0x000c0000   Zero   RW         1409    .ARM.__AT_0x68000000  memmng.o



  Load Region LR$$.ARM.__AT_0x680C0000 (Base: 0x680c0000, Size: 0x00000000, Max: 0x00030000, ABSOLUTE)

    Execution Region ER$$.ARM.__AT_0x680C0000 (Exec base: 0x680c0000, Load base: 0x680c0000, Size: 0x00030000, Max: 0x00030000, ABSOLUTE, UNINIT)

    Exec Addr    Load Addr    Size         Type   Attr      Idx    E Section Name        Object

    0x680c0000        -       0x00030000   Zero   RW         1410    .ARM.__AT_0x680C0000  memmng.o


==============================================================================

Image component sizes


      Code (inc. data)   RO Data    RW Data    ZI Data      Debug   Object Name

      3960        148          0          4       1744      10698   adc.o
       900         20         16          5        400       3726   alarm.o
      1744         52          0          0          0      17597   api_lib.o
      3964         40          0          0          0      10343   api_msg.o
       920         18          0          0          0       4117   basic_resource.o
       132         14          0          0          0       1139   bsp.o
     10068        456        483         53       5772      36181   cascade.o
      2264         72        129          4          0       9435   cdv_array.o
      1112        148         28          4          0       5027   cdv_config.o
       102          0        158        100      31072       4408   cdv_define.o
      1176         54          0          0          0       4027   centralizedcontrol.o
      1162         38         10          0          0       3074   cmdparse.o
        52          0          0          0          0        344   cpu_a.o
       680         14        256          4         16      14540   cpu_core.o
      1664         72          0         36        176       6635   dac.o
       396          8          0          0          0       1298   dac7512.o
        62          0          0          0          0       1098   def.o
       528         38          0         24        160       4095   delay.o
       300          6          0          0          0       1742   dmax.o
      2380         22         12          1        200      10411   etharp.o
       724         44          0          0          0       7414   ethernetif.o
       188         10          0          0          0        734   exti.o
      1740         60          0          5          0       5874   flash.o
      1536         80         16          7          0       6382   fpga_spi.o
       264          8      52336          0        240       5174   fs.o
      3412        180        154         36       1024      14986   httpd.o
       380         60         22         24          0       2641   httpd_cgi_ssi.o
       496          8          0          0          0       2502   icmp.o
       546          0          0          0          0       3013   inet_chksum.o
        32          0          0          0          0       9737   init.o
      5338        164          0         12        420      12542   io.o
       728         28          0         18          0       6015   ip.o
       696         12          8          0         16      10395   ip_addr.o
      1684         18          0          6          0       6584   ip_frag.o
      1844        130         34         28        188       5283   lan8720.o
       388         12          0          0          0       1422   led.o
       598          0          0          0          0       3888   lib_ascii.o
      2502         32          0          4       1096      22284   lib_mem.o
       544          0          0          0          0        492   lib_mem_a.o
      2344          4        148          0          0      13810   lib_str.o
      1856         78         86          0        104       4865   log.o
      1256         30          7          0          0       6181   logic.o
       784         78         10         12        248       3695   lwip_comm.o
      2568        590          0          8       4608     433782   main.o
      5776        484        555        481       1020      44476   mainuart.o
       584         20         36         36      63488       5484   malloc.o
       896         22          0         12       4848       3906   mem.o
       552         66         14         14     983040       3639   memmng.o
       212         18         56          0      10035       3422   memp.o
       224         20          0          0          0       1845   misc.o
      6328        180        303          0       1728      21885   modbus.o
       296          8          0          4          0       1890   msg.o
       400          0          0          0          0       7633   netbuf.o
       672         22          0          9          0       6385   netif.o
      1708         36         14          0         44       6767   newscript.o
       412         40         17          8          0       3527   offline.o
         2          0        164          0       3920      17812   os_cfg_app.o
      3120        192          0          0          0      11141   os_core.o
       152         32          0          0          0        412   os_cpu_a.o
       436         34          0          4          0       3641   os_cpu_c.o
       460         12          0          0          0       2559   os_mem.o
       552         14          0          0          0       2694   os_msg.o
      1772         70          0          0          0       4773   os_mutex.o
       124          4          0          8          0       1760   os_prio.o
      1632         42          0          0          0       5707   os_q.o
      1652         46          0          0          0       5743   os_sem.o
      4788        174          0          0          0      12871   os_task.o
      1156         74          0          0          0       3273   os_tick.o
      1116         54          0          0          0       3225   os_time.o
      1936        126          0          0          0       6265   os_tmr.o
         0          0          0         72       1296      16131   os_var.o
      1872          0          0          0          0       9077   pbuf.o
       432         14          0          4          0       3313   raw.o
       300         16          0          0          0        721   spi2.o
       624         66         10          7        256       2456   spi3.o
       212         24         14          0          0       1512   spix.o
       856         22          0          0          0       1927   sram.o
        64         26        392          0      53248        820   startup_stm32f40_41xxx.o
      4180         96          0         16         12      20931   stm32f4x7_eth.o
      1124         24          0          0          0      10522   stm32f4xx_adc.o
       528          6          0          0          0       4921   stm32f4xx_dac.o
       936         32          0          0          0       6373   stm32f4xx_dma.o
       272         10          0          0          0       2267   stm32f4xx_exti.o
      1480         18         28          0          0       5638   stm32f4xx_fsmc.o
       660         44          0          0          0       4033   stm32f4xx_gpio.o
        96         20          0          0          0       1147   stm32f4xx_it.o
      1628         52          0         16          0      12976   stm32f4xx_rcc.o
      1152         36          0          0          0       6789   stm32f4xx_spi.o
       148         12          0          0          0       1693   stm32f4xx_syscfg.o
      3234         60          0          0          0      22892   stm32f4xx_tim.o
      1108         34          0          0          0       7764   stm32f4xx_usart.o
       896         84          4          0        172       8153   sys_arch.o
        16          0          0          0          0        428   sysdef.o
       288         36          0          0          0       1526   sysmng.o
       516         50          0         20          0       1791   system_stm32f4xx.o
      3568        132        197         36          0      21367   tcp.o
      4768        230          0         32         16      14583   tcp_in.o
      3118          8          0          0          0       9643   tcp_out.o
      2228        280         40         28       2568      17903   tcp_server.o
       736         46          0          8         36       9908   tcpip.o
       760         28          0         32          0       3507   time.o
       552         28          0          8          0       3195   timers.o
       844         38          0          6          0       3685   uart1.o
       688         32          0          6          0       3378   uart2.o
       876         50          0         10        255       4369   uart3.o
       680         42          0         16         32       3849   uart4.o
       692         32          0         10         16       3500   uart5.o
       876         48          0         24          0       4206   uart6.o
      1176         88         58         72          0       4655   uartx.o
      1092         20          0          8          0       6758   udp.o
       740        114          0          1        684       5823   udpmain.o
      1370         36         21          0          0       3880   universalscom.o
      1808        138        204          4          0       7589   var.o
      5856         78         36          0          0      15533   varexp.o
      2590        134        158         36        592       9855   worker.o

    ----------------------------------------------------------------------
    160636       7020      56280       1480    1174792    1245352   Object Totals
         0          0         32          0          0          0   (incl. Generated)
        24          0         14         37          2          0   (incl. Padding)

    ----------------------------------------------------------------------

      Code (inc. data)   RO Data    RW Data    ZI Data      Debug   Library Member Name

        90          0          0          0          0          0   __dczerorl2.o
         8          0          0          0          0         68   __main.o
       392          4         17          0          0         92   __printf_flags_ss_wp.o
        14          0          0          0          0         68   __printf_wp.o
         0          0          0          0          0          0   __rtentry.o
        12          0          0          0          0          0   __rtentry2.o
         6          0          0          0          0          0   __rtentry4.o
        52          8          0          0          0          0   __scatter.o
        28          0          0          0          0          0   __scatter_zi.o
        28          0          0          0          0         68   _chval.o
        44          0          0          0          0        108   _printf_char.o
        48          6          0          0          0         96   _printf_char_common.o
         6          0          0          0          0          0   _printf_d.o
       120         16          0          0          0         92   _printf_dec.o
         6          0          0          0          0          0   _printf_f.o
      1054          0          0          0          0        216   _printf_fp_dec.o
       128         16          0          0          0         84   _printf_fp_infnan.o
        88          4         40          0          0         88   _printf_hex_int.o
       178          0          0          0          0         88   _printf_intcommon.o
        78          0          0          0          0        108   _printf_pad.o
         0          0          0          0          0          0   _printf_percent.o
         4          0          0          0          0          0   _printf_percent_end.o
         6          0          0          0          0          0   _printf_s.o
        82          0          0          0          0         80   _printf_str.o
         6          0          0          0          0          0   _printf_x.o
        22          0          0          0          0        100   _rserrno.o
        64          0          0          0          0         84   _sgetc.o
        10          0          0          0          0         68   _sputc.o
       158          0          0          0          0         92   _strtoul.o
        16          0          0          0          0         68   aeabi_memset.o
        26          0          0          0          0         80   atoi.o
       228          4        148          0          0         96   bigflt0.o
      2152        136          0          0          0        960   btod.o
        10          0          0          0          0         68   defsig_exit.o
        50          0          0          0          0         88   defsig_general.o
        80         58          0          0          0         76   defsig_rtmem_inner.o
        14          0          0          0          0         80   defsig_rtmem_outer.o
        18          0          0          0          0         80   exit.o
        94          0          0          0          0         80   h1_alloc.o
        52          0          0          0          0         68   h1_extend.o
        78          0          0          0          0         80   h1_free.o
        14          0          0          0          0         84   h1_init.o
       184          0          0          0          0         92   h1_realloc.o
         6          0          0          0          0        152   heapauxi.o
         4          0          0          0          0        136   hguard.o
         0          0          0          0          0          0   indicate_semi.o
       138          0          0          0          0        168   init_alloc.o
        18          0          0          0          0         76   isspace.o
        44         10        272          0          0         76   lc_ctype_c.o
        44         10         28          0          0         76   lc_numeric_c.o
         2          0          0          0          0          0   libinit.o
        38          0          0          0          0          0   libinit2.o
         2          0          0          0          0          0   libshutdown.o
         2          0          0          0          0          0   libshutdown2.o
         8          4          0          0         96         68   libspace.o
        38          0          0          0          0         68   llshl.o
       138          0          0          0          0         80   lludiv10.o
       238          0          0          0          0        100   lludivv7m.o
         0          0          0          0          0          0   maybetermalloc1.o
        88          0          0          0          0         76   memcmp.o
        40          6          0          0          0         84   noretval__2sprintf.o
        16          4          0          0          0         76   rt_ctype_table.o
         8          4          0          0          0         68   rt_errno_addr_intlibspace.o
         8          4          0          0          0         68   rt_heap_descriptor_intlibspace.o
         8          4          0          0          0         68   rt_locale_intlibspace.o
        68          0          0          0          0         68   rt_memclr.o
        78          0          0          0          0         80   rt_memclr_w.o
       138          0          0          0          0         68   rt_memcpy_v6.o
       100          0          0          0          0         80   rt_memcpy_w.o
         2          0          0          0          0          0   rtexit.o
        10          0          0          0          0          0   rtexit2.o
      1272         16          0          0          0        168   scanf_fp.o
       800         14          0          0          0        100   scanf_hexfp.o
       308         16          0          0          0        100   scanf_infnan.o
        20          0          0          0          0         68   strchr.o
       128          0          0          0          0         68   strcmpv7m.o
        62          0          0          0          0         76   strlen.o
       150          0          0          0          0         80   strncmp.o
        36          0          0          0          0         80   strstr.o
       164         14          0          0          0        120   strtod.o
       112          0          0          0          0         88   strtol.o
        12          4          0          0          0         68   sys_exit.o
        74          0          0          0          0         80   sys_stackheap_outer.o
        14          0          0          0          0         76   sys_wrch.o
         2          0          0          0          0         68   use_no_semi.o
        98          4          0          0          0         92   d2f.o
       826         16          0          0          0        348   daddsub_clz.o
        16          4          0          0          0         68   dcheck1.o
        24          0          0          0          0         68   dcmpi.o
       688        140          0          0          0        208   ddiv.o
       120          4          0          0          0         92   deqf.o
        94          4          0          0          0         92   dfix.o
        90          4          0          0          0         92   dfixu.o
        84          0          0          0          0        136   dflt_clz.o
       120          4          0          0          0         92   dleqf.o
       340         12          0          0          0        104   dmul.o
       156          4          0          0          0         92   dnaninf.o
        12          0          0          0          0         68   dretinf.o
       108          0          0          0          0         80   drleqf.o
       408         56          0          0          0        120   dsqrt_umaal.o
        86          4          0          0          0         84   f2d.o
       450          8          0          0          0        236   faddsub_clz.o
        24          0          0          0          0         68   fcmpi.o
       388         76          0          0          0         96   fdiv.o
       104          4          0          0          0         84   feqf.o
        54          4          0          0          0         84   ffix.o
        62          4          0          0          0         84   ffixu.o
        86          0          0          0          0        136   fflt_clz.o
       104          4          0          0          0         84   fleqf.o
       258          4          0          0          0         84   fmul.o
       140          4          0          0          0         84   fnaninf.o
         0          0         16          0          0          0   fpconst.o
        10          0          0          0          0         68   fretinf.o
        98          0          0          0          0         68   frleqf.o
         6          0          0          0          0         68   istatus.o
         4          0          0          0          0         68   printf1.o
       100          0          0          0          0         68   retnan.o
        92          0          0          0          0         68   scalbn.o
         4          0          0          0          0         68   scanf1.o
         8          0          0          0          0         84   scanf2.o
        48          0          0          0          0         68   trapv.o
         0          0          0          0          0          0   usenofp.o
        42          0          0          0          0         84   atof.o
        30          6          0          0          0        136   dunder.o
        40          0          0          0          0         68   fpclassify.o
        88          8          0          0          0         76   frexp.o
       138          0          0          0          0        160   ldexp.o
       204          4          0          0          0        168   narrow.o
        76          0          0          0          0         84   sqrt.o

    ----------------------------------------------------------------------
     16156        746        524          0         96      10856   Library Totals
        42          2          3          0          0          0   (incl. Padding)

    ----------------------------------------------------------------------

      Code (inc. data)   RO Data    RW Data    ZI Data      Debug   Library Name

     10186        362        505          0         96       6576   c_w.l
      5310        364         16          0          0       3504   fz_ws.l
       618         18          0          0          0        776   m_ws.l

    ----------------------------------------------------------------------
     16156        746        524          0         96      10856   Library Totals

    ----------------------------------------------------------------------

==============================================================================


      Code (inc. data)   RO Data    RW Data    ZI Data      Debug   

    176792       7766      56804       1480    1174888    1238888   Grand Totals
    176792       7766      56804        512    1174888    1238888   ELF Image Totals (compressed)
    176792       7766      56804        512          0          0   ROM Totals

==============================================================================

    Total RO  Size (Code + RO Data)               233596 ( 228.12kB)
    Total RW  Size (RW Data + ZI Data)           1176368 (1148.80kB)
    Total ROM Size (Code + RO Data + RW Data)     234108 ( 228.62kB)

==============================================================================

