Component: ARM Compiler 5.06 update 6 (build 750) Tool: armlink [4d35ed]

==============================================================================

Section Cross References

    main.o(.text) refers to _printf_percent.o(.ARM.Collect$$_printf_percent$$00000000) for _printf_percent
    main.o(.text) refers to _printf_d.o(.ARM.Collect$$_printf_percent$$00000009) for _printf_d
    main.o(.text) refers to _printf_dec.o(.text) for _printf_int_dec
    main.o(.text) refers to delay.o(.text) for GetCdvTimeTick
    main.o(.text) refers to io.o(.text) for IReadAllFilter
    main.o(.text) refers to memmng.o(.text) for memmng_test
    main.o(.text) refers to cdv_array.o(.text) for LIST_Test
    main.o(.text) refers to cascade.o(.text) for CoilToCoil
    main.o(.text) refers to led.o(.text) for OUT_DisPlay
    main.o(.text) refers to worker.o(.text) for ManagerControl
    main.o(.text) refers to cdv_config.o(.text) for time_log
    main.o(.text) refers to cdv_define.o(.text) for CmdArgInit
    main.o(.text) refers to cmdparse.o(.text) for CmdParse
    main.o(.text) refers to mainuart.o(.text) for ClearOnlineCmdCache
    main.o(.text) refers to basic_resource.o(.text) for DoResRequest
    main.o(.text) refers to rt_memclr_w.o(.text) for __aeabi_memclr4
    main.o(.text) refers to os_task.o(.text) for OS_TaskSuspend
    main.o(.text) refers to uartx.o(.text) for USARTSend
    main.o(.text) refers to uart3.o(.text) for GetUsartRxLen
    main.o(.text) refers to time.o(.text) for ReadClock1ms
    main.o(.text) refers to main.o(.data) for ftime_local_map
    main.o(.text) refers to modbus.o(.bss) for g_modbusCoil
    main.o(.text) refers to delay.o(.data) for cdvTimeTick
    main.o(.text) refers to mainuart.o(.bss) for g_olCache
    main.o(.text) refers to cascade.o(.bss) for g_portCmdCache
    main.o(.text) refers to cdv_define.o(.bss) for TaskParseTCB
    main.o(.text) refers to cdv_define.o(.data) for tm1Re
    main.o(.text) refers to uart3.o(.data) for g_Usart3RxLen
    main.o(.text) refers to adc.o(.text) for Adc_Voltge
    main.o(.text) refers to dac.o(.text) for UpdateDacVal
    main.o(.text) refers to stm32f4xx_gpio.o(.text) for GPIO_ReadInputDataBit
    main.o(.text) refers to workerdebug.o(.text) for AllDebugStateSet
    main.o(.text) refers to lan8720.o(.text) for Eth_Link_query
    main.o(.text) refers to cpu_core.o(.text) for CPU_Init
    main.o(.text) refers to os_core.o(.text) for OSSchedRoundRobinCfg
    main.o(.text) refers to os_mutex.o(.text) for OSMutexCreate
    main.o(.text) refers to noretval__2sprintf.o(.text) for __2sprintf
    main.o(.text) refers to flashbak.o(.text) for FlashBak_Restore
    main.o(.text) refers to extipoweroff.o(.text) for EXTIPowerOff_Configuration
    main.o(.text) refers to os_tmr.o(.text) for OSTmrCreate
    main.o(.text) refers to misc.o(.text) for NVIC_PriorityGroupConfig
    main.o(.text) refers to sysdef.o(.emb_text) for INTX_DISABLE
    main.o(.text) refers to lwip_comm.o(.text) for LwIP_Init
    main.o(.text) refers to tcp_server.o(.text) for tcp_server_init
    main.o(.text) refers to httpd.o(.text) for httpd_init
    main.o(.text) refers to udpmain.o(.text) for udpecho_init
    main.o(.text) refers to cpu_a.o(.text) for CPU_SR_Save
    main.o(.text) refers to io.o(.bss) for g_dipSW
    main.o(.text) refers to cdv_config.o(.data) for g_dipCtrlWorker
    main.o(.text) refers to workerdebug.o(.bss) for DEBUG_SEM
    main.o(.text) refers to main.o(.bss) for USART_TASK_STK
    cdv_config.o(.text) refers to _printf_percent.o(.ARM.Collect$$_printf_percent$$00000000) for _printf_percent
    cdv_config.o(.text) refers to _printf_d.o(.ARM.Collect$$_printf_percent$$00000009) for _printf_d
    cdv_config.o(.text) refers to _printf_s.o(.ARM.Collect$$_printf_percent$$00000014) for _printf_s
    cdv_config.o(.text) refers to _printf_dec.o(.text) for _printf_int_dec
    cdv_config.o(.text) refers to _printf_str.o(.text) for _printf_str
    cdv_config.o(.text) refers to io.o(.text) for GPIO_Configuration
    cdv_config.o(.text) refers to basic_resource.o(.text) for CdvInit
    cdv_config.o(.text) refers to spix.o(.text) for SPI_Configuration
    cdv_config.o(.text) refers to time.o(.text) for TIM3_Init
    cdv_config.o(.text) refers to led.o(.text) for LED_Init
    cdv_config.o(.text) refers to adc.o(.text) for Adc2_Dma_Init4
    cdv_config.o(.text) refers to dac.o(.text) for Dac1_Init
    cdv_config.o(.text) refers to dac7512.o(.text) for DAC7512_Pin_Config
    cdv_config.o(.text) refers to uartx.o(.text) for USART_Configuration
    cdv_config.o(.text) refers to memmng.o(.text) for memmng_init
    cdv_config.o(.text) refers to malloc.o(.text) for mymem_init
    cdv_config.o(.text) refers to stm32f4xx_rcc.o(.text) for RCC_AHB1PeriphResetCmd
    cdv_config.o(.text) refers to sysmng.o(.text) for ResetCdv
    cdv_config.o(.text) refers to os_mutex.o(.text) for OSMutexPend
    cdv_config.o(.text) refers to rt_memclr.o(.text) for __aeabi_memclr
[...]
    CascadeMap                               0x20000300   Data           4  cascade.o(.data)
    CascadeMapLen                            0x20000304   Data           1  cascade.o(.data)
    tcp_server_recvbuf                       0x20000310   Data           4  tcp_server.o(.data)
    tcp_server_flag                          0x20000314   Data           1  tcp_server.o(.data)
    gConn                                    0x20000318   Data           4  tcp_server.o(.data)
    g_connected                              0x2000031c   Data           4  tcp_server.o(.data)
    lenlenlen                                0x20000320   Data           4  tcp_server.o(.data)
    closeTcp                                 0x2000032c   Data           1  udpmain.o(.data)
    g_dip                                    0x20000330   Data           1  io.o(.data)
    g_i                                      0x20000334   Data           4  io.o(.data)
    g_o                                      0x20000338   Data           4  io.o(.data)
    g_var                                    0x2000033c   Data           4  var.o(.data)
    g_msg                                    0x20000340   Data           4  msg.o(.data)
    Time_1ms                                 0x20000344   Data           4  time.o(.data)
    Time_10ms                                0x20000348   Data           4  time.o(.data)
    Time_100ms                               0x2000034c   Data           4  time.o(.data)
    Time_1s                                  0x20000350   Data           4  time.o(.data)
    p_ReadClock                              0x20000354   Data          16  time.o(.data)
    g_adcval                                 0x20000364   Data           4  adc.o(.data)
    adc3_value2                              0x20000368   Data           4  adc.o(.data)
    g_dacval                                 0x2000036c   Data           4  dac.o(.data)
    transducer_speed                         0x20000370   Data           4  dac.o(.data)
    transducer_time                          0x20000374   Data           4  dac.o(.data)
    transducer_vol                           0x20000378   Data           4  dac.o(.data)
    transducer1_speed                        0x2000037c   Data           4  dac.o(.data)
    transducer1_time                         0x20000380   Data           4  dac.o(.data)
    transducer1_vol                          0x20000384   Data           4  dac.o(.data)
    transducer2_speed                        0x20000388   Data           2  dac.o(.data)
    transducer2_time                         0x2000038a   Data           1  dac.o(.data)
    transducer2_vol                          0x2000038c   Data           4  dac.o(.data)
    nAlarmCount                              0x20000390   Data           4  alarm.o(.data)
    Alarmflag                                0x20000394   Data           1  alarm.o(.data)
    map_start_cache                          0x20000398   Data           4  memmng.o(.data)
    the_newest_bak                           0x200003a6   Data           1  flashbak.o(.data)
    g_pUsart1RxBuf                           0x200003a8   Data           4  uart1.o(.data)
    g_Usart1BufLen                           0x200003ac   Data           1  uart1.o(.data)
    g_Usart1RxLen                            0x200003ad   Data           1  uart1.o(.data)
    g_pUart2RxBuf                            0x200003b0   Data           4  uart2.o(.data)
    g_Uart2BufLen                            0x200003b4   Data           1  uart2.o(.data)
    g_Uart2RxLen                             0x200003b5   Data           1  uart2.o(.data)
    USART3_RX_CNT                            0x200003b8   Data           1  uart3.o(.data)
    USART3_REC_OVER                          0x200003b9   Data           1  uart3.o(.data)
    g_pUsart3RxBuf                           0x200003bc   Data           4  uart3.o(.data)
    g_Usart3BufLen                           0x200003c0   Data           1  uart3.o(.data)
    g_Usart3RxLen                            0x200003c1   Data           1  uart3.o(.data)
    UART4_RX_CNT                             0x200003c4   Data           1  uart4.o(.data)
    UART4_REC_OVER                           0x200003c5   Data           1  uart4.o(.data)
    g_pUart4RxBuf                            0x200003c8   Data           4  uart4.o(.data)
    g_Uart4BufLen                            0x200003cc   Data           1  uart4.o(.data)
    g_Uart4RxLen                             0x200003cd   Data           1  uart4.o(.data)
    RS485_RX_CNT                             0x200003d0   Data           4  uart4.o(.data)
    UART5_RX_CNT                             0x200003d4   Data           1  uart5.o(.data)
    UART5_REC_OVER                           0x200003d5   Data           1  uart5.o(.data)
    g_pUart5RxBuf                            0x200003d8   Data           4  uart5.o(.data)
    g_Uart5BufLen                            0x200003dc   Data           1  uart5.o(.data)
    g_Uart5RxLen                             0x200003dd   Data           1  uart5.o(.data)
    USART6_RX_CNT                            0x200003e0   Data           1  uart6.o(.data)
    USART6_REC_OVER                          0x200003e1   Data           1  uart6.o(.data)
    g_pUart6RxBuf                            0x200003e4   Data           4  uart6.o(.data)
    g_Uart6BufLen                            0x200003e8   Data           1  uart6.o(.data)
    g_Uart6RxLen                             0x200003e9   Data           1  uart6.o(.data)
    gstartTime                               0x200003ec   Data           4  uart6.o(.data)
    gendTime                                 0x200003f0   Data           4  uart6.o(.data)
    gtime                                    0x200003f4   Data           4  uart6.o(.data)
    TxBuffer                                 0x200003f8   Data           4  spi3.o(.data)
    Tx_Idx                                   0x200003fc   Data           1  spi3.o(.data)
    Tx_len                                   0x200003fd   Data           1  spi3.o(.data)
    Rx_Idx                                   0x200003fe   Data           1  spi3.o(.data)
    p_UartSet                                0x20000400   Data          24  uartx.o(.data)
    p_UartSend                               0x20000418   Data          24  uartx.o(.data)
    p_UartTR                                 0x20000430   Data          24  uartx.o(.data)
    EthStatus                                0x20000448   Data           4  lan8720.o(.data)
    DMARxDscrTab                             0x2000044c   Data           4  lan8720.o(.data)
    DMATxDscrTab                             0x20000450   Data           4  lan8720.o(.data)
    Rx_Buff                                  0x20000454   Data           4  lan8720.o(.data)
    Tx_Buff                                  0x20000458   Data           4  lan8720.o(.data)
    isLinkUp                                 0x2000045c   Data           1  lan8720.o(.data)
    g_exti_power_off_flag                    0x20000464   Data           4  extipoweroff.o(.data)
    SystemCoreClock                          0x2000046c   Data           4  system_stm32f4xx.o(.data)
    AHBPrescTable                            0x20000470   Data          16  system_stm32f4xx.o(.data)
    DMATxDescToSet                           0x20000490   Data           4  stm32f4x7_eth.o(.data)
    DMARxDescToGet                           0x20000494   Data           4  stm32f4x7_eth.o(.data)
    DMA_RX_FRAME_infos                       0x20000498   Data           4  stm32f4x7_eth.o(.data)
    Frame_Rx_index                           0x2000049c   Data           4  stm32f4x7_eth.o(.data)
    CPU_TS_TmrFreq_Hz                        0x200004a0   Data           4  cpu_core.o(.data)
    Mem_PoolTbl                              0x200004a4   Data           4  lib_mem.o(.data)
    OSPrioTbl                                0x200004a8   Data           8  os_prio.o(.data)
    OSIdleTaskCtr                            0x200004b0   Data           4  os_var.o(.data)
    OSIntNestingCtr                          0x200004b4   Data           1  os_var.o(.data)
    OSRunning                                0x200004b5   Data           1  os_var.o(.data)
    OSMemQty                                 0x200004b6   Data           2  os_var.o(.data)
    OSMutexQty                               0x200004b8   Data           2  os_var.o(.data)
    OSPrioCur                                0x200004ba   Data           1  os_var.o(.data)
    OSPrioHighRdy                            0x200004bb   Data           1  os_var.o(.data)
    OSPrioSaved                              0x200004bc   Data           1  os_var.o(.data)
    OSQQty                                   0x200004be   Data           2  os_var.o(.data)
    OSSchedLockNestingCtr                    0x200004c0   Data           1  os_var.o(.data)
    OSSchedRoundRobinDfltTimeQuanta          0x200004c4   Data           4  os_var.o(.data)
    OSSchedRoundRobinEn                      0x200004c8   Data           1  os_var.o(.data)
    OSSemQty                                 0x200004ca   Data           2  os_var.o(.data)
    OSTaskCtxSwCtr                           0x200004cc   Data           4  os_var.o(.data)
    OSTaskQty                                0x200004d0   Data           2  os_var.o(.data)
    OSTaskRegNextAvailID                     0x200004d2   Data           1  os_var.o(.data)
    OSTickCtr                                0x200004d4   Data           4  os_var.o(.data)
    OSTickTaskTimeMax                        0x200004d8   Data           4  os_var.o(.data)
    OSTmrQty                                 0x200004dc   Data           2  os_var.o(.data)
    OSTmrTaskTimeMax                         0x200004e0   Data           4  os_var.o(.data)
    OSTmrTickCtr                             0x200004e4   Data           4  os_var.o(.data)
    OSTmrUpdateCnt                           0x200004e8   Data           4  os_var.o(.data)
    OSTmrUpdateCtr                           0x200004ec   Data           4  os_var.o(.data)
    OSTCBCurPtr                              0x200004f0   Data           4  os_var.o(.data)
    OSTCBHighRdyPtr                          0x200004f4   Data           4  os_var.o(.data)
    OS_CPU_ExceptStkBase                     0x200004f8   Data           4  os_cpu_c.o(.data)
    global_start                             0x200004fc   Data           4  delay.o(.data)
    global_clk                               0x20000500   Data           4  delay.o(.data)
    global_cnt1                              0x20000504   Data           4  delay.o(.data)
    global_cnt2                              0x20000508   Data           4  delay.o(.data)
    cdvTimeTick                              0x20000510   Data           4  delay.o(.data)
    CHECK_FLASH                              0x20000514   Data           5  flash.o(.data)
    user_mem_ptr_base                        0x2000051c   Data           4  malloc.o(.data)
    mallco_dev                               0x20000520   Data          36  malloc.o(.data)
    netif_list                               0x2000055c   Data           4  netif.o(.data)
    netif_default                            0x20000560   Data           4  netif.o(.data)
    tcp_ticks                                0x20000570   Data           4  tcp.o(.data)
    tcp_bound_pcbs                           0x20000574   Data           4  tcp.o(.data)
    tcp_listen_pcbs                          0x20000578   Data           4  tcp.o(.data)
    tcp_active_pcbs                          0x2000057c   Data           4  tcp.o(.data)
    tcp_tw_pcbs                              0x20000580   Data           4  tcp.o(.data)
    tcp_tmp_pcb                              0x20000584   Data           4  tcp.o(.data)
    tcp_active_pcbs_changed                  0x20000588   Data           1  tcp.o(.data)
    tcp_input_pcb                            0x200005ac   Data           4  tcp_in.o(.data)
    udp_pcbs                                 0x200005bc   Data           4  udp.o(.data)
    current_netif                            0x200005c0   Data           4  ip.o(.data)
    current_header                           0x200005c4   Data           4  ip.o(.data)
    current_iphdr_src                        0x200005c8   Data           4  ip.o(.data)
    current_iphdr_dest                       0x200005cc   Data           4  ip.o(.data)
    TCPIP_THREAD_TASK_STK                    0x200005dc   Data           4  lwip_comm.o(.data)
    LWIP_DHCP_TASK_STK                       0x200005e0   Data           4  lwip_comm.o(.data)
    g_pcSSIExtensions                        0x200005e8   Data          16  httpd.o(.data)
    g_pfnSSIHandler                          0x200005f8   Data           4  httpd.o(.data)
    g_iNumTags                               0x200005fc   Data           4  httpd.o(.data)
    g_ppcTags                                0x20000600   Data           4  httpd.o(.data)
    g_pCGIs                                  0x20000604   Data           4  httpd.o(.data)
    g_iNumCGIs                               0x20000608   Data           4  httpd.o(.data)
    ADC_Page_SSI_Handler                     0x2000060c   Data           4  httpd_cgi_ssi.o(.data)
    ADC_not_configured                       0x20000610   Data           4  httpd_cgi_ssi.o(.data)
    TAGCHAR                                  0x20000614   Data           4  httpd_cgi_ssi.o(.data)
    TAGS                                     0x20000618   Data           4  httpd_cgi_ssi.o(.data)
    CGI_TAB                                  0x2000061c   Data           8  httpd_cgi_ssi.o(.data)
    START_TASK_STK                           0x20000624   Data         512  main.o(.bss)
    USART_TASK_STK                           0x20000824   Data         512  main.o(.bss)
    LED1_TASK_STK                            0x20000a24   Data         512  main.o(.bss)
    FLOAT_TASK_STK                           0x20000c24   Data         512  main.o(.bss)
    WORKER_MANAGE_TASK_STK                   0x20000e24   Data         512  main.o(.bss)
    PARSE_TASK_STK                           0x20001024   Data        1024  main.o(.bss)
    VALVE_TASK_STK                           0x20001424   Data         512  main.o(.bss)
    MOTO_TASK_STK                            0x20001624   Data         512  main.o(.bss)
    g_scriptInfo                             0x20001828   Data          20  cdv_define.o(.bss)
    tmr1                                     0x2000183c   Data          44  cdv_define.o(.bss)
    tmr2                                     0x20001868   Data          44  cdv_define.o(.bss)
    tmr3                                     0x20001894   Data          44  cdv_define.o(.bss)
    StartTaskTCB                             0x200018c0   Data         172  cdv_define.o(.bss)
    UsartRecvTaskTCB                         0x2000196c   Data         172  cdv_define.o(.bss)
    UsartSendTaskTCB                         0x20001a18   Data         172  cdv_define.o(.bss)
    CdvRefreshTaskTCB                        0x20001ac4   Data         172  cdv_define.o(.bss)
    CdvValveTaskTCB                          0x20001b70   Data         172  cdv_define.o(.bss)
    CdvMotoTaskTCB                           0x20001c1c   Data         172  cdv_define.o(.bss)
    WorkerManageTaskTCB                      0x20001cc8   Data         172  cdv_define.o(.bss)
    WorkerTaskTCB                            0x20001d74   Data        3440  cdv_define.o(.bss)
    TaskParseTCB                             0x20002ae4   Data         172  cdv_define.o(.bss)
    WORKER_TASK_STK                          0x20002b90   Data       32000  cdv_define.o(.bss)
    TX_SEM                                   0x2000a890   Data          32  cdv_define.o(.bss)
    WORKER_SEM                               0x2000a8b0   Data          32  cdv_define.o(.bss)
    MOTO_SEM                                 0x2000a8d0   Data          32  cdv_define.o(.bss)
    MEM_SEM                                  0x2000a8f0   Data          32  cdv_define.o(.bss)
    MSG_SEM                                  0x2000a910   Data          32  cdv_define.o(.bss)
    LIST_SEM                                 0x2000a930   Data          32  cdv_define.o(.bss)
    COIL_SEM                                 0x2000a950   Data          32  cdv_define.o(.bss)
    COM_SEM                                  0x2000a970   Data         192  cdv_define.o(.bss)
    TCP_TX_SEM                               0x2000aa30   Data          32  cdv_define.o(.bss)
    RPressureData                            0x2000aa50   Data         800  cdv_define.o(.bss)
    Para_Buf                                 0x2000ad70   Data          48  mainuart.o(.bss)
    g_olCache                                0x2000ada0   Data          12  mainuart.o(.bss)
    g_scriptRecv                             0x2000adac   Data          28  mainuart.o(.bss)
    g_uartRx                                 0x2000adc8   Data        1006  mainuart.o(.bss)
    g_uartTx                                 0x2000b1b8   Data          24  mainuart.o(.bss)
    logInf                                   0x2000b1d0   Data         104  log.o(.bss)
    g_line                                   0x2000b238   Data          44  newscript.o(.bss)
    g_modbusCoil                             0x2000b264   Data          32  modbus.o(.bss)
    g_modbusInCoil                           0x2000b284   Data          32  modbus.o(.bss)
    g_modbusReg                              0x2000b2a4   Data        3200  modbus.o(.bss)
    g_modbusInReg                            0x2000bf24   Data          64  modbus.o(.bss)
    g_threadInfo                             0x2000bf64   Data         480  worker.o(.bss)
    time_worker                              0x2000c144   Data         400  worker.o(.bss)
    cascade_data                             0x2000c2d4   Data         512  cascade.o(.bss)
    g_portCmdCache                           0x2000c4d4   Data          12  cascade.o(.bss)
    REG_MAP                                  0x2000c4e0   Data       11200  cascade.o(.bss)
    COIL_MAP                                 0x2000f0a0   Data         160  cascade.o(.bss)
    TcpConnectTaskTCB                        0x2000f140   Data         172  tcp_server.o(.bss)
    TCPCONNECT_TASK_STK                      0x2000f1ec   Data        1200  tcp_server.o(.bss)
    TcpServerTaskTCB                         0x2000f69c   Data         172  tcp_server.o(.bss)
    TCPSERVER_TASK_STK                       0x2000f748   Data        1024  tcp_server.o(.bss)
    UdpServerTaskTCB                         0x2000fb48   Data         172  udpmain.o(.bss)
    UDPSERVER_TASK_STK                       0x2000fbf4   Data         512  udpmain.o(.bss)
    DEBUG_SEM                                0x2000fdf4   Data          32  workerdebug.o(.bss)
    g_cdvI                                   0x2000fe14   Data         160  io.o(.bss)
    g_cdvO                                   0x2000feb4   Data         168  io.o(.bss)
    g_dipSW                                  0x2000ff5c   Data          24  io.o(.bss)
    PLUSE_SEM                                0x2000ff74   Data          32  io.o(.bss)
    g_pluse                                  0x2000ff94   Data          32  io.o(.bss)
    adc_par                                  0x2000ffb4   Data         160  adc.o(.bss)
    buff_x                                   0x20010054   Data         200  adc.o(.bss)
    buff_v                                   0x2001011c   Data         400  adc.o(.bss)
    AD_Value                                 0x200102ac   Data         800  adc.o(.bss)
    sumAdc                                   0x200105cc   Data         800  adc.o(.bss)
    dac_val_tmp                              0x200108ec   Data          16  dac.o(.bss)
    dac_par                                  0x200108fc   Data         160  dac.o(.bss)
    strAlarmInfo                             0x2001099c   Data         400  alarm.o(.bss)
    USART3_RX_BUF                            0x20010b2c   Data          16  uart3.o(.bss)
    UART4_RX_BUF                             0x20010b3c   Data          16  uart4.o(.bss)
    RS485_RX_BUF                             0x20010b4c   Data          16  uart4.o(.bss)
    uart5_msg                                0x20010b5c   Data          36  uart5.o(.bss)
    UART5_RX_BUF                             0x20010b80   Data         255  uart5.o(.bss)
    uart6_msg                                0x20010c80   Data          36  uart6.o(.bss)
    USART6_RX_BUF                            0x20010ca4   Data          16  uart6.o(.bss)
    RxBuffer                                 0x20010cb4   Data         256  spi3.o(.bss)
    ETH_InitStructure                        0x20010db4   Data         188  lan8720.o(.bss)
    RX_Frame_Descriptor                      0x20010e70   Data          12  stm32f4x7_eth.o(.bss)
    CPU_Name                                 0x20010e7c   Data          16  cpu_core.o(.bss)
    Mem_PoolHeap                             0x20010e8c   Data          72  lib_mem.o(.bss)
    Mem_Heap                                 0x20010ed4   Data        1024  lib_mem.o(.bss)
    OSCfg_IdleTaskStk                        0x200112d4   Data         512  os_cfg_app.o(.bss)
    OSCfg_ISRStk                             0x200114d4   Data         512  os_cfg_app.o(.bss)
    OSCfg_MsgPool                            0x200116d4   Data        1600  os_cfg_app.o(.bss)
    OSCfg_TickTaskStk                        0x20011d14   Data         512  os_cfg_app.o(.bss)
    OSCfg_TickWheel                          0x20011f14   Data         136  os_cfg_app.o(.bss)
    OSCfg_TmrTaskStk                         0x20011f9c   Data         512  os_cfg_app.o(.bss)
    OSCfg_TmrWheel                           0x2001219c   Data         136  os_cfg_app.o(.bss)
    OSIdleTaskTCB                            0x20012224   Data         172  os_var.o(.bss)
    OSMsgPool                                0x200122d0   Data          12  os_var.o(.bss)
    OSRdyList                                0x200122dc   Data         768  os_var.o(.bss)
    OSTickTaskTCB                            0x200125dc   Data         172  os_var.o(.bss)
    OSTmrTaskTCB                             0x20012688   Data         172  os_var.o(.bss)
    cdvStartTime                             0x20012734   Data          80  delay.o(.bss)
    cdvEndTime                               0x20012784   Data          80  delay.o(.bss)
    TcpipthreadTaskTCB                       0x200127d4   Data         172  sys_arch.o(.bss)
    ram_heap                                 0x2001296c   Data       10020  mem.o(.bss)
    lwipdev                                  0x2001e550   Data          23  lwip_comm.o(.bss)
    lwip_netif                               0x2001e568   Data          52  lwip_comm.o(.bss)
    LwipdhcpTaskTCB                          0x2001e59c   Data         172  lwip_comm.o(.bss)
    fs_memory                                0x2001e648   Data         240  fs.o(.bss)
    __libspace_start                         0x2001eb38   Data          96  libspace.o(.bss)
    __temporary_stack_top$libspace           0x2001eb98   Data           0  libspace.o(.bss)
    mem_base                                 0x68000000   Data       786432  memmng.o(.ARM.__AT_0x68000000)
    mem_mapbase                              0x680c0000   Data       196608  memmng.o(.ARM.__AT_0x680C0000)



==============================================================================

Memory Map of the image

  Image Entry point : 0x08020189

  Load Region LR_IROM1 (Base: 0x08020000, Size: 0x0003ae9c, Max: 0x000e0000, ABSOLUTE, COMPRESSED[0x0003aa7c])

    Execution Region ER_IROM1 (Exec base: 0x08020000, Load base: 0x08020000, Size: 0x0003a878, Max: 0x000e0000, ABSOLUTE)

    Exec Addr    Load Addr    Size         Type   Attr      Idx    E Section Name        Object

    0x08020000   0x08020000   0x00000188   Data   RO         1947    RESET               startup_stm32f40_41xxx.o
    0x08020188   0x08020188   0x00000008   Code   RO         3960  * !!!main             c_w.l(__main.o)
    0x08020190   0x08020190   0x00000034   Code   RO         4391    !!!scatter          c_w.l(__scatter.o)
    0x080201c4   0x080201c4   0x0000005a   Code   RO         4389    !!dczerorl2         c_w.l(__dczerorl2.o)
    0x0802021e   0x0802021e   0x00000002   PAD
    0x08020220   0x08020220   0x0000001c   Code   RO         4393    !!handler_zi        c_w.l(__scatter_zi.o)
    0x0802023c   0x0802023c   0x00000000   Code   RO         3933    .ARM.Collect$$_printf_percent$$00000000  c_w.l(_printf_percent.o)
    0x0802023c   0x0802023c   0x00000006   Code   RO         3932    .ARM.Collect$$_printf_percent$$00000003  c_w.l(_printf_f.o)
    0x08020242   0x08020242   0x00000006   Code   RO         3931    .ARM.Collect$$_printf_percent$$00000009  c_w.l(_printf_d.o)
    0x08020248   0x08020248   0x00000006   Code   RO         3930    .ARM.Collect$$_printf_percent$$0000000C  c_w.l(_printf_x.o)
    0x0802024e   0x0802024e   0x00000006   Code   RO         3929    .ARM.Collect$$_printf_percent$$00000014  c_w.l(_printf_s.o)
    0x08020254   0x08020254   0x00000004   Code   RO         4079    .ARM.Collect$$_printf_percent$$00000017  c_w.l(_printf_percent_end.o)
    0x08020258   0x08020258   0x00000002   Code   RO         4264    .ARM.Collect$$libinit$$00000000  c_w.l(libinit.o)
    0x0802025a   0x0802025a   0x00000000   Code   RO         4191    .ARM.Collect$$libinit$$00000002  c_w.l(libinit2.o)
    0x0802025a   0x0802025a   0x00000000   Code   RO         4193    .ARM.Collect$$libinit$$00000004  c_w.l(libinit2.o)
    0x0802025a   0x0802025a   0x00000000   Code   RO         4196    .ARM.Collect$$libinit$$0000000A  c_w.l(libinit2.o)
    0x0802025a   0x0802025a   0x00000000   Code   RO         4198    .ARM.Collect$$libinit$$0000000C  c_w.l(libinit2.o)
    0x0802025a   0x0802025a   0x00000000   Code   RO         4200    .ARM.Collect$$libinit$$0000000E  c_w.l(libinit2.o)
    0x0802025a   0x0802025a   0x00000006   Code   RO         4201    .ARM.Collect$$libinit$$0000000F  c_w.l(libinit2.o)
    0x08020260   0x08020260   0x00000000   Code   RO         4203    .ARM.Collect$$libinit$$00000011  c_w.l(libinit2.o)
    0x08020260   0x08020260   0x0000000c   Code   RO         4204    .ARM.Collect$$libinit$$00000012  c_w.l(libinit2.o)
    0x0802026c   0x0802026c   0x00000000   Code   RO         4205    .ARM.Collect$$libinit$$00000013  c_w.l(libinit2.o)
    0x0802026c   0x0802026c   0x00000000   Code   RO         4207    .ARM.Collect$$libinit$$00000015  c_w.l(libinit2.o)
    0x0802026c   0x0802026c   0x0000000a   Code   RO         4208    .ARM.Collect$$libinit$$00000016  c_w.l(libinit2.o)
    0x08020276   0x08020276   0x00000000   Code   RO         4209    .ARM.Collect$$libinit$$00000017  c_w.l(libinit2.o)
    0x08020276   0x08020276   0x00000000   Code   RO         4211    .ARM.Collect$$libinit$$00000019  c_w.l(libinit2.o)
    0x08020276   0x08020276   0x00000000   Code   RO         4213    .ARM.Collect$$libinit$$0000001B  c_w.l(libinit2.o)
    0x08020276   0x08020276   0x00000000   Code   RO         4215    .ARM.Collect$$libinit$$0000001D  c_w.l(libinit2.o)
    0x08020276   0x08020276   0x00000000   Code   RO         4217    .ARM.Collect$$libinit$$0000001F  c_w.l(libinit2.o)
    0x08020276   0x08020276   0x00000000   Code   RO         4219    .ARM.Collect$$libinit$$00000021  c_w.l(libinit2.o)
    0x08020276   0x08020276   0x00000000   Code   RO         4221    .ARM.Collect$$libinit$$00000023  c_w.l(libinit2.o)
    0x08020276   0x08020276   0x00000000   Code   RO         4223    .ARM.Collect$$libinit$$00000025  c_w.l(libinit2.o)
    0x08020276   0x08020276   0x00000000   Code   RO         4227    .ARM.Collect$$libinit$$0000002C  c_w.l(libinit2.o)
    0x08020276   0x08020276   0x00000000   Code   RO         4229    .ARM.Collect$$libinit$$0000002E  c_w.l(libinit2.o)
    0x08020276   0x08020276   0x00000000   Code   RO         4231    .ARM.Collect$$libinit$$00000030  c_w.l(libinit2.o)
    0x08020276   0x08020276   0x00000000   Code   RO         4233    .ARM.Collect$$libinit$$00000032  c_w.l(libinit2.o)
    0x08020276   0x08020276   0x00000002   Code   RO         4234    .ARM.Collect$$libinit$$00000033  c_w.l(libinit2.o)
    0x08020278   0x08020278   0x00000002   Code   RO         4343    .ARM.Collect$$libshutdown$$00000000  c_w.l(libshutdown.o)
    0x0802027a   0x0802027a   0x00000000   Code   RO         4371    .ARM.Collect$$libshutdown$$00000002  c_w.l(libshutdown2.o)
    0x0802027a   0x0802027a   0x00000000   Code   RO         4373    .ARM.Collect$$libshutdown$$00000004  c_w.l(libshutdown2.o)
    0x0802027a   0x0802027a   0x00000000   Code   RO         4376    .ARM.Collect$$libshutdown$$00000007  c_w.l(libshutdown2.o)
    0x0802027a   0x0802027a   0x00000000   Code   RO         4379    .ARM.Collect$$libshutdown$$0000000A  c_w.l(libshutdown2.o)
    0x0802027a   0x0802027a   0x00000000   Code   RO         4381    .ARM.Collect$$libshutdown$$0000000C  c_w.l(libshutdown2.o)
    0x0802027a   0x0802027a   0x00000000   Code   RO         4384    .ARM.Collect$$libshutdown$$0000000F  c_w.l(libshutdown2.o)
    0x0802027a   0x0802027a   0x00000002   Code   RO         4385    .ARM.Collect$$libshutdown$$00000010  c_w.l(libshutdown2.o)
    0x0802027c   0x0802027c   0x00000000   Code   RO         4052    .ARM.Collect$$rtentry$$00000000  c_w.l(__rtentry.o)
    0x0802027c   0x0802027c   0x00000000   Code   RO         4134    .ARM.Collect$$rtentry$$00000002  c_w.l(__rtentry2.o)
    0x0802027c   0x0802027c   0x00000006   Code   RO         4146    .ARM.Collect$$rtentry$$00000004  c_w.l(__rtentry4.o)
    0x08020282   0x08020282   0x00000000   Code   RO         4136    .ARM.Collect$$rtentry$$00000009  c_w.l(__rtentry2.o)
    0x08020282   0x08020282   0x00000004   Code   RO         4137    .ARM.Collect$$rtentry$$0000000A  c_w.l(__rtentry2.o)
    0x08020286   0x08020286   0x00000000   Code   RO         4139    .ARM.Collect$$rtentry$$0000000C  c_w.l(__rtentry2.o)
    0x08020286   0x08020286   0x00000008   Code   RO         4140    .ARM.Collect$$rtentry$$0000000D  c_w.l(__rtentry2.o)
    0x0802028e   0x0802028e   0x00000002   Code   RO         4269    .ARM.Collect$$rtexit$$00000000  c_w.l(rtexit.o)
    0x08020290   0x08020290   0x00000000   Code   RO         4304    .ARM.Collect$$rtexit$$00000002  c_w.l(rtexit2.o)
    0x08020290   0x08020290   0x00000004   Code   RO         4305    .ARM.Collect$$rtexit$$00000003  c_w.l(rtexit2.o)
    0x08020294   0x08020294   0x00000006   Code   RO         4306    .ARM.Collect$$rtexit$$00000004  c_w.l(rtexit2.o)
    0x0802029a   0x0802029a   0x00000002   PAD
    0x0802029c   0x0802029c   0x00000010   Code   RO         2789    .emb_text           sysdef.o
    0x080202ac   0x080202ac   0x00000a70   Code   RO            3    .text               main.o
    0x08020d1c   0x08020d1c   0x0000071c   Code   RO          470    .text               cdv_config.o
    0x08021438   0x08021438   0x00000066   Code   RO          501    .text               cdv_define.o
    0x0802149e   0x0802149e   0x00000002   PAD
    0x080214a0   0x080214a0   0x0000019c   Code   RO          533    .text               offline.o
    0x0802163c   0x0802163c   0x00000398   Code   RO          560    .text               basic_resource.o
    0x080219d4   0x080219d4   0x000005b0   Code   RO          580    .text               fpga_spi.o
    0x08021f84   0x08021f84   0x00001908   Code   RO          621    .text               mainuart.o
    0x0802388c   0x0802388c   0x00000740   Code   RO          658    .text               log.o
    0x08023fcc   0x08023fcc   0x000008ec   Code   RO          682    .text               cdv_array.o
    0x080248b8   0x080248b8   0x000006ac   Code   RO          704    .text               newscript.o
    0x08024f64   0x08024f64   0x00001838   Code   RO          731    .text               modbus.o
    0x0802679c   0x0802679c   0x00000a78   Code   RO          781    .text               worker.o
    0x08027214   0x08027214   0x000004a2   Code   RO          810    .text               cmdparse.o
    0x080276b6   0x080276b6   0x00000002   PAD
    0x080276b8   0x080276b8   0x00002a54   Code   RO          831    .text               cascade.o
    0x0802a10c   0x0802a10c   0x00000908   Code   RO          864    .text               tcp_server.o
    0x0802aa14   0x0802aa14   0x000002f8   Code   RO          914    .text               udpmain.o
    0x0802ad0c   0x0802ad0c   0x00000498   Code   RO          944    .text               centralizedcontrol.o
    0x0802b1a4   0x0802b1a4   0x00000658   Code   RO          964    .text               workerdebug.o
    0x0802b7fc   0x0802b7fc   0x00000120   Code   RO          995    .text               sysmng.o
    0x0802b91c   0x0802b91c   0x000004e8   Code   RO         1015    .text               logic.o
    0x0802be04   0x0802be04   0x00001576   Code   RO         1070    .text               io.o
    0x0802d37a   0x0802d37a   0x00000002   PAD
    0x0802d37c   0x0802d37c   0x000006e4   Code   RO         1097    .text               var.o
    0x0802da60   0x0802da60   0x0000012c   Code   RO         1121    .text               msg.o
    0x0802db8c   0x0802db8c   0x000002f8   Code   RO         1144    .text               time.o
    0x0802de84   0x0802de84   0x00000d68   Code   RO         1188    .text               adc.o
    0x0802ebec   0x0802ebec   0x00000680   Code   RO         1215    .text               dac.o
    0x0802f26c   0x0802f26c   0x00000174   Code   RO         1260    .text               dac7512.o
    0x0802f3e0   0x0802f3e0   0x000005a4   Code   RO         1321    .text               universalscom.o
    0x0802f984   0x0802f984   0x00000384   Code   RO         1342    .text               alarm.o
    0x0802fd08   0x0802fd08   0x00000184   Code   RO         1370    .text               led.o
    0x0802fe8c   0x0802fe8c   0x000016e0   Code   RO         1393    .text               varexp.o
    0x0803156c   0x0803156c   0x00000228   Code   RO         1431    .text               memmng.o
    0x08031794   0x08031794   0x000002d0   Code   RO         1460    .text               flashbak.o
    0x08031a64   0x08031a64   0x0000034c   Code   RO         1487    .text               uart1.o
    0x08031db0   0x08031db0   0x000002b4   Code   RO         1513    .text               uart2.o
    0x08032064   0x08032064   0x0000036c   Code   RO         1539    .text               uart3.o
    0x080323d0   0x080323d0   0x000002a8   Code   RO         1566    .text               uart4.o
    0x08032678   0x08032678   0x00000378   Code   RO         1593    .text               uart5.o
    0x080329f0   0x080329f0   0x000003dc   Code   RO         1620    .text               uart6.o
    0x08032dcc   0x08032dcc   0x000000d0   Code   RO         1647    .text               spix.o
    0x08032e9c   0x08032e9c   0x000000bc   Code   RO         1668    .text               exti.o
    0x08032f58   0x08032f58   0x000000f4   Code   RO         1688    .text               spi2.o
    0x0803304c   0x0803304c   0x00000270   Code   RO         1708    .text               spi3.o
    0x080332bc   0x080332bc   0x00000498   Code   RO         1733    .text               uartx.o
    0x08033754   0x08033754   0x0000012c   Code   RO         1757    .text               dmax.o
    0x08033880   0x08033880   0x00000734   Code   RO         1777    .text               lan8720.o
    0x08033fb4   0x08033fb4   0x00000358   Code   RO         1810    .text               sram.o
    0x0803430c   0x0803430c   0x000000cc   Code   RO         1858    .text               extipoweroff.o
    0x080343d8   0x080343d8   0x00000060   Code   RO         1898    .text               stm32f4xx_it.o
    0x08034438   0x08034438   0x00000204   Code   RO         1921    .text               system_stm32f4xx.o
    0x0803463c   0x0803463c   0x00000040   Code   RO         1948    .text               startup_stm32f40_41xxx.o
    0x0803467c   0x0803467c   0x0000065c   Code   RO         1954    .text               stm32f4xx_rcc.o
    0x08034cd8   0x08034cd8   0x000000e0   Code   RO         1976    .text               misc.o
    0x08034db8   0x08034db8   0x00000294   Code   RO         1996    .text               stm32f4xx_gpio.o
    0x0803504c   0x0803504c   0x00000454   Code   RO         2016    .text               stm32f4xx_usart.o
    0x080354a0   0x080354a0   0x00000480   Code   RO         2036    .text               stm32f4xx_spi.o
    0x08035920   0x08035920   0x00000ca2   Code   RO         2056    .text               stm32f4xx_tim.o
    0x080365c2   0x080365c2   0x00000002   PAD
    0x080365c4   0x080365c4   0x000003a8   Code   RO         2076    .text               stm32f4xx_dma.o
    0x0803696c   0x0803696c   0x00000210   Code   RO         2136    .text               stm32f4xx_dac.o
    0x08036b7c   0x08036b7c   0x00000464   Code   RO         2156    .text               stm32f4xx_adc.o
    0x08036fe0   0x08036fe0   0x00000110   Code   RO         2199    .text               stm32f4xx_exti.o
    0x080370f0   0x080370f0   0x00000094   Code   RO         2219    .text               stm32f4xx_syscfg.o
    0x08037184   0x08037184   0x00001054   Code   RO         2239    .text               stm32f4x7_eth.o
    0x080381d8   0x080381d8   0x000005c8   Code   RO         2266    .text               stm32f4xx_fsmc.o
    0x080387a0   0x080387a0   0x00000694   Code   RO         2289    .text               stm32f4xx_flash.o
    0x08038e34   0x08038e34   0x00000084   Code   RO         2309    .text               bsp.o
    0x08038eb8   0x08038eb8   0x000002a8   Code   RO         2345    .text               cpu_core.o
    0x08039160   0x08039160   0x00000256   Code   RO         2383    .text               lib_ascii.o
    0x080393b6   0x080393b6   0x00000002   PAD
    0x080393b8   0x080393b8   0x000009c6   Code   RO         2416    .text               lib_mem.o
    0x08039d7e   0x08039d7e   0x00000002   PAD
    0x08039d80   0x08039d80   0x00000928   Code   RO         2435    .text               lib_str.o
    0x0803a6a8   0x0803a6a8   0x00000002   Code   RO         2452    .text               os_cfg_app.o
    0x0803a6aa   0x0803a6aa   0x00000002   PAD
    0x0803a6ac   0x0803a6ac   0x00000c30   Code   RO         2475    .text               os_core.o
    0x0803b2dc   0x0803b2dc   0x000001cc   Code   RO         2508    .text               os_mem.o
    0x0803b4a8   0x0803b4a8   0x00000228   Code   RO         2520    .text               os_msg.o
    0x0803b6d0   0x0803b6d0   0x000006ec   Code   RO         2532    .text               os_mutex.o
    0x0803bdbc   0x0803bdbc   0x0000007c   Code   RO         2550    .text               os_prio.o
    0x0803be38   0x0803be38   0x00000660   Code   RO         2569    .text               os_q.o
    0x0803c498   0x0803c498   0x00000674   Code   RO         2581    .text               os_sem.o
    0x0803cb0c   0x0803cb0c   0x000012b4   Code   RO         2599    .text               os_task.o
    0x0803ddc0   0x0803ddc0   0x00000484   Code   RO         2611    .text               os_tick.o
    0x0803e244   0x0803e244   0x0000045c   Code   RO         2623    .text               os_time.o
    0x0803e6a0   0x0803e6a0   0x00000790   Code   RO         2635    .text               os_tmr.o
    0x0803ee30   0x0803ee30   0x000001b4   Code   RO         2663    .text               os_cpu_c.o
    0x0803efe4   0x0803efe4   0x00000034   Code   RO         2687    .text               cpu_a.o
    0x0803f018   0x0803f018   0x00000220   Code   RO         2690    .text               lib_mem_a.o
    0x0803f238   0x0803f238   0x00000210   Code   RO         2698    .text               delay.o
    0x0803f448   0x0803f448   0x00000568   Code   RO         2740    .text               flash.o
    0x0803f9b0   0x0803f9b0   0x0000025c   Code   RO         2807    .text               malloc.o
    0x0803fc0c   0x0803fc0c   0x00000264   Code   RO         2836    .text               flash_if.o
    0x0803fe70   0x0803fe70   0x000002d4   Code   RO         2856    .text               ethernetif.o
    0x08040144   0x08040144   0x00000380   Code   RO         2894    .text               sys_arch.o
    0x080404c4   0x080404c4   0x0000094c   Code   RO         2928    .text               etharp.o
    0x08040e10   0x08040e10   0x000006d0   Code   RO         2974    .text               api_lib.o
    0x080414e0   0x080414e0   0x00000f7c   Code   RO         3019    .text               api_msg.o
    0x0804245c   0x0804245c   0x00000190   Code   RO         3056    .text               netbuf.o
    0x080425ec   0x080425ec   0x000002e0   Code   RO         3128    .text               tcpip.o
    0x080428cc   0x080428cc   0x0000003e   Code   RO         3166    .text               def.o
    0x0804290a   0x0804290a   0x00000020   Code   RO         3214    .text               init.o
    0x0804292a   0x0804292a   0x00000002   PAD
    0x0804292c   0x0804292c   0x0000038c   Code   RO         3263    .text               mem.o
    0x08042cb8   0x08042cb8   0x000000d4   Code   RO         3287    .text               memp.o
    0x08042d8c   0x08042d8c   0x000002a0   Code   RO         3325    .text               netif.o
    0x0804302c   0x0804302c   0x00000750   Code   RO         3355    .text               pbuf.o
    0x0804377c   0x0804377c   0x000001b0   Code   RO         3378    .text               raw.o
    0x0804392c   0x0804392c   0x00000df0   Code   RO         3428    .text               tcp.o
    0x0804471c   0x0804471c   0x000012a0   Code   RO         3460    .text               tcp_in.o
    0x080459bc   0x080459bc   0x00000c2e   Code   RO         3494    .text               tcp_out.o
    0x080465ea   0x080465ea   0x00000002   PAD
    0x080465ec   0x080465ec   0x00000228   Code   RO         3514    .text               timers.o
    0x08046814   0x08046814   0x00000444   Code   RO         3545    .text               udp.o
    0x08046c58   0x08046c58   0x000001f0   Code   RO         3585    .text               icmp.o
    0x08046e48   0x08046e48   0x00000222   Code   RO         3636    .text               inet_chksum.o
    0x0804706a   0x0804706a   0x00000002   PAD
    0x0804706c   0x0804706c   0x000002d8   Code   RO         3656    .text               ip.o
    0x08047344   0x08047344   0x000002b8   Code   RO         3685    .text               ip_addr.o
    0x080475fc   0x080475fc   0x00000694   Code   RO         3719    .text               ip_frag.o
    0x08047c90   0x08047c90   0x00000310   Code   RO         3741    .text               lwip_comm.o
    0x08047fa0   0x08047fa0   0x00000108   Code   RO         3782    .text               fs.o
    0x080480a8   0x080480a8   0x00000d54   Code   RO         3815    .text               httpd.o
    0x08048dfc   0x08048dfc   0x00000180   Code   RO         3847    .text               httpd_cgi_ssi.o
    0x08048f7c   0x08048f7c   0x00000010   Code   RO         3872    .text               c_w.l(rt_ctype_table.o)
    0x08048f8c   0x08048f8c   0x000000ee   Code   RO         3874    .text               c_w.l(lludivv7m.o)
    0x0804907a   0x0804907a   0x00000002   PAD
    0x0804907c   0x0804907c   0x00000028   Code   RO         3878    .text               c_w.l(noretval__2sprintf.o)
    0x080490a4   0x080490a4   0x0000004e   Code   RO         3882    .text               c_w.l(_printf_pad.o)
    0x080490f2   0x080490f2   0x00000052   Code   RO         3884    .text               c_w.l(_printf_str.o)
    0x08049144   0x08049144   0x00000078   Code   RO         3886    .text               c_w.l(_printf_dec.o)
    0x080491bc   0x080491bc   0x00000058   Code   RO         3891    .text               c_w.l(_printf_hex_int.o)
    0x08049214   0x08049214   0x00000188   Code   RO         3926    .text               c_w.l(__printf_flags_ss_wp.o)
    0x0804939c   0x0804939c   0x0000001a   Code   RO         3934    .text               c_w.l(atoi.o)
    0x080493b6   0x080493b6   0x00000014   Code   RO         3936    .text               c_w.l(strchr.o)
    0x080493ca   0x080493ca   0x00000024   Code   RO         3938    .text               c_w.l(strstr.o)
    0x080493ee   0x080493ee   0x00000058   Code   RO         3940    .text               c_w.l(memcmp.o)
    0x08049446   0x08049446   0x0000003e   Code   RO         3942    .text               c_w.l(strlen.o)
    0x08049484   0x08049484   0x00000096   Code   RO         3944    .text               c_w.l(strncmp.o)
    0x0804951a   0x0804951a   0x0000008a   Code   RO         3946    .text               c_w.l(rt_memcpy_v6.o)
    0x080495a4   0x080495a4   0x00000064   Code   RO         3948    .text               c_w.l(rt_memcpy_w.o)
    0x08049608   0x08049608   0x00000010   Code   RO         3950    .text               c_w.l(aeabi_memset.o)
    0x08049618   0x08049618   0x00000044   Code   RO         3952    .text               c_w.l(rt_memclr.o)
    0x0804965c   0x0804965c   0x0000004e   Code   RO         3954    .text               c_w.l(rt_memclr_w.o)
    0x080496aa   0x080496aa   0x00000002   PAD
    0x080496ac   0x080496ac   0x00000080   Code   RO         3956    .text               c_w.l(strcmpv7m.o)
    0x0804972c   0x0804972c   0x00000006   Code   RO         3958    .text               c_w.l(heapauxi.o)
    0x08049732   0x08049732   0x00000002   PAD
    0x08049734   0x08049734   0x00000008   Code   RO         4060    .text               c_w.l(rt_locale_intlibspace.o)
    0x0804973c   0x0804973c   0x00000008   Code   RO         4065    .text               c_w.l(rt_errno_addr_intlibspace.o)
    0x08049744   0x08049744   0x00000016   Code   RO         4067    .text               c_w.l(_rserrno.o)
    0x0804975a   0x0804975a   0x000000b2   Code   RO         4069    .text               c_w.l(_printf_intcommon.o)
    0x0804980c   0x0804980c   0x0000041e   Code   RO         4071    .text               c_w.l(_printf_fp_dec.o)
    0x08049c2a   0x08049c2a   0x00000002   PAD
    0x08049c2c   0x08049c2c   0x00000030   Code   RO         4073    .text               c_w.l(_printf_char_common.o)
    0x08049c5c   0x08049c5c   0x0000000a   Code   RO         4075    .text               c_w.l(_sputc.o)
    0x08049c66   0x08049c66   0x0000002c   Code   RO         4077    .text               c_w.l(_printf_char.o)
    0x08049c92   0x08049c92   0x00000002   PAD
    0x08049c94   0x08049c94   0x000000a4   Code   RO         4080    .text               c_w.l(strtod.o)
    0x08049d38   0x08049d38   0x00000070   Code   RO         4082    .text               c_w.l(strtol.o)
    0x08049da8   0x08049da8   0x00000008   Code   RO         4130    .text               c_w.l(libspace.o)
    0x08049db0   0x08049db0   0x0000008a   Code   RO         4150    .text               c_w.l(lludiv10.o)
    0x08049e3a   0x08049e3a   0x00000012   Code   RO         4152    .text               c_w.l(isspace.o)
    0x08049e4c   0x08049e4c   0x00000080   Code   RO         4154    .text               c_w.l(_printf_fp_infnan.o)
    0x08049ecc   0x08049ecc   0x00000040   Code   RO         4158    .text               c_w.l(_sgetc.o)
    0x08049f0c   0x08049f0c   0x0000009e   Code   RO         4160    .text               c_w.l(_strtoul.o)
    0x08049faa   0x08049faa   0x00000002   PAD
    0x08049fac   0x08049fac   0x000000e4   Code   RO         4162    .text               c_w.l(bigflt0.o)
    0x0804a090   0x0804a090   0x0000004a   Code   RO         4245    .text               c_w.l(sys_stackheap_outer.o)
    0x0804a0da   0x0804a0da   0x0000001c   Code   RO         4247    .text               c_w.l(_chval.o)
    0x0804a0f6   0x0804a0f6   0x00000002   PAD
    0x0804a0f8   0x0804a0f8   0x000004f8   Code   RO         4249    .text               c_w.l(scanf_fp.o)
    0x0804a5f0   0x0804a5f0   0x00000012   Code   RO         4251    .text               c_w.l(exit.o)
    0x0804a602   0x0804a602   0x00000002   PAD
    0x0804a604   0x0804a604   0x0000000c   Code   RO         4301    .text               c_w.l(sys_exit.o)
    0x0804a610   0x0804a610   0x00000320   Code   RO         4312    .text               c_w.l(scanf_hexfp.o)
    0x0804a930   0x0804a930   0x00000134   Code   RO         4314    .text               c_w.l(scanf_infnan.o)
    0x0804aa64   0x0804aa64   0x00000002   Code   RO         4332    .text               c_w.l(use_no_semi.o)
    0x0804aa66   0x0804aa66   0x00000000   Code   RO         4334    .text               c_w.l(indicate_semi.o)
    0x0804aa66   0x0804aa66   0x00000026   Code   RO         4335    .text               c_w.l(llshl.o)
    0x0804aa8c   0x0804aa8c   0x0000003e   Code   RO         4165    CL$$btod_d2e        c_w.l(btod.o)
    0x0804aaca   0x0804aaca   0x00000046   Code   RO         4167    CL$$btod_d2e_denorm_low  c_w.l(btod.o)
    0x0804ab10   0x0804ab10   0x00000060   Code   RO         4166    CL$$btod_d2e_norm_op1  c_w.l(btod.o)
    0x0804ab70   0x0804ab70   0x00000338   Code   RO         4175    CL$$btod_div_common  c_w.l(btod.o)
    0x0804aea8   0x0804aea8   0x00000084   Code   RO         4173    CL$$btod_e2d        c_w.l(btod.o)
    0x0804af2c   0x0804af2c   0x000000dc   Code   RO         4172    CL$$btod_e2e        c_w.l(btod.o)
    0x0804b008   0x0804b008   0x0000002a   Code   RO         4169    CL$$btod_ediv       c_w.l(btod.o)
    0x0804b032   0x0804b032   0x0000002a   Code   RO         4171    CL$$btod_edivd      c_w.l(btod.o)
    0x0804b05c   0x0804b05c   0x0000002a   Code   RO         4168    CL$$btod_emul       c_w.l(btod.o)
    0x0804b086   0x0804b086   0x0000002a   Code   RO         4170    CL$$btod_emuld      c_w.l(btod.o)
    0x0804b0b0   0x0804b0b0   0x00000244   Code   RO         4174    CL$$btod_mult_common  c_w.l(btod.o)
    0x0804b2f4   0x0804b2f4   0x00000098   Code   RO         2693    CODE                os_cpu_a.o
    0x0804b38c   0x0804b38c   0x00000028   Code   RO         4241    i.__ARM_fpclassify  m_ws.l(fpclassify.o)
    0x0804b3b4   0x0804b3b4   0x0000000e   Code   RO         4109    i.__mathlib_dbl_overflow  m_ws.l(dunder.o)
    0x0804b3c2   0x0804b3c2   0x00000002   PAD
    0x0804b3c4   0x0804b3c4   0x00000010   Code   RO         4111    i.__mathlib_dbl_underflow  m_ws.l(dunder.o)
    0x0804b3d4   0x0804b3d4   0x00000010   Code   RO         4293    i.__mathlib_narrow  m_ws.l(narrow.o)
    0x0804b3e4   0x0804b3e4   0x000000bc   Code   RO         4294    i.__mathlib_tofloat  m_ws.l(narrow.o)
    0x0804b4a0   0x0804b4a0   0x00000016   Code   RO         4345    i.__support_ldexp   m_ws.l(ldexp.o)
    0x0804b4b6   0x0804b4b6   0x0000000e   Code   RO         3919    i._is_digit         c_w.l(__printf_wp.o)
    0x0804b4c4   0x0804b4c4   0x0000002a   Code   RO         4033    i.atof              m_ws.l(atof.o)
    0x0804b4ee   0x0804b4ee   0x00000002   PAD
    0x0804b4f0   0x0804b4f0   0x00000058   Code   RO         4327    i.frexp             m_ws.l(frexp.o)
    0x0804b548   0x0804b548   0x00000074   Code   RO         4346    i.ldexp             m_ws.l(ldexp.o)
    0x0804b5bc   0x0804b5bc   0x0000004c   Code   RO         4045    i.sqrt              m_ws.l(sqrt.o)
    0x0804b608   0x0804b608   0x0000002c   Code   RO         4085    locale$$code        c_w.l(lc_ctype_c.o)
    0x0804b634   0x0804b634   0x0000002c   Code   RO         4188    locale$$code        c_w.l(lc_numeric_c.o)
    0x0804b660   0x0804b660   0x00000062   Code   RO         3962    x$fpl$d2f           fz_ws.l(d2f.o)
    0x0804b6c2   0x0804b6c2   0x00000002   PAD
    0x0804b6c4   0x0804b6c4   0x00000150   Code   RO         3964    x$fpl$dadd          fz_ws.l(daddsub_clz.o)
    0x0804b814   0x0804b814   0x00000010   Code   RO         4265    x$fpl$dcheck1       fz_ws.l(dcheck1.o)
    0x0804b824   0x0804b824   0x00000018   Code   RO         4087    x$fpl$dcmpinf       fz_ws.l(dcmpi.o)
    0x0804b83c   0x0804b83c   0x000002b0   Code   RO         3971    x$fpl$ddiv          fz_ws.l(ddiv.o)
    0x0804baec   0x0804baec   0x00000078   Code   RO         3974    x$fpl$deqf          fz_ws.l(deqf.o)
    0x0804bb64   0x0804bb64   0x0000005e   Code   RO         3976    x$fpl$dfix          fz_ws.l(dfix.o)
    0x0804bbc2   0x0804bbc2   0x00000002   PAD
    0x0804bbc4   0x0804bbc4   0x0000005a   Code   RO         3980    x$fpl$dfixu         fz_ws.l(dfixu.o)
    0x0804bc1e   0x0804bc1e   0x0000002e   Code   RO         3985    x$fpl$dflt          fz_ws.l(dflt_clz.o)
    0x0804bc4c   0x0804bc4c   0x00000026   Code   RO         3984    x$fpl$dfltu         fz_ws.l(dflt_clz.o)
    0x0804bc72   0x0804bc72   0x00000002   PAD
    0x0804bc74   0x0804bc74   0x00000078   Code   RO         3990    x$fpl$dleqf         fz_ws.l(dleqf.o)
    0x0804bcec   0x0804bcec   0x00000154   Code   RO         3992    x$fpl$dmul          fz_ws.l(dmul.o)
    0x0804be40   0x0804be40   0x0000009c   Code   RO         4089    x$fpl$dnaninf       fz_ws.l(dnaninf.o)
    0x0804bedc   0x0804bedc   0x0000000c   Code   RO         4091    x$fpl$dretinf       fz_ws.l(dretinf.o)
    0x0804bee8   0x0804bee8   0x0000006c   Code   RO         3994    x$fpl$drleqf        fz_ws.l(drleqf.o)
    0x0804bf54   0x0804bf54   0x00000016   Code   RO         3965    x$fpl$drsb          fz_ws.l(daddsub_clz.o)
    0x0804bf6a   0x0804bf6a   0x00000002   PAD
    0x0804bf6c   0x0804bf6c   0x00000198   Code   RO         4093    x$fpl$dsqrt         fz_ws.l(dsqrt_umaal.o)
    0x0804c104   0x0804c104   0x000001d4   Code   RO         3966    x$fpl$dsub          fz_ws.l(daddsub_clz.o)
    0x0804c2d8   0x0804c2d8   0x00000056   Code   RO         3996    x$fpl$f2d           fz_ws.l(f2d.o)
    0x0804c32e   0x0804c32e   0x00000002   PAD
    0x0804c330   0x0804c330   0x000000c4   Code   RO         3998    x$fpl$fadd          fz_ws.l(faddsub_clz.o)
    0x0804c3f4   0x0804c3f4   0x00000018   Code   RO         4095    x$fpl$fcmpinf       fz_ws.l(fcmpi.o)
    0x0804c40c   0x0804c40c   0x00000184   Code   RO         4005    x$fpl$fdiv          fz_ws.l(fdiv.o)
    0x0804c590   0x0804c590   0x00000068   Code   RO         4008    x$fpl$feqf          fz_ws.l(feqf.o)
    0x0804c5f8   0x0804c5f8   0x00000036   Code   RO         4010    x$fpl$ffix          fz_ws.l(ffix.o)
    0x0804c62e   0x0804c62e   0x00000002   PAD
    0x0804c630   0x0804c630   0x0000003e   Code   RO         4014    x$fpl$ffixu         fz_ws.l(ffixu.o)
    0x0804c66e   0x0804c66e   0x00000002   PAD
    0x0804c670   0x0804c670   0x00000030   Code   RO         4019    x$fpl$fflt          fz_ws.l(fflt_clz.o)
    0x0804c6a0   0x0804c6a0   0x00000026   Code   RO         4018    x$fpl$ffltu         fz_ws.l(fflt_clz.o)
    0x0804c6c6   0x0804c6c6   0x00000002   PAD
    0x0804c6c8   0x0804c6c8   0x00000068   Code   RO         4024    x$fpl$fleqf         fz_ws.l(fleqf.o)
    0x0804c730   0x0804c730   0x00000102   Code   RO         4026    x$fpl$fmul          fz_ws.l(fmul.o)
    0x0804c832   0x0804c832   0x0000008c   Code   RO         4097    x$fpl$fnaninf       fz_ws.l(fnaninf.o)
    0x0804c8be   0x0804c8be   0x0000000a   Code   RO         4099    x$fpl$fretinf       fz_ws.l(fretinf.o)
    0x0804c8c8   0x0804c8c8   0x00000062   Code   RO         4028    x$fpl$frleqf        fz_ws.l(frleqf.o)
    0x0804c92a   0x0804c92a   0x00000014   Code   RO         3999    x$fpl$frsb          fz_ws.l(faddsub_clz.o)
    0x0804c93e   0x0804c93e   0x00000002   PAD
    0x0804c940   0x0804c940   0x000000ea   Code   RO         4000    x$fpl$fsub          fz_ws.l(faddsub_clz.o)
    0x0804ca2a   0x0804ca2a   0x00000006   Code   RO         4235    x$fpl$ieeestatus    fz_ws.l(istatus.o)
    0x0804ca30   0x0804ca30   0x00000004   Code   RO         4030    x$fpl$printf1       fz_ws.l(printf1.o)
    0x0804ca34   0x0804ca34   0x00000064   Code   RO         4285    x$fpl$retnan        fz_ws.l(retnan.o)
    0x0804ca98   0x0804ca98   0x0000005c   Code   RO         4237    x$fpl$scalbn        fz_ws.l(scalbn.o)
    0x0804caf4   0x0804caf4   0x00000004   Code   RO         4239    x$fpl$scanf1        fz_ws.l(scanf1.o)
    0x0804caf8   0x0804caf8   0x00000008   Code   RO         4287    x$fpl$scanf2        fz_ws.l(scanf2.o)
    0x0804cb00   0x0804cb00   0x00000030   Code   RO         4324    x$fpl$trapveneer    fz_ws.l(trapv.o)
    0x0804cb30   0x0804cb30   0x00000000   Code   RO         4101    x$fpl$usenofp       fz_ws.l(usenofp.o)
    0x0804cb30   0x0804cb30   0x0000001c   Data   RO          471    .constdata          cdv_config.o
    0x0804cb4c   0x0804cb4c   0x00000011   Data   RO          534    .constdata          offline.o
    0x0804cb5d   0x0804cb5d   0x00000010   Data   RO          581    .constdata          fpga_spi.o
    0x0804cb6d   0x0804cb6d   0x0000022b   Data   RO          623    .constdata          mainuart.o
    0x0804cd98   0x0804cd98   0x00000056   Data   RO          660    .constdata          log.o
    0x0804cdee   0x0804cdee   0x00000081   Data   RO          683    .constdata          cdv_array.o
    0x0804ce6f   0x0804ce6f   0x0000000e   Data   RO          706    .constdata          newscript.o
    0x0804ce7d   0x0804ce7d   0x0000012f   Data   RO          733    .constdata          modbus.o
    0x0804cfac   0x0804cfac   0x0000004a   Data   RO          783    .constdata          worker.o
    0x0804cff6   0x0804cff6   0x0000000a   Data   RO          811    .constdata          cmdparse.o
    0x0804d000   0x0804d000   0x000001f5   Data   RO          833    .constdata          cascade.o
    0x0804d1f5   0x0804d1f5   0x00000028   Data   RO          866    .constdata          tcp_server.o
    0x0804d21d   0x0804d21d   0x000000bc   Data   RO          966    .constdata          workerdebug.o
    0x0804d2d9   0x0804d2d9   0x00000007   Data   RO         1016    .constdata          logic.o
    0x0804d2e0   0x0804d2e0   0x000000cc   Data   RO         1098    .constdata          var.o
    0x0804d3ac   0x0804d3ac   0x00000015   Data   RO         1322    .constdata          universalscom.o
    0x0804d3c1   0x0804d3c1   0x00000003   PAD
    0x0804d3c4   0x0804d3c4   0x00000010   Data   RO         1344    .constdata          alarm.o
    0x0804d3d4   0x0804d3d4   0x00000024   Data   RO         1394    .constdata          varexp.o
    0x0804d3f8   0x0804d3f8   0x0000000e   Data   RO         1434    .constdata          memmng.o
    0x0804d406   0x0804d406   0x0000001d   Data   RO         1461    .constdata          flashbak.o
    0x0804d423   0x0804d423   0x0000000e   Data   RO         1648    .constdata          spix.o
    0x0804d431   0x0804d431   0x0000000a   Data   RO         1710    .constdata          spi3.o
    0x0804d43b   0x0804d43b   0x0000003a   Data   RO         1734    .constdata          uartx.o
    0x0804d475   0x0804d475   0x00000022   Data   RO         1779    .constdata          lan8720.o
    0x0804d497   0x0804d497   0x00000001   PAD
    0x0804d498   0x0804d498   0x0000001c   Data   RO         2267    .constdata          stm32f4xx_fsmc.o
    0x0804d4b4   0x0804d4b4   0x00000100   Data   RO         2347    .constdata          cpu_core.o
    0x0804d5b4   0x0804d5b4   0x00000094   Data   RO         2436    .constdata          lib_str.o
    0x0804d648   0x0804d648   0x000000a4   Data   RO         2454    .constdata          os_cfg_app.o
    0x0804d6ec   0x0804d6ec   0x00000024   Data   RO         2810    .constdata          malloc.o
    0x0804d710   0x0804d710   0x00000004   Data   RO         2896    .constdata          sys_arch.o
    0x0804d714   0x0804d714   0x0000000c   Data   RO         2930    .constdata          etharp.o
    0x0804d720   0x0804d720   0x00000038   Data   RO         3289    .constdata          memp.o
    0x0804d758   0x0804d758   0x00000050   Data   RO         3429    .constdata          tcp.o
    0x0804d7a8   0x0804d7a8   0x00000008   Data   RO         3687    .constdata          ip_addr.o
    0x0804d7b0   0x0804d7b0   0x0000000a   Data   RO         3743    .constdata          lwip_comm.o
    0x0804d7ba   0x0804d7ba   0x00000002   PAD
    0x0804d7bc   0x0804d7bc   0x0000cc70   Data   RO         3784    .constdata          fs.o
    0x0805a42c   0x0805a42c   0x00000030   Data   RO         3817    .constdata          httpd.o
    0x0805a45c   0x0805a45c   0x00000008   Data   RO         3848    .constdata          httpd_cgi_ssi.o
    0x0805a464   0x0805a464   0x00000028   Data   RO         3892    .constdata          c_w.l(_printf_hex_int.o)
    0x0805a48c   0x0805a48c   0x00000011   Data   RO         3927    .constdata          c_w.l(__printf_flags_ss_wp.o)
    0x0805a49d   0x0805a49d   0x00000003   PAD
    0x0805a4a0   0x0805a4a0   0x00000094   Data   RO         4163    .constdata          c_w.l(bigflt0.o)
    0x0805a534   0x0805a534   0x0000009e   Data   RO          503    .conststring        cdv_define.o
    0x0805a5d2   0x0805a5d2   0x00000002   PAD
    0x0805a5d4   0x0805a5d4   0x00000054   Data   RO          784    .conststring        worker.o
    0x0805a628   0x0805a628   0x00000075   Data   RO         3430    .conststring        tcp.o
    0x0805a69d   0x0805a69d   0x00000003   PAD
    0x0805a6a0   0x0805a6a0   0x0000006a   Data   RO         3818    .conststring        httpd.o
    0x0805a70a   0x0805a70a   0x00000002   PAD
    0x0805a70c   0x0805a70c   0x0000000e   Data   RO         3849    .conststring        httpd_cgi_ssi.o
    0x0805a71a   0x0805a71a   0x00000002   PAD
    0x0805a71c   0x0805a71c   0x00000020   Data   RO         4387    Region$$Table       anon$$obj.o
    0x0805a73c   0x0805a73c   0x00000008   Data   RO         4281    c$$dinf             fz_ws.l(fpconst.o)
    0x0805a744   0x0805a744   0x00000008   Data   RO         4284    c$$dmax             fz_ws.l(fpconst.o)
    0x0805a74c   0x0805a74c   0x00000110   Data   RO         4084    locale$$data        c_w.l(lc_ctype_c.o)
    0x0805a85c   0x0805a85c   0x0000001c   Data   RO         4187    locale$$data        c_w.l(lc_numeric_c.o)


    Execution Region RW_IRAM1 (Exec base: 0x20000000, Load base: 0x0805a878, Size: 0x0001fd98, Max: 0x00020000, ABSOLUTE, COMPRESSED[0x00000204])

    Exec Addr    Load Addr    Size         Type   Attr      Idx    E Section Name        Object

    0x20000000   COMPRESSED   0x00000018   Data   RW            5    .data               main.o
    0x20000018   COMPRESSED   0x00000009   Data   RW          472    .data               cdv_config.o
    0x20000021   COMPRESSED   0x00000003   PAD
    0x20000024   COMPRESSED   0x00000064   Data   RW          504    .data               cdv_define.o
    0x20000088   COMPRESSED   0x00000008   Data   RW          535    .data               offline.o
    0x20000090   COMPRESSED   0x00000007   Data   RW          582    .data               fpga_spi.o
    0x20000097   COMPRESSED   0x00000001   PAD
    0x20000098   COMPRESSED   0x000001e1   Data   RW          624    .data               mainuart.o
    0x20000279   COMPRESSED   0x00000003   PAD
    0x2000027c   COMPRESSED   0x00000004   Data   RW          684    .data               cdv_array.o
    0x20000280   COMPRESSED   0x00000024   Data   RW          785    .data               worker.o
    0x200002a4   COMPRESSED   0x0000006c   Data   RW          834    .data               cascade.o
    0x20000310   COMPRESSED   0x0000001c   Data   RW          867    .data               tcp_server.o
    0x2000032c   COMPRESSED   0x00000001   Data   RW          916    .data               udpmain.o
    0x2000032d   COMPRESSED   0x00000003   PAD
    0x20000330   COMPRESSED   0x0000000c   Data   RW         1072    .data               io.o
    0x2000033c   COMPRESSED   0x00000004   Data   RW         1099    .data               var.o
    0x20000340   COMPRESSED   0x00000004   Data   RW         1122    .data               msg.o
    0x20000344   COMPRESSED   0x00000020   Data   RW         1145    .data               time.o
    0x20000364   COMPRESSED   0x00000008   Data   RW         1190    .data               adc.o
    0x2000036c   COMPRESSED   0x00000024   Data   RW         1217    .data               dac.o
    0x20000390   COMPRESSED   0x00000005   Data   RW         1345    .data               alarm.o
    0x20000395   COMPRESSED   0x00000003   PAD
    0x20000398   COMPRESSED   0x0000000e   Data   RW         1435    .data               memmng.o
    0x200003a6   COMPRESSED   0x00000001   Data   RW         1462    .data               flashbak.o
    0x200003a7   COMPRESSED   0x00000001   PAD
    0x200003a8   COMPRESSED   0x00000006   Data   RW         1488    .data               uart1.o
    0x200003ae   COMPRESSED   0x00000002   PAD
    0x200003b0   COMPRESSED   0x00000006   Data   RW         1514    .data               uart2.o
    0x200003b6   COMPRESSED   0x00000002   PAD
    0x200003b8   COMPRESSED   0x0000000a   Data   RW         1541    .data               uart3.o
    0x200003c2   COMPRESSED   0x00000002   PAD
    0x200003c4   COMPRESSED   0x00000010   Data   RW         1568    .data               uart4.o
    0x200003d4   COMPRESSED   0x0000000a   Data   RW         1595    .data               uart5.o
    0x200003de   COMPRESSED   0x00000002   PAD
    0x200003e0   COMPRESSED   0x00000018   Data   RW         1622    .data               uart6.o
    0x200003f8   COMPRESSED   0x00000007   Data   RW         1711    .data               spi3.o
    0x200003ff   COMPRESSED   0x00000001   PAD
    0x20000400   COMPRESSED   0x00000048   Data   RW         1735    .data               uartx.o
    0x20000448   COMPRESSED   0x0000001c   Data   RW         1780    .data               lan8720.o
    0x20000464   COMPRESSED   0x00000008   Data   RW         1859    .data               extipoweroff.o
    0x2000046c   COMPRESSED   0x00000014   Data   RW         1922    .data               system_stm32f4xx.o
    0x20000480   COMPRESSED   0x00000010   Data   RW         1955    .data               stm32f4xx_rcc.o
    0x20000490   COMPRESSED   0x00000010   Data   RW         2241    .data               stm32f4x7_eth.o
    0x200004a0   COMPRESSED   0x00000004   Data   RW         2348    .data               cpu_core.o
    0x200004a4   COMPRESSED   0x00000004   Data   RW         2418    .data               lib_mem.o
    0x200004a8   COMPRESSED   0x00000008   Data   RW         2551    .data               os_prio.o
    0x200004b0   COMPRESSED   0x00000048   Data   RW         2648    .data               os_var.o
    0x200004f8   COMPRESSED   0x00000004   Data   RW         2664    .data               os_cpu_c.o
    0x200004fc   COMPRESSED   0x00000018   Data   RW         2700    .data               delay.o
    0x20000514   COMPRESSED   0x00000005   Data   RW         2741    .data               flash.o
    0x20000519   COMPRESSED   0x00000003   PAD
    0x2000051c   COMPRESSED   0x00000028   Data   RW         2811    .data               malloc.o
    0x20000544   COMPRESSED   0x00000001   Data   RW         2931    .data               etharp.o
    0x20000545   COMPRESSED   0x00000003   PAD
    0x20000548   COMPRESSED   0x00000008   Data   RW         3130    .data               tcpip.o
    0x20000550   COMPRESSED   0x0000000c   Data   RW         3265    .data               mem.o
    0x2000055c   COMPRESSED   0x00000009   Data   RW         3326    .data               netif.o
    0x20000565   COMPRESSED   0x00000003   PAD
    0x20000568   COMPRESSED   0x00000004   Data   RW         3379    .data               raw.o
    0x2000056c   COMPRESSED   0x00000024   Data   RW         3431    .data               tcp.o
    0x20000590   COMPRESSED   0x00000020   Data   RW         3462    .data               tcp_in.o
    0x200005b0   COMPRESSED   0x00000008   Data   RW         3515    .data               timers.o
    0x200005b8   COMPRESSED   0x00000008   Data   RW         3546    .data               udp.o
    0x200005c0   COMPRESSED   0x00000012   Data   RW         3657    .data               ip.o
    0x200005d2   COMPRESSED   0x00000002   PAD
    0x200005d4   COMPRESSED   0x00000006   Data   RW         3720    .data               ip_frag.o
    0x200005da   COMPRESSED   0x00000002   PAD
    0x200005dc   COMPRESSED   0x0000000c   Data   RW         3744    .data               lwip_comm.o
    0x200005e8   COMPRESSED   0x00000024   Data   RW         3819    .data               httpd.o
    0x2000060c   COMPRESSED   0x00000018   Data   RW         3850    .data               httpd_cgi_ssi.o
    0x20000624        -       0x00001200   Zero   RW            4    .bss                main.o
    0x20001824   COMPRESSED   0x00000004   PAD
    0x20001828        -       0x00009548   Zero   RW          502    .bss                cdv_define.o
    0x2000ad70        -       0x00000460   Zero   RW          622    .bss                mainuart.o
    0x2000b1d0        -       0x00000068   Zero   RW          659    .bss                log.o
    0x2000b238        -       0x0000002c   Zero   RW          705    .bss                newscript.o
    0x2000b264        -       0x00000d00   Zero   RW          732    .bss                modbus.o
    0x2000bf64        -       0x00000370   Zero   RW          782    .bss                worker.o
    0x2000c2d4        -       0x00002e6c   Zero   RW          832    .bss                cascade.o
    0x2000f140        -       0x00000a08   Zero   RW          865    .bss                tcp_server.o
    0x2000fb48        -       0x000002ac   Zero   RW          915    .bss                udpmain.o
    0x2000fdf4        -       0x00000020   Zero   RW          965    .bss                workerdebug.o
    0x2000fe14        -       0x000001a0   Zero   RW         1071    .bss                io.o
    0x2000ffb4        -       0x00000938   Zero   RW         1189    .bss                adc.o
    0x200108ec        -       0x000000b0   Zero   RW         1216    .bss                dac.o
    0x2001099c        -       0x00000190   Zero   RW         1343    .bss                alarm.o
    0x20010b2c        -       0x00000010   Zero   RW         1540    .bss                uart3.o
    0x20010b3c        -       0x00000020   Zero   RW         1567    .bss                uart4.o
    0x20010b5c        -       0x00000123   Zero   RW         1594    .bss                uart5.o
    0x20010c7f   COMPRESSED   0x00000001   PAD
    0x20010c80        -       0x00000034   Zero   RW         1621    .bss                uart6.o
    0x20010cb4        -       0x00000100   Zero   RW         1709    .bss                spi3.o
    0x20010db4        -       0x000000bc   Zero   RW         1778    .bss                lan8720.o
    0x20010e70        -       0x0000000c   Zero   RW         2240    .bss                stm32f4x7_eth.o
    0x20010e7c        -       0x00000010   Zero   RW         2346    .bss                cpu_core.o
    0x20010e8c        -       0x00000448   Zero   RW         2417    .bss                lib_mem.o
    0x200112d4        -       0x00000f50   Zero   RW         2453    .bss                os_cfg_app.o
    0x20012224        -       0x00000510   Zero   RW         2647    .bss                os_var.o
    0x20012734        -       0x000000a0   Zero   RW         2699    .bss                delay.o
    0x200127d4        -       0x000000ac   Zero   RW         2895    .bss                sys_arch.o
    0x20012880        -       0x000000c8   Zero   RW         2929    .bss                etharp.o
    0x20012948        -       0x00000024   Zero   RW         3129    .bss                tcpip.o
    0x2001296c        -       0x00002740   Zero   RW         3264    .bss                mem.o
    0x200150ac        -       0x00009483   Zero   RW         3288    .bss                memp.o
    0x2001e52f   COMPRESSED   0x00000001   PAD
    0x2001e530        -       0x00000010   Zero   RW         3461    .bss                tcp_in.o
    0x2001e540        -       0x00000010   Zero   RW         3686    .bss                ip_addr.o
    0x2001e550        -       0x000000f8   Zero   RW         3742    .bss                lwip_comm.o
    0x2001e648        -       0x000000f0   Zero   RW         3783    .bss                fs.o
    0x2001e738        -       0x00000400   Zero   RW         3816    .bss                httpd.o
    0x2001eb38        -       0x00000060   Zero   RW         4131    .bss                c_w.l(libspace.o)
    0x2001eb98        -       0x00000200   Zero   RW         1946    HEAP                startup_stm32f40_41xxx.o
    0x2001ed98        -       0x00001000   Zero   RW         1945    STACK               startup_stm32f40_41xxx.o



  Load Region LR$$.ARM.__AT_0x10000000 (Base: 0x10000000, Size: 0x00000000, Max: 0x0000f000, ABSOLUTE)

    Execution Region ER$$.ARM.__AT_0x10000000 (Exec base: 0x10000000, Load base: 0x10000000, Size: 0x0000f000, Max: 0x0000f000, ABSOLUTE, UNINIT)

    Exec Addr    Load Addr    Size         Type   Attr      Idx    E Section Name        Object

    0x10000000        -       0x0000f000   Zero   RW         2808    .ARM.__AT_0x10000000  malloc.o



  Load Region LR$$.ARM.__AT_0x1000F000 (Base: 0x1000f000, Size: 0x00000000, Max: 0x00000f00, ABSOLUTE)

    Execution Region ER$$.ARM.__AT_0x1000F000 (Exec base: 0x1000f000, Load base: 0x1000f000, Size: 0x00000f00, Max: 0x00000f00, ABSOLUTE, UNINIT)

    Exec Addr    Load Addr    Size         Type   Attr      Idx    E Section Name        Object

    0x1000f000        -       0x00000f00   Zero   RW         2809    .ARM.__AT_0x1000F000  malloc.o



  Load Region LR$$.ARM.__AT_0x68000000 (Base: 0x68000000, Size: 0x00000000, Max: 0x000c0000, ABSOLUTE)

    Execution Region ER$$.ARM.__AT_0x68000000 (Exec base: 0x68000000, Load base: 0x68000000, Size: 0x000c0000, Max: 0x000c0000, ABSOLUTE, UNINIT)

    Exec Addr    Load Addr    Size         Type   Attr      Idx    E Section Name        Object

    0x68000000        -       0x000c0000   Zero   RW         1432    .ARM.__AT_0x68000000  memmng.o



  Load Region LR$$.ARM.__AT_0x680C0000 (Base: 0x680c0000, Size: 0x00000000, Max: 0x00030000, ABSOLUTE)

    Execution Region ER$$.ARM.__AT_0x680C0000 (Exec base: 0x680c0000, Load base: 0x680c0000, Size: 0x00030000, Max: 0x00030000, ABSOLUTE, UNINIT)

    Exec Addr    Load Addr    Size         Type   Attr      Idx    E Section Name        Object

    0x680c0000        -       0x00030000   Zero   RW         1433    .ARM.__AT_0x680C0000  memmng.o


==============================================================================

Image component sizes


      Code (inc. data)   RO Data    RW Data    ZI Data      Debug   Object Name

      3432        136          0          8       2360       9819   adc.o
       900         20         16          5        400       3726   alarm.o
      1744         52          0          0          0      17609   api_lib.o
      3964         40          0          0          0      10347   api_msg.o
       920         18          0          0          0       4117   basic_resource.o
       132         14          0          0          0       1139   bsp.o
     10836        602        501        108      11884      39358   cascade.o
      2284         74        129          4          0       9443   cdv_array.o
      1820        232         28          9          0       6752   cdv_config.o
       102          0        158        100      38216       4408   cdv_define.o
      1176         54          0          0          0       4027   centralizedcontrol.o
      1186         38         10          0          0       3090   cmdparse.o
        52          0          0          0          0        344   cpu_a.o
       680         14        256          4         16      14540   cpu_core.o
      1664         72          0         36        176       6635   dac.o
       372          8          0          0          0       1286   dac7512.o
        62          0          0          0          0       1098   def.o
       528         38          0         24        160       4095   delay.o
       300          6          0          0          0       1742   dmax.o
      2380         22         12          1        200      10411   etharp.o
       724         44          0          0          0       7414   ethernetif.o
       188         10          0          0          0        734   exti.o
       204         12          0          8          0       1656   extipoweroff.o
      1384         36          0          5          0       5730   flash.o
       612         50          0          0          0       3197   flash_if.o
       720         58         29          1          0       3286   flashbak.o
      1456         72         16          7          0       6350   fpga_spi.o
       264          8      52336          0        240       5178   fs.o
      3412        180        154         36       1024      14990   httpd.o
       384         62         22         24          0       2645   httpd_cgi_ssi.o
       496          8          0          0          0       2506   icmp.o
       546          0          0          0          0       3017   inet_chksum.o
        32          0          0          0          0       9737   init.o
      5494        154          0         12        416      12706   io.o
       728         28          0         18          0       6015   ip.o
       696         12          8          0         16      10403   ip_addr.o
      1684         18          0          6          0       6588   ip_frag.o
      1844        130         34         28        188       5283   lan8720.o
       388         16          0          0          0       1430   led.o
       598          0          0          0          0       3888   lib_ascii.o
      2502         32          0          4       1096      22284   lib_mem.o
       544          0          0          0          0        492   lib_mem_a.o
      2344          4        148          0          0      13810   lib_str.o
      1856         78         86          0        104       4865   log.o
      1256         30          7          0          0       6181   logic.o
       784         78         10         12        248       3695   lwip_comm.o
      2672        624          0         24       4608     443694   main.o
      6408        722        555        481       1120      45024   mainuart.o
       604         22         36         40      65280       5510   malloc.o
       908         20          0         12      10048       3910   mem.o
       552         66         14         14     983040       3639   memmng.o
       212         18         56          0      38019       3430   memp.o
       224         20          0          0          0       1845   misc.o
      6200        176        303          0       3328      22197   modbus.o
       300         10          0          4          0       1890   msg.o
       400          0          0          0          0       7633   netbuf.o
       672         22          0          9          0       6385   netif.o
      1708         36         14          0         44       6767   newscript.o
       412         40         17          8          0       3527   offline.o
         2          0        164          0       3920      17812   os_cfg_app.o
      3120        192          0          0          0      11141   os_core.o
       152         32          0          0          0        412   os_cpu_a.o
       436         34          0          4          0       3641   os_cpu_c.o
       460         12          0          0          0       2559   os_mem.o
       552         14          0          0          0       2694   os_msg.o
      1772         70          0          0          0       4773   os_mutex.o
       124          4          0          8          0       1760   os_prio.o
      1632         42          0          0          0       5707   os_q.o
      1652         46          0          0          0       5743   os_sem.o
      4788        174          0          0          0      12871   os_task.o
      1156         74          0          0          0       3273   os_tick.o
      1116         54          0          0          0       3225   os_time.o
      1936        126          0          0          0       6265   os_tmr.o
         0          0          0         72       1296      16131   os_var.o
      1872          0          0          0          0       9077   pbuf.o
       432         14          0          4          0       3313   raw.o
       244         14          0          0          0        693   spi2.o
       624         66         10          7        256       2456   spi3.o
       208         26         14          0          0       1508   spix.o
       856         22          0          0          0       1927   sram.o
        64         26        392          0       4608        820   startup_stm32f40_41xxx.o
      4180         96          0         16         12      20931   stm32f4x7_eth.o
      1124         24          0          0          0      10522   stm32f4xx_adc.o
       528          6          0          0          0       4921   stm32f4xx_dac.o
       936         32          0          0          0       6373   stm32f4xx_dma.o
       272         10          0          0          0       2267   stm32f4xx_exti.o
      1684         28          0          0          0       9302   stm32f4xx_flash.o
      1480         18         28          0          0       5638   stm32f4xx_fsmc.o
       660         44          0          0          0       4033   stm32f4xx_gpio.o
        96         20          0          0          0       1147   stm32f4xx_it.o
      1628         52          0         16          0      12976   stm32f4xx_rcc.o
      1152         36          0          0          0       6789   stm32f4xx_spi.o
       148         12          0          0          0       1693   stm32f4xx_syscfg.o
      3234         60          0          0          0      22892   stm32f4xx_tim.o
      1108         34          0          0          0       7764   stm32f4xx_usart.o
       896         84          4          0        172       8153   sys_arch.o
        16          0          0          0          0        428   sysdef.o
       288         36          0          0          0       1526   sysmng.o
       516         50          0         20          0       1791   system_stm32f4xx.o
      3568        130        197         36          0      21371   tcp.o
      4768        230          0         32         16      14583   tcp_in.o
      3118          8          0          0          0       9647   tcp_out.o
      2312        282         40         28       2568      17979   tcp_server.o
       736         46          0          8         36       9916   tcpip.o
       760         28          0         32          0       3507   time.o
       552         28          0          8          0       3195   timers.o
       844         36          0          6          0       3745   uart1.o
       692         34          0          6          0       3378   uart2.o
       876         48          0         10         16       4365   uart3.o
       680         40          0         16         32       3849   uart4.o
       888         58          0         10        291       4075   uart5.o
       988         74          0         24         52       4439   uart6.o
      1176         88         58         72          0       4655   uartx.o
      1092         20          0          8          0       6762   udp.o
       760        112          0          1        684       5891   udpmain.o
      1444         36         21          0          0       3948   universalscom.o
      1764        136        204          4          0       7613   var.o
      5856         78         36          0          0      15533   varexp.o
      2680        136        158         36        880      10133   worker.o
      1624        100        188          0         32       6587   workerdebug.o

    ----------------------------------------------------------------------
    167288       7768      56516       1572    1177108    1285635   Object Totals
         0          0         32          0          0          0   (incl. Generated)
        20          0         15         36          6          0   (incl. Padding)

    ----------------------------------------------------------------------

      Code (inc. data)   RO Data    RW Data    ZI Data      Debug   Library Member Name

        90          0          0          0          0          0   __dczerorl2.o
         8          0          0          0          0         68   __main.o
       392          4         17          0          0         92   __printf_flags_ss_wp.o
        14          0          0          0          0         68   __printf_wp.o
         0          0          0          0          0          0   __rtentry.o
        12          0          0          0          0          0   __rtentry2.o
         6          0          0          0          0          0   __rtentry4.o
        52          8          0          0          0          0   __scatter.o
        28          0          0          0          0          0   __scatter_zi.o
        28          0          0          0          0         68   _chval.o
        44          0          0          0          0        108   _printf_char.o
        48          6          0          0          0         96   _printf_char_common.o
         6          0          0          0          0          0   _printf_d.o
       120         16          0          0          0         92   _printf_dec.o
         6          0          0          0          0          0   _printf_f.o
      1054          0          0          0          0        216   _printf_fp_dec.o
       128         16          0          0          0         84   _printf_fp_infnan.o
        88          4         40          0          0         88   _printf_hex_int.o
       178          0          0          0          0         88   _printf_intcommon.o
        78          0          0          0          0        108   _printf_pad.o
         0          0          0          0          0          0   _printf_percent.o
         4          0          0          0          0          0   _printf_percent_end.o
         6          0          0          0          0          0   _printf_s.o
        82          0          0          0          0         80   _printf_str.o
         6          0          0          0          0          0   _printf_x.o
        22          0          0          0          0        100   _rserrno.o
        64          0          0          0          0         84   _sgetc.o
        10          0          0          0          0         68   _sputc.o
       158          0          0          0          0         92   _strtoul.o
        16          0          0          0          0         68   aeabi_memset.o
        26          0          0          0          0         80   atoi.o
       228          4        148          0          0         96   bigflt0.o
      2152        136          0          0          0        960   btod.o
        18          0          0          0          0         80   exit.o
         6          0          0          0          0        152   heapauxi.o
         0          0          0          0          0          0   indicate_semi.o
        18          0          0          0          0         76   isspace.o
        44         10        272          0          0         76   lc_ctype_c.o
        44         10         28          0          0         76   lc_numeric_c.o
         2          0          0          0          0          0   libinit.o
        30          0          0          0          0          0   libinit2.o
         2          0          0          0          0          0   libshutdown.o
         2          0          0          0          0          0   libshutdown2.o
         8          4          0          0         96         68   libspace.o
        38          0          0          0          0         68   llshl.o
       138          0          0          0          0         80   lludiv10.o
       238          0          0          0          0        100   lludivv7m.o
        88          0          0          0          0         76   memcmp.o
        40          6          0          0          0         84   noretval__2sprintf.o
        16          4          0          0          0         76   rt_ctype_table.o
         8          4          0          0          0         68   rt_errno_addr_intlibspace.o
         8          4          0          0          0         68   rt_locale_intlibspace.o
        68          0          0          0          0         68   rt_memclr.o
        78          0          0          0          0         80   rt_memclr_w.o
       138          0          0          0          0         68   rt_memcpy_v6.o
       100          0          0          0          0         80   rt_memcpy_w.o
         2          0          0          0          0          0   rtexit.o
        10          0          0          0          0          0   rtexit2.o
      1272         16          0          0          0        168   scanf_fp.o
       800         14          0          0          0        100   scanf_hexfp.o
       308         16          0          0          0        100   scanf_infnan.o
        20          0          0          0          0         68   strchr.o
       128          0          0          0          0         68   strcmpv7m.o
        62          0          0          0          0         76   strlen.o
       150          0          0          0          0         80   strncmp.o
        36          0          0          0          0         80   strstr.o
       164         14          0          0          0        120   strtod.o
       112          0          0          0          0         88   strtol.o
        12          4          0          0          0         68   sys_exit.o
        74          0          0          0          0         80   sys_stackheap_outer.o
         2          0          0          0          0         68   use_no_semi.o
        98          4          0          0          0         92   d2f.o
       826         16          0          0          0        348   daddsub_clz.o
        16          4          0          0          0         68   dcheck1.o
        24          0          0          0          0         68   dcmpi.o
       688        140          0          0          0        208   ddiv.o
       120          4          0          0          0         92   deqf.o
        94          4          0          0          0         92   dfix.o
        90          4          0          0          0         92   dfixu.o
        84          0          0          0          0        136   dflt_clz.o
       120          4          0          0          0         92   dleqf.o
       340         12          0          0          0        104   dmul.o
       156          4          0          0          0         92   dnaninf.o
        12          0          0          0          0         68   dretinf.o
       108          0          0          0          0         80   drleqf.o
       408         56          0          0          0        120   dsqrt_umaal.o
        86          4          0          0          0         84   f2d.o
       450          8          0          0          0        236   faddsub_clz.o
        24          0          0          0          0         68   fcmpi.o
       388         76          0          0          0         96   fdiv.o
       104          4          0          0          0         84   feqf.o
        54          4          0          0          0         84   ffix.o
        62          4          0          0          0         84   ffixu.o
        86          0          0          0          0        136   fflt_clz.o
       104          4          0          0          0         84   fleqf.o
       258          4          0          0          0         84   fmul.o
       140          4          0          0          0         84   fnaninf.o
         0          0         16          0          0          0   fpconst.o
        10          0          0          0          0         68   fretinf.o
        98          0          0          0          0         68   frleqf.o
         6          0          0          0          0         68   istatus.o
         4          0          0          0          0         68   printf1.o
       100          0          0          0          0         68   retnan.o
        92          0          0          0          0         68   scalbn.o
         4          0          0          0          0         68   scanf1.o
         8          0          0          0          0         84   scanf2.o
        48          0          0          0          0         68   trapv.o
         0          0          0          0          0          0   usenofp.o
        42          0          0          0          0         84   atof.o
        30          6          0          0          0        136   dunder.o
        40          0          0          0          0         68   fpclassify.o
        88          8          0          0          0         76   frexp.o
       138          0          0          0          0        160   ldexp.o
       204          4          0          0          0        168   narrow.o
        76          0          0          0          0         84   sqrt.o

    ----------------------------------------------------------------------
     15408        682        524          0         96       9692   Library Totals
        42          0          3          0          0          0   (incl. Padding)

    ----------------------------------------------------------------------

      Code (inc. data)   RO Data    RW Data    ZI Data      Debug   Library Name

      9438        300        505          0         96       5412   c_w.l
      5310        364         16          0          0       3504   fz_ws.l
       618         18          0          0          0        776   m_ws.l

    ----------------------------------------------------------------------
     15408        682        524          0         96       9692   Library Totals

    ----------------------------------------------------------------------

==============================================================================


      Code (inc. data)   RO Data    RW Data    ZI Data      Debug   

    182696       8450      57040       1572    1177204    1278059   Grand Totals
    182696       8450      57040        516    1177204    1278059   ELF Image Totals (compressed)
    182696       8450      57040        516          0          0   ROM Totals

==============================================================================

    Total RO  Size (Code + RO Data)               239736 ( 234.12kB)
    Total RW  Size (RW Data + ZI Data)           1178776 (1151.15kB)
    Total ROM Size (Code + RO Data + RW Data)     240252 ( 234.62kB)

==============================================================================

