Component: ARM Compiler 5.06 update 6 (build 750) Tool: armlink [4d35ed]

==============================================================================

Section Cross References

    main.o(.text) refers to _printf_percent.o(.ARM.Collect$$_printf_percent$$00000000) for _printf_percent
    main.o(.text) refers to _printf_d.o(.ARM.Collect$$_printf_percent$$00000009) for _printf_d
    main.o(.text) refers to _printf_dec.o(.text) for _printf_int_dec
    main.o(.text) refers to io.o(.text) for IReadAllFilter
    main.o(.text) refers to memmng.o(.text) for memmng_test
    main.o(.text) refers to cdv_array.o(.text) for LIST_Test
    main.o(.text) refers to cascade.o(.text) for CoilToCoil
    main.o(.text) refers to delay.o(.text) for TaskSched
    main.o(.text) refers to led.o(.text) for OUT_DisPlay
    main.o(.text) refers to worker.o(.text) for ManagerControl
    main.o(.text) refers to rt_memclr_w.o(.text) for __aeabi_memclr4
    main.o(.text) refers to noretval__2sprintf.o(.text) for __2sprintf
    main.o(.text) refers to log.o(.text) for Log_Write
    main.o(.text) refers to cdv_define.o(.text) for CmdArgInit
    main.o(.text) refers to cmdparse.o(.text) for CmdParse
    main.o(.text) refers to mainuart.o(.text) for ClearOnlineCmdCache
    main.o(.text) refers to basic_resource.o(.text) for DoResRequest
    main.o(.text) refers to os_task.o(.text) for OS_TaskSuspend
    main.o(.text) refers to uartx.o(.text) for USARTSend
    main.o(.text) refers to uart3.o(.text) for GetUsartRxLen
    main.o(.text) refers to time.o(.text) for ReadClock1ms
    main.o(.text) refers to main.o(.data) for debug
    main.o(.text) refers to modbus.o(.bss) for g_modbusCoil
    main.o(.text) refers to delay.o(.data) for cdvTimeTick
    main.o(.text) refers to mainuart.o(.bss) for g_olCache
    main.o(.text) refers to cascade.o(.bss) for g_portCmdCache
    main.o(.text) refers to cdv_define.o(.bss) for TaskParseTCB
    main.o(.text) refers to cdv_define.o(.data) for tm1Re
    main.o(.text) refers to uart3.o(.data) for g_Usart3RxLen
    main.o(.text) refers to adc.o(.text) for Adc_Voltge
    main.o(.text) refers to dac.o(.text) for UpdateDacVal
    main.o(.text) refers to stm32f4xx_gpio.o(.text) for GPIO_ReadInputDataBit
    main.o(.text) refers to workerdebug.o(.text) for AllDebugStateSet
    main.o(.text) refers to cpu_core.o(.text) for CPU_Init
    main.o(.text) refers to os_core.o(.text) for OSSchedRoundRobinCfg
    main.o(.text) refers to os_sem.o(.text) for OSSemCreate
    main.o(.text) refers to cdv_config.o(.text) for CDVParamInit
    main.o(.text) refers to flashbak.o(.text) for FlashBak_Restore
    main.o(.text) refers to extipoweroff.o(.text) for EXTIPowerOff_Configuration
    main.o(.text) refers to os_tmr.o(.text) for OSTmrCreate
    main.o(.text) refers to misc.o(.text) for NVIC_PriorityGroupConfig
    main.o(.text) refers to sysdef.o(.emb_text) for INTX_DISABLE
    main.o(.text) refers to cpu_a.o(.text) for CPU_SR_Save
    main.o(.text) refers to io.o(.bss) for g_dipSW
    main.o(.text) refers to cdv_config.o(.data) for g_dipCtrlWorker
    main.o(.text) refers to workerdebug.o(.bss) for DEBUG_SEM
    main.o(.text) refers to main.o(.bss) for USART_TASK_STK
    cdv_config.o(.text) refers to _printf_percent.o(.ARM.Collect$$_printf_percent$$00000000) for _printf_percent
    cdv_config.o(.text) refers to _printf_d.o(.ARM.Collect$$_printf_percent$$00000009) for _printf_d
    cdv_config.o(.text) refers to _printf_s.o(.ARM.Collect$$_printf_percent$$00000014) for _printf_s
    cdv_config.o(.text) refers to _printf_dec.o(.text) for _printf_int_dec
    cdv_config.o(.text) refers to _printf_str.o(.text) for _printf_str
    cdv_config.o(.text) refers to io.o(.text) for GPIO_Configuration
    cdv_config.o(.text) refers to basic_resource.o(.text) for CdvInit
    cdv_config.o(.text) refers to spix.o(.text) for SPI_Configuration
    cdv_config.o(.text) refers to time.o(.text) for TIM3_Init
    cdv_config.o(.text) refers to led.o(.text) for LED_Init
    cdv_config.o(.text) refers to adc.o(.text) for Adc2_Dma_Init4
    cdv_config.o(.text) refers to dac.o(.text) for Dac1_Init
    cdv_config.o(.text) refers to dac7512.o(.text) for DAC7512_Pin_Config
    cdv_config.o(.text) refers to uartx.o(.text) for USART_Configuration
    cdv_config.o(.text) refers to memmng.o(.text) for memmng_init
    cdv_config.o(.text) refers to malloc.o(.text) for mymem_init
    cdv_config.o(.text) refers to stm32f4xx_rcc.o(.text) for RCC_AHB1PeriphResetCmd
    cdv_config.o(.text) refers to sysmng.o(.text) for ResetCdv
    cdv_config.o(.text) refers to os_sem.o(.text) for OSSemPend
    cdv_config.o(.text) refers to rt_memclr.o(.text) for __aeabi_memclr
    cdv_config.o(.text) refers to offline.o(.text) for LineInit
    cdv_config.o(.text) refers to cascade.o(.text) for GetTable
    cdv_config.o(.text) refers to flash.o(.text) for SPI_Flash_Read
    cdv_config.o(.text) refers to rt_memclr_w.o(.text) for __aeabi_memclr4
[...]
    tcp_state_str                            0x0804996c   Data          44  tcp.o(.constdata)
    tcp_backoff                              0x08049998   Data          13  tcp.o(.constdata)
    tcp_persist_backoff                      0x080499a5   Data           7  tcp.o(.constdata)
    tcp_pcb_lists                            0x080499ac   Data          16  tcp.o(.constdata)
    ip_addr_any                              0x080499bc   Data           4  ip_addr.o(.constdata)
    ip_addr_broadcast                        0x080499c0   Data           4  ip_addr.o(.constdata)
    Region$$Table$$Base                      0x08049c00   Number         0  anon$$obj.o(Region$$Table)
    Region$$Table$$Limit                     0x08049c20   Number         0  anon$$obj.o(Region$$Table)
    __aeabi_HUGE_VAL                         0x08049c20   Data           0  fpconst.o(c$$dinf)
    __aeabi_HUGE_VALL                        0x08049c20   Data           0  fpconst.o(c$$dinf)
    __aeabi_INFINITY                         0x08049c20   Data           0  fpconst.o(c$$dinf)
    __dInf                                   0x08049c20   Data           0  fpconst.o(c$$dinf)
    __huge_val                               0x08049c20   Data           0  fpconst.o(c$$dinf)
    __dbl_max                                0x08049c28   Data           0  fpconst.o(c$$dmax)
    __ctype                                  0x08049c3d   Data           0  lc_ctype_c.o(locale$$data)
    mem3base                                 0x10000000   Data       61440  malloc.o(.ARM.__AT_0x10000000)
    mem3mapbase                              0x1000f000   Data        3840  malloc.o(.ARM.__AT_0x1000F000)
    debug                                    0x20000000   Data           1  main.o(.data)
    debug1                                   0x20000001   Data           1  main.o(.data)
    debug2                                   0x20000002   Data           1  main.o(.data)
    ftime                                    0x20000004   Data           4  main.o(.data)
    time_cascade_map                         0x20000008   Data           4  main.o(.data)
    SPItime_Flag                             0x20000010   Data           1  cdv_config.o(.data)
    g_dipCtrlWorker                          0x20000011   Data           1  cdv_config.o(.data)
    g_noWrite                                0x20000012   Data           1  cdv_config.o(.data)
    g_cdvStat                                0x20000014   Data           1  cdv_define.o(.data)
    g_nowDoRes                               0x20000015   Data           1  cdv_define.o(.data)
    tm1Re                                    0x20000018   Data           4  cdv_define.o(.data)
    tm2Re                                    0x2000001c   Data           4  cdv_define.o(.data)
    tm3Re                                    0x20000020   Data           4  cdv_define.o(.data)
    workerName                               0x20000024   Data          80  cdv_define.o(.data)
    RPressureCnt                             0x20000074   Data           4  cdv_define.o(.data)
    OfflineScript                            0x20000078   Data           4  offline.o(.data)
    OfflineScriptLen                         0x2000007c   Data           4  offline.o(.data)
    err_times1                               0x20000080   Data           1  fpga_spi.o(.data)
    err_times2                               0x20000081   Data           1  fpga_spi.o(.data)
    failed_times                             0x20000082   Data           2  fpga_spi.o(.data)
    CDV_EXI_NUM                              0x20000084   Data           1  fpga_spi.o(.data)
    CDV_EXO_NUM                              0x20000085   Data           1  fpga_spi.o(.data)
    FPGA_Mode                                0x20000086   Data           1  fpga_spi.o(.data)
    fpga_i                                   0x20000088   Data           4  mainuart.o(.data)
    MainUsart                                0x2000008c   Data           1  mainuart.o(.data)
    ononononon                               0x20000090   Data           4  mainuart.o(.data)
    g_cacheTx                                0x20000094   Data           8  mainuart.o(.data)
    g_needRequest                            0x2000009c   Data           1  mainuart.o(.data)
    cdv_error                                0x2000009d   Data         460  mainuart.o(.data)
    WorkerStatusName                         0x20000270   Data          24  worker.o(.data)
    time_cnt                                 0x20000288   Data           1  worker.o(.data)
    time_which_worker                        0x20000289   Data           1  worker.o(.data)
    time_tmp                                 0x2000028c   Data           4  worker.o(.data)
    time_max                                 0x20000290   Data           4  worker.o(.data)
    version                                  0x20000294   Data           5  cascade.o(.data)
    slaveTable                               0x2000029c   Data           4  cascade.o(.data)
    slaveTable2                              0x200002a0   Data           4  cascade.o(.data)
    slaveTableLen                            0x200002a4   Data           1  cascade.o(.data)
    g_cascadeBuf                             0x200002a8   Data           4  cascade.o(.data)
    g_coilCascade                            0x200002ac   Data           4  cascade.o(.data)
    g_regCascade                             0x200002b0   Data           4  cascade.o(.data)
    gp_val                                   0x200002b4   Data          12  cascade.o(.data)
    gp_coil                                  0x200002c0   Data           2  cascade.o(.data)
    CascadeMap                               0x200002c4   Data           4  cascade.o(.data)
    CascadeMapLen                            0x200002c8   Data           1  cascade.o(.data)
    tcp_server_recvbuf                       0x200002cc   Data           4  tcp_server.o(.data)
    tcp_server_flag                          0x200002d0   Data           1  tcp_server.o(.data)
    gConn                                    0x200002d4   Data           4  tcp_server.o(.data)
    g_connected                              0x200002d8   Data           4  tcp_server.o(.data)
    lenlenlen                                0x200002dc   Data           4  tcp_server.o(.data)
    closeTcp                                 0x200002e8   Data           1  udpmain.o(.data)
    g_dip                                    0x200002ec   Data           1  io.o(.data)
    g_i                                      0x200002f0   Data           4  io.o(.data)
    g_o                                      0x200002f4   Data           4  io.o(.data)
    g_var                                    0x200002f8   Data           4  var.o(.data)
    g_msg                                    0x200002fc   Data           4  msg.o(.data)
    Time_1ms                                 0x20000300   Data           4  time.o(.data)
    Time_10ms                                0x20000304   Data           4  time.o(.data)
    Time_100ms                               0x20000308   Data           4  time.o(.data)
    Time_1s                                  0x2000030c   Data           4  time.o(.data)
    p_ReadClock                              0x20000310   Data          16  time.o(.data)
    g_adcval                                 0x20000320   Data           4  adc.o(.data)
    adc3_value2                              0x20000324   Data           4  adc.o(.data)
    g_dacval                                 0x20000328   Data           4  dac.o(.data)
    transducer_speed                         0x2000032c   Data           4  dac.o(.data)
    transducer_time                          0x20000330   Data           4  dac.o(.data)
    transducer_vol                           0x20000334   Data           4  dac.o(.data)
    transducer1_speed                        0x20000338   Data           4  dac.o(.data)
    transducer1_time                         0x2000033c   Data           4  dac.o(.data)
    transducer1_vol                          0x20000340   Data           4  dac.o(.data)
    transducer2_speed                        0x20000344   Data           2  dac.o(.data)
    transducer2_time                         0x20000346   Data           1  dac.o(.data)
    transducer2_vol                          0x20000348   Data           4  dac.o(.data)
    nAlarmCount                              0x2000034c   Data           4  alarm.o(.data)
    Alarmflag                                0x20000350   Data           1  alarm.o(.data)
    map_start_cache                          0x20000354   Data           4  memmng.o(.data)
    the_newest_bak                           0x20000362   Data           1  flashbak.o(.data)
    g_pUsart1RxBuf                           0x20000364   Data           4  uart1.o(.data)
    g_Usart1BufLen                           0x20000368   Data           1  uart1.o(.data)
    g_Usart1RxLen                            0x20000369   Data           1  uart1.o(.data)
    g_pUart2RxBuf                            0x2000036c   Data           4  uart2.o(.data)
    g_Uart2BufLen                            0x20000370   Data           1  uart2.o(.data)
    g_Uart2RxLen                             0x20000371   Data           1  uart2.o(.data)
    USART3_RX_CNT                            0x20000374   Data           1  uart3.o(.data)
    USART3_REC_OVER                          0x20000375   Data           1  uart3.o(.data)
    g_pUsart3RxBuf                           0x20000378   Data           4  uart3.o(.data)
    g_Usart3BufLen                           0x2000037c   Data           1  uart3.o(.data)
    g_Usart3RxLen                            0x2000037d   Data           1  uart3.o(.data)
    UART4_RX_CNT                             0x20000380   Data           1  uart4.o(.data)
    UART4_REC_OVER                           0x20000381   Data           1  uart4.o(.data)
    g_pUart4RxBuf                            0x20000384   Data           4  uart4.o(.data)
    g_Uart4BufLen                            0x20000388   Data           1  uart4.o(.data)
    g_Uart4RxLen                             0x20000389   Data           1  uart4.o(.data)
    RS485_RX_CNT                             0x2000038c   Data           4  uart4.o(.data)
    UART5_RX_CNT                             0x20000390   Data           1  uart5.o(.data)
    UART5_REC_OVER                           0x20000391   Data           1  uart5.o(.data)
    g_pUart5RxBuf                            0x20000394   Data           4  uart5.o(.data)
    g_Uart5BufLen                            0x20000398   Data           1  uart5.o(.data)
    g_Uart5RxLen                             0x20000399   Data           1  uart5.o(.data)
    USART6_RX_CNT                            0x2000039c   Data           1  uart6.o(.data)
    USART6_REC_OVER                          0x2000039d   Data           1  uart6.o(.data)
    g_pUart6RxBuf                            0x200003a0   Data           4  uart6.o(.data)
    g_Uart6BufLen                            0x200003a4   Data           1  uart6.o(.data)
    g_Uart6RxLen                             0x200003a5   Data           1  uart6.o(.data)
    gstartTime                               0x200003a8   Data           4  uart6.o(.data)
    gendTime                                 0x200003ac   Data           4  uart6.o(.data)
    gtime                                    0x200003b0   Data           4  uart6.o(.data)
    TxBuffer                                 0x200003b4   Data           4  spi3.o(.data)
    Tx_Idx                                   0x200003b8   Data           1  spi3.o(.data)
    Tx_len                                   0x200003b9   Data           1  spi3.o(.data)
    Rx_Idx                                   0x200003ba   Data           1  spi3.o(.data)
    p_UartSet                                0x200003bc   Data          24  uartx.o(.data)
    p_UartSend                               0x200003d4   Data          24  uartx.o(.data)
    p_UartTR                                 0x200003ec   Data          24  uartx.o(.data)
    EthStatus                                0x20000404   Data           4  lan8720.o(.data)
    DMARxDscrTab                             0x20000408   Data           4  lan8720.o(.data)
    DMATxDscrTab                             0x2000040c   Data           4  lan8720.o(.data)
    Rx_Buff                                  0x20000410   Data           4  lan8720.o(.data)
    Tx_Buff                                  0x20000414   Data           4  lan8720.o(.data)
    isLinkUp                                 0x20000418   Data           1  lan8720.o(.data)
    g_exti_power_off_flag                    0x20000420   Data           4  extipoweroff.o(.data)
    SystemCoreClock                          0x20000428   Data           4  system_stm32f4xx.o(.data)
    AHBPrescTable                            0x2000042c   Data          16  system_stm32f4xx.o(.data)
    DMATxDescToSet                           0x2000044c   Data           4  stm32f4x7_eth.o(.data)
    DMARxDescToGet                           0x20000450   Data           4  stm32f4x7_eth.o(.data)
    DMA_RX_FRAME_infos                       0x20000454   Data           4  stm32f4x7_eth.o(.data)
    Frame_Rx_index                           0x20000458   Data           4  stm32f4x7_eth.o(.data)
    CPU_TS_TmrFreq_Hz                        0x2000045c   Data           4  cpu_core.o(.data)
    Mem_PoolTbl                              0x20000460   Data           4  lib_mem.o(.data)
    OSPrioTbl                                0x20000464   Data           8  os_prio.o(.data)
    OSIdleTaskCtr                            0x2000046c   Data           4  os_var.o(.data)
    OSIntNestingCtr                          0x20000470   Data           1  os_var.o(.data)
    OSRunning                                0x20000471   Data           1  os_var.o(.data)
    OSMemQty                                 0x20000472   Data           2  os_var.o(.data)
    OSMutexQty                               0x20000474   Data           2  os_var.o(.data)
    OSPrioCur                                0x20000476   Data           1  os_var.o(.data)
    OSPrioHighRdy                            0x20000477   Data           1  os_var.o(.data)
    OSPrioSaved                              0x20000478   Data           1  os_var.o(.data)
    OSQQty                                   0x2000047a   Data           2  os_var.o(.data)
    OSSchedLockNestingCtr                    0x2000047c   Data           1  os_var.o(.data)
    OSSchedRoundRobinDfltTimeQuanta          0x20000480   Data           4  os_var.o(.data)
    OSSchedRoundRobinEn                      0x20000484   Data           1  os_var.o(.data)
    OSSemQty                                 0x20000486   Data           2  os_var.o(.data)
    OSTaskCtxSwCtr                           0x20000488   Data           4  os_var.o(.data)
    OSTaskQty                                0x2000048c   Data           2  os_var.o(.data)
    OSTaskRegNextAvailID                     0x2000048e   Data           1  os_var.o(.data)
    OSTickCtr                                0x20000490   Data           4  os_var.o(.data)
    OSTickTaskTimeMax                        0x20000494   Data           4  os_var.o(.data)
    OSTmrQty                                 0x20000498   Data           2  os_var.o(.data)
    OSTmrTaskTimeMax                         0x2000049c   Data           4  os_var.o(.data)
    OSTmrTickCtr                             0x200004a0   Data           4  os_var.o(.data)
    OSTmrUpdateCnt                           0x200004a4   Data           4  os_var.o(.data)
    OSTmrUpdateCtr                           0x200004a8   Data           4  os_var.o(.data)
    OSTCBCurPtr                              0x200004ac   Data           4  os_var.o(.data)
    OSTCBHighRdyPtr                          0x200004b0   Data           4  os_var.o(.data)
    OS_CPU_ExceptStkBase                     0x200004b4   Data           4  os_cpu_c.o(.data)
    global_start                             0x200004b8   Data           4  delay.o(.data)
    global_clk                               0x200004bc   Data           4  delay.o(.data)
    global_cnt1                              0x200004c0   Data           4  delay.o(.data)
    global_cnt2                              0x200004c4   Data           4  delay.o(.data)
    cdvTimeTick                              0x200004cc   Data           4  delay.o(.data)
    CHECK_FLASH                              0x200004d0   Data           5  flash.o(.data)
    user_mem_ptr_base                        0x200004d8   Data           4  malloc.o(.data)
    mallco_dev                               0x200004dc   Data          36  malloc.o(.data)
    netif_list                               0x20000518   Data           4  netif.o(.data)
    netif_default                            0x2000051c   Data           4  netif.o(.data)
    tcp_ticks                                0x2000052c   Data           4  tcp.o(.data)
    tcp_bound_pcbs                           0x20000530   Data           4  tcp.o(.data)
    tcp_listen_pcbs                          0x20000534   Data           4  tcp.o(.data)
    tcp_active_pcbs                          0x20000538   Data           4  tcp.o(.data)
    tcp_tw_pcbs                              0x2000053c   Data           4  tcp.o(.data)
    tcp_tmp_pcb                              0x20000540   Data           4  tcp.o(.data)
    tcp_active_pcbs_changed                  0x20000544   Data           1  tcp.o(.data)
    tcp_input_pcb                            0x20000568   Data           4  tcp_in.o(.data)
    udp_pcbs                                 0x20000578   Data           4  udp.o(.data)
    current_netif                            0x2000057c   Data           4  ip.o(.data)
    current_header                           0x20000580   Data           4  ip.o(.data)
    current_iphdr_src                        0x20000584   Data           4  ip.o(.data)
    current_iphdr_dest                       0x20000588   Data           4  ip.o(.data)
    TCPIP_THREAD_TASK_STK                    0x20000598   Data           4  lwip_comm.o(.data)
    LWIP_DHCP_TASK_STK                       0x2000059c   Data           4  lwip_comm.o(.data)
    START_TASK_STK                           0x200005a4   Data         512  main.o(.bss)
    USART_TASK_STK                           0x200007a4   Data         512  main.o(.bss)
    LED1_TASK_STK                            0x200009a4   Data         512  main.o(.bss)
    FLOAT_TASK_STK                           0x20000ba4   Data         512  main.o(.bss)
    WORKER_MANAGE_TASK_STK                   0x20000da4   Data         512  main.o(.bss)
    PARSE_TASK_STK                           0x20000fa4   Data        1024  main.o(.bss)
    VALVE_TASK_STK                           0x200013a4   Data         512  main.o(.bss)
    MOTO_TASK_STK                            0x200015a4   Data         512  main.o(.bss)
    g_scriptInfo                             0x200017a8   Data          20  cdv_define.o(.bss)
    tmr1                                     0x200017bc   Data          44  cdv_define.o(.bss)
    tmr2                                     0x200017e8   Data          44  cdv_define.o(.bss)
    tmr3                                     0x20001814   Data          44  cdv_define.o(.bss)
    StartTaskTCB                             0x20001840   Data         172  cdv_define.o(.bss)
    UsartRecvTaskTCB                         0x200018ec   Data         172  cdv_define.o(.bss)
    UsartSendTaskTCB                         0x20001998   Data         172  cdv_define.o(.bss)
    CdvRefreshTaskTCB                        0x20001a44   Data         172  cdv_define.o(.bss)
    CdvValveTaskTCB                          0x20001af0   Data         172  cdv_define.o(.bss)
    CdvMotoTaskTCB                           0x20001b9c   Data         172  cdv_define.o(.bss)
    WorkerManageTaskTCB                      0x20001c48   Data         172  cdv_define.o(.bss)
    WorkerTaskTCB                            0x20001cf4   Data        3440  cdv_define.o(.bss)
    TaskParseTCB                             0x20002a64   Data         172  cdv_define.o(.bss)
    WORKER_TASK_STK                          0x20002b10   Data       32000  cdv_define.o(.bss)
    TX_SEM                                   0x2000a810   Data          28  cdv_define.o(.bss)
    WORKER_SEM                               0x2000a82c   Data          28  cdv_define.o(.bss)
    MOTO_SEM                                 0x2000a848   Data          28  cdv_define.o(.bss)
    MEM_SEM                                  0x2000a864   Data          28  cdv_define.o(.bss)
    MSG_SEM                                  0x2000a880   Data          28  cdv_define.o(.bss)
    LIST_SEM                                 0x2000a89c   Data          28  cdv_define.o(.bss)
    COIL_SEM                                 0x2000a8b8   Data          28  cdv_define.o(.bss)
    COM_SEM                                  0x2000a8d4   Data         168  cdv_define.o(.bss)
    TCP_TX_SEM                               0x2000a97c   Data          28  cdv_define.o(.bss)
    RPressureData                            0x2000a998   Data         800  cdv_define.o(.bss)
    Para_Buf                                 0x2000acb8   Data          48  mainuart.o(.bss)
    g_olCache                                0x2000ace8   Data          12  mainuart.o(.bss)
    g_scriptRecv                             0x2000acf4   Data          28  mainuart.o(.bss)
    g_uartRx                                 0x2000ad10   Data        1006  mainuart.o(.bss)
    g_uartTx                                 0x2000b100   Data          24  mainuart.o(.bss)
    logInf                                   0x2000b118   Data         104  log.o(.bss)
    g_line                                   0x2000b180   Data          44  newscript.o(.bss)
    g_modbusCoil                             0x2000b1ac   Data          32  modbus.o(.bss)
    g_modbusInCoil                           0x2000b1cc   Data          32  modbus.o(.bss)
    g_modbusReg                              0x2000b1ec   Data        2000  modbus.o(.bss)
    g_modbusInReg                            0x2000b9bc   Data          64  modbus.o(.bss)
    g_threadInfo                             0x2000b9fc   Data         480  worker.o(.bss)
    time_worker                              0x2000bbdc   Data         400  worker.o(.bss)
    g_portCmdCache                           0x2000bd6c   Data          12  cascade.o(.bss)
    REG_MAP                                  0x2000bd78   Data        7000  cascade.o(.bss)
    COIL_MAP                                 0x2000d8d0   Data         160  cascade.o(.bss)
    TcpConnectTaskTCB                        0x2000d970   Data         172  tcp_server.o(.bss)
    TCPCONNECT_TASK_STK                      0x2000da1c   Data        1200  tcp_server.o(.bss)
    TcpServerTaskTCB                         0x2000decc   Data         172  tcp_server.o(.bss)
    TCPSERVER_TASK_STK                       0x2000df78   Data        1024  tcp_server.o(.bss)
    DEBUG_SEM                                0x2000e378   Data          28  workerdebug.o(.bss)
    g_cdvI                                   0x2000e394   Data         160  io.o(.bss)
    g_cdvO                                   0x2000e434   Data         168  io.o(.bss)
    g_dipSW                                  0x2000e4dc   Data          24  io.o(.bss)
    PLUSE_SEM                                0x2000e4f4   Data          28  io.o(.bss)
    g_pluse                                  0x2000e510   Data          32  io.o(.bss)
    adc_par                                  0x2000e530   Data         160  adc.o(.bss)
    buff_x                                   0x2000e5d0   Data         200  adc.o(.bss)
    buff_v                                   0x2000e698   Data         400  adc.o(.bss)
    AD_Value                                 0x2000e828   Data         800  adc.o(.bss)
    sumAdc                                   0x2000eb48   Data         800  adc.o(.bss)
    dac_val_tmp                              0x2000ee68   Data          16  dac.o(.bss)
    dac_par                                  0x2000ee78   Data         160  dac.o(.bss)
    strAlarmInfo                             0x2000ef18   Data         400  alarm.o(.bss)
    USART3_RX_BUF                            0x2000f0a8   Data          16  uart3.o(.bss)
    UART4_RX_BUF                             0x2000f0b8   Data          16  uart4.o(.bss)
    RS485_RX_BUF                             0x2000f0c8   Data          16  uart4.o(.bss)
    UART5_RX_BUF                             0x2000f0d8   Data          16  uart5.o(.bss)
    Recv_Msg                                 0x2000f0e8   Data          36  uart6.o(.bss)
    USART6_RX_BUF                            0x2000f10c   Data          16  uart6.o(.bss)
    RxBuffer                                 0x2000f11c   Data         256  spi3.o(.bss)
    ETH_InitStructure                        0x2000f21c   Data         188  lan8720.o(.bss)
    RX_Frame_Descriptor                      0x2000f2d8   Data          12  stm32f4x7_eth.o(.bss)
    CPU_Name                                 0x2000f2e4   Data          16  cpu_core.o(.bss)
    Mem_PoolHeap                             0x2000f2f4   Data          72  lib_mem.o(.bss)
    Mem_Heap                                 0x2000f33c   Data        1024  lib_mem.o(.bss)
    OSCfg_IdleTaskStk                        0x2000f73c   Data         512  os_cfg_app.o(.bss)
    OSCfg_ISRStk                             0x2000f93c   Data         512  os_cfg_app.o(.bss)
    OSCfg_MsgPool                            0x2000fb3c   Data        1600  os_cfg_app.o(.bss)
    OSCfg_TickTaskStk                        0x2001017c   Data         512  os_cfg_app.o(.bss)
    OSCfg_TickWheel                          0x2001037c   Data         136  os_cfg_app.o(.bss)
    OSCfg_TmrTaskStk                         0x20010404   Data         512  os_cfg_app.o(.bss)
    OSCfg_TmrWheel                           0x20010604   Data         136  os_cfg_app.o(.bss)
    OSIdleTaskTCB                            0x2001068c   Data         172  os_var.o(.bss)
    OSMsgPool                                0x20010738   Data          12  os_var.o(.bss)
    OSRdyList                                0x20010744   Data         768  os_var.o(.bss)
    OSTickTaskTCB                            0x20010a44   Data         172  os_var.o(.bss)
    OSTmrTaskTCB                             0x20010af0   Data         172  os_var.o(.bss)
    cdvStartTime                             0x20010b9c   Data          80  delay.o(.bss)
    cdvEndTime                               0x20010bec   Data          80  delay.o(.bss)
    TcpipthreadTaskTCB                       0x20010c3c   Data         172  sys_arch.o(.bss)
    ram_heap                                 0x20010dd4   Data       10020  mem.o(.bss)
    lwipdev                                  0x2001c9b8   Data          23  lwip_comm.o(.bss)
    lwip_netif                               0x2001c9d0   Data          52  lwip_comm.o(.bss)
    LwipdhcpTaskTCB                          0x2001ca04   Data         172  lwip_comm.o(.bss)
    __libspace_start                         0x2001cab0   Data          96  libspace.o(.bss)
    __temporary_stack_top$libspace           0x2001cb10   Data           0  libspace.o(.bss)
    mem_base                                 0x68000000   Data       786432  memmng.o(.ARM.__AT_0x68000000)
    mem_mapbase                              0x680c0000   Data       196608  memmng.o(.ARM.__AT_0x680C0000)



==============================================================================

Memory Map of the image

  Image Entry point : 0x08020189

  Load Region LR_IROM1 (Base: 0x08020000, Size: 0x0002a300, Max: 0x000e0000, ABSOLUTE, COMPRESSED[0x00029f40])

    Execution Region ER_IROM1 (Exec base: 0x08020000, Load base: 0x08020000, Size: 0x00029d5c, Max: 0x000e0000, ABSOLUTE)

    Exec Addr    Load Addr    Size         Type   Attr      Idx    E Section Name        Object

    0x08020000   0x08020000   0x00000188   Data   RO         1903    RESET               startup_stm32f40_41xxx.o
    0x08020188   0x08020188   0x00000008   Code   RO         3915  * !!!main             c_w.l(__main.o)
    0x08020190   0x08020190   0x00000034   Code   RO         4346    !!!scatter          c_w.l(__scatter.o)
    0x080201c4   0x080201c4   0x0000005a   Code   RO         4344    !!dczerorl2         c_w.l(__dczerorl2.o)
    0x0802021e   0x0802021e   0x00000002   PAD
    0x08020220   0x08020220   0x0000001c   Code   RO         4348    !!handler_zi        c_w.l(__scatter_zi.o)
    0x0802023c   0x0802023c   0x00000000   Code   RO         3888    .ARM.Collect$$_printf_percent$$00000000  c_w.l(_printf_percent.o)
    0x0802023c   0x0802023c   0x00000006   Code   RO         3887    .ARM.Collect$$_printf_percent$$00000003  c_w.l(_printf_f.o)
    0x08020242   0x08020242   0x00000006   Code   RO         3886    .ARM.Collect$$_printf_percent$$00000009  c_w.l(_printf_d.o)
    0x08020248   0x08020248   0x00000006   Code   RO         3885    .ARM.Collect$$_printf_percent$$0000000C  c_w.l(_printf_x.o)
    0x0802024e   0x0802024e   0x00000006   Code   RO         3884    .ARM.Collect$$_printf_percent$$00000014  c_w.l(_printf_s.o)
    0x08020254   0x08020254   0x00000004   Code   RO         4034    .ARM.Collect$$_printf_percent$$00000017  c_w.l(_printf_percent_end.o)
    0x08020258   0x08020258   0x00000002   Code   RO         4219    .ARM.Collect$$libinit$$00000000  c_w.l(libinit.o)
    0x0802025a   0x0802025a   0x00000000   Code   RO         4146    .ARM.Collect$$libinit$$00000002  c_w.l(libinit2.o)
    0x0802025a   0x0802025a   0x00000000   Code   RO         4148    .ARM.Collect$$libinit$$00000004  c_w.l(libinit2.o)
    0x0802025a   0x0802025a   0x00000000   Code   RO         4151    .ARM.Collect$$libinit$$0000000A  c_w.l(libinit2.o)
    0x0802025a   0x0802025a   0x00000000   Code   RO         4153    .ARM.Collect$$libinit$$0000000C  c_w.l(libinit2.o)
    0x0802025a   0x0802025a   0x00000000   Code   RO         4155    .ARM.Collect$$libinit$$0000000E  c_w.l(libinit2.o)
    0x0802025a   0x0802025a   0x00000006   Code   RO         4156    .ARM.Collect$$libinit$$0000000F  c_w.l(libinit2.o)
    0x08020260   0x08020260   0x00000000   Code   RO         4158    .ARM.Collect$$libinit$$00000011  c_w.l(libinit2.o)
    0x08020260   0x08020260   0x0000000c   Code   RO         4159    .ARM.Collect$$libinit$$00000012  c_w.l(libinit2.o)
    0x0802026c   0x0802026c   0x00000000   Code   RO         4160    .ARM.Collect$$libinit$$00000013  c_w.l(libinit2.o)
    0x0802026c   0x0802026c   0x00000000   Code   RO         4162    .ARM.Collect$$libinit$$00000015  c_w.l(libinit2.o)
    0x0802026c   0x0802026c   0x0000000a   Code   RO         4163    .ARM.Collect$$libinit$$00000016  c_w.l(libinit2.o)
    0x08020276   0x08020276   0x00000000   Code   RO         4164    .ARM.Collect$$libinit$$00000017  c_w.l(libinit2.o)
    0x08020276   0x08020276   0x00000000   Code   RO         4166    .ARM.Collect$$libinit$$00000019  c_w.l(libinit2.o)
    0x08020276   0x08020276   0x00000000   Code   RO         4168    .ARM.Collect$$libinit$$0000001B  c_w.l(libinit2.o)
    0x08020276   0x08020276   0x00000000   Code   RO         4170    .ARM.Collect$$libinit$$0000001D  c_w.l(libinit2.o)
    0x08020276   0x08020276   0x00000000   Code   RO         4172    .ARM.Collect$$libinit$$0000001F  c_w.l(libinit2.o)
    0x08020276   0x08020276   0x00000000   Code   RO         4174    .ARM.Collect$$libinit$$00000021  c_w.l(libinit2.o)
    0x08020276   0x08020276   0x00000000   Code   RO         4176    .ARM.Collect$$libinit$$00000023  c_w.l(libinit2.o)
    0x08020276   0x08020276   0x00000000   Code   RO         4178    .ARM.Collect$$libinit$$00000025  c_w.l(libinit2.o)
    0x08020276   0x08020276   0x00000000   Code   RO         4182    .ARM.Collect$$libinit$$0000002C  c_w.l(libinit2.o)
    0x08020276   0x08020276   0x00000000   Code   RO         4184    .ARM.Collect$$libinit$$0000002E  c_w.l(libinit2.o)
    0x08020276   0x08020276   0x00000000   Code   RO         4186    .ARM.Collect$$libinit$$00000030  c_w.l(libinit2.o)
    0x08020276   0x08020276   0x00000000   Code   RO         4188    .ARM.Collect$$libinit$$00000032  c_w.l(libinit2.o)
    0x08020276   0x08020276   0x00000002   Code   RO         4189    .ARM.Collect$$libinit$$00000033  c_w.l(libinit2.o)
    0x08020278   0x08020278   0x00000002   Code   RO         4298    .ARM.Collect$$libshutdown$$00000000  c_w.l(libshutdown.o)
    0x0802027a   0x0802027a   0x00000000   Code   RO         4326    .ARM.Collect$$libshutdown$$00000002  c_w.l(libshutdown2.o)
    0x0802027a   0x0802027a   0x00000000   Code   RO         4328    .ARM.Collect$$libshutdown$$00000004  c_w.l(libshutdown2.o)
    0x0802027a   0x0802027a   0x00000000   Code   RO         4331    .ARM.Collect$$libshutdown$$00000007  c_w.l(libshutdown2.o)
    0x0802027a   0x0802027a   0x00000000   Code   RO         4334    .ARM.Collect$$libshutdown$$0000000A  c_w.l(libshutdown2.o)
    0x0802027a   0x0802027a   0x00000000   Code   RO         4336    .ARM.Collect$$libshutdown$$0000000C  c_w.l(libshutdown2.o)
    0x0802027a   0x0802027a   0x00000000   Code   RO         4339    .ARM.Collect$$libshutdown$$0000000F  c_w.l(libshutdown2.o)
    0x0802027a   0x0802027a   0x00000002   Code   RO         4340    .ARM.Collect$$libshutdown$$00000010  c_w.l(libshutdown2.o)
    0x0802027c   0x0802027c   0x00000000   Code   RO         4007    .ARM.Collect$$rtentry$$00000000  c_w.l(__rtentry.o)
    0x0802027c   0x0802027c   0x00000000   Code   RO         4089    .ARM.Collect$$rtentry$$00000002  c_w.l(__rtentry2.o)
    0x0802027c   0x0802027c   0x00000006   Code   RO         4101    .ARM.Collect$$rtentry$$00000004  c_w.l(__rtentry4.o)
    0x08020282   0x08020282   0x00000000   Code   RO         4091    .ARM.Collect$$rtentry$$00000009  c_w.l(__rtentry2.o)
    0x08020282   0x08020282   0x00000004   Code   RO         4092    .ARM.Collect$$rtentry$$0000000A  c_w.l(__rtentry2.o)
    0x08020286   0x08020286   0x00000000   Code   RO         4094    .ARM.Collect$$rtentry$$0000000C  c_w.l(__rtentry2.o)
    0x08020286   0x08020286   0x00000008   Code   RO         4095    .ARM.Collect$$rtentry$$0000000D  c_w.l(__rtentry2.o)
    0x0802028e   0x0802028e   0x00000002   Code   RO         4224    .ARM.Collect$$rtexit$$00000000  c_w.l(rtexit.o)
    0x08020290   0x08020290   0x00000000   Code   RO         4259    .ARM.Collect$$rtexit$$00000002  c_w.l(rtexit2.o)
    0x08020290   0x08020290   0x00000004   Code   RO         4260    .ARM.Collect$$rtexit$$00000003  c_w.l(rtexit2.o)
    0x08020294   0x08020294   0x00000006   Code   RO         4261    .ARM.Collect$$rtexit$$00000004  c_w.l(rtexit2.o)
    0x0802029a   0x0802029a   0x00000002   PAD
    0x0802029c   0x0802029c   0x00000010   Code   RO         2745    .emb_text           sysdef.o
    0x080202ac   0x080202ac   0x000009a4   Code   RO            3    .text               main.o
    0x08020c50   0x08020c50   0x00000394   Code   RO          470    .text               cdv_config.o
    0x08020fe4   0x08020fe4   0x00000066   Code   RO          500    .text               cdv_define.o
    0x0802104a   0x0802104a   0x00000002   PAD
    0x0802104c   0x0802104c   0x00000144   Code   RO          532    .text               offline.o
    0x08021190   0x08021190   0x00000398   Code   RO          558    .text               basic_resource.o
    0x08021528   0x08021528   0x00000578   Code   RO          578    .text               fpga_spi.o
    0x08021aa0   0x08021aa0   0x000017c8   Code   RO          618    .text               mainuart.o
    0x08023268   0x08023268   0x000006d8   Code   RO          655    .text               log.o
    0x08023940   0x08023940   0x0000069c   Code   RO          679    .text               cdv_array.o
    0x08023fdc   0x08023fdc   0x0000066c   Code   RO          700    .text               newscript.o
    0x08024648   0x08024648   0x000013cc   Code   RO          726    .text               modbus.o
    0x08025a14   0x08025a14   0x000009c8   Code   RO          775    .text               worker.o
    0x080263dc   0x080263dc   0x0000041c   Code   RO          803    .text               cmdparse.o
    0x080267f8   0x080267f8   0x000023ca   Code   RO          823    .text               cascade.o
    0x08028bc2   0x08028bc2   0x00000002   PAD
    0x08028bc4   0x08028bc4   0x000008b0   Code   RO          855    .text               tcp_server.o
    0x08029474   0x08029474   0x000004b4   Code   RO          948    .text               workerdebug.o
    0x08029928   0x08029928   0x00000120   Code   RO          978    .text               sysmng.o
    0x08029a48   0x08029a48   0x000004bc   Code   RO          998    .text               logic.o
    0x08029f04   0x08029f04   0x00001516   Code   RO         1052    .text               io.o
    0x0802b41a   0x0802b41a   0x00000002   PAD
    0x0802b41c   0x0802b41c   0x0000043c   Code   RO         1079    .text               var.o
    0x0802b858   0x0802b858   0x00000128   Code   RO         1102    .text               msg.o
    0x0802b980   0x0802b980   0x000002f8   Code   RO         1125    .text               time.o
    0x0802bc78   0x0802bc78   0x00000d68   Code   RO         1169    .text               adc.o
    0x0802c9e0   0x0802c9e0   0x00000680   Code   RO         1196    .text               dac.o
    0x0802d060   0x0802d060   0x00000174   Code   RO         1241    .text               dac7512.o
    0x0802d1d4   0x0802d1d4   0x00000502   Code   RO         1302    .text               universalscom.o
    0x0802d6d6   0x0802d6d6   0x00000002   PAD
    0x0802d6d8   0x0802d6d8   0x00000384   Code   RO         1322    .text               alarm.o
    0x0802da5c   0x0802da5c   0x00000184   Code   RO         1350    .text               led.o
    0x0802dbe0   0x0802dbe0   0x00001668   Code   RO         1373    .text               varexp.o
    0x0802f248   0x0802f248   0x000001d4   Code   RO         1410    .text               memmng.o
    0x0802f41c   0x0802f41c   0x00000218   Code   RO         1438    .text               flashbak.o
    0x0802f634   0x0802f634   0x0000034c   Code   RO         1464    .text               uart1.o
    0x0802f980   0x0802f980   0x000002b0   Code   RO         1490    .text               uart2.o
    0x0802fc30   0x0802fc30   0x0000036c   Code   RO         1516    .text               uart3.o
    0x0802ff9c   0x0802ff9c   0x000002a8   Code   RO         1543    .text               uart4.o
    0x08030244   0x08030244   0x000002b4   Code   RO         1570    .text               uart5.o
    0x080304f8   0x080304f8   0x000003e0   Code   RO         1597    .text               uart6.o
    0x080308d8   0x080308d8   0x0000008c   Code   RO         1624    .text               spix.o
    0x08030964   0x08030964   0x000000bc   Code   RO         1644    .text               exti.o
    0x08030a20   0x08030a20   0x000000f4   Code   RO         1664    .text               spi2.o
    0x08030b14   0x08030b14   0x0000023c   Code   RO         1684    .text               spi3.o
    0x08030d50   0x08030d50   0x0000039c   Code   RO         1708    .text               uartx.o
    0x080310ec   0x080310ec   0x0000012c   Code   RO         1731    .text               dmax.o
    0x08031218   0x08031218   0x00000700   Code   RO         1751    .text               lan8720.o
    0x08031918   0x08031918   0x00000358   Code   RO         1783    .text               sram.o
    0x08031c70   0x08031c70   0x000000cc   Code   RO         1831    .text               extipoweroff.o
    0x08031d3c   0x08031d3c   0x00000060   Code   RO         1854    .text               stm32f4xx_it.o
    0x08031d9c   0x08031d9c   0x00000204   Code   RO         1877    .text               system_stm32f4xx.o
    0x08031fa0   0x08031fa0   0x00000040   Code   RO         1904    .text               startup_stm32f40_41xxx.o
    0x08031fe0   0x08031fe0   0x0000065c   Code   RO         1910    .text               stm32f4xx_rcc.o
    0x0803263c   0x0803263c   0x000000e0   Code   RO         1932    .text               misc.o
    0x0803271c   0x0803271c   0x00000294   Code   RO         1952    .text               stm32f4xx_gpio.o
    0x080329b0   0x080329b0   0x00000454   Code   RO         1972    .text               stm32f4xx_usart.o
    0x08032e04   0x08032e04   0x00000480   Code   RO         1992    .text               stm32f4xx_spi.o
    0x08033284   0x08033284   0x00000ca2   Code   RO         2012    .text               stm32f4xx_tim.o
    0x08033f26   0x08033f26   0x00000002   PAD
    0x08033f28   0x08033f28   0x000003a8   Code   RO         2032    .text               stm32f4xx_dma.o
    0x080342d0   0x080342d0   0x00000210   Code   RO         2092    .text               stm32f4xx_dac.o
    0x080344e0   0x080344e0   0x00000464   Code   RO         2112    .text               stm32f4xx_adc.o
    0x08034944   0x08034944   0x00000110   Code   RO         2155    .text               stm32f4xx_exti.o
    0x08034a54   0x08034a54   0x00000094   Code   RO         2175    .text               stm32f4xx_syscfg.o
    0x08034ae8   0x08034ae8   0x00001054   Code   RO         2195    .text               stm32f4x7_eth.o
    0x08035b3c   0x08035b3c   0x000005c8   Code   RO         2222    .text               stm32f4xx_fsmc.o
    0x08036104   0x08036104   0x00000694   Code   RO         2245    .text               stm32f4xx_flash.o
    0x08036798   0x08036798   0x00000084   Code   RO         2265    .text               bsp.o
    0x0803681c   0x0803681c   0x000002a8   Code   RO         2301    .text               cpu_core.o
    0x08036ac4   0x08036ac4   0x00000256   Code   RO         2339    .text               lib_ascii.o
    0x08036d1a   0x08036d1a   0x00000002   PAD
    0x08036d1c   0x08036d1c   0x000009c6   Code   RO         2372    .text               lib_mem.o
    0x080376e2   0x080376e2   0x00000002   PAD
    0x080376e4   0x080376e4   0x00000928   Code   RO         2391    .text               lib_str.o
    0x0803800c   0x0803800c   0x00000002   Code   RO         2408    .text               os_cfg_app.o
    0x0803800e   0x0803800e   0x00000002   PAD
    0x08038010   0x08038010   0x00000c30   Code   RO         2431    .text               os_core.o
    0x08038c40   0x08038c40   0x000001cc   Code   RO         2464    .text               os_mem.o
    0x08038e0c   0x08038e0c   0x00000228   Code   RO         2476    .text               os_msg.o
    0x08039034   0x08039034   0x000006ec   Code   RO         2488    .text               os_mutex.o
    0x08039720   0x08039720   0x0000007c   Code   RO         2506    .text               os_prio.o
    0x0803979c   0x0803979c   0x00000660   Code   RO         2525    .text               os_q.o
    0x08039dfc   0x08039dfc   0x00000674   Code   RO         2537    .text               os_sem.o
    0x0803a470   0x0803a470   0x000012b4   Code   RO         2555    .text               os_task.o
    0x0803b724   0x0803b724   0x00000484   Code   RO         2567    .text               os_tick.o
    0x0803bba8   0x0803bba8   0x0000045c   Code   RO         2579    .text               os_time.o
    0x0803c004   0x0803c004   0x00000790   Code   RO         2591    .text               os_tmr.o
    0x0803c794   0x0803c794   0x000001b4   Code   RO         2619    .text               os_cpu_c.o
    0x0803c948   0x0803c948   0x00000034   Code   RO         2643    .text               cpu_a.o
    0x0803c97c   0x0803c97c   0x00000220   Code   RO         2646    .text               lib_mem_a.o
    0x0803cb9c   0x0803cb9c   0x00000210   Code   RO         2654    .text               delay.o
    0x0803cdac   0x0803cdac   0x00000564   Code   RO         2696    .text               flash.o
    0x0803d310   0x0803d310   0x0000025c   Code   RO         2763    .text               malloc.o
    0x0803d56c   0x0803d56c   0x00000264   Code   RO         2792    .text               flash_if.o
    0x0803d7d0   0x0803d7d0   0x000002d4   Code   RO         2812    .text               ethernetif.o
    0x0803daa4   0x0803daa4   0x00000380   Code   RO         2850    .text               sys_arch.o
    0x0803de24   0x0803de24   0x0000094c   Code   RO         2884    .text               etharp.o
    0x0803e770   0x0803e770   0x000006d0   Code   RO         2930    .text               api_lib.o
    0x0803ee40   0x0803ee40   0x00000f7c   Code   RO         2975    .text               api_msg.o
    0x0803fdbc   0x0803fdbc   0x00000190   Code   RO         3012    .text               netbuf.o
    0x0803ff4c   0x0803ff4c   0x000002e0   Code   RO         3084    .text               tcpip.o
    0x0804022c   0x0804022c   0x0000003e   Code   RO         3122    .text               def.o
    0x0804026a   0x0804026a   0x00000020   Code   RO         3170    .text               init.o
    0x0804028a   0x0804028a   0x00000002   PAD
    0x0804028c   0x0804028c   0x0000038c   Code   RO         3219    .text               mem.o
    0x08040618   0x08040618   0x000000d4   Code   RO         3243    .text               memp.o
    0x080406ec   0x080406ec   0x000002a0   Code   RO         3281    .text               netif.o
    0x0804098c   0x0804098c   0x00000750   Code   RO         3311    .text               pbuf.o
    0x080410dc   0x080410dc   0x000001b0   Code   RO         3334    .text               raw.o
    0x0804128c   0x0804128c   0x00000df0   Code   RO         3384    .text               tcp.o
    0x0804207c   0x0804207c   0x000012a0   Code   RO         3416    .text               tcp_in.o
    0x0804331c   0x0804331c   0x00000c2e   Code   RO         3450    .text               tcp_out.o
    0x08043f4a   0x08043f4a   0x00000002   PAD
    0x08043f4c   0x08043f4c   0x00000228   Code   RO         3470    .text               timers.o
    0x08044174   0x08044174   0x00000444   Code   RO         3501    .text               udp.o
    0x080445b8   0x080445b8   0x000001f0   Code   RO         3541    .text               icmp.o
    0x080447a8   0x080447a8   0x00000222   Code   RO         3592    .text               inet_chksum.o
    0x080449ca   0x080449ca   0x00000002   PAD
    0x080449cc   0x080449cc   0x000002d8   Code   RO         3612    .text               ip.o
    0x08044ca4   0x08044ca4   0x000002b8   Code   RO         3641    .text               ip_addr.o
    0x08044f5c   0x08044f5c   0x00000694   Code   RO         3675    .text               ip_frag.o
    0x080455f0   0x080455f0   0x000002d8   Code   RO         3697    .text               lwip_comm.o
    0x080458c8   0x080458c8   0x00000010   Code   RO         3827    .text               c_w.l(rt_ctype_table.o)
    0x080458d8   0x080458d8   0x000000ee   Code   RO         3829    .text               c_w.l(lludivv7m.o)
    0x080459c6   0x080459c6   0x00000002   PAD
    0x080459c8   0x080459c8   0x00000028   Code   RO         3833    .text               c_w.l(noretval__2sprintf.o)
    0x080459f0   0x080459f0   0x0000004e   Code   RO         3837    .text               c_w.l(_printf_pad.o)
    0x08045a3e   0x08045a3e   0x00000052   Code   RO         3839    .text               c_w.l(_printf_str.o)
    0x08045a90   0x08045a90   0x00000078   Code   RO         3841    .text               c_w.l(_printf_dec.o)
    0x08045b08   0x08045b08   0x00000058   Code   RO         3846    .text               c_w.l(_printf_hex_int.o)
    0x08045b60   0x08045b60   0x00000188   Code   RO         3881    .text               c_w.l(__printf_flags_ss_wp.o)
    0x08045ce8   0x08045ce8   0x0000001a   Code   RO         3889    .text               c_w.l(atoi.o)
    0x08045d02   0x08045d02   0x00000014   Code   RO         3891    .text               c_w.l(strchr.o)
    0x08045d16   0x08045d16   0x00000024   Code   RO         3893    .text               c_w.l(strstr.o)
    0x08045d3a   0x08045d3a   0x00000058   Code   RO         3895    .text               c_w.l(memcmp.o)
    0x08045d92   0x08045d92   0x0000003e   Code   RO         3897    .text               c_w.l(strlen.o)
    0x08045dd0   0x08045dd0   0x00000096   Code   RO         3899    .text               c_w.l(strncmp.o)
    0x08045e66   0x08045e66   0x0000008a   Code   RO         3901    .text               c_w.l(rt_memcpy_v6.o)
    0x08045ef0   0x08045ef0   0x00000064   Code   RO         3903    .text               c_w.l(rt_memcpy_w.o)
    0x08045f54   0x08045f54   0x00000010   Code   RO         3905    .text               c_w.l(aeabi_memset.o)
    0x08045f64   0x08045f64   0x00000044   Code   RO         3907    .text               c_w.l(rt_memclr.o)
    0x08045fa8   0x08045fa8   0x0000004e   Code   RO         3909    .text               c_w.l(rt_memclr_w.o)
    0x08045ff6   0x08045ff6   0x00000002   PAD
    0x08045ff8   0x08045ff8   0x00000080   Code   RO         3911    .text               c_w.l(strcmpv7m.o)
    0x08046078   0x08046078   0x00000006   Code   RO         3913    .text               c_w.l(heapauxi.o)
    0x0804607e   0x0804607e   0x00000002   PAD
    0x08046080   0x08046080   0x00000008   Code   RO         4015    .text               c_w.l(rt_locale_intlibspace.o)
    0x08046088   0x08046088   0x00000008   Code   RO         4020    .text               c_w.l(rt_errno_addr_intlibspace.o)
    0x08046090   0x08046090   0x00000016   Code   RO         4022    .text               c_w.l(_rserrno.o)
    0x080460a6   0x080460a6   0x000000b2   Code   RO         4024    .text               c_w.l(_printf_intcommon.o)
    0x08046158   0x08046158   0x0000041e   Code   RO         4026    .text               c_w.l(_printf_fp_dec.o)
    0x08046576   0x08046576   0x00000002   PAD
    0x08046578   0x08046578   0x00000030   Code   RO         4028    .text               c_w.l(_printf_char_common.o)
    0x080465a8   0x080465a8   0x0000000a   Code   RO         4030    .text               c_w.l(_sputc.o)
    0x080465b2   0x080465b2   0x0000002c   Code   RO         4032    .text               c_w.l(_printf_char.o)
    0x080465de   0x080465de   0x00000002   PAD
    0x080465e0   0x080465e0   0x000000a4   Code   RO         4035    .text               c_w.l(strtod.o)
    0x08046684   0x08046684   0x00000070   Code   RO         4037    .text               c_w.l(strtol.o)
    0x080466f4   0x080466f4   0x00000008   Code   RO         4085    .text               c_w.l(libspace.o)
    0x080466fc   0x080466fc   0x0000008a   Code   RO         4105    .text               c_w.l(lludiv10.o)
    0x08046786   0x08046786   0x00000012   Code   RO         4107    .text               c_w.l(isspace.o)
    0x08046798   0x08046798   0x00000080   Code   RO         4109    .text               c_w.l(_printf_fp_infnan.o)
    0x08046818   0x08046818   0x00000040   Code   RO         4113    .text               c_w.l(_sgetc.o)
    0x08046858   0x08046858   0x0000009e   Code   RO         4115    .text               c_w.l(_strtoul.o)
    0x080468f6   0x080468f6   0x00000002   PAD
    0x080468f8   0x080468f8   0x000000e4   Code   RO         4117    .text               c_w.l(bigflt0.o)
    0x080469dc   0x080469dc   0x0000004a   Code   RO         4200    .text               c_w.l(sys_stackheap_outer.o)
    0x08046a26   0x08046a26   0x0000001c   Code   RO         4202    .text               c_w.l(_chval.o)
    0x08046a42   0x08046a42   0x00000002   PAD
    0x08046a44   0x08046a44   0x000004f8   Code   RO         4204    .text               c_w.l(scanf_fp.o)
    0x08046f3c   0x08046f3c   0x00000012   Code   RO         4206    .text               c_w.l(exit.o)
    0x08046f4e   0x08046f4e   0x00000002   PAD
    0x08046f50   0x08046f50   0x0000000c   Code   RO         4256    .text               c_w.l(sys_exit.o)
    0x08046f5c   0x08046f5c   0x00000320   Code   RO         4267    .text               c_w.l(scanf_hexfp.o)
    0x0804727c   0x0804727c   0x00000134   Code   RO         4269    .text               c_w.l(scanf_infnan.o)
    0x080473b0   0x080473b0   0x00000002   Code   RO         4287    .text               c_w.l(use_no_semi.o)
    0x080473b2   0x080473b2   0x00000000   Code   RO         4289    .text               c_w.l(indicate_semi.o)
    0x080473b2   0x080473b2   0x00000026   Code   RO         4290    .text               c_w.l(llshl.o)
    0x080473d8   0x080473d8   0x0000003e   Code   RO         4120    CL$$btod_d2e        c_w.l(btod.o)
    0x08047416   0x08047416   0x00000046   Code   RO         4122    CL$$btod_d2e_denorm_low  c_w.l(btod.o)
    0x0804745c   0x0804745c   0x00000060   Code   RO         4121    CL$$btod_d2e_norm_op1  c_w.l(btod.o)
    0x080474bc   0x080474bc   0x00000338   Code   RO         4130    CL$$btod_div_common  c_w.l(btod.o)
    0x080477f4   0x080477f4   0x00000084   Code   RO         4128    CL$$btod_e2d        c_w.l(btod.o)
    0x08047878   0x08047878   0x000000dc   Code   RO         4127    CL$$btod_e2e        c_w.l(btod.o)
    0x08047954   0x08047954   0x0000002a   Code   RO         4124    CL$$btod_ediv       c_w.l(btod.o)
    0x0804797e   0x0804797e   0x0000002a   Code   RO         4126    CL$$btod_edivd      c_w.l(btod.o)
    0x080479a8   0x080479a8   0x0000002a   Code   RO         4123    CL$$btod_emul       c_w.l(btod.o)
    0x080479d2   0x080479d2   0x0000002a   Code   RO         4125    CL$$btod_emuld      c_w.l(btod.o)
    0x080479fc   0x080479fc   0x00000244   Code   RO         4129    CL$$btod_mult_common  c_w.l(btod.o)
    0x08047c40   0x08047c40   0x00000098   Code   RO         2649    CODE                os_cpu_a.o
    0x08047cd8   0x08047cd8   0x00000028   Code   RO         4196    i.__ARM_fpclassify  m_ws.l(fpclassify.o)
    0x08047d00   0x08047d00   0x0000000e   Code   RO         4064    i.__mathlib_dbl_overflow  m_ws.l(dunder.o)
    0x08047d0e   0x08047d0e   0x00000002   PAD
    0x08047d10   0x08047d10   0x00000010   Code   RO         4066    i.__mathlib_dbl_underflow  m_ws.l(dunder.o)
    0x08047d20   0x08047d20   0x00000010   Code   RO         4248    i.__mathlib_narrow  m_ws.l(narrow.o)
    0x08047d30   0x08047d30   0x000000bc   Code   RO         4249    i.__mathlib_tofloat  m_ws.l(narrow.o)
    0x08047dec   0x08047dec   0x00000016   Code   RO         4300    i.__support_ldexp   m_ws.l(ldexp.o)
    0x08047e02   0x08047e02   0x0000000e   Code   RO         3874    i._is_digit         c_w.l(__printf_wp.o)
    0x08047e10   0x08047e10   0x0000002a   Code   RO         3988    i.atof              m_ws.l(atof.o)
    0x08047e3a   0x08047e3a   0x00000002   PAD
    0x08047e3c   0x08047e3c   0x00000058   Code   RO         4282    i.frexp             m_ws.l(frexp.o)
    0x08047e94   0x08047e94   0x00000074   Code   RO         4301    i.ldexp             m_ws.l(ldexp.o)
    0x08047f08   0x08047f08   0x0000004c   Code   RO         4000    i.sqrt              m_ws.l(sqrt.o)
    0x08047f54   0x08047f54   0x0000002c   Code   RO         4040    locale$$code        c_w.l(lc_ctype_c.o)
    0x08047f80   0x08047f80   0x0000002c   Code   RO         4143    locale$$code        c_w.l(lc_numeric_c.o)
    0x08047fac   0x08047fac   0x00000062   Code   RO         3917    x$fpl$d2f           fz_ws.l(d2f.o)
    0x0804800e   0x0804800e   0x00000002   PAD
    0x08048010   0x08048010   0x00000150   Code   RO         3919    x$fpl$dadd          fz_ws.l(daddsub_clz.o)
    0x08048160   0x08048160   0x00000010   Code   RO         4220    x$fpl$dcheck1       fz_ws.l(dcheck1.o)
    0x08048170   0x08048170   0x00000018   Code   RO         4042    x$fpl$dcmpinf       fz_ws.l(dcmpi.o)
    0x08048188   0x08048188   0x000002b0   Code   RO         3926    x$fpl$ddiv          fz_ws.l(ddiv.o)
    0x08048438   0x08048438   0x00000078   Code   RO         3929    x$fpl$deqf          fz_ws.l(deqf.o)
    0x080484b0   0x080484b0   0x0000005e   Code   RO         3931    x$fpl$dfix          fz_ws.l(dfix.o)
    0x0804850e   0x0804850e   0x00000002   PAD
    0x08048510   0x08048510   0x0000005a   Code   RO         3935    x$fpl$dfixu         fz_ws.l(dfixu.o)
    0x0804856a   0x0804856a   0x0000002e   Code   RO         3940    x$fpl$dflt          fz_ws.l(dflt_clz.o)
    0x08048598   0x08048598   0x00000026   Code   RO         3939    x$fpl$dfltu         fz_ws.l(dflt_clz.o)
    0x080485be   0x080485be   0x00000002   PAD
    0x080485c0   0x080485c0   0x00000078   Code   RO         3945    x$fpl$dleqf         fz_ws.l(dleqf.o)
    0x08048638   0x08048638   0x00000154   Code   RO         3947    x$fpl$dmul          fz_ws.l(dmul.o)
    0x0804878c   0x0804878c   0x0000009c   Code   RO         4044    x$fpl$dnaninf       fz_ws.l(dnaninf.o)
    0x08048828   0x08048828   0x0000000c   Code   RO         4046    x$fpl$dretinf       fz_ws.l(dretinf.o)
    0x08048834   0x08048834   0x0000006c   Code   RO         3949    x$fpl$drleqf        fz_ws.l(drleqf.o)
    0x080488a0   0x080488a0   0x00000016   Code   RO         3920    x$fpl$drsb          fz_ws.l(daddsub_clz.o)
    0x080488b6   0x080488b6   0x00000002   PAD
    0x080488b8   0x080488b8   0x00000198   Code   RO         4048    x$fpl$dsqrt         fz_ws.l(dsqrt_umaal.o)
    0x08048a50   0x08048a50   0x000001d4   Code   RO         3921    x$fpl$dsub          fz_ws.l(daddsub_clz.o)
    0x08048c24   0x08048c24   0x00000056   Code   RO         3951    x$fpl$f2d           fz_ws.l(f2d.o)
    0x08048c7a   0x08048c7a   0x00000002   PAD
    0x08048c7c   0x08048c7c   0x000000c4   Code   RO         3953    x$fpl$fadd          fz_ws.l(faddsub_clz.o)
    0x08048d40   0x08048d40   0x00000018   Code   RO         4050    x$fpl$fcmpinf       fz_ws.l(fcmpi.o)
    0x08048d58   0x08048d58   0x00000184   Code   RO         3960    x$fpl$fdiv          fz_ws.l(fdiv.o)
    0x08048edc   0x08048edc   0x00000068   Code   RO         3963    x$fpl$feqf          fz_ws.l(feqf.o)
    0x08048f44   0x08048f44   0x00000036   Code   RO         3965    x$fpl$ffix          fz_ws.l(ffix.o)
    0x08048f7a   0x08048f7a   0x00000002   PAD
    0x08048f7c   0x08048f7c   0x0000003e   Code   RO         3969    x$fpl$ffixu         fz_ws.l(ffixu.o)
    0x08048fba   0x08048fba   0x00000002   PAD
    0x08048fbc   0x08048fbc   0x00000030   Code   RO         3974    x$fpl$fflt          fz_ws.l(fflt_clz.o)
    0x08048fec   0x08048fec   0x00000026   Code   RO         3973    x$fpl$ffltu         fz_ws.l(fflt_clz.o)
    0x08049012   0x08049012   0x00000002   PAD
    0x08049014   0x08049014   0x00000068   Code   RO         3979    x$fpl$fleqf         fz_ws.l(fleqf.o)
    0x0804907c   0x0804907c   0x00000102   Code   RO         3981    x$fpl$fmul          fz_ws.l(fmul.o)
    0x0804917e   0x0804917e   0x0000008c   Code   RO         4052    x$fpl$fnaninf       fz_ws.l(fnaninf.o)
    0x0804920a   0x0804920a   0x0000000a   Code   RO         4054    x$fpl$fretinf       fz_ws.l(fretinf.o)
    0x08049214   0x08049214   0x00000062   Code   RO         3983    x$fpl$frleqf        fz_ws.l(frleqf.o)
    0x08049276   0x08049276   0x00000014   Code   RO         3954    x$fpl$frsb          fz_ws.l(faddsub_clz.o)
    0x0804928a   0x0804928a   0x00000002   PAD
    0x0804928c   0x0804928c   0x000000ea   Code   RO         3955    x$fpl$fsub          fz_ws.l(faddsub_clz.o)
    0x08049376   0x08049376   0x00000006   Code   RO         4190    x$fpl$ieeestatus    fz_ws.l(istatus.o)
    0x0804937c   0x0804937c   0x00000004   Code   RO         3985    x$fpl$printf1       fz_ws.l(printf1.o)
    0x08049380   0x08049380   0x00000064   Code   RO         4240    x$fpl$retnan        fz_ws.l(retnan.o)
    0x080493e4   0x080493e4   0x0000005c   Code   RO         4192    x$fpl$scalbn        fz_ws.l(scalbn.o)
    0x08049440   0x08049440   0x00000004   Code   RO         4194    x$fpl$scanf1        fz_ws.l(scanf1.o)
    0x08049444   0x08049444   0x00000008   Code   RO         4242    x$fpl$scanf2        fz_ws.l(scanf2.o)
    0x0804944c   0x0804944c   0x00000030   Code   RO         4279    x$fpl$trapveneer    fz_ws.l(trapv.o)
    0x0804947c   0x0804947c   0x00000000   Code   RO         4056    x$fpl$usenofp       fz_ws.l(usenofp.o)
    0x0804947c   0x0804947c   0x00000200   Data   RO          620    .constdata          mainuart.o
    0x0804967c   0x0804967c   0x0000001e   Data   RO          657    .constdata          log.o
    0x0804969a   0x0804969a   0x00000002   PAD
    0x0804969c   0x0804969c   0x00000010   Data   RO         1324    .constdata          alarm.o
    0x080496ac   0x080496ac   0x0000001c   Data   RO         2223    .constdata          stm32f4xx_fsmc.o
    0x080496c8   0x080496c8   0x00000100   Data   RO         2303    .constdata          cpu_core.o
    0x080497c8   0x080497c8   0x00000094   Data   RO         2392    .constdata          lib_str.o
    0x0804985c   0x0804985c   0x000000a4   Data   RO         2410    .constdata          os_cfg_app.o
    0x08049900   0x08049900   0x00000024   Data   RO         2766    .constdata          malloc.o
    0x08049924   0x08049924   0x00000004   Data   RO         2852    .constdata          sys_arch.o
    0x08049928   0x08049928   0x0000000c   Data   RO         2886    .constdata          etharp.o
    0x08049934   0x08049934   0x00000038   Data   RO         3245    .constdata          memp.o
    0x0804996c   0x0804996c   0x00000050   Data   RO         3385    .constdata          tcp.o
    0x080499bc   0x080499bc   0x00000008   Data   RO         3643    .constdata          ip_addr.o
    0x080499c4   0x080499c4   0x00000028   Data   RO         3847    .constdata          c_w.l(_printf_hex_int.o)
    0x080499ec   0x080499ec   0x00000011   Data   RO         3882    .constdata          c_w.l(__printf_flags_ss_wp.o)
    0x080499fd   0x080499fd   0x00000003   PAD
    0x08049a00   0x08049a00   0x00000094   Data   RO         4118    .constdata          c_w.l(bigflt0.o)
    0x08049a94   0x08049a94   0x0000009e   Data   RO          502    .conststring        cdv_define.o
    0x08049b32   0x08049b32   0x00000002   PAD
    0x08049b34   0x08049b34   0x00000054   Data   RO          777    .conststring        worker.o
    0x08049b88   0x08049b88   0x00000075   Data   RO         3386    .conststring        tcp.o
    0x08049bfd   0x08049bfd   0x00000003   PAD
    0x08049c00   0x08049c00   0x00000020   Data   RO         4342    Region$$Table       anon$$obj.o
    0x08049c20   0x08049c20   0x00000008   Data   RO         4236    c$$dinf             fz_ws.l(fpconst.o)
    0x08049c28   0x08049c28   0x00000008   Data   RO         4239    c$$dmax             fz_ws.l(fpconst.o)
    0x08049c30   0x08049c30   0x00000110   Data   RO         4039    locale$$data        c_w.l(lc_ctype_c.o)
    0x08049d40   0x08049d40   0x0000001c   Data   RO         4142    locale$$data        c_w.l(lc_numeric_c.o)


    Execution Region RW_IRAM1 (Exec base: 0x20000000, Load base: 0x08049d5c, Size: 0x0001dd10, Max: 0x00020000, ABSOLUTE, COMPRESSED[0x000001e4])

    Exec Addr    Load Addr    Size         Type   Attr      Idx    E Section Name        Object

    0x20000000   COMPRESSED   0x00000010   Data   RW            5    .data               main.o
    0x20000010   COMPRESSED   0x00000004   Data   RW          471    .data               cdv_config.o
    0x20000014   COMPRESSED   0x00000064   Data   RW          503    .data               cdv_define.o
    0x20000078   COMPRESSED   0x00000008   Data   RW          533    .data               offline.o
    0x20000080   COMPRESSED   0x00000007   Data   RW          579    .data               fpga_spi.o
    0x20000087   COMPRESSED   0x00000001   PAD
    0x20000088   COMPRESSED   0x000001e1   Data   RW          621    .data               mainuart.o
    0x20000269   COMPRESSED   0x00000003   PAD
    0x2000026c   COMPRESSED   0x00000004   Data   RW          680    .data               cdv_array.o
    0x20000270   COMPRESSED   0x00000024   Data   RW          778    .data               worker.o
    0x20000294   COMPRESSED   0x00000035   Data   RW          825    .data               cascade.o
    0x200002c9   COMPRESSED   0x00000003   PAD
    0x200002cc   COMPRESSED   0x0000001c   Data   RW          857    .data               tcp_server.o
    0x200002e8   COMPRESSED   0x00000001   Data   RW          906    .data               udpmain.o
    0x200002e9   COMPRESSED   0x00000003   PAD
    0x200002ec   COMPRESSED   0x0000000c   Data   RW         1054    .data               io.o
    0x200002f8   COMPRESSED   0x00000004   Data   RW         1080    .data               var.o
    0x200002fc   COMPRESSED   0x00000004   Data   RW         1103    .data               msg.o
    0x20000300   COMPRESSED   0x00000020   Data   RW         1126    .data               time.o
    0x20000320   COMPRESSED   0x00000008   Data   RW         1171    .data               adc.o
    0x20000328   COMPRESSED   0x00000024   Data   RW         1198    .data               dac.o
    0x2000034c   COMPRESSED   0x00000005   Data   RW         1325    .data               alarm.o
    0x20000351   COMPRESSED   0x00000003   PAD
    0x20000354   COMPRESSED   0x0000000e   Data   RW         1413    .data               memmng.o
    0x20000362   COMPRESSED   0x00000001   Data   RW         1439    .data               flashbak.o
    0x20000363   COMPRESSED   0x00000001   PAD
    0x20000364   COMPRESSED   0x00000006   Data   RW         1465    .data               uart1.o
    0x2000036a   COMPRESSED   0x00000002   PAD
    0x2000036c   COMPRESSED   0x00000006   Data   RW         1491    .data               uart2.o
    0x20000372   COMPRESSED   0x00000002   PAD
    0x20000374   COMPRESSED   0x0000000a   Data   RW         1518    .data               uart3.o
    0x2000037e   COMPRESSED   0x00000002   PAD
    0x20000380   COMPRESSED   0x00000010   Data   RW         1545    .data               uart4.o
    0x20000390   COMPRESSED   0x0000000a   Data   RW         1572    .data               uart5.o
    0x2000039a   COMPRESSED   0x00000002   PAD
    0x2000039c   COMPRESSED   0x00000018   Data   RW         1599    .data               uart6.o
    0x200003b4   COMPRESSED   0x00000007   Data   RW         1686    .data               spi3.o
    0x200003bb   COMPRESSED   0x00000001   PAD
    0x200003bc   COMPRESSED   0x00000048   Data   RW         1709    .data               uartx.o
    0x20000404   COMPRESSED   0x0000001c   Data   RW         1753    .data               lan8720.o
    0x20000420   COMPRESSED   0x00000008   Data   RW         1832    .data               extipoweroff.o
    0x20000428   COMPRESSED   0x00000014   Data   RW         1878    .data               system_stm32f4xx.o
    0x2000043c   COMPRESSED   0x00000010   Data   RW         1911    .data               stm32f4xx_rcc.o
    0x2000044c   COMPRESSED   0x00000010   Data   RW         2197    .data               stm32f4x7_eth.o
    0x2000045c   COMPRESSED   0x00000004   Data   RW         2304    .data               cpu_core.o
    0x20000460   COMPRESSED   0x00000004   Data   RW         2374    .data               lib_mem.o
    0x20000464   COMPRESSED   0x00000008   Data   RW         2507    .data               os_prio.o
    0x2000046c   COMPRESSED   0x00000048   Data   RW         2604    .data               os_var.o
    0x200004b4   COMPRESSED   0x00000004   Data   RW         2620    .data               os_cpu_c.o
    0x200004b8   COMPRESSED   0x00000018   Data   RW         2656    .data               delay.o
    0x200004d0   COMPRESSED   0x00000005   Data   RW         2697    .data               flash.o
    0x200004d5   COMPRESSED   0x00000003   PAD
    0x200004d8   COMPRESSED   0x00000028   Data   RW         2767    .data               malloc.o
    0x20000500   COMPRESSED   0x00000001   Data   RW         2887    .data               etharp.o
    0x20000501   COMPRESSED   0x00000003   PAD
    0x20000504   COMPRESSED   0x00000008   Data   RW         3086    .data               tcpip.o
    0x2000050c   COMPRESSED   0x0000000c   Data   RW         3221    .data               mem.o
    0x20000518   COMPRESSED   0x00000009   Data   RW         3282    .data               netif.o
    0x20000521   COMPRESSED   0x00000003   PAD
    0x20000524   COMPRESSED   0x00000004   Data   RW         3335    .data               raw.o
    0x20000528   COMPRESSED   0x00000024   Data   RW         3387    .data               tcp.o
    0x2000054c   COMPRESSED   0x00000020   Data   RW         3418    .data               tcp_in.o
    0x2000056c   COMPRESSED   0x00000008   Data   RW         3471    .data               timers.o
    0x20000574   COMPRESSED   0x00000008   Data   RW         3502    .data               udp.o
    0x2000057c   COMPRESSED   0x00000012   Data   RW         3613    .data               ip.o
    0x2000058e   COMPRESSED   0x00000002   PAD
    0x20000590   COMPRESSED   0x00000006   Data   RW         3676    .data               ip_frag.o
    0x20000596   COMPRESSED   0x00000002   PAD
    0x20000598   COMPRESSED   0x0000000c   Data   RW         3699    .data               lwip_comm.o
    0x200005a4        -       0x00001200   Zero   RW            4    .bss                main.o
    0x200017a4   COMPRESSED   0x00000004   PAD
    0x200017a8        -       0x00009510   Zero   RW          501    .bss                cdv_define.o
    0x2000acb8        -       0x00000460   Zero   RW          619    .bss                mainuart.o
    0x2000b118        -       0x00000068   Zero   RW          656    .bss                log.o
    0x2000b180        -       0x0000002c   Zero   RW          701    .bss                newscript.o
    0x2000b1ac        -       0x00000850   Zero   RW          727    .bss                modbus.o
    0x2000b9fc        -       0x00000370   Zero   RW          776    .bss                worker.o
    0x2000bd6c        -       0x00001c04   Zero   RW          824    .bss                cascade.o
    0x2000d970        -       0x00000a08   Zero   RW          856    .bss                tcp_server.o
    0x2000e378        -       0x0000001c   Zero   RW          949    .bss                workerdebug.o
    0x2000e394        -       0x0000019c   Zero   RW         1053    .bss                io.o
    0x2000e530        -       0x00000938   Zero   RW         1170    .bss                adc.o
    0x2000ee68        -       0x000000b0   Zero   RW         1197    .bss                dac.o
    0x2000ef18        -       0x00000190   Zero   RW         1323    .bss                alarm.o
    0x2000f0a8        -       0x00000010   Zero   RW         1517    .bss                uart3.o
    0x2000f0b8        -       0x00000020   Zero   RW         1544    .bss                uart4.o
    0x2000f0d8        -       0x00000010   Zero   RW         1571    .bss                uart5.o
    0x2000f0e8        -       0x00000034   Zero   RW         1598    .bss                uart6.o
    0x2000f11c        -       0x00000100   Zero   RW         1685    .bss                spi3.o
    0x2000f21c        -       0x000000bc   Zero   RW         1752    .bss                lan8720.o
    0x2000f2d8        -       0x0000000c   Zero   RW         2196    .bss                stm32f4x7_eth.o
    0x2000f2e4        -       0x00000010   Zero   RW         2302    .bss                cpu_core.o
    0x2000f2f4        -       0x00000448   Zero   RW         2373    .bss                lib_mem.o
    0x2000f73c        -       0x00000f50   Zero   RW         2409    .bss                os_cfg_app.o
    0x2001068c        -       0x00000510   Zero   RW         2603    .bss                os_var.o
    0x20010b9c        -       0x000000a0   Zero   RW         2655    .bss                delay.o
    0x20010c3c        -       0x000000ac   Zero   RW         2851    .bss                sys_arch.o
    0x20010ce8        -       0x000000c8   Zero   RW         2885    .bss                etharp.o
    0x20010db0        -       0x00000024   Zero   RW         3085    .bss                tcpip.o
    0x20010dd4        -       0x00002740   Zero   RW         3220    .bss                mem.o
    0x20013514        -       0x00009483   Zero   RW         3244    .bss                memp.o
    0x2001c997   COMPRESSED   0x00000001   PAD
    0x2001c998        -       0x00000010   Zero   RW         3417    .bss                tcp_in.o
    0x2001c9a8        -       0x00000010   Zero   RW         3642    .bss                ip_addr.o
    0x2001c9b8        -       0x000000f8   Zero   RW         3698    .bss                lwip_comm.o
    0x2001cab0        -       0x00000060   Zero   RW         4086    .bss                c_w.l(libspace.o)
    0x2001cb10        -       0x00000200   Zero   RW         1902    HEAP                startup_stm32f40_41xxx.o
    0x2001cd10        -       0x00001000   Zero   RW         1901    STACK               startup_stm32f40_41xxx.o



  Load Region LR$$.ARM.__AT_0x10000000 (Base: 0x10000000, Size: 0x00000000, Max: 0x0000f000, ABSOLUTE)

    Execution Region ER$$.ARM.__AT_0x10000000 (Exec base: 0x10000000, Load base: 0x10000000, Size: 0x0000f000, Max: 0x0000f000, ABSOLUTE, UNINIT)

    Exec Addr    Load Addr    Size         Type   Attr      Idx    E Section Name        Object

    0x10000000        -       0x0000f000   Zero   RW         2764    .ARM.__AT_0x10000000  malloc.o



  Load Region LR$$.ARM.__AT_0x1000F000 (Base: 0x1000f000, Size: 0x00000000, Max: 0x00000f00, ABSOLUTE)

    Execution Region ER$$.ARM.__AT_0x1000F000 (Exec base: 0x1000f000, Load base: 0x1000f000, Size: 0x00000f00, Max: 0x00000f00, ABSOLUTE, UNINIT)

    Exec Addr    Load Addr    Size         Type   Attr      Idx    E Section Name        Object

    0x1000f000        -       0x00000f00   Zero   RW         2765    .ARM.__AT_0x1000F000  malloc.o



  Load Region LR$$.ARM.__AT_0x68000000 (Base: 0x68000000, Size: 0x00000000, Max: 0x000c0000, ABSOLUTE)

    Execution Region ER$$.ARM.__AT_0x68000000 (Exec base: 0x68000000, Load base: 0x68000000, Size: 0x000c0000, Max: 0x000c0000, ABSOLUTE, UNINIT)

    Exec Addr    Load Addr    Size         Type   Attr      Idx    E Section Name        Object

    0x68000000        -       0x000c0000   Zero   RW         1411    .ARM.__AT_0x68000000  memmng.o



  Load Region LR$$.ARM.__AT_0x680C0000 (Base: 0x680c0000, Size: 0x00000000, Max: 0x00030000, ABSOLUTE)

    Execution Region ER$$.ARM.__AT_0x680C0000 (Exec base: 0x680c0000, Load base: 0x680c0000, Size: 0x00030000, Max: 0x00030000, ABSOLUTE, UNINIT)

    Exec Addr    Load Addr    Size         Type   Attr      Idx    E Section Name        Object

    0x680c0000        -       0x00030000   Zero   RW         1412    .ARM.__AT_0x680C0000  memmng.o


==============================================================================

Image component sizes


      Code (inc. data)   RO Data    RW Data    ZI Data      Debug   Object Name

      3432        136          0          8       2360       9819   adc.o
       900         20         16          5        400       3726   alarm.o
      1744         52          0          0          0      17609   api_lib.o
      3964         40          0          0          0      10347   api_msg.o
       920         18          0          0          0       4117   basic_resource.o
       132         14          0          0          0       1139   bsp.o
      9162        256          0         53       7172      34657   cascade.o
      1692          8          0          4          0       8683   cdv_array.o
       916        108          0          4          0       4811   cdv_config.o
       102          0        158        100      38160       4408   cdv_define.o
      1052          6          0          0          0       2970   cmdparse.o
        52          0          0          0          0        344   cpu_a.o
       680         14        256          4         16      14540   cpu_core.o
      1664         72          0         36        176       6635   dac.o
       372          8          0          0          0       1286   dac7512.o
        62          0          0          0          0       1098   def.o
       528         38          0         24        160       4095   delay.o
       300          6          0          0          0       1742   dmax.o
      2380         22         12          1        200      10411   etharp.o
       724         44          0          0          0       7414   ethernetif.o
       188         10          0          0          0        734   exti.o
       204         12          0          8          0       1656   extipoweroff.o
      1380         36          0          5          0       5730   flash.o
       612         50          0          0          0       3197   flash_if.o
       536         16          0          1          0       3114   flashbak.o
      1400         46          0          7          0       6254   fpga_spi.o
       496          8          0          0          0       2506   icmp.o
       546          0          0          0          0       3017   inet_chksum.o
        32          0          0          0          0       9737   init.o
      5398        160          0         12        412      12654   io.o
       728         28          0         18          0       6015   ip.o
       696         12          8          0         16      10403   ip_addr.o
      1684         18          0          6          0       6588   ip_frag.o
      1792        104          0         28        188       5199   lan8720.o
       388         16          0          0          0       1430   led.o
       598          0          0          0          0       3888   lib_ascii.o
      2502         32          0          4       1096      22284   lib_mem.o
       544          0          0          0          0        492   lib_mem_a.o
      2344          4        148          0          0      13810   lib_str.o
      1752         44         30          0        104       4697   log.o
      1212          6          0          0          0       6121   logic.o
       728         42          0         12        248       3631   lwip_comm.o
      2468        474          0         16       4608     442983   main.o
      6088        616        512        481       1120      44704   mainuart.o
       604         22         36         40      65280       5510   malloc.o
       908         20          0         12      10048       3910   mem.o
       468         32          0         14     983040       3515   memmng.o
       212         18         56          0      38019       3430   memp.o
       224         20          0          0          0       1845   misc.o
      5068         84          0          0       2128      20853   modbus.o
       296          8          0          4          0       1890   msg.o
       400          0          0          0          0       7633   netbuf.o
       672         22          0          9          0       6385   netif.o
      1644         14          0          0         44       6667   newscript.o
       324         12          0          8          0       3447   offline.o
         2          0        164          0       3920      17812   os_cfg_app.o
      3120        192          0          0          0      11141   os_core.o
       152         32          0          0          0        412   os_cpu_a.o
       436         34          0          4          0       3641   os_cpu_c.o
       460         12          0          0          0       2559   os_mem.o
       552         14          0          0          0       2694   os_msg.o
      1772         70          0          0          0       4773   os_mutex.o
       124          4          0          8          0       1760   os_prio.o
      1632         42          0          0          0       5707   os_q.o
      1652         46          0          0          0       5743   os_sem.o
      4788        174          0          0          0      12871   os_task.o
      1156         74          0          0          0       3273   os_tick.o
      1116         54          0          0          0       3225   os_time.o
      1936        126          0          0          0       6265   os_tmr.o
         0          0          0         72       1296      16131   os_var.o
      1872          0          0          0          0       9077   pbuf.o
       432         14          0          4          0       3313   raw.o
       244         14          0          0          0        693   spi2.o
       572         42          0          7        256       2392   spi3.o
       140          0          0          0          0       1420   spix.o
       856         22          0          0          0       1927   sram.o
        64         26        392          0       4608        820   startup_stm32f40_41xxx.o
      4180         96          0         16         12      20931   stm32f4x7_eth.o
      1124         24          0          0          0      10522   stm32f4xx_adc.o
       528          6          0          0          0       4921   stm32f4xx_dac.o
       936         32          0          0          0       6373   stm32f4xx_dma.o
       272         10          0          0          0       2267   stm32f4xx_exti.o
      1684         28          0          0          0       9302   stm32f4xx_flash.o
      1480         18         28          0          0       5638   stm32f4xx_fsmc.o
       660         44          0          0          0       4033   stm32f4xx_gpio.o
        96         20          0          0          0       1147   stm32f4xx_it.o
      1628         52          0         16          0      12976   stm32f4xx_rcc.o
      1152         36          0          0          0       6789   stm32f4xx_spi.o
       148         12          0          0          0       1693   stm32f4xx_syscfg.o
      3234         60          0          0          0      22892   stm32f4xx_tim.o
      1108         34          0          0          0       7764   stm32f4xx_usart.o
       896         84          4          0        172       8153   sys_arch.o
        16          0          0          0          0        428   sysdef.o
       288         36          0          0          0       1526   sysmng.o
       516         50          0         20          0       1791   system_stm32f4xx.o
      3568        130        197         36          0      21371   tcp.o
      4768        230          0         32         16      14583   tcp_in.o
      3118          8          0          0          0       9647   tcp_out.o
      2224        230          0         28       2568      17879   tcp_server.o
       736         46          0          8         36       9916   tcpip.o
       760         28          0         32          0       3507   time.o
       552         28          0          8          0       3195   timers.o
       844         38          0          6          0       3745   uart1.o
       688         32          0          6          0       3378   uart2.o
       876         50          0         10         16       4365   uart3.o
       680         42          0         16         32       3849   uart4.o
       692         32          0         10         16       3500   uart5.o
       992         74          0         24         52       4442   uart6.o
       924         40          0         72          0       4319   uartx.o
      1092         20          0          8          0       6762   udp.o
         0          0          0          1          0       3983   udpmain.o
      1282          6          0          0          0       3808   universalscom.o
      1084         22          0          4          0       5733   var.o
      5736         40          0          0          0      15393   varexp.o
      2504         96         84         36        880       9701   worker.o
      1204         22          0          0         28       6067   workerdebug.o

    ----------------------------------------------------------------------
    153284       5696       2140       1444    1168908    1241718   Object Totals
         0          0         32          0          0          0   (incl. Generated)
        22          0          7         36          5          0   (incl. Padding)

    ----------------------------------------------------------------------

      Code (inc. data)   RO Data    RW Data    ZI Data      Debug   Library Member Name

        90          0          0          0          0          0   __dczerorl2.o
         8          0          0          0          0         68   __main.o
       392          4         17          0          0         92   __printf_flags_ss_wp.o
        14          0          0          0          0         68   __printf_wp.o
         0          0          0          0          0          0   __rtentry.o
        12          0          0          0          0          0   __rtentry2.o
         6          0          0          0          0          0   __rtentry4.o
        52          8          0          0          0          0   __scatter.o
        28          0          0          0          0          0   __scatter_zi.o
        28          0          0          0          0         68   _chval.o
        44          0          0          0          0        108   _printf_char.o
        48          6          0          0          0         96   _printf_char_common.o
         6          0          0          0          0          0   _printf_d.o
       120         16          0          0          0         92   _printf_dec.o
         6          0          0          0          0          0   _printf_f.o
      1054          0          0          0          0        216   _printf_fp_dec.o
       128         16          0          0          0         84   _printf_fp_infnan.o
        88          4         40          0          0         88   _printf_hex_int.o
       178          0          0          0          0         88   _printf_intcommon.o
        78          0          0          0          0        108   _printf_pad.o
         0          0          0          0          0          0   _printf_percent.o
         4          0          0          0          0          0   _printf_percent_end.o
         6          0          0          0          0          0   _printf_s.o
        82          0          0          0          0         80   _printf_str.o
         6          0          0          0          0          0   _printf_x.o
        22          0          0          0          0        100   _rserrno.o
        64          0          0          0          0         84   _sgetc.o
        10          0          0          0          0         68   _sputc.o
       158          0          0          0          0         92   _strtoul.o
        16          0          0          0          0         68   aeabi_memset.o
        26          0          0          0          0         80   atoi.o
       228          4        148          0          0         96   bigflt0.o
      2152        136          0          0          0        960   btod.o
        18          0          0          0          0         80   exit.o
         6          0          0          0          0        152   heapauxi.o
         0          0          0          0          0          0   indicate_semi.o
        18          0          0          0          0         76   isspace.o
        44         10        272          0          0         76   lc_ctype_c.o
        44         10         28          0          0         76   lc_numeric_c.o
         2          0          0          0          0          0   libinit.o
        30          0          0          0          0          0   libinit2.o
         2          0          0          0          0          0   libshutdown.o
         2          0          0          0          0          0   libshutdown2.o
         8          4          0          0         96         68   libspace.o
        38          0          0          0          0         68   llshl.o
       138          0          0          0          0         80   lludiv10.o
       238          0          0          0          0        100   lludivv7m.o
        88          0          0          0          0         76   memcmp.o
        40          6          0          0          0         84   noretval__2sprintf.o
        16          4          0          0          0         76   rt_ctype_table.o
         8          4          0          0          0         68   rt_errno_addr_intlibspace.o
         8          4          0          0          0         68   rt_locale_intlibspace.o
        68          0          0          0          0         68   rt_memclr.o
        78          0          0          0          0         80   rt_memclr_w.o
       138          0          0          0          0         68   rt_memcpy_v6.o
       100          0          0          0          0         80   rt_memcpy_w.o
         2          0          0          0          0          0   rtexit.o
        10          0          0          0          0          0   rtexit2.o
      1272         16          0          0          0        168   scanf_fp.o
       800         14          0          0          0        100   scanf_hexfp.o
       308         16          0          0          0        100   scanf_infnan.o
        20          0          0          0          0         68   strchr.o
       128          0          0          0          0         68   strcmpv7m.o
        62          0          0          0          0         76   strlen.o
       150          0          0          0          0         80   strncmp.o
        36          0          0          0          0         80   strstr.o
       164         14          0          0          0        120   strtod.o
       112          0          0          0          0         88   strtol.o
        12          4          0          0          0         68   sys_exit.o
        74          0          0          0          0         80   sys_stackheap_outer.o
         2          0          0          0          0         68   use_no_semi.o
        98          4          0          0          0         92   d2f.o
       826         16          0          0          0        348   daddsub_clz.o
        16          4          0          0          0         68   dcheck1.o
        24          0          0          0          0         68   dcmpi.o
       688        140          0          0          0        208   ddiv.o
       120          4          0          0          0         92   deqf.o
        94          4          0          0          0         92   dfix.o
        90          4          0          0          0         92   dfixu.o
        84          0          0          0          0        136   dflt_clz.o
       120          4          0          0          0         92   dleqf.o
       340         12          0          0          0        104   dmul.o
       156          4          0          0          0         92   dnaninf.o
        12          0          0          0          0         68   dretinf.o
       108          0          0          0          0         80   drleqf.o
       408         56          0          0          0        120   dsqrt_umaal.o
        86          4          0          0          0         84   f2d.o
       450          8          0          0          0        236   faddsub_clz.o
        24          0          0          0          0         68   fcmpi.o
       388         76          0          0          0         96   fdiv.o
       104          4          0          0          0         84   feqf.o
        54          4          0          0          0         84   ffix.o
        62          4          0          0          0         84   ffixu.o
        86          0          0          0          0        136   fflt_clz.o
       104          4          0          0          0         84   fleqf.o
       258          4          0          0          0         84   fmul.o
       140          4          0          0          0         84   fnaninf.o
         0          0         16          0          0          0   fpconst.o
        10          0          0          0          0         68   fretinf.o
        98          0          0          0          0         68   frleqf.o
         6          0          0          0          0         68   istatus.o
         4          0          0          0          0         68   printf1.o
       100          0          0          0          0         68   retnan.o
        92          0          0          0          0         68   scalbn.o
         4          0          0          0          0         68   scanf1.o
         8          0          0          0          0         84   scanf2.o
        48          0          0          0          0         68   trapv.o
         0          0          0          0          0          0   usenofp.o
        42          0          0          0          0         84   atof.o
        30          6          0          0          0        136   dunder.o
        40          0          0          0          0         68   fpclassify.o
        88          8          0          0          0         76   frexp.o
       138          0          0          0          0        160   ldexp.o
       204          4          0          0          0        168   narrow.o
        76          0          0          0          0         84   sqrt.o

    ----------------------------------------------------------------------
     15408        682        524          0         96       9692   Library Totals
        42          0          3          0          0          0   (incl. Padding)

    ----------------------------------------------------------------------

      Code (inc. data)   RO Data    RW Data    ZI Data      Debug   Library Name

      9438        300        505          0         96       5412   c_w.l
      5310        364         16          0          0       3504   fz_ws.l
       618         18          0          0          0        776   m_ws.l

    ----------------------------------------------------------------------
     15408        682        524          0         96       9692   Library Totals

    ----------------------------------------------------------------------

==============================================================================


      Code (inc. data)   RO Data    RW Data    ZI Data      Debug   

    168692       6378       2664       1444    1169004    1234298   Grand Totals
    168692       6378       2664        484    1169004    1234298   ELF Image Totals (compressed)
    168692       6378       2664        484          0          0   ROM Totals

==============================================================================

    Total RO  Size (Code + RO Data)               171356 ( 167.34kB)
    Total RW  Size (RW Data + ZI Data)           1170448 (1143.02kB)
    Total ROM Size (Code + RO Data + RW Data)     171840 ( 167.81kB)

==============================================================================

