Component: ARM Compiler 5.06 update 6 (build 750) Tool: armlink [4d35ed]

==============================================================================

Section Cross References

    main.o(.text) refers to _printf_percent.o(.ARM.Collect$$_printf_percent$$00000000) for _printf_percent
    main.o(.text) refers to _printf_d.o(.ARM.Collect$$_printf_percent$$00000009) for _printf_d
    main.o(.text) refers to _printf_dec.o(.text) for _printf_int_dec
    main.o(.text) refers to io.o(.text) for IReadAllFilter
    main.o(.text) refers to memmng.o(.text) for memmng_test
    main.o(.text) refers to cdv_array.o(.text) for LIST_Test
    main.o(.text) refers to cascade.o(.text) for CoilToCoil
    main.o(.text) refers to delay.o(.text) for TaskSched
    main.o(.text) refers to led.o(.text) for OUT_DisPlay
    main.o(.text) refers to worker.o(.text) for ManagerControl
    main.o(.text) refers to cdv_define.o(.text) for CmdArgInit
    main.o(.text) refers to cmdparse.o(.text) for CmdParse
    main.o(.text) refers to mainuart.o(.text) for ClearOnlineCmdCache
    main.o(.text) refers to basic_resource.o(.text) for DoResRequest
    main.o(.text) refers to rt_memclr_w.o(.text) for __aeabi_memclr4
    main.o(.text) refers to os_task.o(.text) for OS_TaskSuspend
    main.o(.text) refers to uartx.o(.text) for USARTSend
    main.o(.text) refers to uart3.o(.text) for GetUsartRxLen
    main.o(.text) refers to time.o(.text) for ReadClock1ms
    main.o(.text) refers to main.o(.data) for debug
    main.o(.text) refers to modbus.o(.bss) for g_modbusCoil
    main.o(.text) refers to mainuart.o(.bss) for g_olCache
    main.o(.text) refers to cascade.o(.bss) for g_portCmdCache
    main.o(.text) refers to cdv_define.o(.bss) for TaskParseTCB
    main.o(.text) refers to cdv_define.o(.data) for tm1Re
    main.o(.text) refers to uart3.o(.data) for g_Usart3RxLen
    main.o(.text) refers to adc.o(.text) for Adc_Voltge
    main.o(.text) refers to dac.o(.text) for UpdateDacVal
    main.o(.text) refers to stm32f4xx_gpio.o(.text) for GPIO_ReadInputDataBit
    main.o(.text) refers to workerdebug.o(.text) for AllDebugStateSet
    main.o(.text) refers to lan8720.o(.text) for Eth_Link_query
    main.o(.text) refers to cdv_config.o(.text) for com_print
    main.o(.text) refers to cpu_core.o(.text) for CPU_Init
    main.o(.text) refers to os_core.o(.text) for OSSchedRoundRobinCfg
    main.o(.text) refers to os_sem.o(.text) for OSSemCreate
    main.o(.text) refers to noretval__2sprintf.o(.text) for __2sprintf
    main.o(.text) refers to flashbak.o(.text) for FlashBak_Restore
    main.o(.text) refers to extipoweroff.o(.text) for EXTIPowerOff_Configuration
    main.o(.text) refers to os_tmr.o(.text) for OSTmrCreate
    main.o(.text) refers to misc.o(.text) for NVIC_PriorityGroupConfig
    main.o(.text) refers to sysdef.o(.emb_text) for INTX_DISABLE
    main.o(.text) refers to lwip_comm.o(.text) for LwIP_Init
    main.o(.text) refers to tcp_server.o(.text) for tcp_server_init
    main.o(.text) refers to httpd.o(.text) for httpd_init
    main.o(.text) refers to udpmain.o(.text) for udpecho_init
    main.o(.text) refers to cpu_a.o(.text) for CPU_SR_Save
    main.o(.text) refers to io.o(.bss) for g_dipSW
    main.o(.text) refers to cdv_config.o(.data) for g_dipCtrlWorker
    main.o(.text) refers to workerdebug.o(.bss) for DEBUG_SEM
    main.o(.text) refers to main.o(.bss) for USART_TASK_STK
    cdv_config.o(.text) refers to _printf_percent.o(.ARM.Collect$$_printf_percent$$00000000) for _printf_percent
    cdv_config.o(.text) refers to _printf_d.o(.ARM.Collect$$_printf_percent$$00000009) for _printf_d
    cdv_config.o(.text) refers to _printf_s.o(.ARM.Collect$$_printf_percent$$00000014) for _printf_s
    cdv_config.o(.text) refers to _printf_dec.o(.text) for _printf_int_dec
    cdv_config.o(.text) refers to _printf_str.o(.text) for _printf_str
    cdv_config.o(.text) refers to io.o(.text) for GPIO_Configuration
    cdv_config.o(.text) refers to basic_resource.o(.text) for CdvInit
    cdv_config.o(.text) refers to spix.o(.text) for SPI_Configuration
    cdv_config.o(.text) refers to time.o(.text) for TIM3_Init
    cdv_config.o(.text) refers to led.o(.text) for LED_Init
    cdv_config.o(.text) refers to adc.o(.text) for Adc2_Dma_Init4
    cdv_config.o(.text) refers to dac.o(.text) for Dac1_Init
    cdv_config.o(.text) refers to dac7512.o(.text) for DAC7512_Pin_Config
    cdv_config.o(.text) refers to uartx.o(.text) for USART_Configuration
    cdv_config.o(.text) refers to memmng.o(.text) for memmng_init
    cdv_config.o(.text) refers to malloc.o(.text) for mymem_init
    cdv_config.o(.text) refers to stm32f4xx_rcc.o(.text) for RCC_AHB1PeriphResetCmd
    cdv_config.o(.text) refers to sysmng.o(.text) for ResetCdv
    cdv_config.o(.text) refers to os_sem.o(.text) for OSSemPend
    cdv_config.o(.text) refers to rt_memclr.o(.text) for __aeabi_memclr
    cdv_config.o(.text) refers to rt_memclr_w.o(.text) for __aeabi_memclr4
[...]
    gp_coil                                  0x200002b8   Data           2  cascade.o(.data)
    CascadeMap                               0x200002bc   Data           4  cascade.o(.data)
    CascadeMapLen                            0x200002c0   Data           1  cascade.o(.data)
    tcp_server_recvbuf                       0x200002c4   Data           4  tcp_server.o(.data)
    tcp_server_flag                          0x200002c8   Data           1  tcp_server.o(.data)
    gConn                                    0x200002cc   Data           4  tcp_server.o(.data)
    g_connected                              0x200002d0   Data           4  tcp_server.o(.data)
    lenlenlen                                0x200002d4   Data           4  tcp_server.o(.data)
    closeTcp                                 0x200002e0   Data           1  udpmain.o(.data)
    g_dip                                    0x200002e4   Data           1  io.o(.data)
    g_i                                      0x200002e8   Data           4  io.o(.data)
    g_o                                      0x200002ec   Data           4  io.o(.data)
    g_var                                    0x200002f0   Data           4  var.o(.data)
    g_msg                                    0x200002f4   Data           4  msg.o(.data)
    Time_1ms                                 0x200002f8   Data           4  time.o(.data)
    Time_10ms                                0x200002fc   Data           4  time.o(.data)
    Time_100ms                               0x20000300   Data           4  time.o(.data)
    Time_1s                                  0x20000304   Data           4  time.o(.data)
    p_ReadClock                              0x20000308   Data          16  time.o(.data)
    g_adcval                                 0x20000318   Data           4  adc.o(.data)
    adc3_value2                              0x2000031c   Data           4  adc.o(.data)
    g_dacval                                 0x20000320   Data           4  dac.o(.data)
    transducer_speed                         0x20000324   Data           4  dac.o(.data)
    transducer_time                          0x20000328   Data           4  dac.o(.data)
    transducer_vol                           0x2000032c   Data           4  dac.o(.data)
    transducer1_speed                        0x20000330   Data           4  dac.o(.data)
    transducer1_time                         0x20000334   Data           4  dac.o(.data)
    transducer1_vol                          0x20000338   Data           4  dac.o(.data)
    transducer2_speed                        0x2000033c   Data           2  dac.o(.data)
    transducer2_time                         0x2000033e   Data           1  dac.o(.data)
    transducer2_vol                          0x20000340   Data           4  dac.o(.data)
    nAlarmCount                              0x20000344   Data           4  alarm.o(.data)
    Alarmflag                                0x20000348   Data           1  alarm.o(.data)
    map_start_cache                          0x2000034c   Data           4  memmng.o(.data)
    the_newest_bak                           0x2000035a   Data           1  flashbak.o(.data)
    g_pUsart1RxBuf                           0x2000035c   Data           4  uart1.o(.data)
    g_Usart1BufLen                           0x20000360   Data           1  uart1.o(.data)
    g_Usart1RxLen                            0x20000361   Data           1  uart1.o(.data)
    g_pUart2RxBuf                            0x20000364   Data           4  uart2.o(.data)
    g_Uart2BufLen                            0x20000368   Data           1  uart2.o(.data)
    g_Uart2RxLen                             0x20000369   Data           1  uart2.o(.data)
    USART3_RX_CNT                            0x2000036c   Data           1  uart3.o(.data)
    USART3_REC_OVER                          0x2000036d   Data           1  uart3.o(.data)
    g_pUsart3RxBuf                           0x20000370   Data           4  uart3.o(.data)
    g_Usart3BufLen                           0x20000374   Data           1  uart3.o(.data)
    g_Usart3RxLen                            0x20000375   Data           1  uart3.o(.data)
    UART4_RX_CNT                             0x20000378   Data           1  uart4.o(.data)
    UART4_REC_OVER                           0x20000379   Data           1  uart4.o(.data)
    g_pUart4RxBuf                            0x2000037c   Data           4  uart4.o(.data)
    g_Uart4BufLen                            0x20000380   Data           1  uart4.o(.data)
    g_Uart4RxLen                             0x20000381   Data           1  uart4.o(.data)
    RS485_RX_CNT                             0x20000384   Data           4  uart4.o(.data)
    UART5_RX_CNT                             0x20000388   Data           1  uart5.o(.data)
    UART5_REC_OVER                           0x20000389   Data           1  uart5.o(.data)
    g_pUart5RxBuf                            0x2000038c   Data           4  uart5.o(.data)
    g_Uart5BufLen                            0x20000390   Data           1  uart5.o(.data)
    g_Uart5RxLen                             0x20000391   Data           1  uart5.o(.data)
    USART6_RX_CNT                            0x20000394   Data           1  uart6.o(.data)
    USART6_REC_OVER                          0x20000395   Data           1  uart6.o(.data)
    g_pUart6RxBuf                            0x20000398   Data           4  uart6.o(.data)
    g_Uart6BufLen                            0x2000039c   Data           1  uart6.o(.data)
    g_Uart6RxLen                             0x2000039d   Data           1  uart6.o(.data)
    gstartTime                               0x200003a0   Data           4  uart6.o(.data)
    gendTime                                 0x200003a4   Data           4  uart6.o(.data)
    gtime                                    0x200003a8   Data           4  uart6.o(.data)
    TxBuffer                                 0x200003ac   Data           4  spi3.o(.data)
    Tx_Idx                                   0x200003b0   Data           1  spi3.o(.data)
    Tx_len                                   0x200003b1   Data           1  spi3.o(.data)
    Rx_Idx                                   0x200003b2   Data           1  spi3.o(.data)
    p_UartSet                                0x200003b4   Data          24  uartx.o(.data)
    p_UartSend                               0x200003cc   Data          24  uartx.o(.data)
    p_UartTR                                 0x200003e4   Data          24  uartx.o(.data)
    EthStatus                                0x200003fc   Data           4  lan8720.o(.data)
    DMARxDscrTab                             0x20000400   Data           4  lan8720.o(.data)
    DMATxDscrTab                             0x20000404   Data           4  lan8720.o(.data)
    Rx_Buff                                  0x20000408   Data           4  lan8720.o(.data)
    Tx_Buff                                  0x2000040c   Data           4  lan8720.o(.data)
    isLinkUp                                 0x20000410   Data           1  lan8720.o(.data)
    g_exti_power_off_flag                    0x20000418   Data           4  extipoweroff.o(.data)
    SystemCoreClock                          0x20000420   Data           4  system_stm32f4xx.o(.data)
    AHBPrescTable                            0x20000424   Data          16  system_stm32f4xx.o(.data)
    DMATxDescToSet                           0x20000444   Data           4  stm32f4x7_eth.o(.data)
    DMARxDescToGet                           0x20000448   Data           4  stm32f4x7_eth.o(.data)
    DMA_RX_FRAME_infos                       0x2000044c   Data           4  stm32f4x7_eth.o(.data)
    Frame_Rx_index                           0x20000450   Data           4  stm32f4x7_eth.o(.data)
    CPU_TS_TmrFreq_Hz                        0x20000454   Data           4  cpu_core.o(.data)
    Mem_PoolTbl                              0x20000458   Data           4  lib_mem.o(.data)
    OSPrioTbl                                0x2000045c   Data           8  os_prio.o(.data)
    OSIdleTaskCtr                            0x20000464   Data           4  os_var.o(.data)
    OSIntNestingCtr                          0x20000468   Data           1  os_var.o(.data)
    OSRunning                                0x20000469   Data           1  os_var.o(.data)
    OSMemQty                                 0x2000046a   Data           2  os_var.o(.data)
    OSMutexQty                               0x2000046c   Data           2  os_var.o(.data)
    OSPrioCur                                0x2000046e   Data           1  os_var.o(.data)
    OSPrioHighRdy                            0x2000046f   Data           1  os_var.o(.data)
    OSPrioSaved                              0x20000470   Data           1  os_var.o(.data)
    OSQQty                                   0x20000472   Data           2  os_var.o(.data)
    OSSchedLockNestingCtr                    0x20000474   Data           1  os_var.o(.data)
    OSSchedRoundRobinDfltTimeQuanta          0x20000478   Data           4  os_var.o(.data)
    OSSchedRoundRobinEn                      0x2000047c   Data           1  os_var.o(.data)
    OSSemQty                                 0x2000047e   Data           2  os_var.o(.data)
    OSTaskCtxSwCtr                           0x20000480   Data           4  os_var.o(.data)
    OSTaskQty                                0x20000484   Data           2  os_var.o(.data)
    OSTaskRegNextAvailID                     0x20000486   Data           1  os_var.o(.data)
    OSTickCtr                                0x20000488   Data           4  os_var.o(.data)
    OSTickTaskTimeMax                        0x2000048c   Data           4  os_var.o(.data)
    OSTmrQty                                 0x20000490   Data           2  os_var.o(.data)
    OSTmrTaskTimeMax                         0x20000494   Data           4  os_var.o(.data)
    OSTmrTickCtr                             0x20000498   Data           4  os_var.o(.data)
    OSTmrUpdateCnt                           0x2000049c   Data           4  os_var.o(.data)
    OSTmrUpdateCtr                           0x200004a0   Data           4  os_var.o(.data)
    OSTCBCurPtr                              0x200004a4   Data           4  os_var.o(.data)
    OSTCBHighRdyPtr                          0x200004a8   Data           4  os_var.o(.data)
    OS_CPU_ExceptStkBase                     0x200004ac   Data           4  os_cpu_c.o(.data)
    global_start                             0x200004b0   Data           4  delay.o(.data)
    global_clk                               0x200004b4   Data           4  delay.o(.data)
    global_cnt1                              0x200004b8   Data           4  delay.o(.data)
    global_cnt2                              0x200004bc   Data           4  delay.o(.data)
    cdvTimeTick                              0x200004c4   Data           4  delay.o(.data)
    CHECK_FLASH                              0x200004c8   Data           5  flash.o(.data)
    user_mem_ptr_base                        0x200004d0   Data           4  malloc.o(.data)
    mallco_dev                               0x200004d4   Data          36  malloc.o(.data)
    netif_list                               0x20000510   Data           4  netif.o(.data)
    netif_default                            0x20000514   Data           4  netif.o(.data)
    tcp_ticks                                0x20000524   Data           4  tcp.o(.data)
    tcp_bound_pcbs                           0x20000528   Data           4  tcp.o(.data)
    tcp_listen_pcbs                          0x2000052c   Data           4  tcp.o(.data)
    tcp_active_pcbs                          0x20000530   Data           4  tcp.o(.data)
    tcp_tw_pcbs                              0x20000534   Data           4  tcp.o(.data)
    tcp_tmp_pcb                              0x20000538   Data           4  tcp.o(.data)
    tcp_active_pcbs_changed                  0x2000053c   Data           1  tcp.o(.data)
    tcp_input_pcb                            0x20000560   Data           4  tcp_in.o(.data)
    udp_pcbs                                 0x20000570   Data           4  udp.o(.data)
    current_netif                            0x20000574   Data           4  ip.o(.data)
    current_header                           0x20000578   Data           4  ip.o(.data)
    current_iphdr_src                        0x2000057c   Data           4  ip.o(.data)
    current_iphdr_dest                       0x20000580   Data           4  ip.o(.data)
    TCPIP_THREAD_TASK_STK                    0x20000590   Data           4  lwip_comm.o(.data)
    LWIP_DHCP_TASK_STK                       0x20000594   Data           4  lwip_comm.o(.data)
    g_pcSSIExtensions                        0x2000059c   Data          16  httpd.o(.data)
    g_pfnSSIHandler                          0x200005ac   Data           4  httpd.o(.data)
    g_iNumTags                               0x200005b0   Data           4  httpd.o(.data)
    g_ppcTags                                0x200005b4   Data           4  httpd.o(.data)
    g_pCGIs                                  0x200005b8   Data           4  httpd.o(.data)
    g_iNumCGIs                               0x200005bc   Data           4  httpd.o(.data)
    ADC_Page_SSI_Handler                     0x200005c0   Data           4  httpd_cgi_ssi.o(.data)
    ADC_not_configured                       0x200005c4   Data           4  httpd_cgi_ssi.o(.data)
    TAGCHAR                                  0x200005c8   Data           4  httpd_cgi_ssi.o(.data)
    TAGS                                     0x200005cc   Data           4  httpd_cgi_ssi.o(.data)
    CGI_TAB                                  0x200005d0   Data           8  httpd_cgi_ssi.o(.data)
    START_TASK_STK                           0x200005d8   Data         512  main.o(.bss)
    USART_TASK_STK                           0x200007d8   Data         512  main.o(.bss)
    LED1_TASK_STK                            0x200009d8   Data         512  main.o(.bss)
    FLOAT_TASK_STK                           0x20000bd8   Data         512  main.o(.bss)
    WORKER_MANAGE_TASK_STK                   0x20000dd8   Data         512  main.o(.bss)
    PARSE_TASK_STK                           0x20000fd8   Data        1024  main.o(.bss)
    VALVE_TASK_STK                           0x200013d8   Data         512  main.o(.bss)
    MOTO_TASK_STK                            0x200015d8   Data         512  main.o(.bss)
    g_scriptInfo                             0x200017d8   Data          20  cdv_define.o(.bss)
    tmr1                                     0x200017ec   Data          44  cdv_define.o(.bss)
    tmr2                                     0x20001818   Data          44  cdv_define.o(.bss)
    tmr3                                     0x20001844   Data          44  cdv_define.o(.bss)
    StartTaskTCB                             0x20001870   Data         172  cdv_define.o(.bss)
    UsartRecvTaskTCB                         0x2000191c   Data         172  cdv_define.o(.bss)
    UsartSendTaskTCB                         0x200019c8   Data         172  cdv_define.o(.bss)
    CdvRefreshTaskTCB                        0x20001a74   Data         172  cdv_define.o(.bss)
    CdvValveTaskTCB                          0x20001b20   Data         172  cdv_define.o(.bss)
    CdvMotoTaskTCB                           0x20001bcc   Data         172  cdv_define.o(.bss)
    WorkerManageTaskTCB                      0x20001c78   Data         172  cdv_define.o(.bss)
    WorkerTaskTCB                            0x20001d24   Data        2752  cdv_define.o(.bss)
    TaskParseTCB                             0x200027e4   Data         172  cdv_define.o(.bss)
    WORKER_TASK_STK                          0x20002890   Data       25600  cdv_define.o(.bss)
    TX_SEM                                   0x20008c90   Data          28  cdv_define.o(.bss)
    WORKER_SEM                               0x20008cac   Data          28  cdv_define.o(.bss)
    MOTO_SEM                                 0x20008cc8   Data          28  cdv_define.o(.bss)
    MEM_SEM                                  0x20008ce4   Data          28  cdv_define.o(.bss)
    MSG_SEM                                  0x20008d00   Data          28  cdv_define.o(.bss)
    LIST_SEM                                 0x20008d1c   Data          28  cdv_define.o(.bss)
    COIL_SEM                                 0x20008d38   Data          28  cdv_define.o(.bss)
    COM_SEM                                  0x20008d54   Data         168  cdv_define.o(.bss)
    TCP_TX_SEM                               0x20008dfc   Data          28  cdv_define.o(.bss)
    RPressureData                            0x20008e18   Data         800  cdv_define.o(.bss)
    Para_Buf                                 0x20009138   Data          48  mainuart.o(.bss)
    g_olCache                                0x20009168   Data          12  mainuart.o(.bss)
    g_scriptRecv                             0x20009174   Data          28  mainuart.o(.bss)
    g_uartRx                                 0x20009190   Data        1006  mainuart.o(.bss)
    g_uartTx                                 0x20009580   Data          24  mainuart.o(.bss)
    logInf                                   0x20009598   Data         104  log.o(.bss)
    g_line                                   0x20009600   Data          44  newscript.o(.bss)
    g_modbusCoil                             0x2000962c   Data          32  modbus.o(.bss)
    g_modbusInCoil                           0x2000964c   Data          32  modbus.o(.bss)
    g_modbusReg                              0x2000966c   Data        2000  modbus.o(.bss)
    g_modbusInReg                            0x20009e3c   Data          64  modbus.o(.bss)
    g_threadInfo                             0x20009e7c   Data         384  worker.o(.bss)
    time                                     0x20009ffc   Data         400  worker.o(.bss)
    g_portCmdCache                           0x2000a18c   Data          12  cascade.o(.bss)
    REG_MAP                                  0x2000a198   Data        7000  cascade.o(.bss)
    COIL_MAP                                 0x2000bcf0   Data         160  cascade.o(.bss)
    TcpConnectTaskTCB                        0x2000bd90   Data         172  tcp_server.o(.bss)
    TCPCONNECT_TASK_STK                      0x2000be3c   Data        1200  tcp_server.o(.bss)
    TcpServerTaskTCB                         0x2000c2ec   Data         172  tcp_server.o(.bss)
    TCPSERVER_TASK_STK                       0x2000c398   Data        1024  tcp_server.o(.bss)
    UdpServerTaskTCB                         0x2000c798   Data         172  udpmain.o(.bss)
    UDPSERVER_TASK_STK                       0x2000c844   Data         512  udpmain.o(.bss)
    DEBUG_SEM                                0x2000ca44   Data          28  workerdebug.o(.bss)
    g_cdvI                                   0x2000ca60   Data         160  io.o(.bss)
    g_cdvO                                   0x2000cb00   Data         168  io.o(.bss)
    g_dipSW                                  0x2000cba8   Data          24  io.o(.bss)
    PLUSE_SEM                                0x2000cbc0   Data          28  io.o(.bss)
    g_pluse                                  0x2000cbdc   Data          32  io.o(.bss)
    adc_par                                  0x2000cbfc   Data         160  adc.o(.bss)
    buff_x                                   0x2000cc9c   Data         200  adc.o(.bss)
    buff_v                                   0x2000cd64   Data         400  adc.o(.bss)
    AD_Value                                 0x2000cef4   Data         800  adc.o(.bss)
    sumAdc                                   0x2000d214   Data         800  adc.o(.bss)
    dac_val_tmp                              0x2000d534   Data          16  dac.o(.bss)
    dac_par                                  0x2000d544   Data         160  dac.o(.bss)
    strAlarmInfo                             0x2000d5e4   Data         400  alarm.o(.bss)
    USART3_RX_BUF                            0x2000d774   Data          16  uart3.o(.bss)
    UART4_RX_BUF                             0x2000d784   Data          16  uart4.o(.bss)
    RS485_RX_BUF                             0x2000d794   Data          16  uart4.o(.bss)
    UART5_RX_BUF                             0x2000d7a4   Data          16  uart5.o(.bss)
    Recv_Msg                                 0x2000d7b4   Data          36  uart6.o(.bss)
    USART6_RX_BUF                            0x2000d7d8   Data          16  uart6.o(.bss)
    RxBuffer                                 0x2000d7e8   Data         256  spi3.o(.bss)
    ETH_InitStructure                        0x2000d8e8   Data         188  lan8720.o(.bss)
    RX_Frame_Descriptor                      0x2000d9a4   Data          12  stm32f4x7_eth.o(.bss)
    CPU_Name                                 0x2000d9b0   Data          16  cpu_core.o(.bss)
    Mem_PoolHeap                             0x2000d9c0   Data          72  lib_mem.o(.bss)
    Mem_Heap                                 0x2000da08   Data        1024  lib_mem.o(.bss)
    OSCfg_IdleTaskStk                        0x2000de08   Data         512  os_cfg_app.o(.bss)
    OSCfg_ISRStk                             0x2000e008   Data         512  os_cfg_app.o(.bss)
    OSCfg_MsgPool                            0x2000e208   Data        1600  os_cfg_app.o(.bss)
    OSCfg_TickTaskStk                        0x2000e848   Data         512  os_cfg_app.o(.bss)
    OSCfg_TickWheel                          0x2000ea48   Data         136  os_cfg_app.o(.bss)
    OSCfg_TmrTaskStk                         0x2000ead0   Data         512  os_cfg_app.o(.bss)
    OSCfg_TmrWheel                           0x2000ecd0   Data         136  os_cfg_app.o(.bss)
    OSIdleTaskTCB                            0x2000ed58   Data         172  os_var.o(.bss)
    OSMsgPool                                0x2000ee04   Data          12  os_var.o(.bss)
    OSRdyList                                0x2000ee10   Data         768  os_var.o(.bss)
    OSTickTaskTCB                            0x2000f110   Data         172  os_var.o(.bss)
    OSTmrTaskTCB                             0x2000f1bc   Data         172  os_var.o(.bss)
    cdvStartTime                             0x2000f268   Data          80  delay.o(.bss)
    cdvEndTime                               0x2000f2b8   Data          80  delay.o(.bss)
    TcpipthreadTaskTCB                       0x2000f308   Data         172  sys_arch.o(.bss)
    ram_heap                                 0x2000f4a0   Data       10020  mem.o(.bss)
    lwipdev                                  0x2001b084   Data          23  lwip_comm.o(.bss)
    lwip_netif                               0x2001b09c   Data          52  lwip_comm.o(.bss)
    LwipdhcpTaskTCB                          0x2001b0d0   Data         172  lwip_comm.o(.bss)
    fs_memory                                0x2001b17c   Data         240  fs.o(.bss)
    __libspace_start                         0x2001b66c   Data          96  libspace.o(.bss)
    __temporary_stack_top$libspace           0x2001b6cc   Data           0  libspace.o(.bss)
    mem_base                                 0x68000000   Data       786432  memmng.o(.ARM.__AT_0x68000000)
    mem_mapbase                              0x680c0000   Data       196608  memmng.o(.ARM.__AT_0x680C0000)



==============================================================================

Memory Map of the image

  Image Entry point : 0x08020189

  Load Region LR_IROM1 (Base: 0x08020000, Size: 0x0003a3ec, Max: 0x000e0000, ABSOLUTE, COMPRESSED[0x0003a00c])

    Execution Region ER_IROM1 (Exec base: 0x08020000, Load base: 0x08020000, Size: 0x00039e14, Max: 0x000e0000, ABSOLUTE)

    Exec Addr    Load Addr    Size         Type   Attr      Idx    E Section Name        Object

    0x08020000   0x08020000   0x00000188   Data   RO         1925    RESET               startup_stm32f40_41xxx.o
    0x08020188   0x08020188   0x00000008   Code   RO         3938  * !!!main             c_w.l(__main.o)
    0x08020190   0x08020190   0x00000034   Code   RO         4369    !!!scatter          c_w.l(__scatter.o)
    0x080201c4   0x080201c4   0x0000005a   Code   RO         4367    !!dczerorl2         c_w.l(__dczerorl2.o)
    0x0802021e   0x0802021e   0x00000002   PAD
    0x08020220   0x08020220   0x0000001c   Code   RO         4371    !!handler_zi        c_w.l(__scatter_zi.o)
    0x0802023c   0x0802023c   0x00000000   Code   RO         3911    .ARM.Collect$$_printf_percent$$00000000  c_w.l(_printf_percent.o)
    0x0802023c   0x0802023c   0x00000006   Code   RO         3910    .ARM.Collect$$_printf_percent$$00000003  c_w.l(_printf_f.o)
    0x08020242   0x08020242   0x00000006   Code   RO         3909    .ARM.Collect$$_printf_percent$$00000009  c_w.l(_printf_d.o)
    0x08020248   0x08020248   0x00000006   Code   RO         3908    .ARM.Collect$$_printf_percent$$0000000C  c_w.l(_printf_x.o)
    0x0802024e   0x0802024e   0x00000006   Code   RO         3907    .ARM.Collect$$_printf_percent$$00000014  c_w.l(_printf_s.o)
    0x08020254   0x08020254   0x00000004   Code   RO         4057    .ARM.Collect$$_printf_percent$$00000017  c_w.l(_printf_percent_end.o)
    0x08020258   0x08020258   0x00000002   Code   RO         4242    .ARM.Collect$$libinit$$00000000  c_w.l(libinit.o)
    0x0802025a   0x0802025a   0x00000000   Code   RO         4169    .ARM.Collect$$libinit$$00000002  c_w.l(libinit2.o)
    0x0802025a   0x0802025a   0x00000000   Code   RO         4171    .ARM.Collect$$libinit$$00000004  c_w.l(libinit2.o)
    0x0802025a   0x0802025a   0x00000000   Code   RO         4174    .ARM.Collect$$libinit$$0000000A  c_w.l(libinit2.o)
    0x0802025a   0x0802025a   0x00000000   Code   RO         4176    .ARM.Collect$$libinit$$0000000C  c_w.l(libinit2.o)
    0x0802025a   0x0802025a   0x00000000   Code   RO         4178    .ARM.Collect$$libinit$$0000000E  c_w.l(libinit2.o)
    0x0802025a   0x0802025a   0x00000006   Code   RO         4179    .ARM.Collect$$libinit$$0000000F  c_w.l(libinit2.o)
    0x08020260   0x08020260   0x00000000   Code   RO         4181    .ARM.Collect$$libinit$$00000011  c_w.l(libinit2.o)
    0x08020260   0x08020260   0x0000000c   Code   RO         4182    .ARM.Collect$$libinit$$00000012  c_w.l(libinit2.o)
    0x0802026c   0x0802026c   0x00000000   Code   RO         4183    .ARM.Collect$$libinit$$00000013  c_w.l(libinit2.o)
    0x0802026c   0x0802026c   0x00000000   Code   RO         4185    .ARM.Collect$$libinit$$00000015  c_w.l(libinit2.o)
    0x0802026c   0x0802026c   0x0000000a   Code   RO         4186    .ARM.Collect$$libinit$$00000016  c_w.l(libinit2.o)
    0x08020276   0x08020276   0x00000000   Code   RO         4187    .ARM.Collect$$libinit$$00000017  c_w.l(libinit2.o)
    0x08020276   0x08020276   0x00000000   Code   RO         4189    .ARM.Collect$$libinit$$00000019  c_w.l(libinit2.o)
    0x08020276   0x08020276   0x00000000   Code   RO         4191    .ARM.Collect$$libinit$$0000001B  c_w.l(libinit2.o)
    0x08020276   0x08020276   0x00000000   Code   RO         4193    .ARM.Collect$$libinit$$0000001D  c_w.l(libinit2.o)
    0x08020276   0x08020276   0x00000000   Code   RO         4195    .ARM.Collect$$libinit$$0000001F  c_w.l(libinit2.o)
    0x08020276   0x08020276   0x00000000   Code   RO         4197    .ARM.Collect$$libinit$$00000021  c_w.l(libinit2.o)
    0x08020276   0x08020276   0x00000000   Code   RO         4199    .ARM.Collect$$libinit$$00000023  c_w.l(libinit2.o)
    0x08020276   0x08020276   0x00000000   Code   RO         4201    .ARM.Collect$$libinit$$00000025  c_w.l(libinit2.o)
    0x08020276   0x08020276   0x00000000   Code   RO         4205    .ARM.Collect$$libinit$$0000002C  c_w.l(libinit2.o)
    0x08020276   0x08020276   0x00000000   Code   RO         4207    .ARM.Collect$$libinit$$0000002E  c_w.l(libinit2.o)
    0x08020276   0x08020276   0x00000000   Code   RO         4209    .ARM.Collect$$libinit$$00000030  c_w.l(libinit2.o)
    0x08020276   0x08020276   0x00000000   Code   RO         4211    .ARM.Collect$$libinit$$00000032  c_w.l(libinit2.o)
    0x08020276   0x08020276   0x00000002   Code   RO         4212    .ARM.Collect$$libinit$$00000033  c_w.l(libinit2.o)
    0x08020278   0x08020278   0x00000002   Code   RO         4321    .ARM.Collect$$libshutdown$$00000000  c_w.l(libshutdown.o)
    0x0802027a   0x0802027a   0x00000000   Code   RO         4349    .ARM.Collect$$libshutdown$$00000002  c_w.l(libshutdown2.o)
    0x0802027a   0x0802027a   0x00000000   Code   RO         4351    .ARM.Collect$$libshutdown$$00000004  c_w.l(libshutdown2.o)
    0x0802027a   0x0802027a   0x00000000   Code   RO         4354    .ARM.Collect$$libshutdown$$00000007  c_w.l(libshutdown2.o)
    0x0802027a   0x0802027a   0x00000000   Code   RO         4357    .ARM.Collect$$libshutdown$$0000000A  c_w.l(libshutdown2.o)
    0x0802027a   0x0802027a   0x00000000   Code   RO         4359    .ARM.Collect$$libshutdown$$0000000C  c_w.l(libshutdown2.o)
    0x0802027a   0x0802027a   0x00000000   Code   RO         4362    .ARM.Collect$$libshutdown$$0000000F  c_w.l(libshutdown2.o)
    0x0802027a   0x0802027a   0x00000002   Code   RO         4363    .ARM.Collect$$libshutdown$$00000010  c_w.l(libshutdown2.o)
    0x0802027c   0x0802027c   0x00000000   Code   RO         4030    .ARM.Collect$$rtentry$$00000000  c_w.l(__rtentry.o)
    0x0802027c   0x0802027c   0x00000000   Code   RO         4112    .ARM.Collect$$rtentry$$00000002  c_w.l(__rtentry2.o)
    0x0802027c   0x0802027c   0x00000006   Code   RO         4124    .ARM.Collect$$rtentry$$00000004  c_w.l(__rtentry4.o)
    0x08020282   0x08020282   0x00000000   Code   RO         4114    .ARM.Collect$$rtentry$$00000009  c_w.l(__rtentry2.o)
    0x08020282   0x08020282   0x00000004   Code   RO         4115    .ARM.Collect$$rtentry$$0000000A  c_w.l(__rtentry2.o)
    0x08020286   0x08020286   0x00000000   Code   RO         4117    .ARM.Collect$$rtentry$$0000000C  c_w.l(__rtentry2.o)
    0x08020286   0x08020286   0x00000008   Code   RO         4118    .ARM.Collect$$rtentry$$0000000D  c_w.l(__rtentry2.o)
    0x0802028e   0x0802028e   0x00000002   Code   RO         4247    .ARM.Collect$$rtexit$$00000000  c_w.l(rtexit.o)
    0x08020290   0x08020290   0x00000000   Code   RO         4282    .ARM.Collect$$rtexit$$00000002  c_w.l(rtexit2.o)
    0x08020290   0x08020290   0x00000004   Code   RO         4283    .ARM.Collect$$rtexit$$00000003  c_w.l(rtexit2.o)
    0x08020294   0x08020294   0x00000006   Code   RO         4284    .ARM.Collect$$rtexit$$00000004  c_w.l(rtexit2.o)
    0x0802029a   0x0802029a   0x00000002   PAD
    0x0802029c   0x0802029c   0x00000010   Code   RO         2767    .emb_text           sysdef.o
    0x080202ac   0x080202ac   0x00000a34   Code   RO            3    .text               main.o
    0x08020ce0   0x08020ce0   0x00000454   Code   RO          470    .text               cdv_config.o
    0x08021134   0x08021134   0x00000066   Code   RO          497    .text               cdv_define.o
    0x0802119a   0x0802119a   0x00000002   PAD
    0x0802119c   0x0802119c   0x0000019c   Code   RO          529    .text               offline.o
    0x08021338   0x08021338   0x00000398   Code   RO          556    .text               basic_resource.o
    0x080216d0   0x080216d0   0x000005b0   Code   RO          576    .text               fpga_spi.o
    0x08021c80   0x08021c80   0x000016d0   Code   RO          617    .text               mainuart.o
    0x08023350   0x08023350   0x00000740   Code   RO          654    .text               log.o
    0x08023a90   0x08023a90   0x000008e0   Code   RO          678    .text               cdv_array.o
    0x08024370   0x08024370   0x000006ac   Code   RO          700    .text               newscript.o
    0x08024a1c   0x08024a1c   0x00001884   Code   RO          727    .text               modbus.o
    0x080262a0   0x080262a0   0x00000a76   Code   RO          777    .text               worker.o
    0x08026d16   0x08026d16   0x00000002   PAD
    0x08026d18   0x08026d18   0x000004a2   Code   RO          806    .text               cmdparse.o
    0x080271ba   0x080271ba   0x00000002   PAD
    0x080271bc   0x080271bc   0x00002690   Code   RO          827    .text               cascade.o
    0x0802984c   0x0802984c   0x00000900   Code   RO          859    .text               tcp_server.o
    0x0802a14c   0x0802a14c   0x000002fc   Code   RO          909    .text               udpmain.o
    0x0802a448   0x0802a448   0x00000498   Code   RO          939    .text               centralizedcontrol.o
    0x0802a8e0   0x0802a8e0   0x00000648   Code   RO          959    .text               workerdebug.o
    0x0802af28   0x0802af28   0x00000120   Code   RO          990    .text               sysmng.o
    0x0802b048   0x0802b048   0x000004e8   Code   RO         1010    .text               logic.o
    0x0802b530   0x0802b530   0x00001516   Code   RO         1065    .text               io.o
    0x0802ca46   0x0802ca46   0x00000002   PAD
    0x0802ca48   0x0802ca48   0x000006e4   Code   RO         1092    .text               var.o
    0x0802d12c   0x0802d12c   0x00000128   Code   RO         1116    .text               msg.o
    0x0802d254   0x0802d254   0x000002f8   Code   RO         1139    .text               time.o
    0x0802d54c   0x0802d54c   0x00000d68   Code   RO         1183    .text               adc.o
    0x0802e2b4   0x0802e2b4   0x00000680   Code   RO         1210    .text               dac.o
    0x0802e934   0x0802e934   0x00000174   Code   RO         1255    .text               dac7512.o
    0x0802eaa8   0x0802eaa8   0x0000055a   Code   RO         1316    .text               universalscom.o
    0x0802f002   0x0802f002   0x00000002   PAD
    0x0802f004   0x0802f004   0x00000384   Code   RO         1337    .text               alarm.o
    0x0802f388   0x0802f388   0x00000184   Code   RO         1365    .text               led.o
    0x0802f50c   0x0802f50c   0x000016e0   Code   RO         1388    .text               varexp.o
    0x08030bec   0x08030bec   0x00000228   Code   RO         1426    .text               memmng.o
    0x08030e14   0x08030e14   0x000002c8   Code   RO         1455    .text               flashbak.o
    0x080310dc   0x080310dc   0x0000034c   Code   RO         1482    .text               uart1.o
    0x08031428   0x08031428   0x000002b0   Code   RO         1508    .text               uart2.o
    0x080316d8   0x080316d8   0x0000036c   Code   RO         1534    .text               uart3.o
    0x08031a44   0x08031a44   0x000002a8   Code   RO         1561    .text               uart4.o
    0x08031cec   0x08031cec   0x000002b4   Code   RO         1588    .text               uart5.o
    0x08031fa0   0x08031fa0   0x000003e0   Code   RO         1615    .text               uart6.o
    0x08032380   0x08032380   0x000000d0   Code   RO         1642    .text               spix.o
    0x08032450   0x08032450   0x000000bc   Code   RO         1663    .text               exti.o
    0x0803250c   0x0803250c   0x000000f4   Code   RO         1683    .text               spi2.o
    0x08032600   0x08032600   0x00000270   Code   RO         1703    .text               spi3.o
    0x08032870   0x08032870   0x00000498   Code   RO         1728    .text               uartx.o
    0x08032d08   0x08032d08   0x0000012c   Code   RO         1752    .text               dmax.o
    0x08032e34   0x08032e34   0x00000734   Code   RO         1772    .text               lan8720.o
    0x08033568   0x08033568   0x00000358   Code   RO         1805    .text               sram.o
    0x080338c0   0x080338c0   0x000000cc   Code   RO         1853    .text               extipoweroff.o
    0x0803398c   0x0803398c   0x00000060   Code   RO         1876    .text               stm32f4xx_it.o
    0x080339ec   0x080339ec   0x00000204   Code   RO         1899    .text               system_stm32f4xx.o
    0x08033bf0   0x08033bf0   0x00000040   Code   RO         1926    .text               startup_stm32f40_41xxx.o
    0x08033c30   0x08033c30   0x0000065c   Code   RO         1932    .text               stm32f4xx_rcc.o
    0x0803428c   0x0803428c   0x000000e0   Code   RO         1954    .text               misc.o
    0x0803436c   0x0803436c   0x00000294   Code   RO         1974    .text               stm32f4xx_gpio.o
    0x08034600   0x08034600   0x00000454   Code   RO         1994    .text               stm32f4xx_usart.o
    0x08034a54   0x08034a54   0x00000480   Code   RO         2014    .text               stm32f4xx_spi.o
    0x08034ed4   0x08034ed4   0x00000ca2   Code   RO         2034    .text               stm32f4xx_tim.o
    0x08035b76   0x08035b76   0x00000002   PAD
    0x08035b78   0x08035b78   0x000003a8   Code   RO         2054    .text               stm32f4xx_dma.o
    0x08035f20   0x08035f20   0x00000210   Code   RO         2114    .text               stm32f4xx_dac.o
    0x08036130   0x08036130   0x00000464   Code   RO         2134    .text               stm32f4xx_adc.o
    0x08036594   0x08036594   0x00000110   Code   RO         2177    .text               stm32f4xx_exti.o
    0x080366a4   0x080366a4   0x00000094   Code   RO         2197    .text               stm32f4xx_syscfg.o
    0x08036738   0x08036738   0x00001054   Code   RO         2217    .text               stm32f4x7_eth.o
    0x0803778c   0x0803778c   0x000005c8   Code   RO         2244    .text               stm32f4xx_fsmc.o
    0x08037d54   0x08037d54   0x00000694   Code   RO         2267    .text               stm32f4xx_flash.o
    0x080383e8   0x080383e8   0x00000084   Code   RO         2287    .text               bsp.o
    0x0803846c   0x0803846c   0x000002a8   Code   RO         2323    .text               cpu_core.o
    0x08038714   0x08038714   0x00000256   Code   RO         2361    .text               lib_ascii.o
    0x0803896a   0x0803896a   0x00000002   PAD
    0x0803896c   0x0803896c   0x000009c6   Code   RO         2394    .text               lib_mem.o
    0x08039332   0x08039332   0x00000002   PAD
    0x08039334   0x08039334   0x00000928   Code   RO         2413    .text               lib_str.o
    0x08039c5c   0x08039c5c   0x00000002   Code   RO         2430    .text               os_cfg_app.o
    0x08039c5e   0x08039c5e   0x00000002   PAD
    0x08039c60   0x08039c60   0x00000c30   Code   RO         2453    .text               os_core.o
    0x0803a890   0x0803a890   0x000001cc   Code   RO         2486    .text               os_mem.o
    0x0803aa5c   0x0803aa5c   0x00000228   Code   RO         2498    .text               os_msg.o
    0x0803ac84   0x0803ac84   0x000006ec   Code   RO         2510    .text               os_mutex.o
    0x0803b370   0x0803b370   0x0000007c   Code   RO         2528    .text               os_prio.o
    0x0803b3ec   0x0803b3ec   0x00000660   Code   RO         2547    .text               os_q.o
    0x0803ba4c   0x0803ba4c   0x00000674   Code   RO         2559    .text               os_sem.o
    0x0803c0c0   0x0803c0c0   0x000012b4   Code   RO         2577    .text               os_task.o
    0x0803d374   0x0803d374   0x00000484   Code   RO         2589    .text               os_tick.o
    0x0803d7f8   0x0803d7f8   0x0000045c   Code   RO         2601    .text               os_time.o
    0x0803dc54   0x0803dc54   0x00000790   Code   RO         2613    .text               os_tmr.o
    0x0803e3e4   0x0803e3e4   0x000001b4   Code   RO         2641    .text               os_cpu_c.o
    0x0803e598   0x0803e598   0x00000034   Code   RO         2665    .text               cpu_a.o
    0x0803e5cc   0x0803e5cc   0x00000220   Code   RO         2668    .text               lib_mem_a.o
    0x0803e7ec   0x0803e7ec   0x00000210   Code   RO         2676    .text               delay.o
    0x0803e9fc   0x0803e9fc   0x00000564   Code   RO         2718    .text               flash.o
    0x0803ef60   0x0803ef60   0x0000025c   Code   RO         2785    .text               malloc.o
    0x0803f1bc   0x0803f1bc   0x00000264   Code   RO         2814    .text               flash_if.o
    0x0803f420   0x0803f420   0x000002d4   Code   RO         2834    .text               ethernetif.o
    0x0803f6f4   0x0803f6f4   0x00000380   Code   RO         2872    .text               sys_arch.o
    0x0803fa74   0x0803fa74   0x0000094c   Code   RO         2906    .text               etharp.o
    0x080403c0   0x080403c0   0x000006d0   Code   RO         2952    .text               api_lib.o
    0x08040a90   0x08040a90   0x00000f7c   Code   RO         2997    .text               api_msg.o
    0x08041a0c   0x08041a0c   0x00000190   Code   RO         3034    .text               netbuf.o
    0x08041b9c   0x08041b9c   0x000002e0   Code   RO         3106    .text               tcpip.o
    0x08041e7c   0x08041e7c   0x0000003e   Code   RO         3144    .text               def.o
    0x08041eba   0x08041eba   0x00000020   Code   RO         3192    .text               init.o
    0x08041eda   0x08041eda   0x00000002   PAD
    0x08041edc   0x08041edc   0x0000038c   Code   RO         3241    .text               mem.o
    0x08042268   0x08042268   0x000000d4   Code   RO         3265    .text               memp.o
    0x0804233c   0x0804233c   0x000002a0   Code   RO         3303    .text               netif.o
    0x080425dc   0x080425dc   0x00000750   Code   RO         3333    .text               pbuf.o
    0x08042d2c   0x08042d2c   0x000001b0   Code   RO         3356    .text               raw.o
    0x08042edc   0x08042edc   0x00000df0   Code   RO         3406    .text               tcp.o
    0x08043ccc   0x08043ccc   0x000012a0   Code   RO         3438    .text               tcp_in.o
    0x08044f6c   0x08044f6c   0x00000c2e   Code   RO         3472    .text               tcp_out.o
    0x08045b9a   0x08045b9a   0x00000002   PAD
    0x08045b9c   0x08045b9c   0x00000228   Code   RO         3492    .text               timers.o
    0x08045dc4   0x08045dc4   0x00000444   Code   RO         3523    .text               udp.o
    0x08046208   0x08046208   0x000001f0   Code   RO         3563    .text               icmp.o
    0x080463f8   0x080463f8   0x00000222   Code   RO         3614    .text               inet_chksum.o
    0x0804661a   0x0804661a   0x00000002   PAD
    0x0804661c   0x0804661c   0x000002d8   Code   RO         3634    .text               ip.o
    0x080468f4   0x080468f4   0x000002b8   Code   RO         3663    .text               ip_addr.o
    0x08046bac   0x08046bac   0x00000694   Code   RO         3697    .text               ip_frag.o
    0x08047240   0x08047240   0x00000310   Code   RO         3719    .text               lwip_comm.o
    0x08047550   0x08047550   0x00000108   Code   RO         3760    .text               fs.o
    0x08047658   0x08047658   0x00000d54   Code   RO         3793    .text               httpd.o
    0x080483ac   0x080483ac   0x00000180   Code   RO         3825    .text               httpd_cgi_ssi.o
    0x0804852c   0x0804852c   0x00000010   Code   RO         3850    .text               c_w.l(rt_ctype_table.o)
    0x0804853c   0x0804853c   0x000000ee   Code   RO         3852    .text               c_w.l(lludivv7m.o)
    0x0804862a   0x0804862a   0x00000002   PAD
    0x0804862c   0x0804862c   0x00000028   Code   RO         3856    .text               c_w.l(noretval__2sprintf.o)
    0x08048654   0x08048654   0x0000004e   Code   RO         3860    .text               c_w.l(_printf_pad.o)
    0x080486a2   0x080486a2   0x00000052   Code   RO         3862    .text               c_w.l(_printf_str.o)
    0x080486f4   0x080486f4   0x00000078   Code   RO         3864    .text               c_w.l(_printf_dec.o)
    0x0804876c   0x0804876c   0x00000058   Code   RO         3869    .text               c_w.l(_printf_hex_int.o)
    0x080487c4   0x080487c4   0x00000188   Code   RO         3904    .text               c_w.l(__printf_flags_ss_wp.o)
    0x0804894c   0x0804894c   0x0000001a   Code   RO         3912    .text               c_w.l(atoi.o)
    0x08048966   0x08048966   0x00000014   Code   RO         3914    .text               c_w.l(strchr.o)
    0x0804897a   0x0804897a   0x00000024   Code   RO         3916    .text               c_w.l(strstr.o)
    0x0804899e   0x0804899e   0x00000058   Code   RO         3918    .text               c_w.l(memcmp.o)
    0x080489f6   0x080489f6   0x0000003e   Code   RO         3920    .text               c_w.l(strlen.o)
    0x08048a34   0x08048a34   0x00000096   Code   RO         3922    .text               c_w.l(strncmp.o)
    0x08048aca   0x08048aca   0x0000008a   Code   RO         3924    .text               c_w.l(rt_memcpy_v6.o)
    0x08048b54   0x08048b54   0x00000064   Code   RO         3926    .text               c_w.l(rt_memcpy_w.o)
    0x08048bb8   0x08048bb8   0x00000010   Code   RO         3928    .text               c_w.l(aeabi_memset.o)
    0x08048bc8   0x08048bc8   0x00000044   Code   RO         3930    .text               c_w.l(rt_memclr.o)
    0x08048c0c   0x08048c0c   0x0000004e   Code   RO         3932    .text               c_w.l(rt_memclr_w.o)
    0x08048c5a   0x08048c5a   0x00000002   PAD
    0x08048c5c   0x08048c5c   0x00000080   Code   RO         3934    .text               c_w.l(strcmpv7m.o)
    0x08048cdc   0x08048cdc   0x00000006   Code   RO         3936    .text               c_w.l(heapauxi.o)
    0x08048ce2   0x08048ce2   0x00000002   PAD
    0x08048ce4   0x08048ce4   0x00000008   Code   RO         4038    .text               c_w.l(rt_locale_intlibspace.o)
    0x08048cec   0x08048cec   0x00000008   Code   RO         4043    .text               c_w.l(rt_errno_addr_intlibspace.o)
    0x08048cf4   0x08048cf4   0x00000016   Code   RO         4045    .text               c_w.l(_rserrno.o)
    0x08048d0a   0x08048d0a   0x000000b2   Code   RO         4047    .text               c_w.l(_printf_intcommon.o)
    0x08048dbc   0x08048dbc   0x0000041e   Code   RO         4049    .text               c_w.l(_printf_fp_dec.o)
    0x080491da   0x080491da   0x00000002   PAD
    0x080491dc   0x080491dc   0x00000030   Code   RO         4051    .text               c_w.l(_printf_char_common.o)
    0x0804920c   0x0804920c   0x0000000a   Code   RO         4053    .text               c_w.l(_sputc.o)
    0x08049216   0x08049216   0x0000002c   Code   RO         4055    .text               c_w.l(_printf_char.o)
    0x08049242   0x08049242   0x00000002   PAD
    0x08049244   0x08049244   0x000000a4   Code   RO         4058    .text               c_w.l(strtod.o)
    0x080492e8   0x080492e8   0x00000070   Code   RO         4060    .text               c_w.l(strtol.o)
    0x08049358   0x08049358   0x00000008   Code   RO         4108    .text               c_w.l(libspace.o)
    0x08049360   0x08049360   0x0000008a   Code   RO         4128    .text               c_w.l(lludiv10.o)
    0x080493ea   0x080493ea   0x00000012   Code   RO         4130    .text               c_w.l(isspace.o)
    0x080493fc   0x080493fc   0x00000080   Code   RO         4132    .text               c_w.l(_printf_fp_infnan.o)
    0x0804947c   0x0804947c   0x00000040   Code   RO         4136    .text               c_w.l(_sgetc.o)
    0x080494bc   0x080494bc   0x0000009e   Code   RO         4138    .text               c_w.l(_strtoul.o)
    0x0804955a   0x0804955a   0x00000002   PAD
    0x0804955c   0x0804955c   0x000000e4   Code   RO         4140    .text               c_w.l(bigflt0.o)
    0x08049640   0x08049640   0x0000004a   Code   RO         4223    .text               c_w.l(sys_stackheap_outer.o)
    0x0804968a   0x0804968a   0x0000001c   Code   RO         4225    .text               c_w.l(_chval.o)
    0x080496a6   0x080496a6   0x00000002   PAD
    0x080496a8   0x080496a8   0x000004f8   Code   RO         4227    .text               c_w.l(scanf_fp.o)
    0x08049ba0   0x08049ba0   0x00000012   Code   RO         4229    .text               c_w.l(exit.o)
    0x08049bb2   0x08049bb2   0x00000002   PAD
    0x08049bb4   0x08049bb4   0x0000000c   Code   RO         4279    .text               c_w.l(sys_exit.o)
    0x08049bc0   0x08049bc0   0x00000320   Code   RO         4290    .text               c_w.l(scanf_hexfp.o)
    0x08049ee0   0x08049ee0   0x00000134   Code   RO         4292    .text               c_w.l(scanf_infnan.o)
    0x0804a014   0x0804a014   0x00000002   Code   RO         4310    .text               c_w.l(use_no_semi.o)
    0x0804a016   0x0804a016   0x00000000   Code   RO         4312    .text               c_w.l(indicate_semi.o)
    0x0804a016   0x0804a016   0x00000026   Code   RO         4313    .text               c_w.l(llshl.o)
    0x0804a03c   0x0804a03c   0x0000003e   Code   RO         4143    CL$$btod_d2e        c_w.l(btod.o)
    0x0804a07a   0x0804a07a   0x00000046   Code   RO         4145    CL$$btod_d2e_denorm_low  c_w.l(btod.o)
    0x0804a0c0   0x0804a0c0   0x00000060   Code   RO         4144    CL$$btod_d2e_norm_op1  c_w.l(btod.o)
    0x0804a120   0x0804a120   0x00000338   Code   RO         4153    CL$$btod_div_common  c_w.l(btod.o)
    0x0804a458   0x0804a458   0x00000084   Code   RO         4151    CL$$btod_e2d        c_w.l(btod.o)
    0x0804a4dc   0x0804a4dc   0x000000dc   Code   RO         4150    CL$$btod_e2e        c_w.l(btod.o)
    0x0804a5b8   0x0804a5b8   0x0000002a   Code   RO         4147    CL$$btod_ediv       c_w.l(btod.o)
    0x0804a5e2   0x0804a5e2   0x0000002a   Code   RO         4149    CL$$btod_edivd      c_w.l(btod.o)
    0x0804a60c   0x0804a60c   0x0000002a   Code   RO         4146    CL$$btod_emul       c_w.l(btod.o)
    0x0804a636   0x0804a636   0x0000002a   Code   RO         4148    CL$$btod_emuld      c_w.l(btod.o)
    0x0804a660   0x0804a660   0x00000244   Code   RO         4152    CL$$btod_mult_common  c_w.l(btod.o)
    0x0804a8a4   0x0804a8a4   0x00000098   Code   RO         2671    CODE                os_cpu_a.o
    0x0804a93c   0x0804a93c   0x00000028   Code   RO         4219    i.__ARM_fpclassify  m_ws.l(fpclassify.o)
    0x0804a964   0x0804a964   0x0000000e   Code   RO         4087    i.__mathlib_dbl_overflow  m_ws.l(dunder.o)
    0x0804a972   0x0804a972   0x00000002   PAD
    0x0804a974   0x0804a974   0x00000010   Code   RO         4089    i.__mathlib_dbl_underflow  m_ws.l(dunder.o)
    0x0804a984   0x0804a984   0x00000010   Code   RO         4271    i.__mathlib_narrow  m_ws.l(narrow.o)
    0x0804a994   0x0804a994   0x000000bc   Code   RO         4272    i.__mathlib_tofloat  m_ws.l(narrow.o)
    0x0804aa50   0x0804aa50   0x00000016   Code   RO         4323    i.__support_ldexp   m_ws.l(ldexp.o)
    0x0804aa66   0x0804aa66   0x0000000e   Code   RO         3897    i._is_digit         c_w.l(__printf_wp.o)
    0x0804aa74   0x0804aa74   0x0000002a   Code   RO         4011    i.atof              m_ws.l(atof.o)
    0x0804aa9e   0x0804aa9e   0x00000002   PAD
    0x0804aaa0   0x0804aaa0   0x00000058   Code   RO         4305    i.frexp             m_ws.l(frexp.o)
    0x0804aaf8   0x0804aaf8   0x00000074   Code   RO         4324    i.ldexp             m_ws.l(ldexp.o)
    0x0804ab6c   0x0804ab6c   0x0000004c   Code   RO         4023    i.sqrt              m_ws.l(sqrt.o)
    0x0804abb8   0x0804abb8   0x0000002c   Code   RO         4063    locale$$code        c_w.l(lc_ctype_c.o)
    0x0804abe4   0x0804abe4   0x0000002c   Code   RO         4166    locale$$code        c_w.l(lc_numeric_c.o)
    0x0804ac10   0x0804ac10   0x00000062   Code   RO         3940    x$fpl$d2f           fz_ws.l(d2f.o)
    0x0804ac72   0x0804ac72   0x00000002   PAD
    0x0804ac74   0x0804ac74   0x00000150   Code   RO         3942    x$fpl$dadd          fz_ws.l(daddsub_clz.o)
    0x0804adc4   0x0804adc4   0x00000010   Code   RO         4243    x$fpl$dcheck1       fz_ws.l(dcheck1.o)
    0x0804add4   0x0804add4   0x00000018   Code   RO         4065    x$fpl$dcmpinf       fz_ws.l(dcmpi.o)
    0x0804adec   0x0804adec   0x000002b0   Code   RO         3949    x$fpl$ddiv          fz_ws.l(ddiv.o)
    0x0804b09c   0x0804b09c   0x00000078   Code   RO         3952    x$fpl$deqf          fz_ws.l(deqf.o)
    0x0804b114   0x0804b114   0x0000005e   Code   RO         3954    x$fpl$dfix          fz_ws.l(dfix.o)
    0x0804b172   0x0804b172   0x00000002   PAD
    0x0804b174   0x0804b174   0x0000005a   Code   RO         3958    x$fpl$dfixu         fz_ws.l(dfixu.o)
    0x0804b1ce   0x0804b1ce   0x0000002e   Code   RO         3963    x$fpl$dflt          fz_ws.l(dflt_clz.o)
    0x0804b1fc   0x0804b1fc   0x00000026   Code   RO         3962    x$fpl$dfltu         fz_ws.l(dflt_clz.o)
    0x0804b222   0x0804b222   0x00000002   PAD
    0x0804b224   0x0804b224   0x00000078   Code   RO         3968    x$fpl$dleqf         fz_ws.l(dleqf.o)
    0x0804b29c   0x0804b29c   0x00000154   Code   RO         3970    x$fpl$dmul          fz_ws.l(dmul.o)
    0x0804b3f0   0x0804b3f0   0x0000009c   Code   RO         4067    x$fpl$dnaninf       fz_ws.l(dnaninf.o)
    0x0804b48c   0x0804b48c   0x0000000c   Code   RO         4069    x$fpl$dretinf       fz_ws.l(dretinf.o)
    0x0804b498   0x0804b498   0x0000006c   Code   RO         3972    x$fpl$drleqf        fz_ws.l(drleqf.o)
    0x0804b504   0x0804b504   0x00000016   Code   RO         3943    x$fpl$drsb          fz_ws.l(daddsub_clz.o)
    0x0804b51a   0x0804b51a   0x00000002   PAD
    0x0804b51c   0x0804b51c   0x00000198   Code   RO         4071    x$fpl$dsqrt         fz_ws.l(dsqrt_umaal.o)
    0x0804b6b4   0x0804b6b4   0x000001d4   Code   RO         3944    x$fpl$dsub          fz_ws.l(daddsub_clz.o)
    0x0804b888   0x0804b888   0x00000056   Code   RO         3974    x$fpl$f2d           fz_ws.l(f2d.o)
    0x0804b8de   0x0804b8de   0x00000002   PAD
    0x0804b8e0   0x0804b8e0   0x000000c4   Code   RO         3976    x$fpl$fadd          fz_ws.l(faddsub_clz.o)
    0x0804b9a4   0x0804b9a4   0x00000018   Code   RO         4073    x$fpl$fcmpinf       fz_ws.l(fcmpi.o)
    0x0804b9bc   0x0804b9bc   0x00000184   Code   RO         3983    x$fpl$fdiv          fz_ws.l(fdiv.o)
    0x0804bb40   0x0804bb40   0x00000068   Code   RO         3986    x$fpl$feqf          fz_ws.l(feqf.o)
    0x0804bba8   0x0804bba8   0x00000036   Code   RO         3988    x$fpl$ffix          fz_ws.l(ffix.o)
    0x0804bbde   0x0804bbde   0x00000002   PAD
    0x0804bbe0   0x0804bbe0   0x0000003e   Code   RO         3992    x$fpl$ffixu         fz_ws.l(ffixu.o)
    0x0804bc1e   0x0804bc1e   0x00000002   PAD
    0x0804bc20   0x0804bc20   0x00000030   Code   RO         3997    x$fpl$fflt          fz_ws.l(fflt_clz.o)
    0x0804bc50   0x0804bc50   0x00000026   Code   RO         3996    x$fpl$ffltu         fz_ws.l(fflt_clz.o)
    0x0804bc76   0x0804bc76   0x00000002   PAD
    0x0804bc78   0x0804bc78   0x00000068   Code   RO         4002    x$fpl$fleqf         fz_ws.l(fleqf.o)
    0x0804bce0   0x0804bce0   0x00000102   Code   RO         4004    x$fpl$fmul          fz_ws.l(fmul.o)
    0x0804bde2   0x0804bde2   0x0000008c   Code   RO         4075    x$fpl$fnaninf       fz_ws.l(fnaninf.o)
    0x0804be6e   0x0804be6e   0x0000000a   Code   RO         4077    x$fpl$fretinf       fz_ws.l(fretinf.o)
    0x0804be78   0x0804be78   0x00000062   Code   RO         4006    x$fpl$frleqf        fz_ws.l(frleqf.o)
    0x0804beda   0x0804beda   0x00000014   Code   RO         3977    x$fpl$frsb          fz_ws.l(faddsub_clz.o)
    0x0804beee   0x0804beee   0x00000002   PAD
    0x0804bef0   0x0804bef0   0x000000ea   Code   RO         3978    x$fpl$fsub          fz_ws.l(faddsub_clz.o)
    0x0804bfda   0x0804bfda   0x00000006   Code   RO         4213    x$fpl$ieeestatus    fz_ws.l(istatus.o)
    0x0804bfe0   0x0804bfe0   0x00000004   Code   RO         4008    x$fpl$printf1       fz_ws.l(printf1.o)
    0x0804bfe4   0x0804bfe4   0x00000064   Code   RO         4263    x$fpl$retnan        fz_ws.l(retnan.o)
    0x0804c048   0x0804c048   0x0000005c   Code   RO         4215    x$fpl$scalbn        fz_ws.l(scalbn.o)
    0x0804c0a4   0x0804c0a4   0x00000004   Code   RO         4217    x$fpl$scanf1        fz_ws.l(scanf1.o)
    0x0804c0a8   0x0804c0a8   0x00000008   Code   RO         4265    x$fpl$scanf2        fz_ws.l(scanf2.o)
    0x0804c0b0   0x0804c0b0   0x00000030   Code   RO         4302    x$fpl$trapveneer    fz_ws.l(trapv.o)
    0x0804c0e0   0x0804c0e0   0x00000000   Code   RO         4079    x$fpl$usenofp       fz_ws.l(usenofp.o)
    0x0804c0e0   0x0804c0e0   0x0000001c   Data   RO          471    .constdata          cdv_config.o
    0x0804c0fc   0x0804c0fc   0x00000011   Data   RO          530    .constdata          offline.o
    0x0804c10d   0x0804c10d   0x00000010   Data   RO          577    .constdata          fpga_spi.o
    0x0804c11d   0x0804c11d   0x0000022b   Data   RO          619    .constdata          mainuart.o
    0x0804c348   0x0804c348   0x00000056   Data   RO          656    .constdata          log.o
    0x0804c39e   0x0804c39e   0x00000081   Data   RO          679    .constdata          cdv_array.o
    0x0804c41f   0x0804c41f   0x0000000e   Data   RO          702    .constdata          newscript.o
    0x0804c42d   0x0804c42d   0x0000012f   Data   RO          729    .constdata          modbus.o
    0x0804c55c   0x0804c55c   0x0000004a   Data   RO          779    .constdata          worker.o
    0x0804c5a6   0x0804c5a6   0x0000000a   Data   RO          807    .constdata          cmdparse.o
    0x0804c5b0   0x0804c5b0   0x000001e3   Data   RO          829    .constdata          cascade.o
    0x0804c793   0x0804c793   0x00000028   Data   RO          861    .constdata          tcp_server.o
    0x0804c7bb   0x0804c7bb   0x000000bc   Data   RO          961    .constdata          workerdebug.o
    0x0804c877   0x0804c877   0x00000007   Data   RO         1011    .constdata          logic.o
    0x0804c87e   0x0804c87e   0x000000cc   Data   RO         1093    .constdata          var.o
    0x0804c94a   0x0804c94a   0x00000015   Data   RO         1317    .constdata          universalscom.o
    0x0804c95f   0x0804c95f   0x00000001   PAD
    0x0804c960   0x0804c960   0x00000010   Data   RO         1339    .constdata          alarm.o
    0x0804c970   0x0804c970   0x00000024   Data   RO         1389    .constdata          varexp.o
    0x0804c994   0x0804c994   0x0000000e   Data   RO         1429    .constdata          memmng.o
    0x0804c9a2   0x0804c9a2   0x0000001d   Data   RO         1456    .constdata          flashbak.o
    0x0804c9bf   0x0804c9bf   0x0000000e   Data   RO         1643    .constdata          spix.o
    0x0804c9cd   0x0804c9cd   0x0000000a   Data   RO         1705    .constdata          spi3.o
    0x0804c9d7   0x0804c9d7   0x0000003a   Data   RO         1729    .constdata          uartx.o
    0x0804ca11   0x0804ca11   0x00000022   Data   RO         1774    .constdata          lan8720.o
    0x0804ca33   0x0804ca33   0x00000001   PAD
    0x0804ca34   0x0804ca34   0x0000001c   Data   RO         2245    .constdata          stm32f4xx_fsmc.o
    0x0804ca50   0x0804ca50   0x00000100   Data   RO         2325    .constdata          cpu_core.o
    0x0804cb50   0x0804cb50   0x00000094   Data   RO         2414    .constdata          lib_str.o
    0x0804cbe4   0x0804cbe4   0x000000a4   Data   RO         2432    .constdata          os_cfg_app.o
    0x0804cc88   0x0804cc88   0x00000024   Data   RO         2788    .constdata          malloc.o
    0x0804ccac   0x0804ccac   0x00000004   Data   RO         2874    .constdata          sys_arch.o
    0x0804ccb0   0x0804ccb0   0x0000000c   Data   RO         2908    .constdata          etharp.o
    0x0804ccbc   0x0804ccbc   0x00000038   Data   RO         3267    .constdata          memp.o
    0x0804ccf4   0x0804ccf4   0x00000050   Data   RO         3407    .constdata          tcp.o
    0x0804cd44   0x0804cd44   0x00000008   Data   RO         3665    .constdata          ip_addr.o
    0x0804cd4c   0x0804cd4c   0x0000000a   Data   RO         3721    .constdata          lwip_comm.o
    0x0804cd56   0x0804cd56   0x00000002   PAD
    0x0804cd58   0x0804cd58   0x0000cc70   Data   RO         3762    .constdata          fs.o
    0x080599c8   0x080599c8   0x00000030   Data   RO         3795    .constdata          httpd.o
    0x080599f8   0x080599f8   0x00000008   Data   RO         3826    .constdata          httpd_cgi_ssi.o
    0x08059a00   0x08059a00   0x00000028   Data   RO         3870    .constdata          c_w.l(_printf_hex_int.o)
    0x08059a28   0x08059a28   0x00000011   Data   RO         3905    .constdata          c_w.l(__printf_flags_ss_wp.o)
    0x08059a39   0x08059a39   0x00000003   PAD
    0x08059a3c   0x08059a3c   0x00000094   Data   RO         4141    .constdata          c_w.l(bigflt0.o)
    0x08059ad0   0x08059ad0   0x0000009e   Data   RO          499    .conststring        cdv_define.o
    0x08059b6e   0x08059b6e   0x00000002   PAD
    0x08059b70   0x08059b70   0x00000054   Data   RO          780    .conststring        worker.o
    0x08059bc4   0x08059bc4   0x00000075   Data   RO         3408    .conststring        tcp.o
    0x08059c39   0x08059c39   0x00000003   PAD
    0x08059c3c   0x08059c3c   0x0000006a   Data   RO         3796    .conststring        httpd.o
    0x08059ca6   0x08059ca6   0x00000002   PAD
    0x08059ca8   0x08059ca8   0x0000000e   Data   RO         3827    .conststring        httpd_cgi_ssi.o
    0x08059cb6   0x08059cb6   0x00000002   PAD
    0x08059cb8   0x08059cb8   0x00000020   Data   RO         4365    Region$$Table       anon$$obj.o
    0x08059cd8   0x08059cd8   0x00000008   Data   RO         4259    c$$dinf             fz_ws.l(fpconst.o)
    0x08059ce0   0x08059ce0   0x00000008   Data   RO         4262    c$$dmax             fz_ws.l(fpconst.o)
    0x08059ce8   0x08059ce8   0x00000110   Data   RO         4062    locale$$data        c_w.l(lc_ctype_c.o)
    0x08059df8   0x08059df8   0x0000001c   Data   RO         4165    locale$$data        c_w.l(lc_numeric_c.o)


    Execution Region RW_IRAM1 (Exec base: 0x20000000, Load base: 0x08059e14, Size: 0x0001c8d0, Max: 0x00020000, ABSOLUTE, COMPRESSED[0x000001f8])

    Exec Addr    Load Addr    Size         Type   Attr      Idx    E Section Name        Object

    0x20000000   COMPRESSED   0x00000008   Data   RW            5    .data               main.o
    0x20000008   COMPRESSED   0x00000004   Data   RW          472    .data               cdv_config.o
    0x2000000c   COMPRESSED   0x00000064   Data   RW          500    .data               cdv_define.o
    0x20000070   COMPRESSED   0x00000008   Data   RW          531    .data               offline.o
    0x20000078   COMPRESSED   0x00000007   Data   RW          578    .data               fpga_spi.o
    0x2000007f   COMPRESSED   0x00000001   PAD
    0x20000080   COMPRESSED   0x000001e1   Data   RW          620    .data               mainuart.o
    0x20000261   COMPRESSED   0x00000003   PAD
    0x20000264   COMPRESSED   0x00000004   Data   RW          680    .data               cdv_array.o
    0x20000268   COMPRESSED   0x00000024   Data   RW          781    .data               worker.o
    0x2000028c   COMPRESSED   0x00000035   Data   RW          830    .data               cascade.o
    0x200002c1   COMPRESSED   0x00000003   PAD
    0x200002c4   COMPRESSED   0x0000001c   Data   RW          862    .data               tcp_server.o
    0x200002e0   COMPRESSED   0x00000001   Data   RW          911    .data               udpmain.o
    0x200002e1   COMPRESSED   0x00000003   PAD
    0x200002e4   COMPRESSED   0x0000000c   Data   RW         1067    .data               io.o
    0x200002f0   COMPRESSED   0x00000004   Data   RW         1094    .data               var.o
    0x200002f4   COMPRESSED   0x00000004   Data   RW         1117    .data               msg.o
    0x200002f8   COMPRESSED   0x00000020   Data   RW         1140    .data               time.o
    0x20000318   COMPRESSED   0x00000008   Data   RW         1185    .data               adc.o
    0x20000320   COMPRESSED   0x00000024   Data   RW         1212    .data               dac.o
    0x20000344   COMPRESSED   0x00000005   Data   RW         1340    .data               alarm.o
    0x20000349   COMPRESSED   0x00000003   PAD
    0x2000034c   COMPRESSED   0x0000000e   Data   RW         1430    .data               memmng.o
    0x2000035a   COMPRESSED   0x00000001   Data   RW         1457    .data               flashbak.o
    0x2000035b   COMPRESSED   0x00000001   PAD
    0x2000035c   COMPRESSED   0x00000006   Data   RW         1483    .data               uart1.o
    0x20000362   COMPRESSED   0x00000002   PAD
    0x20000364   COMPRESSED   0x00000006   Data   RW         1509    .data               uart2.o
    0x2000036a   COMPRESSED   0x00000002   PAD
    0x2000036c   COMPRESSED   0x0000000a   Data   RW         1536    .data               uart3.o
    0x20000376   COMPRESSED   0x00000002   PAD
    0x20000378   COMPRESSED   0x00000010   Data   RW         1563    .data               uart4.o
    0x20000388   COMPRESSED   0x0000000a   Data   RW         1590    .data               uart5.o
    0x20000392   COMPRESSED   0x00000002   PAD
    0x20000394   COMPRESSED   0x00000018   Data   RW         1617    .data               uart6.o
    0x200003ac   COMPRESSED   0x00000007   Data   RW         1706    .data               spi3.o
    0x200003b3   COMPRESSED   0x00000001   PAD
    0x200003b4   COMPRESSED   0x00000048   Data   RW         1730    .data               uartx.o
    0x200003fc   COMPRESSED   0x0000001c   Data   RW         1775    .data               lan8720.o
    0x20000418   COMPRESSED   0x00000008   Data   RW         1854    .data               extipoweroff.o
    0x20000420   COMPRESSED   0x00000014   Data   RW         1900    .data               system_stm32f4xx.o
    0x20000434   COMPRESSED   0x00000010   Data   RW         1933    .data               stm32f4xx_rcc.o
    0x20000444   COMPRESSED   0x00000010   Data   RW         2219    .data               stm32f4x7_eth.o
    0x20000454   COMPRESSED   0x00000004   Data   RW         2326    .data               cpu_core.o
    0x20000458   COMPRESSED   0x00000004   Data   RW         2396    .data               lib_mem.o
    0x2000045c   COMPRESSED   0x00000008   Data   RW         2529    .data               os_prio.o
    0x20000464   COMPRESSED   0x00000048   Data   RW         2626    .data               os_var.o
    0x200004ac   COMPRESSED   0x00000004   Data   RW         2642    .data               os_cpu_c.o
    0x200004b0   COMPRESSED   0x00000018   Data   RW         2678    .data               delay.o
    0x200004c8   COMPRESSED   0x00000005   Data   RW         2719    .data               flash.o
    0x200004cd   COMPRESSED   0x00000003   PAD
    0x200004d0   COMPRESSED   0x00000028   Data   RW         2789    .data               malloc.o
    0x200004f8   COMPRESSED   0x00000001   Data   RW         2909    .data               etharp.o
    0x200004f9   COMPRESSED   0x00000003   PAD
    0x200004fc   COMPRESSED   0x00000008   Data   RW         3108    .data               tcpip.o
    0x20000504   COMPRESSED   0x0000000c   Data   RW         3243    .data               mem.o
    0x20000510   COMPRESSED   0x00000009   Data   RW         3304    .data               netif.o
    0x20000519   COMPRESSED   0x00000003   PAD
    0x2000051c   COMPRESSED   0x00000004   Data   RW         3357    .data               raw.o
    0x20000520   COMPRESSED   0x00000024   Data   RW         3409    .data               tcp.o
    0x20000544   COMPRESSED   0x00000020   Data   RW         3440    .data               tcp_in.o
    0x20000564   COMPRESSED   0x00000008   Data   RW         3493    .data               timers.o
    0x2000056c   COMPRESSED   0x00000008   Data   RW         3524    .data               udp.o
    0x20000574   COMPRESSED   0x00000012   Data   RW         3635    .data               ip.o
    0x20000586   COMPRESSED   0x00000002   PAD
    0x20000588   COMPRESSED   0x00000006   Data   RW         3698    .data               ip_frag.o
    0x2000058e   COMPRESSED   0x00000002   PAD
    0x20000590   COMPRESSED   0x0000000c   Data   RW         3722    .data               lwip_comm.o
    0x2000059c   COMPRESSED   0x00000024   Data   RW         3797    .data               httpd.o
    0x200005c0   COMPRESSED   0x00000018   Data   RW         3828    .data               httpd_cgi_ssi.o
    0x200005d8        -       0x00001200   Zero   RW            4    .bss                main.o
    0x200017d8        -       0x00007960   Zero   RW          498    .bss                cdv_define.o
    0x20009138        -       0x00000460   Zero   RW          618    .bss                mainuart.o
    0x20009598        -       0x00000068   Zero   RW          655    .bss                log.o
    0x20009600        -       0x0000002c   Zero   RW          701    .bss                newscript.o
    0x2000962c        -       0x00000850   Zero   RW          728    .bss                modbus.o
    0x20009e7c        -       0x00000310   Zero   RW          778    .bss                worker.o
    0x2000a18c        -       0x00001c04   Zero   RW          828    .bss                cascade.o
    0x2000bd90        -       0x00000a08   Zero   RW          860    .bss                tcp_server.o
    0x2000c798        -       0x000002ac   Zero   RW          910    .bss                udpmain.o
    0x2000ca44        -       0x0000001c   Zero   RW          960    .bss                workerdebug.o
    0x2000ca60        -       0x0000019c   Zero   RW         1066    .bss                io.o
    0x2000cbfc        -       0x00000938   Zero   RW         1184    .bss                adc.o
    0x2000d534        -       0x000000b0   Zero   RW         1211    .bss                dac.o
    0x2000d5e4        -       0x00000190   Zero   RW         1338    .bss                alarm.o
    0x2000d774        -       0x00000010   Zero   RW         1535    .bss                uart3.o
    0x2000d784        -       0x00000020   Zero   RW         1562    .bss                uart4.o
    0x2000d7a4        -       0x00000010   Zero   RW         1589    .bss                uart5.o
    0x2000d7b4        -       0x00000034   Zero   RW         1616    .bss                uart6.o
    0x2000d7e8        -       0x00000100   Zero   RW         1704    .bss                spi3.o
    0x2000d8e8        -       0x000000bc   Zero   RW         1773    .bss                lan8720.o
    0x2000d9a4        -       0x0000000c   Zero   RW         2218    .bss                stm32f4x7_eth.o
    0x2000d9b0        -       0x00000010   Zero   RW         2324    .bss                cpu_core.o
    0x2000d9c0        -       0x00000448   Zero   RW         2395    .bss                lib_mem.o
    0x2000de08        -       0x00000f50   Zero   RW         2431    .bss                os_cfg_app.o
    0x2000ed58        -       0x00000510   Zero   RW         2625    .bss                os_var.o
    0x2000f268        -       0x000000a0   Zero   RW         2677    .bss                delay.o
    0x2000f308        -       0x000000ac   Zero   RW         2873    .bss                sys_arch.o
    0x2000f3b4        -       0x000000c8   Zero   RW         2907    .bss                etharp.o
    0x2000f47c        -       0x00000024   Zero   RW         3107    .bss                tcpip.o
    0x2000f4a0        -       0x00002740   Zero   RW         3242    .bss                mem.o
    0x20011be0        -       0x00009483   Zero   RW         3266    .bss                memp.o
    0x2001b063   COMPRESSED   0x00000001   PAD
    0x2001b064        -       0x00000010   Zero   RW         3439    .bss                tcp_in.o
    0x2001b074        -       0x00000010   Zero   RW         3664    .bss                ip_addr.o
    0x2001b084        -       0x000000f8   Zero   RW         3720    .bss                lwip_comm.o
    0x2001b17c        -       0x000000f0   Zero   RW         3761    .bss                fs.o
    0x2001b26c        -       0x00000400   Zero   RW         3794    .bss                httpd.o
    0x2001b66c        -       0x00000060   Zero   RW         4109    .bss                c_w.l(libspace.o)
    0x2001b6cc   COMPRESSED   0x00000004   PAD
    0x2001b6d0        -       0x00000200   Zero   RW         1924    HEAP                startup_stm32f40_41xxx.o
    0x2001b8d0        -       0x00001000   Zero   RW         1923    STACK               startup_stm32f40_41xxx.o



  Load Region LR$$.ARM.__AT_0x10000000 (Base: 0x10000000, Size: 0x00000000, Max: 0x0000f000, ABSOLUTE)

    Execution Region ER$$.ARM.__AT_0x10000000 (Exec base: 0x10000000, Load base: 0x10000000, Size: 0x0000f000, Max: 0x0000f000, ABSOLUTE, UNINIT)

    Exec Addr    Load Addr    Size         Type   Attr      Idx    E Section Name        Object

    0x10000000        -       0x0000f000   Zero   RW         2786    .ARM.__AT_0x10000000  malloc.o



  Load Region LR$$.ARM.__AT_0x1000F000 (Base: 0x1000f000, Size: 0x00000000, Max: 0x00000f00, ABSOLUTE)

    Execution Region ER$$.ARM.__AT_0x1000F000 (Exec base: 0x1000f000, Load base: 0x1000f000, Size: 0x00000f00, Max: 0x00000f00, ABSOLUTE, UNINIT)

    Exec Addr    Load Addr    Size         Type   Attr      Idx    E Section Name        Object

    0x1000f000        -       0x00000f00   Zero   RW         2787    .ARM.__AT_0x1000F000  malloc.o



  Load Region LR$$.ARM.__AT_0x68000000 (Base: 0x68000000, Size: 0x00000000, Max: 0x000c0000, ABSOLUTE)

    Execution Region ER$$.ARM.__AT_0x68000000 (Exec base: 0x68000000, Load base: 0x68000000, Size: 0x000c0000, Max: 0x000c0000, ABSOLUTE, UNINIT)

    Exec Addr    Load Addr    Size         Type   Attr      Idx    E Section Name        Object

    0x68000000        -       0x000c0000   Zero   RW         1427    .ARM.__AT_0x68000000  memmng.o



  Load Region LR$$.ARM.__AT_0x680C0000 (Base: 0x680c0000, Size: 0x00000000, Max: 0x00030000, ABSOLUTE)

    Execution Region ER$$.ARM.__AT_0x680C0000 (Exec base: 0x680c0000, Load base: 0x680c0000, Size: 0x00030000, Max: 0x00030000, ABSOLUTE, UNINIT)

    Exec Addr    Load Addr    Size         Type   Attr      Idx    E Section Name        Object

    0x680c0000        -       0x00030000   Zero   RW         1428    .ARM.__AT_0x680C0000  memmng.o


==============================================================================

Image component sizes


      Code (inc. data)   RO Data    RW Data    ZI Data      Debug   Object Name

      3432        136          0          8       2360       9819   adc.o
       900         20         16          5        400       3726   alarm.o
      1744         52          0          0          0      17609   api_lib.o
      3964         40          0          0          0      10347   api_msg.o
       920         18          0          0          0       4117   basic_resource.o
       132         14          0          0          0       1139   bsp.o
      9872        428        483         53       7172      36133   cascade.o
      2272         72        129          4          0       9439   cdv_array.o
      1108        144         28          4          0       5039   cdv_config.o
       102          0        158        100      31072       4408   cdv_define.o
      1176         54          0          0          0       4027   centralizedcontrol.o
      1186         38         10          0          0       3090   cmdparse.o
        52          0          0          0          0        344   cpu_a.o
       680         14        256          4         16      14540   cpu_core.o
      1664         72          0         36        176       6635   dac.o
       372          8          0          0          0       1286   dac7512.o
        62          0          0          0          0       1098   def.o
       528         38          0         24        160       4095   delay.o
       300          6          0          0          0       1742   dmax.o
      2380         22         12          1        200      10411   etharp.o
       724         44          0          0          0       7414   ethernetif.o
       188         10          0          0          0        734   exti.o
       204         12          0          8          0       1656   extipoweroff.o
      1380         36          0          5          0       5730   flash.o
       612         50          0          0          0       3197   flash_if.o
       712         58         29          1          0       3282   flashbak.o
      1456         72         16          7          0       6350   fpga_spi.o
       264          8      52336          0        240       5178   fs.o
      3412        180        154         36       1024      14990   httpd.o
       384         62         22         24          0       2645   httpd_cgi_ssi.o
       496          8          0          0          0       2506   icmp.o
       546          0          0          0          0       3017   inet_chksum.o
        32          0          0          0          0       9737   init.o
      5398        160          0         12        412      12654   io.o
       728         28          0         18          0       6015   ip.o
       696         12          8          0         16      10403   ip_addr.o
      1684         18          0          6          0       6588   ip_frag.o
      1844        130         34         28        188       5283   lan8720.o
       388         16          0          0          0       1430   led.o
       598          0          0          0          0       3888   lib_ascii.o
      2502         32          0          4       1096      22284   lib_mem.o
       544          0          0          0          0        492   lib_mem_a.o
      2344          4        148          0          0      13810   lib_str.o
      1856         78         86          0        104       4865   log.o
      1256         30          7          0          0       6181   logic.o
       784         78         10         12        248       3695   lwip_comm.o
      2612        608          0          8       4608     443474   main.o
      5840        516        555        481       1120      44484   mainuart.o
       604         22         36         40      65280       5510   malloc.o
       908         20          0         12      10048       3910   mem.o
       552         66         14         14     983040       3639   memmng.o
       212         18         56          0      38019       3430   memp.o
       224         20          0          0          0       1845   misc.o
      6276        178        303          0       2128      21905   modbus.o
       296          8          0          4          0       1890   msg.o
       400          0          0          0          0       7633   netbuf.o
       672         22          0          9          0       6385   netif.o
      1708         36         14          0         44       6767   newscript.o
       412         40         17          8          0       3527   offline.o
         2          0        164          0       3920      17812   os_cfg_app.o
      3120        192          0          0          0      11141   os_core.o
       152         32          0          0          0        412   os_cpu_a.o
       436         34          0          4          0       3641   os_cpu_c.o
       460         12          0          0          0       2559   os_mem.o
       552         14          0          0          0       2694   os_msg.o
      1772         70          0          0          0       4773   os_mutex.o
       124          4          0          8          0       1760   os_prio.o
      1632         42          0          0          0       5707   os_q.o
      1652         46          0          0          0       5743   os_sem.o
      4788        174          0          0          0      12871   os_task.o
      1156         74          0          0          0       3273   os_tick.o
      1116         54          0          0          0       3225   os_time.o
      1936        126          0          0          0       6265   os_tmr.o
         0          0          0         72       1296      16131   os_var.o
      1872          0          0          0          0       9077   pbuf.o
       432         14          0          4          0       3313   raw.o
       244         14          0          0          0        693   spi2.o
       624         66         10          7        256       2456   spi3.o
       208         26         14          0          0       1508   spix.o
       856         22          0          0          0       1927   sram.o
        64         26        392          0       4608        820   startup_stm32f40_41xxx.o
      4180         96          0         16         12      20931   stm32f4x7_eth.o
      1124         24          0          0          0      10522   stm32f4xx_adc.o
       528          6          0          0          0       4921   stm32f4xx_dac.o
       936         32          0          0          0       6373   stm32f4xx_dma.o
       272         10          0          0          0       2267   stm32f4xx_exti.o
      1684         28          0          0          0       9302   stm32f4xx_flash.o
      1480         18         28          0          0       5638   stm32f4xx_fsmc.o
       660         44          0          0          0       4033   stm32f4xx_gpio.o
        96         20          0          0          0       1147   stm32f4xx_it.o
      1628         52          0         16          0      12976   stm32f4xx_rcc.o
      1152         36          0          0          0       6789   stm32f4xx_spi.o
       148         12          0          0          0       1693   stm32f4xx_syscfg.o
      3234         60          0          0          0      22892   stm32f4xx_tim.o
      1108         34          0          0          0       7764   stm32f4xx_usart.o
       896         84          4          0        172       8153   sys_arch.o
        16          0          0          0          0        428   sysdef.o
       288         36          0          0          0       1526   sysmng.o
       516         50          0         20          0       1791   system_stm32f4xx.o
      3568        130        197         36          0      21371   tcp.o
      4768        230          0         32         16      14583   tcp_in.o
      3118          8          0          0          0       9647   tcp_out.o
      2304        282         40         28       2568      17979   tcp_server.o
       736         46          0          8         36       9916   tcpip.o
       760         28          0         32          0       3507   time.o
       552         28          0          8          0       3195   timers.o
       844         38          0          6          0       3745   uart1.o
       688         32          0          6          0       3378   uart2.o
       876         50          0         10         16       4365   uart3.o
       680         42          0         16         32       3849   uart4.o
       692         32          0         10         16       3500   uart5.o
       992         74          0         24         52       4442   uart6.o
      1176         88         58         72          0       4655   uartx.o
      1092         20          0          8          0       6762   udp.o
       764        114          0          1        684       5895   udpmain.o
      1370         36         21          0          0       3880   universalscom.o
      1764        136        204          4          0       7613   var.o
      5856         78         36          0          0      15533   varexp.o
      2678        136        158         36        784       9923   worker.o
      1608        100        188          0         28       6571   workerdebug.o

    ----------------------------------------------------------------------
    164648       7268      56496       1496    1163668    1278723   Object Totals
         0          0         32          0          0          0   (incl. Generated)
        24          0         13         36          1          0   (incl. Padding)

    ----------------------------------------------------------------------

      Code (inc. data)   RO Data    RW Data    ZI Data      Debug   Library Member Name

        90          0          0          0          0          0   __dczerorl2.o
         8          0          0          0          0         68   __main.o
       392          4         17          0          0         92   __printf_flags_ss_wp.o
        14          0          0          0          0         68   __printf_wp.o
         0          0          0          0          0          0   __rtentry.o
        12          0          0          0          0          0   __rtentry2.o
         6          0          0          0          0          0   __rtentry4.o
        52          8          0          0          0          0   __scatter.o
        28          0          0          0          0          0   __scatter_zi.o
        28          0          0          0          0         68   _chval.o
        44          0          0          0          0        108   _printf_char.o
        48          6          0          0          0         96   _printf_char_common.o
         6          0          0          0          0          0   _printf_d.o
       120         16          0          0          0         92   _printf_dec.o
         6          0          0          0          0          0   _printf_f.o
      1054          0          0          0          0        216   _printf_fp_dec.o
       128         16          0          0          0         84   _printf_fp_infnan.o
        88          4         40          0          0         88   _printf_hex_int.o
       178          0          0          0          0         88   _printf_intcommon.o
        78          0          0          0          0        108   _printf_pad.o
         0          0          0          0          0          0   _printf_percent.o
         4          0          0          0          0          0   _printf_percent_end.o
         6          0          0          0          0          0   _printf_s.o
        82          0          0          0          0         80   _printf_str.o
         6          0          0          0          0          0   _printf_x.o
        22          0          0          0          0        100   _rserrno.o
        64          0          0          0          0         84   _sgetc.o
        10          0          0          0          0         68   _sputc.o
       158          0          0          0          0         92   _strtoul.o
        16          0          0          0          0         68   aeabi_memset.o
        26          0          0          0          0         80   atoi.o
       228          4        148          0          0         96   bigflt0.o
      2152        136          0          0          0        960   btod.o
        18          0          0          0          0         80   exit.o
         6          0          0          0          0        152   heapauxi.o
         0          0          0          0          0          0   indicate_semi.o
        18          0          0          0          0         76   isspace.o
        44         10        272          0          0         76   lc_ctype_c.o
        44         10         28          0          0         76   lc_numeric_c.o
         2          0          0          0          0          0   libinit.o
        30          0          0          0          0          0   libinit2.o
         2          0          0          0          0          0   libshutdown.o
         2          0          0          0          0          0   libshutdown2.o
         8          4          0          0         96         68   libspace.o
        38          0          0          0          0         68   llshl.o
       138          0          0          0          0         80   lludiv10.o
       238          0          0          0          0        100   lludivv7m.o
        88          0          0          0          0         76   memcmp.o
        40          6          0          0          0         84   noretval__2sprintf.o
        16          4          0          0          0         76   rt_ctype_table.o
         8          4          0          0          0         68   rt_errno_addr_intlibspace.o
         8          4          0          0          0         68   rt_locale_intlibspace.o
        68          0          0          0          0         68   rt_memclr.o
        78          0          0          0          0         80   rt_memclr_w.o
       138          0          0          0          0         68   rt_memcpy_v6.o
       100          0          0          0          0         80   rt_memcpy_w.o
         2          0          0          0          0          0   rtexit.o
        10          0          0          0          0          0   rtexit2.o
      1272         16          0          0          0        168   scanf_fp.o
       800         14          0          0          0        100   scanf_hexfp.o
       308         16          0          0          0        100   scanf_infnan.o
        20          0          0          0          0         68   strchr.o
       128          0          0          0          0         68   strcmpv7m.o
        62          0          0          0          0         76   strlen.o
       150          0          0          0          0         80   strncmp.o
        36          0          0          0          0         80   strstr.o
       164         14          0          0          0        120   strtod.o
       112          0          0          0          0         88   strtol.o
        12          4          0          0          0         68   sys_exit.o
        74          0          0          0          0         80   sys_stackheap_outer.o
         2          0          0          0          0         68   use_no_semi.o
        98          4          0          0          0         92   d2f.o
       826         16          0          0          0        348   daddsub_clz.o
        16          4          0          0          0         68   dcheck1.o
        24          0          0          0          0         68   dcmpi.o
       688        140          0          0          0        208   ddiv.o
       120          4          0          0          0         92   deqf.o
        94          4          0          0          0         92   dfix.o
        90          4          0          0          0         92   dfixu.o
        84          0          0          0          0        136   dflt_clz.o
       120          4          0          0          0         92   dleqf.o
       340         12          0          0          0        104   dmul.o
       156          4          0          0          0         92   dnaninf.o
        12          0          0          0          0         68   dretinf.o
       108          0          0          0          0         80   drleqf.o
       408         56          0          0          0        120   dsqrt_umaal.o
        86          4          0          0          0         84   f2d.o
       450          8          0          0          0        236   faddsub_clz.o
        24          0          0          0          0         68   fcmpi.o
       388         76          0          0          0         96   fdiv.o
       104          4          0          0          0         84   feqf.o
        54          4          0          0          0         84   ffix.o
        62          4          0          0          0         84   ffixu.o
        86          0          0          0          0        136   fflt_clz.o
       104          4          0          0          0         84   fleqf.o
       258          4          0          0          0         84   fmul.o
       140          4          0          0          0         84   fnaninf.o
         0          0         16          0          0          0   fpconst.o
        10          0          0          0          0         68   fretinf.o
        98          0          0          0          0         68   frleqf.o
         6          0          0          0          0         68   istatus.o
         4          0          0          0          0         68   printf1.o
       100          0          0          0          0         68   retnan.o
        92          0          0          0          0         68   scalbn.o
         4          0          0          0          0         68   scanf1.o
         8          0          0          0          0         84   scanf2.o
        48          0          0          0          0         68   trapv.o
         0          0          0          0          0          0   usenofp.o
        42          0          0          0          0         84   atof.o
        30          6          0          0          0        136   dunder.o
        40          0          0          0          0         68   fpclassify.o
        88          8          0          0          0         76   frexp.o
       138          0          0          0          0        160   ldexp.o
       204          4          0          0          0        168   narrow.o
        76          0          0          0          0         84   sqrt.o

    ----------------------------------------------------------------------
     15408        682        524          0        100       9692   Library Totals
        42          0          3          0          4          0   (incl. Padding)

    ----------------------------------------------------------------------

      Code (inc. data)   RO Data    RW Data    ZI Data      Debug   Library Name

      9438        300        505          0         96       5412   c_w.l
      5310        364         16          0          0       3504   fz_ws.l
       618         18          0          0          0        776   m_ws.l

    ----------------------------------------------------------------------
     15408        682        524          0        100       9692   Library Totals

    ----------------------------------------------------------------------

==============================================================================


      Code (inc. data)   RO Data    RW Data    ZI Data      Debug   

    180056       7950      57020       1496    1163768    1271147   Grand Totals
    180056       7950      57020        504    1163768    1271147   ELF Image Totals (compressed)
    180056       7950      57020        504          0          0   ROM Totals

==============================================================================

    Total RO  Size (Code + RO Data)               237076 ( 231.52kB)
    Total RW  Size (RW Data + ZI Data)           1165264 (1137.95kB)
    Total ROM Size (Code + RO Data + RW Data)     237580 ( 232.01kB)

==============================================================================

